[    0.000000] Initializing cgroup subsys cpuset
[    0.000000] Initializing cgroup subsys cpu
[    0.000000] Initializing cgroup subsys cpuacct
[    0.000000] Linux version 3.10.0-1160.el7.x86_64 (mockbuild@kbuilder.bsys.centos.org) (gcc version 4.8.5 20150623 (Red Hat 4.8.5-44) (GCC) ) #1 SMP Mon Oct 19 16:18:59 UTC 2020
[    0.000000] Command line: BOOT_IMAGE=/vmlinuz-3.10.0-1160.el7.x86_64 root=UUID=0d5851af-702b-448a-bbfa-6a361f879e66 ro net.ifnames=0 rhgb quiet LANG=en_US.UTF-8
[    0.000000] e820: BIOS-provided physical RAM map:
[    0.000000] BIOS-e820: [mem 0x0000000000000000-0x000000000009fbff] usable
[    0.000000] BIOS-e820: [mem 0x000000000009fc00-0x000000000009ffff] reserved
[    0.000000] BIOS-e820: [mem 0x00000000000f0000-0x00000000000fffff] reserved
[    0.000000] BIOS-e820: [mem 0x0000000000100000-0x00000000dffeffff] usable
[    0.000000] BIOS-e820: [mem 0x00000000dfff0000-0x00000000dfffffff] ACPI data
[    0.000000] BIOS-e820: [mem 0x00000000fec00000-0x00000000fec00fff] reserved
[    0.000000] BIOS-e820: [mem 0x00000000fee00000-0x00000000fee00fff] reserved
[    0.000000] BIOS-e820: [mem 0x00000000fffc0000-0x00000000ffffffff] reserved
[    0.000000] BIOS-e820: [mem 0x0000000100000000-0x000000011fffffff] usable
[    0.000000] NX (Execute Disable) protection: active
[    0.000000] SMBIOS 2.5 present.
[    0.000000] DMI: innotek GmbH VirtualBox/VirtualBox, BIOS VirtualBox 12/01/2006
[    0.000000] Hypervisor detected: KVM
[    0.000000] e820: update [mem 0x00000000-0x00000fff] usable ==> reserved
[    0.000000] e820: remove [mem 0x000a0000-0x000fffff] usable
[    0.000000] e820: last_pfn = 0x120000 max_arch_pfn = 0x400000000
[    0.000000] MTRR default type: uncachable
[    0.000000] MTRR variable ranges disabled:
[    0.000000] PAT configuration [0-7]: WB  WC  UC- UC  WB  WP  UC- UC  
[    0.000000] CPU MTRRs all blank - virtualized system.
[    0.000000] e820: last_pfn = 0xdfff0 max_arch_pfn = 0x400000000
[    0.000000] found SMP MP-table at [mem 0x0009fff0-0x0009ffff] mapped at [ffffffffff200ff0]
[    0.000000] Base memory trampoline at [ffff8a2a80099000] 99000 size 24576
[    0.000000] BRK [0x8bc74000, 0x8bc74fff] PGTABLE
[    0.000000] BRK [0x8bc75000, 0x8bc75fff] PGTABLE
[    0.000000] BRK [0x8bc76000, 0x8bc76fff] PGTABLE
[    0.000000] BRK [0x8bc77000, 0x8bc77fff] PGTABLE
[    0.000000] BRK [0x8bc78000, 0x8bc78fff] PGTABLE
[    0.000000] RAMDISK: [mem 0x35c96000-0x36e42fff]
[    0.000000] Early table checksum verification disabled
[    0.000000] ACPI: RSDP 00000000000e0000 00024 (v02 VBOX  )
[    0.000000] ACPI: XSDT 00000000dfff0030 0003C (v01 VBOX   VBOXXSDT 00000001 ASL  00000061)
[    0.000000] ACPI: FACP 00000000dfff00f0 000F4 (v04 VBOX   VBOXFACP 00000001 ASL  00000061)
[    0.000000] ACPI: DSDT 00000000dfff0470 02325 (v02 VBOX   VBOXBIOS 00000002 INTL 20100528)
[    0.000000] ACPI: FACS 00000000dfff0200 00040
[    0.000000] ACPI: APIC 00000000dfff0240 00054 (v02 VBOX   VBOXAPIC 00000001 ASL  00000061)
[    0.000000] ACPI: SSDT 00000000dfff02a0 001CC (v01 VBOX   VBOXCPUT 00000002 INTL 20100528)
[    0.000000] ACPI: Local APIC address 0xfee00000
[    0.000000] No NUMA configuration found
[    0.000000] Faking a node at [mem 0x0000000000000000-0x000000011fffffff]
[    0.000000] NODE_DATA(0) allocated [mem 0x11ffd5000-0x11fffbfff]
[    0.000000] kvm-clock: cpu 0, msr 1:1ff84001, primary cpu clock
[    0.000000] kvm-clock: Using msrs 4b564d01 and 4b564d00
[    0.000000] kvm-clock: using sched offset of 6208271715 cycles
[    0.000000] Zone ranges:
[    0.000000]   DMA      [mem 0x00001000-0x00ffffff]
[    0.000000]   DMA32    [mem 0x01000000-0xffffffff]
[    0.000000]   Normal   [mem 0x100000000-0x11fffffff]
[    0.000000] Movable zone start for each node
[    0.000000] Early memory node ranges
[    0.000000]   node   0: [mem 0x00001000-0x0009efff]
[    0.000000]   node   0: [mem 0x00100000-0xdffeffff]
[    0.000000]   node   0: [mem 0x100000000-0x11fffffff]
[    0.000000] Initmem setup node 0 [mem 0x00001000-0x11fffffff]
[    0.000000] On node 0 totalpages: 1048462
[    0.000000]   DMA zone: 64 pages used for memmap
[    0.000000]   DMA zone: 21 pages reserved
[    0.000000]   DMA zone: 3998 pages, LIFO batch:0
[    0.000000]   DMA32 zone: 14272 pages used for memmap
[    0.000000]   DMA32 zone: 913392 pages, LIFO batch:31
[    0.000000]   Normal zone: 2048 pages used for memmap
[    0.000000]   Normal zone: 131072 pages, LIFO batch:31
[    0.000000] ACPI: PM-Timer IO Port: 0x4008
[    0.000000] ACPI: Local APIC address 0xfee00000
[    0.000000] ACPI: LAPIC (acpi_id[0x00] lapic_id[0x00] enabled)
[    0.000000] ACPI: IOAPIC (id[0x01] address[0xfec00000] gsi_base[0])
[    0.000000] IOAPIC[0]: apic_id 1, version 32, address 0xfec00000, GSI 0-23
[    0.000000] ACPI: INT_SRC_OVR (bus 0 bus_irq 0 global_irq 2 dfl dfl)
[    0.000000] ACPI: INT_SRC_OVR (bus 0 bus_irq 9 global_irq 9 low level)
[    0.000000] ACPI: IRQ0 used by override.
[    0.000000] ACPI: IRQ9 used by override.
[    0.000000] Using ACPI (MADT) for SMP configuration information
[    0.000000] smpboot: Allowing 1 CPUs, 0 hotplug CPUs
[    0.000000] PM: Registered nosave memory: [mem 0x0009f000-0x0009ffff]
[    0.000000] PM: Registered nosave memory: [mem 0x000a0000-0x000effff]
[    0.000000] PM: Registered nosave memory: [mem 0x000f0000-0x000fffff]
[    0.000000] PM: Registered nosave memory: [mem 0xdfff0000-0xdfffffff]
[    0.000000] PM: Registered nosave memory: [mem 0xe0000000-0xfebfffff]
[    0.000000] PM: Registered nosave memory: [mem 0xfec00000-0xfec00fff]
[    0.000000] PM: Registered nosave memory: [mem 0xfec01000-0xfedfffff]
[    0.000000] PM: Registered nosave memory: [mem 0xfee00000-0xfee00fff]
[    0.000000] PM: Registered nosave memory: [mem 0xfee01000-0xfffbffff]
[    0.000000] PM: Registered nosave memory: [mem 0xfffc0000-0xffffffff]
[    0.000000] e820: [mem 0xe0000000-0xfebfffff] available for PCI devices
[    0.000000] Booting paravirtualized kernel on KVM
[    0.000000] Detected CPU family 6 model 140 stepping 1
[    0.000000] Warning: Intel Processor - this hardware has not undergone upstream testing. Please consult http://wiki.centos.org/FAQ for more information
[    0.000000] setup_percpu: NR_CPUS:5120 nr_cpumask_bits:1 nr_cpu_ids:1 nr_node_ids:1
[    0.000000] percpu: Embedded 38 pages/cpu s118784 r8192 d28672 u2097152
[    0.000000] pcpu-alloc: s118784 r8192 d28672 u2097152 alloc=1*2097152
[    0.000000] pcpu-alloc: [0] 0 
[    0.000000] Built 1 zonelists in Node order, mobility grouping on.  Total pages: 1032057
[    0.000000] Policy zone: Normal
[    0.000000] Kernel command line: BOOT_IMAGE=/vmlinuz-3.10.0-1160.el7.x86_64 root=UUID=0d5851af-702b-448a-bbfa-6a361f879e66 ro net.ifnames=0 rhgb quiet LANG=en_US.UTF-8
[    0.000000] PID hash table entries: 4096 (order: 3, 32768 bytes)
[    0.000000] x86/fpu: xstate_offset[2]: 0240, xstate_sizes[2]: 0100
[    0.000000] xsave: enabled xstate_bv 0x7, cntxt size 0x340 using standard form
[    0.000000] Memory: 4024228k/4718592k available (7788k kernel code, 524744k absent, 169620k reserved, 5954k data, 1984k init)
[    0.000000] SLUB: HWalign=64, Order=0-3, MinObjects=0, CPUs=1, Nodes=1
[    0.000000] Hierarchical RCU implementation.
[    0.000000] 	RCU restricting CPUs from NR_CPUS=5120 to nr_cpu_ids=1.
[    0.000000] NR_IRQS:327936 nr_irqs:256 0
[    0.000000] Console: colour VGA+ 80x25
[    0.000000] console [tty0] enabled
[    0.000000] allocated 109051904 bytes of page_cgroup
[    0.000000] please try 'cgroup_disable=memory' option if you don't want memory cgroups
[    0.000000] tsc: Detected 2419.202 MHz processor
[    0.447321] Calibrating delay loop (skipped) preset value.. 4838.40 BogoMIPS (lpj=2419202)
[    0.447323] pid_max: default: 32768 minimum: 301
[    0.447339] Security Framework initialized
[    0.447343] SELinux:  Initializing.
[    0.447348] SELinux:  Starting in permissive mode
[    0.447349] Yama: becoming mindful.
[    0.447501] Dentry cache hash table entries: 524288 (order: 10, 4194304 bytes)
[    0.448077] Inode-cache hash table entries: 262144 (order: 9, 2097152 bytes)
[    0.448335] Mount-cache hash table entries: 8192 (order: 4, 65536 bytes)
[    0.448338] Mountpoint-cache hash table entries: 8192 (order: 4, 65536 bytes)
[    0.448445] Initializing cgroup subsys memory
[    0.448448] Initializing cgroup subsys devices
[    0.448449] Initializing cgroup subsys freezer
[    0.448449] Initializing cgroup subsys net_cls
[    0.448451] Initializing cgroup subsys blkio
[    0.448451] Initializing cgroup subsys perf_event
[    0.448452] Initializing cgroup subsys hugetlb
[    0.448453] Initializing cgroup subsys pids
[    0.448454] Initializing cgroup subsys net_prio
[    0.453552] Last level iTLB entries: 4KB 0, 2MB 0, 4MB 0
[    0.453554] Last level dTLB entries: 4KB 0, 2MB 0, 4MB 0
[    0.453554] tlb_flushall_shift: 6
[    0.453559] FEATURE SPEC_CTRL Not Present
[    0.453559] FEATURE IBPB_SUPPORT Not Present
[    0.453560] Spectre V1 : Mitigation: Load fences, usercopy/swapgs barriers and __user pointer sanitization
[    0.453854] Spectre V2 : Vulnerable: Retpoline without IBPB
[    0.453856] Speculative Store Bypass: Vulnerable
[    0.469867] Freeing SMP alternatives: 28k freed
[    0.479056] ACPI: Core revision 20130517
[    0.479602] ACPI: All ACPI Tables successfully acquired
[    0.479721] ftrace: allocating 29651 entries in 116 pages
[    0.532785] Enabling x2apic
[    0.532791] Enabled x2apic
[    0.532939] Switched APIC routing to physical x2apic.
[    0.533877] ..TIMER: vector=0x30 apic1=0 pin1=2 apic2=-1 pin2=-1
[    0.533879] smpboot: CPU0: 11th Gen Intel(R) Core(TM) i5-1135G7 @ 2.40GHz (fam: 06, model: 8c, stepping: 01)
[    0.629263] APIC calibration not consistent with PM-Timer: 103ms instead of 100ms
[    0.629266] APIC delta adjusted to PM-Timer: 6370003 (6624391)
[    0.633723] Performance Events: unsupported p6 CPU model 140 no PMU driver, software events only.
[    0.633795] KVM setup paravirtual spinlock
[    0.634895] Brought up 1 CPUs
[    0.634898] smpboot: Max logical packages: 1
[    0.634900] smpboot: Total of 1 processors activated (4838.40 BogoMIPS)
[    0.635357] devtmpfs: initialized
[    0.635409] x86/mm: Memory block size: 128MB
[    0.636856] EVM: security.selinux
[    0.636857] EVM: security.ima
[    0.636858] EVM: security.capability
[    0.638317] atomic64 test passed for x86-64 platform with CX8 and with SSE
[    0.638320] pinctrl core: initialized pinctrl subsystem
[    0.638364] RTC time:  5:16:59, date: 10/26/22
[    0.638437] NET: Registered protocol family 16
[    0.638547] cpuidle: using governor haltpoll
[    0.638592] ACPI: bus type PCI registered
[    0.638595] acpiphp: ACPI Hot Plug PCI Controller Driver version: 0.5
[    0.638678] PCI: Using configuration type 1 for base access
[    0.639821] ACPI: Added _OSI(Module Device)
[    0.639823] ACPI: Added _OSI(Processor Device)
[    0.639824] ACPI: Added _OSI(3.0 _SCP Extensions)
[    0.639825] ACPI: Added _OSI(Processor Aggregator Device)
[    0.639827] ACPI: Added _OSI(Linux-Dell-Video)
[    0.640235] ACPI: EC: Look up EC in DSDT
[    0.640468] ACPI: Executed 1 blocks of module-level executable AML code
[    0.642312] ACPI: Interpreter enabled
[    0.642318] ACPI: (supports S0 S5)
[    0.642319] ACPI: Using IOAPIC for interrupt routing
[    0.642438] PCI: Using host bridge windows from ACPI; if necessary, use "pci=nocrs" and report a bug
[    0.642490] ACPI: Enabled 2 GPEs in block 00 to 07
[    0.644749] ACPI: PCI Root Bridge [PCI0] (domain 0000 [bus 00-ff])
[    0.644753] acpi PNP0A03:00: _OSC: OS supports [ASPM ClockPM Segments MSI]
[    0.644997] acpi PNP0A03:00: _OSC: not requesting OS control; OS requires [ExtendedConfig ASPM ClockPM MSI]
[    0.645003] acpi PNP0A03:00: fail to add MMCONFIG information, can't access extended PCI configuration space under this bridge.
[    0.645192] PCI host bridge to bus 0000:00
[    0.645194] pci_bus 0000:00: root bus resource [io  0x0000-0x0cf7 window]
[    0.645196] pci_bus 0000:00: root bus resource [io  0x0d00-0xffff window]
[    0.645198] pci_bus 0000:00: root bus resource [mem 0x000a0000-0x000bffff window]
[    0.645199] pci_bus 0000:00: root bus resource [mem 0xe0000000-0xfdffffff window]
[    0.645201] pci_bus 0000:00: root bus resource [bus 00-ff]
[    0.645227] pci 0000:00:00.0: [8086:1237] type 00 class 0x060000
[    0.645580] pci 0000:00:01.0: [8086:7000] type 00 class 0x060100
[    0.646043] pci 0000:00:01.1: [8086:7111] type 00 class 0x01018a
[    0.646243] pci 0000:00:01.1: reg 0x20: [io  0xd000-0xd00f]
[    0.646340] pci 0000:00:01.1: legacy IDE quirk: reg 0x10: [io  0x01f0-0x01f7]
[    0.646341] pci 0000:00:01.1: legacy IDE quirk: reg 0x14: [io  0x03f6]
[    0.646343] pci 0000:00:01.1: legacy IDE quirk: reg 0x18: [io  0x0170-0x0177]
[    0.646344] pci 0000:00:01.1: legacy IDE quirk: reg 0x1c: [io  0x0376]
[    0.646488] pci 0000:00:02.0: [15ad:0405] type 00 class 0x030000
[    0.648548] pci 0000:00:02.0: reg 0x10: [io  0xd010-0xd01f]
[    0.650505] pci 0000:00:02.0: reg 0x14: [mem 0xe0000000-0xe0ffffff pref]
[    0.652456] pci 0000:00:02.0: reg 0x18: [mem 0xf0000000-0xf01fffff]
[    0.660559] pci 0000:00:03.0: [8086:100e] type 00 class 0x020000
[    0.662462] pci 0000:00:03.0: reg 0x10: [mem 0xf0200000-0xf021ffff]
[    0.665855] pci 0000:00:03.0: reg 0x18: [io  0xd020-0xd027]
[    0.672982] pci 0000:00:04.0: [80ee:cafe] type 00 class 0x088000
[    0.675243] pci 0000:00:04.0: reg 0x10: [io  0xd040-0xd05f]
[    0.676877] pci 0000:00:04.0: reg 0x14: [mem 0xf0400000-0xf07fffff]
[    0.678661] pci 0000:00:04.0: reg 0x18: [mem 0xf0800000-0xf0803fff pref]
[    0.685819] pci 0000:00:05.0: [8086:2415] type 00 class 0x040100
[    0.685925] pci 0000:00:05.0: reg 0x10: [io  0xd100-0xd1ff]
[    0.685964] pci 0000:00:05.0: reg 0x14: [io  0xd200-0xd23f]
[    0.686297] pci 0000:00:06.0: [106b:003f] type 00 class 0x0c0310
[    0.688166] pci 0000:00:06.0: reg 0x10: [mem 0xf0804000-0xf0804fff]
[    0.699271] pci 0000:00:07.0: [8086:7113] type 00 class 0x068000
[    0.699676] pci 0000:00:07.0: quirk: [io  0x4000-0x403f] claimed by PIIX4 ACPI
[    0.699683] pci 0000:00:07.0: quirk: [io  0x4100-0x410f] claimed by PIIX4 SMB
[    0.699871] pci 0000:00:08.0: [8086:100e] type 00 class 0x020000
[    0.701855] pci 0000:00:08.0: reg 0x10: [mem 0xf0820000-0xf083ffff]
[    0.705374] pci 0000:00:08.0: reg 0x18: [io  0xd240-0xd247]
[    0.714349] ACPI: PCI Interrupt Link [LNKA] (IRQs 5 9 10 *11)
[    0.714485] ACPI: PCI Interrupt Link [LNKB] (IRQs 5 9 *10 11)
[    0.714535] ACPI: PCI Interrupt Link [LNKC] (IRQs 5 *9 10 11)
[    0.714583] ACPI: PCI Interrupt Link [LNKD] (IRQs 5 9 10 *11)
[    0.714765] vgaarb: device added: PCI:0000:00:02.0,decodes=io+mem,owns=io+mem,locks=none
[    0.714766] vgaarb: loaded
[    0.714767] vgaarb: bridge control possible 0000:00:02.0
[    0.714836] SCSI subsystem initialized
[    0.714926] ACPI: bus type USB registered
[    0.714989] usbcore: registered new interface driver usbfs
[    0.714994] usbcore: registered new interface driver hub
[    0.715059] usbcore: registered new device driver usb
[    0.715116] EDAC MC: Ver: 3.0.0
[    0.715303] PCI: Using ACPI for IRQ routing
[    0.715305] PCI: pci_cache_line_size set to 64 bytes
[    0.715418] e820: reserve RAM buffer [mem 0x0009fc00-0x0009ffff]
[    0.715421] e820: reserve RAM buffer [mem 0xdfff0000-0xdfffffff]
[    0.715501] NetLabel: Initializing
[    0.715502] NetLabel:  domain hash size = 128
[    0.715503] NetLabel:  protocols = UNLABELED CIPSOv4
[    0.715515] NetLabel:  unlabeled traffic allowed by default
[    0.715560] amd_nb: Cannot enumerate AMD northbridges
[    0.715570] Switched to clocksource kvm-clock
[    0.726335] pnp: PnP ACPI init
[    0.726344] ACPI: bus type PNP registered
[    0.726411] pnp 00:00: Plug and Play ACPI device, IDs PNP0303 (active)
[    0.726467] pnp 00:01: Plug and Play ACPI device, IDs PNP0f03 (active)
[    0.726900] pnp: PnP ACPI: found 2 devices
[    0.726901] ACPI: bus type PNP unregistered
[    0.732436] pci_bus 0000:00: resource 4 [io  0x0000-0x0cf7 window]
[    0.732438] pci_bus 0000:00: resource 5 [io  0x0d00-0xffff window]
[    0.732440] pci_bus 0000:00: resource 6 [mem 0x000a0000-0x000bffff window]
[    0.732441] pci_bus 0000:00: resource 7 [mem 0xe0000000-0xfdffffff window]
[    0.732460] NET: Registered protocol family 2
[    0.732687] TCP established hash table entries: 32768 (order: 6, 262144 bytes)
[    0.732726] TCP bind hash table entries: 32768 (order: 7, 524288 bytes)
[    0.732774] TCP: Hash tables configured (established 32768 bind 32768)
[    0.732792] TCP: reno registered
[    0.732796] UDP hash table entries: 2048 (order: 4, 65536 bytes)
[    0.732804] UDP-Lite hash table entries: 2048 (order: 4, 65536 bytes)
[    0.732836] NET: Registered protocol family 1
[    0.732849] pci 0000:00:00.0: Limiting direct PCI/PCI transfers
[    0.732869] pci 0000:00:01.0: Activating ISA DMA hang workarounds
[    0.732889] pci 0000:00:02.0: Boot video device
[    0.734211] PCI: CLS 0 bytes, default 64
[    0.734250] Unpacking initramfs...
[    0.953030] Freeing initrd memory: 18100k freed
[    0.955087] PCI-DMA: Using software bounce buffering for IO (SWIOTLB)
[    0.955091] software IO TLB [mem 0xdbff0000-0xdfff0000] (64MB) mapped at [ffff8a2b5bff0000-ffff8a2b5ffeffff]
[    0.955195] platform rtc_cmos: registered platform RTC device (no PNP device found)
[    0.958609] sha1_ssse3: Using AVX optimized SHA-1 implementation
[    0.958750] sha256_ssse3: Using AVX optimized SHA-256 implementation
[    0.958895] futex hash table entries: 256 (order: 2, 16384 bytes)
[    0.958904] Initialise system trusted keyring
[    0.958919] audit: initializing netlink socket (disabled)
[    0.958927] type=2000 audit(1666761427.511:1): initialized
[    0.975385] HugeTLB registered 2 MB page size, pre-allocated 0 pages
[    0.976288] zpool: loaded
[    0.976290] zbud: loaded
[    0.976559] VFS: Disk quotas dquot_6.5.2
[    0.976575] Dquot-cache hash table entries: 512 (order 0, 4096 bytes)
[    0.976684] Key type big_key registered
[    0.976686] SELinux:  Registering netfilter hooks
[    0.977147] NET: Registered protocol family 38
[    0.977151] Key type asymmetric registered
[    0.977153] Asymmetric key parser 'x509' registered
[    0.977172] Block layer SCSI generic (bsg) driver version 0.4 loaded (major 248)
[    0.977187] io scheduler noop registered
[    0.977189] io scheduler deadline registered (default)
[    0.977202] io scheduler cfq registered
[    0.977205] io scheduler mq-deadline registered
[    0.977207] io scheduler kyber registered
[    0.977275] pci_hotplug: PCI Hot Plug PCI Core version: 0.5
[    0.977279] pciehp: PCI Express Hot Plug Controller Driver version: 0.4
[    0.977285] shpchp: Standard Hot Plug PCI Controller Driver version: 0.4
[    0.977328] intel_idle: does not run on family 6 model 140
[    0.977426] ACPI: AC Adapter [AC] (on-line)
[    0.977459] input: Power Button as /devices/LNXSYSTM:00/LNXPWRBN:00/input/input0
[    0.977461] ACPI: Power Button [PWRF]
[    0.977514] input: Sleep Button as /devices/LNXSYSTM:00/LNXSLPBN:00/input/input1
[    0.977515] ACPI: Sleep Button [SLPF]
[    0.977591] GHES: HEST is not enabled!
[    0.977632] Serial: 8250/16550 driver, 4 ports, IRQ sharing enabled
[    0.977819] Non-volatile memory driver v1.3
[    0.977833] Linux agpgart interface v0.103
[    0.977918] crash memory driver: version 1.1
[    0.977945] rdac: device handler registered
[    0.978510] ACPI: Battery Slot [BAT0] (battery present)
[    0.978519] hp_sw: device handler registered
[    0.978520] emc: device handler registered
[    0.978532] alua: device handler registered
[    0.978579] libphy: Fixed MDIO Bus: probed
[    0.978600] ehci_hcd: USB 2.0 'Enhanced' Host Controller (EHCI) Driver
[    0.978604] ehci-pci: EHCI PCI platform driver
[    0.978626] ohci_hcd: USB 1.1 'Open' Host Controller (OHCI) Driver
[    0.978629] ohci-pci: OHCI PCI platform driver
[    0.979012] ohci-pci 0000:00:06.0: OHCI PCI host controller
[    0.979050] ohci-pci 0000:00:06.0: new USB bus registered, assigned bus number 1
[    0.979131] ohci-pci 0000:00:06.0: irq 22, io mem 0xf0804000
[    1.032124] usb usb1: New USB device found, idVendor=1d6b, idProduct=0001, bcdDevice= 3.10
[    1.032132] usb usb1: New USB device strings: Mfr=3, Product=2, SerialNumber=1
[    1.032137] usb usb1: Product: OHCI PCI host controller
[    1.032141] usb usb1: Manufacturer: Linux 3.10.0-1160.el7.x86_64 ohci_hcd
[    1.032145] usb usb1: SerialNumber: 0000:00:06.0
[    1.032332] hub 1-0:1.0: USB hub found
[    1.032355] hub 1-0:1.0: 12 ports detected
[    1.033105] uhci_hcd: USB Universal Host Controller Interface driver
[    1.033195] usbcore: registered new interface driver usbserial_generic
[    1.033205] usbserial: USB Serial support registered for generic
[    1.033268] i8042: PNP: PS/2 Controller [PNP0303:PS2K,PNP0f03:PS2M] at 0x60,0x64 irq 1,12
[    1.033987] serio: i8042 KBD port at 0x60,0x64 irq 1
[    1.033992] serio: i8042 AUX port at 0x60,0x64 irq 12
[    1.034085] mousedev: PS/2 mouse device common for all mice
[    1.034493] input: AT Translated Set 2 keyboard as /devices/platform/i8042/serio0/input/input2
[    1.036151] rtc_cmos rtc_cmos: rtc core: registered rtc_cmos as rtc0
[    1.036224] rtc_cmos rtc_cmos: alarms up to one day, 114 bytes nvram
[    1.036426] hidraw: raw HID events driver (C) Jiri Kosina
[    1.036750] usbcore: registered new interface driver usbhid
[    1.036753] usbhid: USB HID core driver
[    1.036822] drop_monitor: Initializing network drop monitor service
[    1.036899] TCP: cubic registered
[    1.036914] Initializing XFRM netlink socket
[    1.036991] NET: Registered protocol family 10
[    1.037109] NET: Registered protocol family 17
[    1.037114] mpls_gso: MPLS GSO support
[    1.037190] mce: Using 0 MCE banks
[    1.041393] PM: Hibernation image not present or could not be loaded.
[    1.041396] Loading compiled-in X.509 certificates
[    1.041420] Loaded X.509 cert 'CentOS Linux kpatch signing key: ea0413152cde1d98ebdca3fe6f0230904c9ef717'
[    1.041430] Loaded X.509 cert 'CentOS Linux Driver update signing key: 7f421ee0ab69461574bb358861dbe77762a4201b'
[    1.041756] Loaded X.509 cert 'CentOS Linux kernel signing key: e1fdb0e2a7e861a1d1ca80a23dcf0dba3aa4adf5'
[    1.041821] registered taskstats version 1
[    1.041854] page_owner is disabled
[    1.043630] Key type trusted registered
[    1.044810] Key type encrypted registered
[    1.044824] IMA: No TPM chip found, activating TPM-bypass! (rc=-19)
[    1.044873] BERT: Boot Error Record Table support is disabled. Enable it by using bert_enable as kernel parameter.
[    1.044899]   Magic number: 10:227:265
[    1.044965] rtc_cmos rtc_cmos: setting system clock to 2022-10-26 05:17:00 UTC (1666761420)
[    1.045376] Freeing unused kernel memory: 1984k freed
[    1.045551] Write protecting the kernel read-only data: 12288k
[    1.045939] Freeing unused kernel memory: 392k freed
[    1.046462] Freeing unused kernel memory: 536k freed
[    1.048441] random: systemd: uninitialized urandom read (16 bytes read)
[    1.048592] random: systemd: uninitialized urandom read (16 bytes read)
[    1.048599] random: systemd: uninitialized urandom read (16 bytes read)
[    1.049240] systemd[1]: systemd 219 running in system mode. (+PAM +AUDIT +SELINUX +IMA -APPARMOR +SMACK +SYSVINIT +UTMP +LIBCRYPTSETUP +GCRYPT +GNUTLS +ACL +XZ +LZ4 -SECCOMP +BLKID +ELFUTILS +KMOD +IDN)
[    1.049253] systemd[1]: Detected virtualization kvm.
[    1.049257] systemd[1]: Detected architecture x86-64.
[    1.049259] systemd[1]: Running in initial RAM disk.
[    1.049274] systemd[1]: Set hostname to <issabel.local>.
[    1.068758] random: systemd: uninitialized urandom read (16 bytes read)
[    1.068770] random: systemd: uninitialized urandom read (16 bytes read)
[    1.068785] random: systemd: uninitialized urandom read (16 bytes read)
[    1.068813] random: systemd: uninitialized urandom read (16 bytes read)
[    1.069152] random: systemd: uninitialized urandom read (16 bytes read)
[    1.069211] random: systemd: uninitialized urandom read (16 bytes read)
[    1.069391] random: systemd: uninitialized urandom read (16 bytes read)
[    1.072108] systemd[1]: Created slice Root Slice.
[    1.072127] systemd[1]: Reached target Timers.
[    1.072143] systemd[1]: Listening on udev Kernel Socket.
[    1.072185] systemd[1]: Created slice System Slice.
[    1.072215] systemd[1]: Listening on Journal Socket.
[    1.072543] systemd[1]: Starting Setup Virtual Console...
[    1.072633] systemd[1]: Reached target Slices.
[    1.072640] systemd[1]: Reached target Swap.
[    1.072990] systemd[1]: Starting Apply Kernel Variables...
[    1.073231] systemd[1]: Starting Journal Service...
[    1.073828] systemd[1]: Starting dracut cmdline hook...
[    1.073839] systemd[1]: Reached target Local File Systems.
[    1.073870] systemd[1]: Listening on udev Control Socket.
[    1.073887] systemd[1]: Reached target Sockets.
[    1.074164] systemd[1]: Starting Create list of required static device nodes for the current kernel...
[    1.078162] systemd[1]: Started Create list of required static device nodes for the current kernel.
[    1.081395] systemd[1]: Started Apply Kernel Variables.
[    1.081693] systemd[1]: Starting Create Static Device Nodes in /dev...
[    1.089688] systemd[1]: Started Create Static Device Nodes in /dev.
[    1.133511] systemd[1]: Started Journal Service.
[    1.235710] psmouse serio1: alps: Unknown ALPS touchpad: E7=10 00 64, EC=10 00 64
[    1.236759] input: ImExPS/2 Generic Explorer Mouse as /devices/platform/i8042/serio1/input/input3
[    1.320003] e1000: Intel(R) PRO/1000 Network Driver - version 7.3.21-k8-NAPI
[    1.320006] e1000: Copyright (c) 1999-2006 Intel Corporation.
[    1.349229] libata version 3.00 loaded.
[    1.416138] usb 1-1: new full-speed USB device number 2 using ohci-pci
[    1.674534] usb 1-1: New USB device found, idVendor=80ee, idProduct=0021, bcdDevice= 1.00
[    1.674537] usb 1-1: New USB device strings: Mfr=1, Product=3, SerialNumber=0
[    1.674539] usb 1-1: Product: USB Tablet
[    1.674540] usb 1-1: Manufacturer: VirtualBox
[    1.708924] input: VirtualBox USB Tablet as /devices/pci0000:00/0000:00:06.0/usb1/1-1/1-1:1.0/input/input4
[    1.709083] hid-generic 0003:80EE:0021.0001: input,hidraw0: USB HID v1.10 Mouse [VirtualBox USB Tablet] on usb-0000:00:06.0-1/input0
[    1.770975] e1000 0000:00:03.0 eth0: (PCI:33MHz:32-bit) 08:00:27:08:2a:49
[    1.770980] e1000 0000:00:03.0 eth0: Intel(R) PRO/1000 Network Connection
[    1.771004] ata_piix 0000:00:01.1: version 2.13
[    1.771439] scsi host0: ata_piix
[    1.771501] scsi host1: ata_piix
[    1.771522] ata1: PATA max UDMA/33 cmd 0x1f0 ctl 0x3f6 bmdma 0xd000 irq 14
[    1.771523] ata2: PATA max UDMA/33 cmd 0x170 ctl 0x376 bmdma 0xd008 irq 15
[    1.772702] [drm] DMA map mode: Keeping DMA mappings.
[    1.772753] [drm] Capabilities:
[    1.772754] [drm]   Cursor.
[    1.772754] [drm]   Cursor bypass 2.
[    1.772755] [drm]   Alpha cursor.
[    1.772756] [drm]   3D.
[    1.772757] [drm]   Extended Fifo.
[    1.772758] [drm]   Pitchlock.
[    1.772758] [drm]   Irq mask.
[    1.772759] [drm]   GMR.
[    1.772760] [drm]   Traces.
[    1.772760] [drm]   GMR2.
[    1.772761] [drm]   Screen Object 2.
[    1.772763] [drm] Max GMR ids is 8192
[    1.772763] [drm] Max number of GMR pages is 1048576
[    1.772764] [drm] Max dedicated hypervisor surface memory is 507904 kiB
[    1.772765] [drm] Maximum display memory size is 16384 kiB
[    1.772766] [drm] VRAM at 0xe0000000 size is 16384 kiB
[    1.772767] [drm] MMIO at 0xf0000000 size is 2048 kiB
[    1.773130] [TTM] Zone  kernel: Available graphics memory: 2022634 kiB
[    1.773157] [TTM] Initializing pool allocator
[    1.773184] [TTM] Initializing DMA pool allocator
[    1.773197] [drm] Supports vblank timestamp caching Rev 2 (21.10.2013).
[    1.773197] [drm] No driver support for vblank timestamp query.
[    1.773351] [drm] Screen Objects Display Unit initialized
[    1.773380] [drm] width 720
[    1.773387] [drm] height 400
[    1.773393] [drm] bpp 32
[    1.773556] [drm] Fifo max 0x00200000 min 0x00001000 cap 0x00000355
[    1.773563] [drm] DX: no.
[    1.773564] [drm] Atomic: yes.
[    1.773565] [drm] SM4_1: no.
[    1.773576] [drm:vmw_host_log [vmwgfx]] *ERROR* Failed to send host log message.
[    1.774545] [drm:vmw_host_log [vmwgfx]] *ERROR* Failed to send host log message.
[    1.795935] fbcon: svgadrmfb (fb0) is primary device
[    1.809376] Console: switching to colour frame buffer device 100x37
[    1.810811] [drm] Initialized vmwgfx 2.15.0 20180704 for 0000:00:02.0 on minor 0
[    1.925468] ata2.00: ATAPI: VBOX CD-ROM, 1.0, max UDMA/133
[    1.925930] ata2.00: configured for UDMA/33
[    1.926044] ata1.00: ATA-6: VBOX HARDDISK, 1.0, max UDMA/133
[    1.926046] ata1.00: 32145968 sectors, multi 128: LBA 
[    1.930598] ata1.00: configured for UDMA/33
[    1.930665] scsi 0:0:0:0: Direct-Access     ATA      VBOX HARDDISK    1.0  PQ: 0 ANSI: 5
[    1.931157] scsi 1:0:0:0: CD-ROM            VBOX     CD-ROM           1.0  PQ: 0 ANSI: 5
[    1.960560] tsc: Refined TSC clocksource calibration: 2415.717 MHz
[    2.159649] e1000 0000:00:08.0 eth1: (PCI:33MHz:32-bit) 08:00:27:38:f5:9d
[    2.159652] e1000 0000:00:08.0 eth1: Intel(R) PRO/1000 Network Connection
[    2.176874] sd 0:0:0:0: [sda] 32145968 512-byte logical blocks: (16.4 GB/15.3 GiB)
[    2.176894] sd 0:0:0:0: [sda] Write Protect is off
[    2.176896] sd 0:0:0:0: [sda] Mode Sense: 00 3a 00 00
[    2.176905] sd 0:0:0:0: [sda] Write cache: enabled, read cache: enabled, doesn't support DPO or FUA
[    2.179281]  sda: sda1 sda2 sda3
[    2.179882] sd 0:0:0:0: [sda] Attached SCSI disk
[    2.186635] sr 1:0:0:0: [sr0] scsi3-mmc drive: 32x/32x xa/form2 tray
[    2.186639] cdrom: Uniform CD-ROM driver Revision: 3.20
[    2.187039] sr 1:0:0:0: Attached scsi CD-ROM sr0
[    2.206817] random: fast init done
[    2.380678] EXT4-fs (sda3): mounted filesystem with ordered data mode. Opts: (null)
[    2.601090] systemd-journald[91]: Received SIGTERM from PID 1 (systemd).
[    2.708941] SELinux:  Disabled at runtime.
[    2.708955] SELinux:  Unregistering netfilter hooks
[    2.709224] type=1404 audit(1666761422.163:2): selinux=0 auid=4294967295 ses=4294967295
[    2.744754] ip_tables: (C) 2000-2006 Netfilter Core Team
[    2.745535] systemd[1]: Inserted module 'ip_tables'
[    3.025674] EXT4-fs (sda3): re-mounted. Opts: (null)
[    3.063797] systemd-journald[356]: Received request to flush runtime journal from PID 1
[    3.193173] piix4_smbus 0000:00:07.0: SMBus Host Controller at 0x4100, revision 0
[    3.235194] ACPI: Video Device [GFX0] (multi-head: yes  rom: no  post: no)
[    3.252385] input: Video Bus as /devices/LNXSYSTM:00/device:00/PNP0A03:00/LNXVIDEO:00/input/input5
[    3.276917] sd 0:0:0:0: Attached scsi generic sg0 type 0
[    3.276994] sr 1:0:0:0: Attached scsi generic sg1 type 5
[    3.290153] input: PC Speaker as /devices/platform/pcspkr/input/input6
[    3.335755] cryptd: max_cpu_qlen set to 1000
[    3.386296] Adding 1607676k swap on /dev/sda2.  Priority:-2 extents:1 across:1607676k FS
[    3.394746] random: crng init done
[    3.412026] ppdev: user-space parallel port driver
[    3.427236] AVX2 version of gcm_enc/dec engaged.
[    3.427238] AES CTR mode by8 optimization enabled
[    3.468412] alg: No test for __gcm-aes-aesni (__driver-gcm-aes-aesni)
[    3.468431] alg: No test for __generic-gcm-aes-aesni (__driver-generic-gcm-aes-aesni)
[    3.515993] EXT4-fs (sda1): mounted filesystem with ordered data mode. Opts: (null)
[    3.786030] snd_intel8x0 0000:00:05.0: intel8x0_measure_ac97_clock: measured 52876 usecs (2400 samples)
[    3.786035] snd_intel8x0 0000:00:05.0: clocking to 50761
[    6.269816] floppy0: no floppy controllers found
[    6.269861] work still pending
[    6.302352] device-mapper: uevent: version 1.0.3
[    6.302826] device-mapper: ioctl: 4.37.1-ioctl (2018-04-03) initialised: dm-devel@redhat.com
[    6.387516] type=1305 audit(1666761425.841:3): audit_pid=491 old=0 auid=4294967295 ses=4294967295 res=1
