Oct 12 04:02:17 issabel rsyslogd: [origin software="rsyslogd" swVersion="8.24.0-55.el7" x-pid="820" x-info="http://www.rsyslog.com"] rsyslogd was HUPed
Oct 12 04:02:17 issabel logrotate: ALERT exited abnormally with [1]
Oct 12 04:02:24 issabel systemd: Started Session c275 of user root.
Oct 12 04:03:24 issabel systemd: Started Session c276 of user root.
Oct 12 04:04:24 issabel systemd: Started Session c277 of user root.
Oct 12 04:04:37 issabel kernel: e1000: eth0 NIC Link is Down
Oct 12 04:04:41 issabel kernel: e1000: eth0 NIC Link is Up 1000 Mbps Full Duplex, Flow Control: RX
Oct 12 04:04:41 issabel NetworkManager[539]: <info>  [1665561881.1552] device (eth0): carrier: link connected
Oct 12 04:04:41 issabel NetworkManager[539]: <info>  [1665561881.1553] device (eth0): DHCPv4 lease renewal requested
Oct 12 04:04:41 issabel NetworkManager[539]: <info>  [1665561881.1574] dhcp4 (eth0): canceled DHCP transaction, DHCP client pid 9077
Oct 12 04:04:41 issabel NetworkManager[539]: <info>  [1665561881.1575] dhcp4 (eth0): state changed bound -> done
Oct 12 04:04:41 issabel NetworkManager[539]: <info>  [1665561881.1579] dhcp4 (eth0): activation: beginning transaction (timeout in 45 seconds)
Oct 12 04:04:41 issabel NetworkManager[539]: <info>  [1665561881.1716] dhcp4 (eth0): dhclient started with pid 9245
Oct 12 04:04:41 issabel dhclient[9245]: DHCPREQUEST on eth0 to 255.255.255.255 port 67 (xid=0x71a94741)
Oct 12 04:04:41 issabel dhclient[9245]: DHCPACK from 10.0.2.2 (xid=0x71a94741)
Oct 12 04:04:41 issabel NetworkManager[539]: <info>  [1665561881.1875] dhcp4 (eth0):   address 10.0.2.15
Oct 12 04:04:41 issabel NetworkManager[539]: <info>  [1665561881.1875] dhcp4 (eth0):   plen 24 (255.255.255.0)
Oct 12 04:04:41 issabel NetworkManager[539]: <info>  [1665561881.1875] dhcp4 (eth0):   gateway 10.0.2.2
Oct 12 04:04:41 issabel NetworkManager[539]: <info>  [1665561881.1875] dhcp4 (eth0):   lease time 86400
Oct 12 04:04:41 issabel NetworkManager[539]: <info>  [1665561881.1875] dhcp4 (eth0): state changed unknown -> bound
Oct 12 04:04:41 issabel dbus[526]: [system] Activating via systemd: service name='org.freedesktop.nm_dispatcher' unit='dbus-org.freedesktop.nm-dispatcher.service'
Oct 12 04:04:41 issabel systemd: Starting Network Manager Script Dispatcher Service...
Oct 12 04:04:41 issabel dhclient[9245]: bound to 10.0.2.15 -- renewal in 38937 seconds.
Oct 12 04:04:41 issabel dbus[526]: [system] Successfully activated service 'org.freedesktop.nm_dispatcher'
Oct 12 04:04:41 issabel systemd: Started Network Manager Script Dispatcher Service.
Oct 12 04:04:41 issabel nm-dispatcher: find-scripts: Cannot execute '/etc/NetworkManager/dispatcher.d/12-dhcpd': not executable by owner.
Oct 12 04:04:41 issabel nm-dispatcher: req:1 'dhcp4-change' [eth0]: new request (3 scripts)
Oct 12 04:04:41 issabel nm-dispatcher: req:1 'dhcp4-change' [eth0]: start running ordered scripts...
Oct 12 04:04:41 issabel chronyd[2256]: Source 152.70.69.232 replaced with 129.154.46.154
Oct 12 04:04:43 issabel kernel: e1000: eth0 NIC Link is Down
Oct 12 04:04:47 issabel kernel: e1000: eth0 NIC Link is Up 1000 Mbps Full Duplex, Flow Control: RX
Oct 12 04:04:47 issabel NetworkManager[539]: <info>  [1665561887.1706] device (eth0): carrier: link connected
Oct 12 04:04:47 issabel NetworkManager[539]: <info>  [1665561887.1708] device (eth0): DHCPv4 lease renewal requested
Oct 12 04:04:47 issabel NetworkManager[539]: <info>  [1665561887.1727] dhcp4 (eth0): canceled DHCP transaction, DHCP client pid 9245
Oct 12 04:04:47 issabel NetworkManager[539]: <info>  [1665561887.1727] dhcp4 (eth0): state changed bound -> done
Oct 12 04:04:47 issabel NetworkManager[539]: <info>  [1665561887.1731] dhcp4 (eth0): activation: beginning transaction (timeout in 45 seconds)
Oct 12 04:04:47 issabel NetworkManager[539]: <info>  [1665561887.1846] dhcp4 (eth0): dhclient started with pid 9272
Oct 12 04:04:47 issabel dhclient[9272]: DHCPREQUEST on eth0 to 255.255.255.255 port 67 (xid=0x4570e738)
Oct 12 04:04:47 issabel dhclient[9272]: DHCPACK from 10.0.2.2 (xid=0x4570e738)
Oct 12 04:04:47 issabel NetworkManager[539]: <info>  [1665561887.1947] dhcp4 (eth0):   address 10.0.2.15
Oct 12 04:04:47 issabel NetworkManager[539]: <info>  [1665561887.1947] dhcp4 (eth0):   plen 24 (255.255.255.0)
Oct 12 04:04:47 issabel NetworkManager[539]: <info>  [1665561887.1947] dhcp4 (eth0):   gateway 10.0.2.2
Oct 12 04:04:47 issabel NetworkManager[539]: <info>  [1665561887.1947] dhcp4 (eth0):   lease time 86400
Oct 12 04:04:47 issabel NetworkManager[539]: <info>  [1665561887.1948] dhcp4 (eth0):   nameserver '172.168.1.1'
Oct 12 04:04:47 issabel NetworkManager[539]: <info>  [1665561887.1948] dhcp4 (eth0): state changed unknown -> bound
Oct 12 04:04:47 issabel nm-dispatcher: find-scripts: Cannot execute '/etc/NetworkManager/dispatcher.d/12-dhcpd': not executable by owner.
Oct 12 04:04:47 issabel nm-dispatcher: req:2 'dhcp4-change' [eth0]: new request (3 scripts)
Oct 12 04:04:47 issabel nm-dispatcher: req:2 'dhcp4-change' [eth0]: start running ordered scripts...
Oct 12 04:04:47 issabel dhclient[9272]: bound to 10.0.2.15 -- renewal in 38824 seconds.
Oct 12 04:05:01 issabel systemd: Started Session 54 of user root.
Oct 12 04:05:24 issabel systemd: Started Session c278 of user root.
Oct 12 04:06:02 issabel dhclient[2617]: DHCPREQUEST on eth1 to 192.168.56.100 port 67 (xid=0x3c526bba)
Oct 12 04:06:02 issabel dhclient[2617]: DHCPACK from 192.168.56.100 (xid=0x3c526bba)
Oct 12 04:06:04 issabel dhclient[2617]: bound to 192.168.56.102 -- renewal in 283 seconds.
Oct 12 04:06:24 issabel systemd: Started Session c279 of user root.
Oct 12 04:07:24 issabel systemd: Started Session c280 of user root.
Oct 12 04:08:24 issabel systemd: Started Session c281 of user root.
Oct 12 04:09:24 issabel systemd: Started Session c282 of user root.
Oct 12 04:10:01 issabel systemd: Started Session 56 of user root.
Oct 12 04:10:01 issabel systemd: Started Session 55 of user root.
Oct 12 04:10:24 issabel systemd: Started Session c283 of user root.
Oct 12 04:10:47 issabel dhclient[2617]: DHCPREQUEST on eth1 to 192.168.56.100 port 67 (xid=0x3c526bba)
Oct 12 04:10:47 issabel dhclient[2617]: DHCPACK from 192.168.56.100 (xid=0x3c526bba)
Oct 12 04:10:49 issabel dhclient[2617]: bound to 192.168.56.102 -- renewal in 242 seconds.
Oct 12 04:10:53 issabel chronyd[2256]: Can't synchronise: no majority
Oct 12 04:11:24 issabel systemd: Started Session c284 of user root.
Oct 12 04:12:24 issabel systemd: Started Session c285 of user root.
Oct 12 04:13:24 issabel systemd: Started Session c286 of user root.
Oct 12 04:14:24 issabel systemd: Started Session c287 of user root.
Oct 12 04:14:51 issabel dhclient[2617]: DHCPREQUEST on eth1 to 192.168.56.100 port 67 (xid=0x3c526bba)
Oct 12 04:14:51 issabel dhclient[2617]: DHCPACK from 192.168.56.100 (xid=0x3c526bba)
Oct 12 04:14:53 issabel dhclient[2617]: bound to 192.168.56.102 -- renewal in 252 seconds.
Oct 12 04:15:01 issabel systemd: Started Session 57 of user root.
Oct 12 04:15:24 issabel systemd: Started Session c288 of user root.
Oct 12 04:15:35 issabel chronyd[2256]: Selected source 95.216.192.15
Oct 12 04:15:35 issabel chronyd[2256]: System clock wrong by 107.289687 seconds, adjustment started
Oct 12 04:16:01 issabel systemd: Started Session 58 of user asterisk.
Oct 12 04:16:28 issabel systemd: Started Session c289 of user root.
Oct 12 04:17:26 issabel yum[9630]: Installed: 1:openssl11-libs-1.1.1k-4.el7.x86_64
Oct 12 04:17:26 issabel yum[9630]: Installed: brotli-1.0.7-5.el7.x86_64
Oct 12 04:17:26 issabel yum[9630]: Installed: 1:libuv-1.44.2-1.el7.x86_64
Oct 12 04:17:29 issabel yum[9630]: Installed: 1:nodejs-libs-16.17.0-1.el7.x86_64
Oct 12 04:17:30 issabel yum[9630]: Installed: 1:openssl11-1.1.1k-4.el7.x86_64
Oct 12 04:17:30 issabel yum[9630]: Installed: 1:nodejs-16.17.0-1.el7.x86_64
Oct 12 04:17:31 issabel yum[9630]: Installed: 1:npm-8.15.0-1.16.17.0.1.el7.x86_64
Oct 12 04:17:33 issabel systemd: Started Session c290 of user root.
Oct 12 04:18:39 issabel systemd: Started Session c291 of user root.
Oct 12 04:19:05 issabel dhclient[2617]: DHCPREQUEST on eth1 to 192.168.56.100 port 67 (xid=0x3c526bba)
Oct 12 04:19:05 issabel dhclient[2617]: DHCPACK from 192.168.56.100 (xid=0x3c526bba)
Oct 12 04:19:08 issabel dhclient[2617]: bound to 192.168.56.102 -- renewal in 253 seconds.
Oct 12 04:19:43 issabel systemd: Started Session c292 of user root.
Oct 12 04:20:01 issabel systemd: Started Session 59 of user root.
Oct 12 04:20:48 issabel systemd: Started Session c293 of user root.
Oct 12 04:21:53 issabel systemd: Started Session c294 of user root.
Oct 12 04:22:43 issabel systemd-logind: Removed session 48.
Oct 12 04:22:48 issabel chronyd[2256]: Selected source 178.215.228.24
Oct 12 04:22:58 issabel systemd: Started Session c295 of user root.
Oct 12 04:22:59 issabel systemd: Started Session 60 of user root.
Oct 12 04:22:59 issabel systemd-logind: New session 60 of user root.
Oct 12 04:23:22 issabel dhclient[2617]: DHCPREQUEST on eth1 to 192.168.56.100 port 67 (xid=0x3c526bba)
Oct 12 04:23:22 issabel dhclient[2617]: DHCPACK from 192.168.56.100 (xid=0x3c526bba)
Oct 12 04:23:24 issabel dhclient[2617]: bound to 192.168.56.102 -- renewal in 234 seconds.
Oct 12 04:24:03 issabel systemd: Started Session c296 of user root.
Oct 12 04:25:01 issabel systemd: Started Session 61 of user root.
Oct 12 04:25:08 issabel systemd: Started Session c297 of user root.
Oct 12 04:26:13 issabel systemd: Started Session c298 of user root.
Oct 12 04:27:18 issabel systemd: Started Session c299 of user root.
Oct 12 04:27:19 issabel dhclient[2617]: DHCPREQUEST on eth1 to 192.168.56.100 port 67 (xid=0x3c526bba)
Oct 12 04:27:19 issabel dhclient[2617]: DHCPACK from 192.168.56.100 (xid=0x3c526bba)
Oct 12 04:27:21 issabel dhclient[2617]: bound to 192.168.56.102 -- renewal in 265 seconds.
Oct 12 04:28:23 issabel systemd: Started Session c300 of user root.
Oct 12 04:29:28 issabel systemd: Started Session c301 of user root.
Oct 12 04:30:01 issabel systemd: Started Session 62 of user root.
Oct 12 04:30:33 issabel systemd: Started Session c302 of user root.
Oct 12 04:31:38 issabel systemd: Started Session c303 of user root.
Oct 12 04:31:46 issabel dhclient[2617]: DHCPREQUEST on eth1 to 192.168.56.100 port 67 (xid=0x3c526bba)
Oct 12 04:31:46 issabel dhclient[2617]: DHCPACK from 192.168.56.100 (xid=0x3c526bba)
Oct 12 04:31:48 issabel dhclient[2617]: bound to 192.168.56.102 -- renewal in 275 seconds.
Oct 12 04:32:43 issabel systemd: Started Session c304 of user root.
Oct 12 04:33:48 issabel systemd: Started Session c305 of user root.
Oct 12 04:34:53 issabel systemd: Started Session c306 of user root.
Oct 12 04:35:01 issabel systemd: Started Session 63 of user root.
Oct 12 04:35:58 issabel systemd: Started Session c307 of user root.
Oct 12 04:36:23 issabel dhclient[2617]: DHCPREQUEST on eth1 to 192.168.56.100 port 67 (xid=0x3c526bba)
Oct 12 04:36:23 issabel dhclient[2617]: DHCPACK from 192.168.56.100 (xid=0x3c526bba)
Oct 12 04:36:25 issabel dhclient[2617]: bound to 192.168.56.102 -- renewal in 276 seconds.
Oct 12 04:37:03 issabel systemd: Started Session c308 of user root.
Oct 12 04:38:08 issabel systemd: Started Session c309 of user root.
Oct 12 04:39:11 issabel systemd: Started Session c310 of user root.
Oct 12 04:40:01 issabel systemd: Started Session 64 of user root.
Oct 12 04:40:11 issabel systemd: Started Session c311 of user root.
Oct 12 04:41:01 issabel dhclient[2617]: DHCPREQUEST on eth1 to 192.168.56.100 port 67 (xid=0x3c526bba)
Oct 12 04:41:01 issabel dhclient[2617]: DHCPACK from 192.168.56.100 (xid=0x3c526bba)
Oct 12 04:41:04 issabel dhclient[2617]: bound to 192.168.56.102 -- renewal in 265 seconds.
Oct 12 04:41:11 issabel systemd: Started Session c312 of user root.
Oct 12 04:42:11 issabel systemd: Started Session c313 of user root.
Oct 12 04:43:11 issabel systemd: Started Session c314 of user root.
Oct 12 04:44:11 issabel systemd: Started Session c315 of user root.
Oct 12 04:45:01 issabel systemd: Started Session 65 of user root.
Oct 12 04:45:11 issabel systemd: Started Session c316 of user root.
Oct 12 04:45:29 issabel dhclient[2617]: DHCPREQUEST on eth1 to 192.168.56.100 port 67 (xid=0x3c526bba)
Oct 12 04:45:29 issabel dhclient[2617]: DHCPACK from 192.168.56.100 (xid=0x3c526bba)
Oct 12 04:45:31 issabel dhclient[2617]: bound to 192.168.56.102 -- renewal in 284 seconds.
Oct 12 04:46:01 issabel systemd: Started Session 66 of user root.
Oct 12 04:46:11 issabel systemd: Started Session c317 of user root.
Oct 12 04:47:11 issabel systemd: Started Session c318 of user root.
Oct 12 04:48:11 issabel systemd: Started Session c319 of user root.
Oct 12 04:49:11 issabel systemd: Started Session c320 of user root.
Oct 12 04:50:01 issabel systemd: Started Session 67 of user root.
Oct 12 04:50:11 issabel systemd: Started Session c321 of user root.
Oct 12 04:50:16 issabel dhclient[2617]: DHCPREQUEST on eth1 to 192.168.56.100 port 67 (xid=0x3c526bba)
Oct 12 04:50:16 issabel dhclient[2617]: DHCPACK from 192.168.56.100 (xid=0x3c526bba)
Oct 12 04:50:18 issabel dhclient[2617]: bound to 192.168.56.102 -- renewal in 251 seconds.
Oct 12 04:51:11 issabel systemd: Started Session c322 of user root.
Oct 12 04:52:11 issabel systemd: Started Session c323 of user root.
Oct 12 04:53:11 issabel systemd: Started Session c324 of user root.
Oct 12 04:54:11 issabel systemd: Started Session c325 of user root.
Oct 12 04:54:29 issabel dhclient[2617]: DHCPREQUEST on eth1 to 192.168.56.100 port 67 (xid=0x3c526bba)
Oct 12 04:54:29 issabel dhclient[2617]: DHCPACK from 192.168.56.100 (xid=0x3c526bba)
Oct 12 04:54:31 issabel dhclient[2617]: bound to 192.168.56.102 -- renewal in 275 seconds.
Oct 12 04:55:01 issabel systemd: Started Session 68 of user root.
Oct 12 04:55:11 issabel systemd: Started Session c326 of user root.
Oct 12 04:56:11 issabel systemd: Started Session c327 of user root.
Oct 12 04:57:11 issabel systemd: Started Session c328 of user root.
Oct 12 04:58:11 issabel systemd: Started Session c329 of user root.
Oct 12 04:59:06 issabel dhclient[2617]: DHCPREQUEST on eth1 to 192.168.56.100 port 67 (xid=0x3c526bba)
Oct 12 04:59:06 issabel dhclient[2617]: DHCPACK from 192.168.56.100 (xid=0x3c526bba)
Oct 12 04:59:08 issabel dhclient[2617]: bound to 192.168.56.102 -- renewal in 277 seconds.
Oct 12 04:59:11 issabel systemd: Started Session c330 of user root.
Oct 12 05:00:01 issabel systemd: Started Session 69 of user root.
Oct 12 05:00:11 issabel systemd: Started Session c331 of user root.
Oct 12 05:01:01 issabel systemd: Started Session 71 of user root.
Oct 12 05:01:01 issabel systemd: Started Session 70 of user root.
Oct 12 05:01:11 issabel systemd: Started Session c332 of user root.
Oct 12 05:02:11 issabel systemd: Started Session c333 of user root.
Oct 12 05:03:11 issabel systemd: Started Session c334 of user root.
Oct 12 05:03:45 issabel dhclient[2617]: DHCPREQUEST on eth1 to 192.168.56.100 port 67 (xid=0x3c526bba)
Oct 12 05:03:45 issabel dhclient[2617]: DHCPACK from 192.168.56.100 (xid=0x3c526bba)
Oct 12 05:03:47 issabel dhclient[2617]: bound to 192.168.56.102 -- renewal in 246 seconds.
Oct 12 05:04:11 issabel systemd: Started Session c335 of user root.
Oct 12 05:05:01 issabel systemd: Started Session 72 of user root.
Oct 12 05:05:11 issabel systemd: Started Session c336 of user root.
Oct 12 05:06:11 issabel systemd: Started Session c337 of user root.
Oct 12 05:07:11 issabel systemd: Started Session c338 of user root.
Oct 12 05:07:53 issabel dhclient[2617]: DHCPREQUEST on eth1 to 192.168.56.100 port 67 (xid=0x3c526bba)
Oct 12 05:07:53 issabel dhclient[2617]: DHCPACK from 192.168.56.100 (xid=0x3c526bba)
Oct 12 05:07:55 issabel dhclient[2617]: bound to 192.168.56.102 -- renewal in 299 seconds.
Oct 12 05:08:11 issabel systemd: Started Session c339 of user root.
Oct 12 05:09:11 issabel systemd: Started Session c340 of user root.
Oct 12 05:10:01 issabel systemd: Started Session 73 of user root.
Oct 12 05:10:11 issabel systemd: Started Session c341 of user root.
Oct 12 05:11:11 issabel systemd: Started Session c342 of user root.
Oct 12 05:12:11 issabel systemd: Started Session c343 of user root.
Oct 12 05:12:25 issabel systemd: Started Session c344 of user root.
Oct 12 05:12:41 issabel systemd: Started Session c345 of user root.
Oct 12 05:12:54 issabel dhclient[2617]: DHCPREQUEST on eth1 to 192.168.56.100 port 67 (xid=0x3c526bba)
Oct 12 05:12:54 issabel dhclient[2617]: DHCPACK from 192.168.56.100 (xid=0x3c526bba)
Oct 12 05:12:56 issabel dhclient[2617]: bound to 192.168.56.102 -- renewal in 294 seconds.
Oct 12 05:12:57 issabel systemd: Started Session c346 of user root.
Oct 12 05:13:13 issabel systemd: Started Session c347 of user root.
Oct 12 05:13:29 issabel systemd: Started Session c348 of user root.
Oct 12 05:13:45 issabel systemd: Started Session c349 of user root.
Oct 12 05:14:01 issabel systemd: Started Session c350 of user root.
Oct 12 05:14:17 issabel systemd: Started Session c351 of user root.
Oct 12 05:14:33 issabel systemd: Started Session c352 of user root.
Oct 12 05:14:49 issabel systemd: Started Session c353 of user root.
Oct 12 05:15:01 issabel systemd: Started Session 74 of user root.
Oct 12 05:15:05 issabel systemd: Started Session c354 of user root.
Oct 12 05:15:21 issabel systemd: Started Session c355 of user root.
Oct 12 05:15:37 issabel systemd: Started Session c356 of user root.
Oct 12 05:15:53 issabel systemd: Started Session c357 of user root.
Oct 12 05:16:01 issabel systemd: Started Session 75 of user asterisk.
Oct 12 05:16:09 issabel systemd: Started Session c358 of user root.
Oct 12 05:16:25 issabel systemd: Started Session c359 of user root.
Oct 12 05:16:41 issabel systemd: Started Session c360 of user root.
Oct 12 05:16:57 issabel systemd: Started Session c361 of user root.
Oct 12 05:17:13 issabel systemd: Started Session c362 of user root.
Oct 12 05:17:29 issabel systemd: Started Session c363 of user root.
Oct 12 05:17:45 issabel systemd: Started Session c364 of user root.
Oct 12 05:17:51 issabel dhclient[2617]: DHCPREQUEST on eth1 to 192.168.56.100 port 67 (xid=0x3c526bba)
Oct 12 05:17:51 issabel dhclient[2617]: DHCPACK from 192.168.56.100 (xid=0x3c526bba)
Oct 12 05:17:53 issabel dhclient[2617]: bound to 192.168.56.102 -- renewal in 231 seconds.
Oct 12 05:18:01 issabel systemd: Started Session c365 of user root.
Oct 12 05:18:17 issabel systemd: Started Session c366 of user root.
Oct 12 05:18:33 issabel systemd: Started Session c367 of user root.
Oct 12 05:19:09 issabel systemd: Started Session c368 of user root.
Oct 12 05:20:01 issabel systemd: Started Session 76 of user root.
Oct 12 05:21:44 issabel dhclient[2617]: DHCPREQUEST on eth1 to 192.168.56.100 port 67 (xid=0x3c526bba)
Oct 12 05:21:44 issabel dhclient[2617]: DHCPACK from 192.168.56.100 (xid=0x3c526bba)
Oct 12 05:21:46 issabel dhclient[2617]: bound to 192.168.56.102 -- renewal in 232 seconds.
Oct 12 05:52:15 issabel kernel: Initializing cgroup subsys cpuset
Oct 12 05:52:15 issabel kernel: Initializing cgroup subsys cpu
Oct 12 05:52:15 issabel kernel: Initializing cgroup subsys cpuacct
Oct 12 05:52:15 issabel kernel: Linux version 3.10.0-1160.el7.x86_64 (mockbuild@kbuilder.bsys.centos.org) (gcc version 4.8.5 20150623 (Red Hat 4.8.5-44) (GCC) ) #1 SMP Mon Oct 19 16:18:59 UTC 2020
Oct 12 05:52:15 issabel kernel: Command line: BOOT_IMAGE=/vmlinuz-3.10.0-1160.el7.x86_64 root=UUID=0d5851af-702b-448a-bbfa-6a361f879e66 ro net.ifnames=0 rhgb quiet LANG=en_US.UTF-8
Oct 12 05:52:15 issabel kernel: e820: BIOS-provided physical RAM map:
Oct 12 05:52:15 issabel kernel: BIOS-e820: [mem 0x0000000000000000-0x000000000009fbff] usable
Oct 12 05:52:15 issabel kernel: BIOS-e820: [mem 0x000000000009fc00-0x000000000009ffff] reserved
Oct 12 05:52:15 issabel kernel: BIOS-e820: [mem 0x00000000000f0000-0x00000000000fffff] reserved
Oct 12 05:52:15 issabel kernel: BIOS-e820: [mem 0x0000000000100000-0x00000000dffeffff] usable
Oct 12 05:52:15 issabel kernel: BIOS-e820: [mem 0x00000000dfff0000-0x00000000dfffffff] ACPI data
Oct 12 05:52:15 issabel kernel: BIOS-e820: [mem 0x00000000fec00000-0x00000000fec00fff] reserved
Oct 12 05:52:15 issabel kernel: BIOS-e820: [mem 0x00000000fee00000-0x00000000fee00fff] reserved
Oct 12 05:52:15 issabel kernel: BIOS-e820: [mem 0x00000000fffc0000-0x00000000ffffffff] reserved
Oct 12 05:52:15 issabel kernel: BIOS-e820: [mem 0x0000000100000000-0x000000011fffffff] usable
Oct 12 05:52:15 issabel kernel: NX (Execute Disable) protection: active
Oct 12 05:52:15 issabel kernel: SMBIOS 2.5 present.
Oct 12 05:52:15 issabel kernel: DMI: innotek GmbH VirtualBox/VirtualBox, BIOS VirtualBox 12/01/2006
Oct 12 05:52:15 issabel kernel: Hypervisor detected: KVM
Oct 12 05:52:15 issabel kernel: e820: last_pfn = 0x120000 max_arch_pfn = 0x400000000
Oct 12 05:52:15 issabel kernel: PAT configuration [0-7]: WB  WC  UC- UC  WB  WP  UC- UC  
Oct 12 05:52:15 issabel kernel: CPU MTRRs all blank - virtualized system.
Oct 12 05:52:15 issabel kernel: e820: last_pfn = 0xdfff0 max_arch_pfn = 0x400000000
Oct 12 05:52:15 issabel kernel: found SMP MP-table at [mem 0x0009fff0-0x0009ffff] mapped at [ffffffffff200ff0]
Oct 12 05:52:15 issabel kernel: RAMDISK: [mem 0x35c96000-0x36e42fff]
Oct 12 05:52:15 issabel kernel: Early table checksum verification disabled
Oct 12 05:52:15 issabel kernel: ACPI: RSDP 00000000000e0000 00024 (v02 VBOX  )
Oct 12 05:52:15 issabel kernel: ACPI: XSDT 00000000dfff0030 0003C (v01 VBOX   VBOXXSDT 00000001 ASL  00000061)
Oct 12 05:52:15 issabel kernel: ACPI: FACP 00000000dfff00f0 000F4 (v04 VBOX   VBOXFACP 00000001 ASL  00000061)
Oct 12 05:52:15 issabel kernel: ACPI: DSDT 00000000dfff0470 02325 (v02 VBOX   VBOXBIOS 00000002 INTL 20100528)
Oct 12 05:52:15 issabel kernel: ACPI: FACS 00000000dfff0200 00040
Oct 12 05:52:15 issabel kernel: ACPI: APIC 00000000dfff0240 00054 (v02 VBOX   VBOXAPIC 00000001 ASL  00000061)
Oct 12 05:52:15 issabel kernel: ACPI: SSDT 00000000dfff02a0 001CC (v01 VBOX   VBOXCPUT 00000002 INTL 20100528)
Oct 12 05:52:15 issabel kernel: No NUMA configuration found
Oct 12 05:52:15 issabel kernel: Faking a node at [mem 0x0000000000000000-0x000000011fffffff]
Oct 12 05:52:15 issabel kernel: NODE_DATA(0) allocated [mem 0x11ffd9000-0x11fffffff]
Oct 12 05:52:15 issabel kernel: kvm-clock: cpu 0, msr 1:1ff88001, primary cpu clock
Oct 12 05:52:15 issabel kernel: kvm-clock: Using msrs 4b564d01 and 4b564d00
Oct 12 05:52:15 issabel kernel: kvm-clock: using sched offset of 4988488736 cycles
Oct 12 05:52:15 issabel kernel: Zone ranges:
Oct 12 05:52:15 issabel kernel:  DMA      [mem 0x00001000-0x00ffffff]
Oct 12 05:52:15 issabel kernel:  DMA32    [mem 0x01000000-0xffffffff]
Oct 12 05:52:15 issabel kernel:  Normal   [mem 0x100000000-0x11fffffff]
Oct 12 05:52:15 issabel kernel: Movable zone start for each node
Oct 12 05:52:15 issabel kernel: Early memory node ranges
Oct 12 05:52:15 issabel kernel:  node   0: [mem 0x00001000-0x0009efff]
Oct 12 05:52:15 issabel kernel:  node   0: [mem 0x00100000-0xdffeffff]
Oct 12 05:52:15 issabel kernel:  node   0: [mem 0x100000000-0x11fffffff]
Oct 12 05:52:15 issabel kernel: Initmem setup node 0 [mem 0x00001000-0x11fffffff]
Oct 12 05:52:15 issabel kernel: ACPI: PM-Timer IO Port: 0x4008
Oct 12 05:52:15 issabel kernel: ACPI: LAPIC (acpi_id[0x00] lapic_id[0x00] enabled)
Oct 12 05:52:15 issabel kernel: ACPI: IOAPIC (id[0x01] address[0xfec00000] gsi_base[0])
Oct 12 05:52:15 issabel kernel: IOAPIC[0]: apic_id 1, version 32, address 0xfec00000, GSI 0-23
Oct 12 05:52:15 issabel kernel: ACPI: INT_SRC_OVR (bus 0 bus_irq 0 global_irq 2 dfl dfl)
Oct 12 05:52:15 issabel kernel: ACPI: INT_SRC_OVR (bus 0 bus_irq 9 global_irq 9 low level)
Oct 12 05:52:15 issabel kernel: Using ACPI (MADT) for SMP configuration information
Oct 12 05:52:15 issabel kernel: smpboot: Allowing 1 CPUs, 0 hotplug CPUs
Oct 12 05:52:15 issabel kernel: PM: Registered nosave memory: [mem 0x0009f000-0x0009ffff]
Oct 12 05:52:15 issabel kernel: PM: Registered nosave memory: [mem 0x000a0000-0x000effff]
Oct 12 05:52:15 issabel kernel: PM: Registered nosave memory: [mem 0x000f0000-0x000fffff]
Oct 12 05:52:15 issabel kernel: PM: Registered nosave memory: [mem 0xdfff0000-0xdfffffff]
Oct 12 05:52:15 issabel kernel: PM: Registered nosave memory: [mem 0xe0000000-0xfebfffff]
Oct 12 05:52:15 issabel kernel: PM: Registered nosave memory: [mem 0xfec00000-0xfec00fff]
Oct 12 05:52:15 issabel kernel: PM: Registered nosave memory: [mem 0xfec01000-0xfedfffff]
Oct 12 05:52:15 issabel kernel: PM: Registered nosave memory: [mem 0xfee00000-0xfee00fff]
Oct 12 05:52:15 issabel kernel: PM: Registered nosave memory: [mem 0xfee01000-0xfffbffff]
Oct 12 05:52:15 issabel kernel: PM: Registered nosave memory: [mem 0xfffc0000-0xffffffff]
Oct 12 05:52:15 issabel kernel: e820: [mem 0xe0000000-0xfebfffff] available for PCI devices
Oct 12 05:52:15 issabel kernel: Booting paravirtualized kernel on KVM
Oct 12 05:52:15 issabel kernel: Detected CPU family 6 model 140 stepping 1
Oct 12 05:52:15 issabel kernel: Warning: Intel Processor - this hardware has not undergone upstream testing. Please consult http://wiki.centos.org/FAQ for more information
Oct 12 05:52:15 issabel kernel: setup_percpu: NR_CPUS:5120 nr_cpumask_bits:1 nr_cpu_ids:1 nr_node_ids:1
Oct 12 05:52:15 issabel kernel: percpu: Embedded 38 pages/cpu s118784 r8192 d28672 u2097152
Oct 12 05:52:15 issabel kernel: Built 1 zonelists in Node order, mobility grouping on.  Total pages: 1032057
Oct 12 05:52:15 issabel kernel: Policy zone: Normal
Oct 12 05:52:15 issabel kernel: Kernel command line: BOOT_IMAGE=/vmlinuz-3.10.0-1160.el7.x86_64 root=UUID=0d5851af-702b-448a-bbfa-6a361f879e66 ro net.ifnames=0 rhgb quiet LANG=en_US.UTF-8
Oct 12 05:52:15 issabel kernel: PID hash table entries: 4096 (order: 3, 32768 bytes)
Oct 12 05:52:15 issabel kernel: x86/fpu: xstate_offset[2]: 0240, xstate_sizes[2]: 0100
Oct 12 05:52:15 issabel kernel: xsave: enabled xstate_bv 0x7, cntxt size 0x340 using standard form
Oct 12 05:52:15 issabel kernel: Memory: 4024244k/4718592k available (7788k kernel code, 524744k absent, 169604k reserved, 5954k data, 1984k init)
Oct 12 05:52:15 issabel kernel: SLUB: HWalign=64, Order=0-3, MinObjects=0, CPUs=1, Nodes=1
Oct 12 05:52:15 issabel kernel: Hierarchical RCU implementation.
Oct 12 05:52:15 issabel kernel: #011RCU restricting CPUs from NR_CPUS=5120 to nr_cpu_ids=1.
Oct 12 05:52:15 issabel kernel: NR_IRQS:327936 nr_irqs:256 0
Oct 12 05:52:15 issabel kernel: Console: colour VGA+ 80x25
Oct 12 05:52:15 issabel kernel: console [tty0] enabled
Oct 12 05:52:15 issabel kernel: allocated 109051904 bytes of page_cgroup
Oct 12 05:52:15 issabel kernel: please try 'cgroup_disable=memory' option if you don't want memory cgroups
Oct 12 05:52:15 issabel kernel: tsc: Detected 2419.198 MHz processor
Oct 12 05:52:15 issabel kernel: Calibrating delay loop (skipped) preset value.. 4838.39 BogoMIPS (lpj=2419198)
Oct 12 05:52:15 issabel kernel: pid_max: default: 32768 minimum: 301
Oct 12 05:52:15 issabel kernel: Security Framework initialized
Oct 12 05:52:15 issabel kernel: SELinux:  Initializing.
Oct 12 05:52:15 issabel kernel: Yama: becoming mindful.
Oct 12 05:52:15 issabel kernel: Dentry cache hash table entries: 524288 (order: 10, 4194304 bytes)
Oct 12 05:52:15 issabel kernel: Inode-cache hash table entries: 262144 (order: 9, 2097152 bytes)
Oct 12 05:52:15 issabel kernel: Mount-cache hash table entries: 8192 (order: 4, 65536 bytes)
Oct 12 05:52:15 issabel kernel: Mountpoint-cache hash table entries: 8192 (order: 4, 65536 bytes)
Oct 12 05:52:15 issabel kernel: Initializing cgroup subsys memory
Oct 12 05:52:15 issabel kernel: Initializing cgroup subsys devices
Oct 12 05:52:15 issabel kernel: Initializing cgroup subsys freezer
Oct 12 05:52:15 issabel kernel: Initializing cgroup subsys net_cls
Oct 12 05:52:15 issabel kernel: Initializing cgroup subsys blkio
Oct 12 05:52:15 issabel kernel: Initializing cgroup subsys perf_event
Oct 12 05:52:15 issabel kernel: Initializing cgroup subsys hugetlb
Oct 12 05:52:15 issabel kernel: Initializing cgroup subsys pids
Oct 12 05:52:15 issabel kernel: Initializing cgroup subsys net_prio
Oct 12 05:52:15 issabel kernel: Last level iTLB entries: 4KB 0, 2MB 0, 4MB 0
Oct 12 05:52:15 issabel kernel: Last level dTLB entries: 4KB 0, 2MB 0, 4MB 0
Oct 12 05:52:15 issabel kernel: tlb_flushall_shift: 6
Oct 12 05:52:15 issabel kernel: FEATURE SPEC_CTRL Not Present
Oct 12 05:52:15 issabel kernel: FEATURE IBPB_SUPPORT Not Present
Oct 12 05:52:15 issabel kernel: Spectre V1 : Mitigation: Load fences, usercopy/swapgs barriers and __user pointer sanitization
Oct 12 05:52:15 issabel kernel: Spectre V2 : Vulnerable: Retpoline without IBPB
Oct 12 05:52:15 issabel kernel: Speculative Store Bypass: Vulnerable
Oct 12 05:52:15 issabel kernel: Freeing SMP alternatives: 28k freed
Oct 12 05:52:15 issabel kernel: ACPI: Core revision 20130517
Oct 12 05:52:15 issabel kernel: ACPI: All ACPI Tables successfully acquired
Oct 12 05:52:15 issabel kernel: ftrace: allocating 29651 entries in 116 pages
Oct 12 05:52:15 issabel kernel: Enabling x2apic
Oct 12 05:52:15 issabel kernel: Enabled x2apic
Oct 12 05:52:15 issabel kernel: Switched APIC routing to physical x2apic.
Oct 12 05:52:15 issabel kernel: ..TIMER: vector=0x30 apic1=0 pin1=2 apic2=-1 pin2=-1
Oct 12 05:52:15 issabel kernel: smpboot: CPU0: 11th Gen Intel(R) Core(TM) i5-1135G7 @ 2.40GHz (fam: 06, model: 8c, stepping: 01)
Oct 12 05:52:15 issabel kernel: APIC calibration not consistent with PM-Timer: 113ms instead of 100ms
Oct 12 05:52:15 issabel kernel: APIC delta adjusted to PM-Timer: 6360278 (7187221)
Oct 12 05:52:15 issabel kernel: Performance Events: unsupported p6 CPU model 140 no PMU driver, software events only.
Oct 12 05:52:15 issabel kernel: KVM setup paravirtual spinlock
Oct 12 05:52:15 issabel kernel: Brought up 1 CPUs
Oct 12 05:52:15 issabel kernel: smpboot: Max logical packages: 1
Oct 12 05:52:15 issabel kernel: smpboot: Total of 1 processors activated (4838.39 BogoMIPS)
Oct 12 05:52:15 issabel kernel: devtmpfs: initialized
Oct 12 05:52:15 issabel kernel: x86/mm: Memory block size: 128MB
Oct 12 05:52:15 issabel kernel: EVM: security.selinux
Oct 12 05:52:15 issabel kernel: EVM: security.ima
Oct 12 05:52:15 issabel kernel: EVM: security.capability
Oct 12 05:52:15 issabel kernel: atomic64 test passed for x86-64 platform with CX8 and with SSE
Oct 12 05:52:15 issabel kernel: pinctrl core: initialized pinctrl subsystem
Oct 12 05:52:15 issabel kernel: RTC time:  9:52:14, date: 10/12/22
Oct 12 05:52:15 issabel kernel: NET: Registered protocol family 16
Oct 12 05:52:15 issabel kernel: cpuidle: using governor haltpoll
Oct 12 05:52:15 issabel kernel: ACPI: bus type PCI registered
Oct 12 05:52:15 issabel kernel: acpiphp: ACPI Hot Plug PCI Controller Driver version: 0.5
Oct 12 05:52:15 issabel kernel: PCI: Using configuration type 1 for base access
Oct 12 05:52:15 issabel kernel: ACPI: Added _OSI(Module Device)
Oct 12 05:52:15 issabel kernel: ACPI: Added _OSI(Processor Device)
Oct 12 05:52:15 issabel kernel: ACPI: Added _OSI(3.0 _SCP Extensions)
Oct 12 05:52:15 issabel kernel: ACPI: Added _OSI(Processor Aggregator Device)
Oct 12 05:52:15 issabel kernel: ACPI: Added _OSI(Linux-Dell-Video)
Oct 12 05:52:15 issabel kernel: ACPI: Executed 1 blocks of module-level executable AML code
Oct 12 05:52:15 issabel kernel: ACPI: Interpreter enabled
Oct 12 05:52:15 issabel kernel: ACPI: (supports S0 S5)
Oct 12 05:52:15 issabel kernel: ACPI: Using IOAPIC for interrupt routing
Oct 12 05:52:15 issabel kernel: PCI: Using host bridge windows from ACPI; if necessary, use "pci=nocrs" and report a bug
Oct 12 05:52:15 issabel kernel: ACPI: Enabled 2 GPEs in block 00 to 07
Oct 12 05:52:15 issabel kernel: ACPI: PCI Root Bridge [PCI0] (domain 0000 [bus 00-ff])
Oct 12 05:52:15 issabel kernel: acpi PNP0A03:00: _OSC: OS supports [ASPM ClockPM Segments MSI]
Oct 12 05:52:15 issabel kernel: acpi PNP0A03:00: _OSC: not requesting OS control; OS requires [ExtendedConfig ASPM ClockPM MSI]
Oct 12 05:52:15 issabel kernel: acpi PNP0A03:00: fail to add MMCONFIG information, can't access extended PCI configuration space under this bridge.
Oct 12 05:52:15 issabel kernel: PCI host bridge to bus 0000:00
Oct 12 05:52:15 issabel kernel: pci_bus 0000:00: root bus resource [io  0x0000-0x0cf7 window]
Oct 12 05:52:15 issabel kernel: pci_bus 0000:00: root bus resource [io  0x0d00-0xffff window]
Oct 12 05:52:15 issabel kernel: pci_bus 0000:00: root bus resource [mem 0x000a0000-0x000bffff window]
Oct 12 05:52:15 issabel kernel: pci_bus 0000:00: root bus resource [mem 0xe0000000-0xfdffffff window]
Oct 12 05:52:15 issabel kernel: pci_bus 0000:00: root bus resource [bus 00-ff]
Oct 12 05:52:15 issabel kernel: pci 0000:00:01.1: legacy IDE quirk: reg 0x10: [io  0x01f0-0x01f7]
Oct 12 05:52:15 issabel kernel: pci 0000:00:01.1: legacy IDE quirk: reg 0x14: [io  0x03f6]
Oct 12 05:52:15 issabel kernel: pci 0000:00:01.1: legacy IDE quirk: reg 0x18: [io  0x0170-0x0177]
Oct 12 05:52:15 issabel kernel: pci 0000:00:01.1: legacy IDE quirk: reg 0x1c: [io  0x0376]
Oct 12 05:52:15 issabel kernel: pci 0000:00:07.0: quirk: [io  0x4000-0x403f] claimed by PIIX4 ACPI
Oct 12 05:52:15 issabel kernel: pci 0000:00:07.0: quirk: [io  0x4100-0x410f] claimed by PIIX4 SMB
Oct 12 05:52:15 issabel kernel: ACPI: PCI Interrupt Link [LNKA] (IRQs 5 9 10 *11)
Oct 12 05:52:15 issabel kernel: ACPI: PCI Interrupt Link [LNKB] (IRQs 5 9 *10 11)
Oct 12 05:52:15 issabel kernel: ACPI: PCI Interrupt Link [LNKC] (IRQs 5 *9 10 11)
Oct 12 05:52:15 issabel kernel: ACPI: PCI Interrupt Link [LNKD] (IRQs 5 9 10 *11)
Oct 12 05:52:15 issabel kernel: vgaarb: device added: PCI:0000:00:02.0,decodes=io+mem,owns=io+mem,locks=none
Oct 12 05:52:15 issabel kernel: vgaarb: loaded
Oct 12 05:52:15 issabel kernel: vgaarb: bridge control possible 0000:00:02.0
Oct 12 05:52:15 issabel kernel: SCSI subsystem initialized
Oct 12 05:52:15 issabel kernel: ACPI: bus type USB registered
Oct 12 05:52:15 issabel kernel: usbcore: registered new interface driver usbfs
Oct 12 05:52:15 issabel kernel: usbcore: registered new interface driver hub
Oct 12 05:52:15 issabel kernel: usbcore: registered new device driver usb
Oct 12 05:52:15 issabel kernel: EDAC MC: Ver: 3.0.0
Oct 12 05:52:15 issabel kernel: PCI: Using ACPI for IRQ routing
Oct 12 05:52:15 issabel kernel: NetLabel: Initializing
Oct 12 05:52:15 issabel kernel: NetLabel:  domain hash size = 128
Oct 12 05:52:15 issabel kernel: NetLabel:  protocols = UNLABELED CIPSOv4
Oct 12 05:52:15 issabel kernel: NetLabel:  unlabeled traffic allowed by default
Oct 12 05:52:15 issabel kernel: amd_nb: Cannot enumerate AMD northbridges
Oct 12 05:52:15 issabel kernel: Switched to clocksource kvm-clock
Oct 12 05:52:15 issabel kernel: pnp: PnP ACPI init
Oct 12 05:52:15 issabel kernel: ACPI: bus type PNP registered
Oct 12 05:52:15 issabel kernel: pnp: PnP ACPI: found 2 devices
Oct 12 05:52:15 issabel kernel: ACPI: bus type PNP unregistered
Oct 12 05:52:15 issabel kernel: NET: Registered protocol family 2
Oct 12 05:52:15 issabel kernel: TCP established hash table entries: 32768 (order: 6, 262144 bytes)
Oct 12 05:52:15 issabel kernel: TCP bind hash table entries: 32768 (order: 7, 524288 bytes)
Oct 12 05:52:15 issabel kernel: TCP: Hash tables configured (established 32768 bind 32768)
Oct 12 05:52:15 issabel kernel: TCP: reno registered
Oct 12 05:52:15 issabel kernel: UDP hash table entries: 2048 (order: 4, 65536 bytes)
Oct 12 05:52:15 issabel kernel: UDP-Lite hash table entries: 2048 (order: 4, 65536 bytes)
Oct 12 05:52:15 issabel kernel: NET: Registered protocol family 1
Oct 12 05:52:15 issabel kernel: pci 0000:00:00.0: Limiting direct PCI/PCI transfers
Oct 12 05:52:15 issabel kernel: pci 0000:00:01.0: Activating ISA DMA hang workarounds
Oct 12 05:52:15 issabel kernel: Unpacking initramfs...
Oct 12 05:52:15 issabel kernel: Freeing initrd memory: 18100k freed
Oct 12 05:52:15 issabel kernel: PCI-DMA: Using software bounce buffering for IO (SWIOTLB)
Oct 12 05:52:15 issabel kernel: software IO TLB [mem 0xdbff0000-0xdfff0000] (64MB) mapped at [ffff8a1d9bff0000-ffff8a1d9ffeffff]
Oct 12 05:52:15 issabel kernel: platform rtc_cmos: registered platform RTC device (no PNP device found)
Oct 12 05:52:15 issabel kernel: sha1_ssse3: Using AVX optimized SHA-1 implementation
Oct 12 05:52:15 issabel kernel: sha256_ssse3: Using AVX optimized SHA-256 implementation
Oct 12 05:52:15 issabel kernel: futex hash table entries: 256 (order: 2, 16384 bytes)
Oct 12 05:52:15 issabel kernel: Initialise system trusted keyring
Oct 12 05:52:15 issabel kernel: audit: initializing netlink socket (disabled)
Oct 12 05:52:15 issabel kernel: type=2000 audit(1665568341.151:1): initialized
Oct 12 05:52:15 issabel kernel: HugeTLB registered 2 MB page size, pre-allocated 0 pages
Oct 12 05:52:15 issabel kernel: zpool: loaded
Oct 12 05:52:15 issabel kernel: zbud: loaded
Oct 12 05:52:15 issabel kernel: VFS: Disk quotas dquot_6.5.2
Oct 12 05:52:15 issabel kernel: Dquot-cache hash table entries: 512 (order 0, 4096 bytes)
Oct 12 05:52:15 issabel kernel: Key type big_key registered
Oct 12 05:52:15 issabel kernel: NET: Registered protocol family 38
Oct 12 05:52:15 issabel kernel: Key type asymmetric registered
Oct 12 05:52:15 issabel kernel: Asymmetric key parser 'x509' registered
Oct 12 05:52:15 issabel kernel: Block layer SCSI generic (bsg) driver version 0.4 loaded (major 248)
Oct 12 05:52:15 issabel kernel: io scheduler noop registered
Oct 12 05:52:15 issabel kernel: io scheduler deadline registered (default)
Oct 12 05:52:15 issabel kernel: io scheduler cfq registered
Oct 12 05:52:15 issabel kernel: io scheduler mq-deadline registered
Oct 12 05:52:15 issabel kernel: io scheduler kyber registered
Oct 12 05:52:15 issabel kernel: pci_hotplug: PCI Hot Plug PCI Core version: 0.5
Oct 12 05:52:15 issabel kernel: pciehp: PCI Express Hot Plug Controller Driver version: 0.4
Oct 12 05:52:15 issabel kernel: shpchp: Standard Hot Plug PCI Controller Driver version: 0.4
Oct 12 05:52:15 issabel kernel: ACPI: AC Adapter [AC] (off-line)
Oct 12 05:52:15 issabel kernel: input: Power Button as /devices/LNXSYSTM:00/LNXPWRBN:00/input/input0
Oct 12 05:52:15 issabel kernel: ACPI: Power Button [PWRF]
Oct 12 05:52:15 issabel kernel: input: Sleep Button as /devices/LNXSYSTM:00/LNXSLPBN:00/input/input1
Oct 12 05:52:15 issabel kernel: ACPI: Sleep Button [SLPF]
Oct 12 05:52:15 issabel kernel: GHES: HEST is not enabled!
Oct 12 05:52:15 issabel kernel: Serial: 8250/16550 driver, 4 ports, IRQ sharing enabled
Oct 12 05:52:15 issabel kernel: Non-volatile memory driver v1.3
Oct 12 05:52:15 issabel kernel: Linux agpgart interface v0.103
Oct 12 05:52:15 issabel kernel: crash memory driver: version 1.1
Oct 12 05:52:15 issabel kernel: rdac: device handler registered
Oct 12 05:52:15 issabel kernel: hp_sw: device handler registered
Oct 12 05:52:15 issabel kernel: emc: device handler registered
Oct 12 05:52:15 issabel kernel: ACPI: Battery Slot [BAT0] (battery present)
Oct 12 05:52:15 issabel kernel: alua: device handler registered
Oct 12 05:52:15 issabel kernel: libphy: Fixed MDIO Bus: probed
Oct 12 05:52:15 issabel kernel: ehci_hcd: USB 2.0 'Enhanced' Host Controller (EHCI) Driver
Oct 12 05:52:15 issabel kernel: ehci-pci: EHCI PCI platform driver
Oct 12 05:52:15 issabel kernel: ohci_hcd: USB 1.1 'Open' Host Controller (OHCI) Driver
Oct 12 05:52:15 issabel kernel: ohci-pci: OHCI PCI platform driver
Oct 12 05:52:15 issabel kernel: ohci-pci 0000:00:06.0: OHCI PCI host controller
Oct 12 05:52:15 issabel kernel: ohci-pci 0000:00:06.0: new USB bus registered, assigned bus number 1
Oct 12 05:52:15 issabel kernel: ohci-pci 0000:00:06.0: irq 22, io mem 0xf0804000
Oct 12 05:52:15 issabel kernel: usb usb1: New USB device found, idVendor=1d6b, idProduct=0001, bcdDevice= 3.10
Oct 12 05:52:15 issabel kernel: usb usb1: New USB device strings: Mfr=3, Product=2, SerialNumber=1
Oct 12 05:52:15 issabel kernel: usb usb1: Product: OHCI PCI host controller
Oct 12 05:52:15 issabel kernel: usb usb1: Manufacturer: Linux 3.10.0-1160.el7.x86_64 ohci_hcd
Oct 12 05:52:15 issabel kernel: usb usb1: SerialNumber: 0000:00:06.0
Oct 12 05:52:15 issabel kernel: hub 1-0:1.0: USB hub found
Oct 12 05:52:15 issabel kernel: hub 1-0:1.0: 12 ports detected
Oct 12 05:52:15 issabel kernel: uhci_hcd: USB Universal Host Controller Interface driver
Oct 12 05:52:15 issabel kernel: usbcore: registered new interface driver usbserial_generic
Oct 12 05:52:15 issabel kernel: usbserial: USB Serial support registered for generic
Oct 12 05:52:15 issabel kernel: i8042: PNP: PS/2 Controller [PNP0303:PS2K,PNP0f03:PS2M] at 0x60,0x64 irq 1,12
Oct 12 05:52:15 issabel kernel: serio: i8042 KBD port at 0x60,0x64 irq 1
Oct 12 05:52:15 issabel kernel: serio: i8042 AUX port at 0x60,0x64 irq 12
Oct 12 05:52:15 issabel kernel: mousedev: PS/2 mouse device common for all mice
Oct 12 05:52:15 issabel kernel: input: AT Translated Set 2 keyboard as /devices/platform/i8042/serio0/input/input2
Oct 12 05:52:15 issabel kernel: rtc_cmos rtc_cmos: rtc core: registered rtc_cmos as rtc0
Oct 12 05:52:15 issabel kernel: rtc_cmos rtc_cmos: alarms up to one day, 114 bytes nvram
Oct 12 05:52:15 issabel kernel: hidraw: raw HID events driver (C) Jiri Kosina
Oct 12 05:52:15 issabel kernel: usbcore: registered new interface driver usbhid
Oct 12 05:52:15 issabel kernel: usbhid: USB HID core driver
Oct 12 05:52:15 issabel kernel: drop_monitor: Initializing network drop monitor service
Oct 12 05:52:15 issabel kernel: TCP: cubic registered
Oct 12 05:52:15 issabel kernel: Initializing XFRM netlink socket
Oct 12 05:52:15 issabel kernel: NET: Registered protocol family 10
Oct 12 05:52:15 issabel kernel: NET: Registered protocol family 17
Oct 12 05:52:15 issabel kernel: mpls_gso: MPLS GSO support
Oct 12 05:52:15 issabel kernel: mce: Using 0 MCE banks
Oct 12 05:52:15 issabel kernel: Loading compiled-in X.509 certificates
Oct 12 05:52:15 issabel kernel: Loaded X.509 cert 'CentOS Linux kpatch signing key: ea0413152cde1d98ebdca3fe6f0230904c9ef717'
Oct 12 05:52:15 issabel kernel: Loaded X.509 cert 'CentOS Linux Driver update signing key: 7f421ee0ab69461574bb358861dbe77762a4201b'
Oct 12 05:52:15 issabel kernel: Loaded X.509 cert 'CentOS Linux kernel signing key: e1fdb0e2a7e861a1d1ca80a23dcf0dba3aa4adf5'
Oct 12 05:52:15 issabel kernel: registered taskstats version 1
Oct 12 05:52:15 issabel kernel: page_owner is disabled
Oct 12 05:52:15 issabel kernel: Key type trusted registered
Oct 12 05:52:15 issabel kernel: Key type encrypted registered
Oct 12 05:52:15 issabel kernel: IMA: No TPM chip found, activating TPM-bypass! (rc=-19)
Oct 12 05:52:15 issabel kernel: BERT: Boot Error Record Table support is disabled. Enable it by using bert_enable as kernel parameter.
Oct 12 05:52:15 issabel kernel:  Magic number: 10:219:879
Oct 12 05:52:15 issabel kernel: rtc_cmos rtc_cmos: setting system clock to 2022-10-12 09:52:15 UTC (1665568335)
Oct 12 05:52:15 issabel kernel: Freeing unused kernel memory: 1984k freed
Oct 12 05:52:15 issabel kernel: Write protecting the kernel read-only data: 12288k
Oct 12 05:52:15 issabel kernel: Freeing unused kernel memory: 392k freed
Oct 12 05:52:15 issabel kernel: Freeing unused kernel memory: 536k freed
Oct 12 05:52:15 issabel kernel: random: systemd: uninitialized urandom read (16 bytes read)
Oct 12 05:52:15 issabel kernel: random: systemd: uninitialized urandom read (16 bytes read)
Oct 12 05:52:15 issabel kernel: random: systemd: uninitialized urandom read (16 bytes read)
Oct 12 05:52:15 issabel systemd[1]: systemd 219 running in system mode. (+PAM +AUDIT +SELINUX +IMA -APPARMOR +SMACK +SYSVINIT +UTMP +LIBCRYPTSETUP +GCRYPT +GNUTLS +ACL +XZ +LZ4 -SECCOMP +BLKID +ELFUTILS +KMOD +IDN)
Oct 12 05:52:15 issabel systemd[1]: Detected virtualization kvm.
Oct 12 05:52:15 issabel systemd[1]: Detected architecture x86-64.
Oct 12 05:52:15 issabel systemd[1]: Running in initial RAM disk.
Oct 12 05:52:15 issabel systemd[1]: Set hostname to <issabel.local>.
Oct 12 05:52:15 issabel kernel: random: systemd: uninitialized urandom read (16 bytes read)
Oct 12 05:52:15 issabel kernel: random: systemd: uninitialized urandom read (16 bytes read)
Oct 12 05:52:15 issabel kernel: random: systemd: uninitialized urandom read (16 bytes read)
Oct 12 05:52:15 issabel kernel: random: systemd: uninitialized urandom read (16 bytes read)
Oct 12 05:52:15 issabel kernel: random: systemd: uninitialized urandom read (16 bytes read)
Oct 12 05:52:15 issabel kernel: random: systemd: uninitialized urandom read (16 bytes read)
Oct 12 05:52:15 issabel kernel: random: systemd: uninitialized urandom read (16 bytes read)
Oct 12 05:52:15 issabel systemd[1]: Created slice Root Slice.
Oct 12 05:52:15 issabel systemd[1]: Created slice System Slice.
Oct 12 05:52:15 issabel systemd[1]: Listening on udev Control Socket.
Oct 12 05:52:15 issabel systemd[1]: Listening on udev Kernel Socket.
Oct 12 05:52:15 issabel systemd[1]: Reached target Slices.
Oct 12 05:52:15 issabel systemd[1]: Reached target Timers.
Oct 12 05:52:15 issabel systemd[1]: Reached target Swap.
Oct 12 05:52:15 issabel systemd[1]: Listening on Journal Socket.
Oct 12 05:52:15 issabel systemd[1]: Starting Setup Virtual Console...
Oct 12 05:52:15 issabel systemd[1]: Starting Apply Kernel Variables...
Oct 12 05:52:15 issabel systemd[1]: Starting dracut cmdline hook...
Oct 12 05:52:15 issabel systemd[1]: Starting Journal Service...
Oct 12 05:52:15 issabel systemd[1]: Reached target Sockets.
Oct 12 05:52:15 issabel systemd[1]: Starting Create list of required static device nodes for the current kernel...
Oct 12 05:52:15 issabel systemd[1]: Reached target Local File Systems.
Oct 12 05:52:15 issabel systemd[1]: Started Create list of required static device nodes for the current kernel.
Oct 12 05:52:15 issabel systemd[1]: Started Apply Kernel Variables.
Oct 12 05:52:15 issabel systemd[1]: Starting Create Static Device Nodes in /dev...
Oct 12 05:52:15 issabel systemd[1]: Started Create Static Device Nodes in /dev.
Oct 12 05:52:15 issabel journal: Journal started
Oct 12 05:52:15 issabel systemd[1]: Started Journal Service.
Oct 12 05:52:15 issabel systemd: Started Setup Virtual Console.
Oct 12 05:52:15 issabel kernel: psmouse serio1: alps: Unknown ALPS touchpad: E7=10 00 64, EC=10 00 64
Oct 12 05:52:15 issabel kernel: input: ImExPS/2 Generic Explorer Mouse as /devices/platform/i8042/serio1/input/input3
Oct 12 05:52:15 issabel systemd: Started dracut cmdline hook.
Oct 12 05:52:15 issabel systemd: Starting dracut pre-udev hook...
Oct 12 05:52:15 issabel systemd: Started dracut pre-udev hook.
Oct 12 05:52:15 issabel systemd: Starting udev Kernel Device Manager...
Oct 12 05:52:15 issabel systemd-udevd: starting version 219
Oct 12 05:52:15 issabel systemd-udevd: Network interface NamePolicy= disabled on kernel command line, ignoring.
Oct 12 05:52:15 issabel systemd: Started udev Kernel Device Manager.
Oct 12 05:52:15 issabel systemd: Starting udev Coldplug all Devices...
Oct 12 05:52:15 issabel systemd: Mounting Configuration File System...
Oct 12 05:52:15 issabel systemd: Mounted Configuration File System.
Oct 12 05:52:15 issabel systemd: Started udev Coldplug all Devices.
Oct 12 05:52:15 issabel systemd: Reached target System Initialization.
Oct 12 05:52:15 issabel systemd: Starting dracut initqueue hook...
Oct 12 05:52:15 issabel systemd: Starting Show Plymouth Boot Screen...
Oct 12 05:52:15 issabel kernel: e1000: Intel(R) PRO/1000 Network Driver - version 7.3.21-k8-NAPI
Oct 12 05:52:15 issabel kernel: e1000: Copyright (c) 1999-2006 Intel Corporation.
Oct 12 05:52:15 issabel kernel: usb 1-1: new full-speed USB device number 2 using ohci-pci
Oct 12 05:52:15 issabel systemd: Started Show Plymouth Boot Screen.
Oct 12 05:52:15 issabel systemd: Started Forward Password Requests to Plymouth Directory Watch.
Oct 12 05:52:15 issabel systemd: Reached target Paths.
Oct 12 05:52:15 issabel systemd: Reached target Basic System.
Oct 12 05:52:16 issabel kernel: usb 1-1: New USB device found, idVendor=80ee, idProduct=0021, bcdDevice= 1.00
Oct 12 05:52:16 issabel kernel: usb 1-1: New USB device strings: Mfr=1, Product=3, SerialNumber=0
Oct 12 05:52:16 issabel kernel: usb 1-1: Product: USB Tablet
Oct 12 05:52:16 issabel kernel: usb 1-1: Manufacturer: VirtualBox
Oct 12 05:52:16 issabel kernel: input: VirtualBox USB Tablet as /devices/pci0000:00/0000:00:06.0/usb1/1-1/1-1:1.0/input/input4
Oct 12 05:52:16 issabel kernel: hid-generic 0003:80EE:0021.0001: input,hidraw0: USB HID v1.10 Mouse [VirtualBox USB Tablet] on usb-0000:00:06.0-1/input0
Oct 12 05:52:16 issabel kernel: tsc: Refined TSC clocksource calibration: 2418.481 MHz
Oct 12 05:52:16 issabel kernel: e1000 0000:00:03.0 eth0: (PCI:33MHz:32-bit) 08:00:27:08:2a:49
Oct 12 05:52:16 issabel kernel: e1000 0000:00:03.0 eth0: Intel(R) PRO/1000 Network Connection
Oct 12 05:52:16 issabel kernel: scsi host0: ata_piix
Oct 12 05:52:16 issabel kernel: scsi host1: ata_piix
Oct 12 05:52:16 issabel kernel: ata1: PATA max UDMA/33 cmd 0x1f0 ctl 0x3f6 bmdma 0xd000 irq 14
Oct 12 05:52:16 issabel kernel: ata2: PATA max UDMA/33 cmd 0x170 ctl 0x376 bmdma 0xd008 irq 15
Oct 12 05:52:16 issabel kernel: [drm] DMA map mode: Keeping DMA mappings.
Oct 12 05:52:16 issabel kernel: [drm] Capabilities:
Oct 12 05:52:16 issabel kernel: [drm]   Cursor.
Oct 12 05:52:16 issabel kernel: [drm]   Cursor bypass 2.
Oct 12 05:52:16 issabel kernel: [drm]   Alpha cursor.
Oct 12 05:52:16 issabel kernel: [drm]   3D.
Oct 12 05:52:16 issabel kernel: [drm]   Extended Fifo.
Oct 12 05:52:16 issabel kernel: [drm]   Pitchlock.
Oct 12 05:52:16 issabel kernel: [drm]   Irq mask.
Oct 12 05:52:16 issabel kernel: [drm]   GMR.
Oct 12 05:52:16 issabel kernel: [drm]   Traces.
Oct 12 05:52:16 issabel kernel: [drm]   GMR2.
Oct 12 05:52:16 issabel kernel: [drm]   Screen Object 2.
Oct 12 05:52:16 issabel kernel: [drm] Max GMR ids is 8192
Oct 12 05:52:16 issabel kernel: [drm] Max number of GMR pages is 1048576
Oct 12 05:52:16 issabel kernel: [drm] Max dedicated hypervisor surface memory is 507904 kiB
Oct 12 05:52:16 issabel kernel: [drm] Maximum display memory size is 16384 kiB
Oct 12 05:52:16 issabel kernel: [drm] VRAM at 0xe0000000 size is 16384 kiB
Oct 12 05:52:16 issabel kernel: [drm] MMIO at 0xf0000000 size is 2048 kiB
Oct 12 05:52:16 issabel kernel: [TTM] Zone  kernel: Available graphics memory: 2022642 kiB
Oct 12 05:52:16 issabel kernel: [TTM] Initializing pool allocator
Oct 12 05:52:16 issabel kernel: [TTM] Initializing DMA pool allocator
Oct 12 05:52:16 issabel kernel: [drm] Supports vblank timestamp caching Rev 2 (21.10.2013).
Oct 12 05:52:16 issabel kernel: [drm] No driver support for vblank timestamp query.
Oct 12 05:52:16 issabel kernel: [drm] Screen Objects Display Unit initialized
Oct 12 05:52:16 issabel kernel: [drm] width 720
Oct 12 05:52:16 issabel kernel: [drm] height 400
Oct 12 05:52:16 issabel kernel: [drm] bpp 32
Oct 12 05:52:16 issabel kernel: [drm] Fifo max 0x00200000 min 0x00001000 cap 0x00000355
Oct 12 05:52:16 issabel kernel: [drm] DX: no.
Oct 12 05:52:16 issabel kernel: [drm] Atomic: yes.
Oct 12 05:52:16 issabel kernel: [drm] SM4_1: no.
Oct 12 05:52:16 issabel kernel: [drm:vmw_host_log [vmwgfx]] *ERROR* Failed to send host log message.
Oct 12 05:52:16 issabel kernel: [drm:vmw_host_log [vmwgfx]] *ERROR* Failed to send host log message.
Oct 12 05:52:16 issabel kernel: fbcon: svgadrmfb (fb0) is primary device
Oct 12 05:52:16 issabel kernel: Console: switching to colour frame buffer device 100x37
Oct 12 05:52:16 issabel kernel: [drm] Initialized vmwgfx 2.15.0 20180704 for 0000:00:02.0 on minor 0
Oct 12 05:52:16 issabel kernel: ata1.00: ATA-6: VBOX HARDDISK, 1.0, max UDMA/133
Oct 12 05:52:16 issabel kernel: ata1.00: 32145968 sectors, multi 128: LBA 
Oct 12 05:52:16 issabel kernel: ata2.00: ATAPI: VBOX CD-ROM, 1.0, max UDMA/133
Oct 12 05:52:16 issabel kernel: ata1.00: configured for UDMA/33
Oct 12 05:52:16 issabel kernel: scsi 0:0:0:0: Direct-Access     ATA      VBOX HARDDISK    1.0  PQ: 0 ANSI: 5
Oct 12 05:52:16 issabel kernel: ata2.00: configured for UDMA/33
Oct 12 05:52:16 issabel kernel: scsi 1:0:0:0: CD-ROM            VBOX     CD-ROM           1.0  PQ: 0 ANSI: 5
Oct 12 05:52:16 issabel kernel: e1000 0000:00:08.0 eth1: (PCI:33MHz:32-bit) 08:00:27:38:f5:9d
Oct 12 05:52:16 issabel kernel: e1000 0000:00:08.0 eth1: Intel(R) PRO/1000 Network Connection
Oct 12 05:52:16 issabel kernel: sd 0:0:0:0: [sda] 32145968 512-byte logical blocks: (16.4 GB/15.3 GiB)
Oct 12 05:52:16 issabel kernel: sd 0:0:0:0: [sda] Write Protect is off
Oct 12 05:52:16 issabel kernel: sd 0:0:0:0: [sda] Write cache: enabled, read cache: enabled, doesn't support DPO or FUA
Oct 12 05:52:17 issabel kernel: sr 1:0:0:0: [sr0] scsi3-mmc drive: 32x/32x xa/form2 tray
Oct 12 05:52:17 issabel kernel: cdrom: Uniform CD-ROM driver Revision: 3.20
Oct 12 05:52:17 issabel kernel: sda: sda1 sda2 sda3
Oct 12 05:52:17 issabel kernel: sd 0:0:0:0: [sda] Attached SCSI disk
Oct 12 05:52:17 issabel kernel: random: fast init done
Oct 12 05:52:17 issabel systemd: Found device VBOX_HARDDISK 3.
Oct 12 05:52:17 issabel systemd: Starting File System Check on /dev/disk/by-uuid/0d5851af-702b-448a-bbfa-6a361f879e66...
Oct 12 05:52:17 issabel systemd-fsck: /dev/sda3: recovering journal
Oct 12 05:52:17 issabel systemd: Started dracut initqueue hook.
Oct 12 05:52:17 issabel systemd: Reached target Remote File Systems (Pre).
Oct 12 05:52:17 issabel systemd: Reached target Remote File Systems.
Oct 12 05:52:17 issabel systemd-fsck: /dev/sda3: Clearing orphaned inode 800010 (uid=997, gid=993, mode=0100600, size=0)
Oct 12 05:52:17 issabel systemd-fsck: /dev/sda3: Clearing orphaned inode 800005 (uid=27, gid=27, mode=0100600, size=0)
Oct 12 05:52:17 issabel systemd-fsck: /dev/sda3: Clearing orphaned inode 800004 (uid=27, gid=27, mode=0100600, size=0)
Oct 12 05:52:17 issabel systemd-fsck: /dev/sda3: Clearing orphaned inode 800003 (uid=27, gid=27, mode=0100600, size=0)
Oct 12 05:52:17 issabel systemd-fsck: /dev/sda3: Clearing orphaned inode 800002 (uid=27, gid=27, mode=0100600, size=0)
Oct 12 05:52:17 issabel systemd-fsck: /dev/sda3: Clearing orphaned inode 800001 (uid=27, gid=27, mode=0100600, size=0)
Oct 12 05:52:17 issabel systemd-fsck: /dev/sda3: clean, 180809/886464 files, 1423284/3538944 blocks
Oct 12 05:52:17 issabel systemd: Started File System Check on /dev/disk/by-uuid/0d5851af-702b-448a-bbfa-6a361f879e66.
Oct 12 05:52:17 issabel systemd: Mounting /sysroot...
Oct 12 05:52:17 issabel kernel: EXT4-fs (sda3): mounted filesystem with ordered data mode. Opts: (null)
Oct 12 05:52:17 issabel systemd: Mounted /sysroot.
Oct 12 05:52:17 issabel systemd: Reached target Initrd Root File System.
Oct 12 05:52:17 issabel systemd: Starting Reload Configuration from the Real Root...
Oct 12 05:52:17 issabel systemd: Reloading.
Oct 12 05:52:17 issabel systemd: Started Reload Configuration from the Real Root.
Oct 12 05:52:17 issabel systemd: Reached target Initrd File Systems.
Oct 12 05:52:17 issabel systemd: Reached target Initrd Default Target.
Oct 12 05:52:17 issabel systemd: Starting dracut pre-pivot and cleanup hook...
Oct 12 05:52:17 issabel systemd: Started dracut pre-pivot and cleanup hook.
Oct 12 05:52:17 issabel systemd: Starting Cleaning Up and Shutting Down Daemons...
Oct 12 05:52:17 issabel systemd: Stopped dracut pre-pivot and cleanup hook.
Oct 12 05:52:17 issabel systemd: Stopped target Timers.
Oct 12 05:52:17 issabel systemd: Stopped target Remote File Systems.
Oct 12 05:52:17 issabel systemd: Starting Plymouth switch root service...
Oct 12 05:52:17 issabel systemd: Stopped target Initrd Default Target.
Oct 12 05:52:17 issabel systemd: Stopped target Basic System.
Oct 12 05:52:17 issabel systemd: Stopped target Slices.
Oct 12 05:52:17 issabel systemd: Stopped target System Initialization.
Oct 12 05:52:17 issabel systemd: Stopped Apply Kernel Variables.
Oct 12 05:52:17 issabel systemd: Stopped target Local File Systems.
Oct 12 05:52:17 issabel systemd: Stopped target Swap.
Oct 12 05:52:17 issabel systemd: Stopping udev Kernel Device Manager...
Oct 12 05:52:17 issabel systemd: Stopped target Paths.
Oct 12 05:52:17 issabel systemd: Stopped target Sockets.
Oct 12 05:52:17 issabel systemd: Stopped target Remote File Systems (Pre).
Oct 12 05:52:17 issabel systemd: Stopped dracut initqueue hook.
Oct 12 05:52:17 issabel systemd: Stopped udev Coldplug all Devices.
Oct 12 05:52:17 issabel systemd: Stopped udev Kernel Device Manager.
Oct 12 05:52:17 issabel systemd: Started Cleaning Up and Shutting Down Daemons.
Oct 12 05:52:17 issabel systemd: Stopped dracut pre-udev hook.
Oct 12 05:52:17 issabel systemd: Stopped dracut cmdline hook.
Oct 12 05:52:17 issabel systemd: Stopped Create Static Device Nodes in /dev.
Oct 12 05:52:17 issabel systemd: Stopped Create list of required static device nodes for the current kernel.
Oct 12 05:52:17 issabel systemd: Closed udev Kernel Socket.
Oct 12 05:52:17 issabel systemd: Closed udev Control Socket.
Oct 12 05:52:17 issabel systemd: Starting Cleanup udevd DB...
Oct 12 05:52:17 issabel systemd: Started Cleanup udevd DB.
Oct 12 05:52:17 issabel systemd: Reached target Switch Root.
Oct 12 05:52:17 issabel systemd: Started Plymouth switch root service.
Oct 12 05:52:17 issabel systemd: Starting Switch Root...
Oct 12 05:52:17 issabel systemd: Switching root.
Oct 12 05:52:17 issabel journal: Journal stopped
Oct 12 05:52:18 issabel journal: Runtime journal is using 8.0M (max allowed 197.5M, trying to leave 296.2M free of 1.9G available  current limit 197.5M).
Oct 12 05:52:18 issabel systemd-journald[92]: Received SIGTERM from PID 1 (systemd).
Oct 12 05:52:18 issabel kernel: SELinux:  Disabled at runtime.
Oct 12 05:52:18 issabel kernel: type=1404 audit(1665568338.005:2): selinux=0 auid=4294967295 ses=4294967295
Oct 12 05:52:18 issabel kernel: ip_tables: (C) 2000-2006 Netfilter Core Team
Oct 12 05:52:18 issabel systemd[1]: Inserted module 'ip_tables'
Oct 12 05:52:18 issabel journal: Journal started
Oct 12 05:52:18 issabel systemd: systemd 219 running in system mode. (+PAM +AUDIT +SELINUX +IMA -APPARMOR +SMACK +SYSVINIT +UTMP +LIBCRYPTSETUP +GCRYPT +GNUTLS +ACL +XZ +LZ4 -SECCOMP +BLKID +ELFUTILS +KMOD +IDN)
Oct 12 05:52:18 issabel kernel: EXT4-fs (sda3): re-mounted. Opts: (null)
Oct 12 05:52:18 issabel systemd: Detected virtualization kvm.
Oct 12 05:52:18 issabel systemd: Detected architecture x86-64.
Oct 12 05:52:18 issabel systemd: Set hostname to <issabel.local>.
Oct 12 05:52:18 issabel systemd: Started Create list of required static device nodes for the current kernel.
Oct 12 05:52:18 issabel systemd: Started Read and set NIS domainname from /etc/sysconfig/network.
Oct 12 05:52:18 issabel systemd: Started Remount Root and Kernel File Systems.
Oct 12 05:52:18 issabel systemd: Starting Configure read-only root support...
Oct 12 05:52:18 issabel systemd: Starting udev Coldplug all Devices...
Oct 12 05:52:18 issabel systemd: Starting Create Static Device Nodes in /dev...
Oct 12 05:52:18 issabel systemd: Starting Flush Journal to Persistent Storage...
Oct 12 05:52:18 issabel systemd: Started Apply Kernel Variables.
Oct 12 05:52:18 issabel kernel: random: crng init done
Oct 12 05:52:18 issabel systemd: Started LVM2 metadata daemon.
Oct 12 05:52:18 issabel systemd: Started Flush Journal to Persistent Storage.
Oct 12 05:52:18 issabel systemd: Started Create Static Device Nodes in /dev.
Oct 12 05:52:18 issabel systemd: Starting udev Kernel Device Manager...
Oct 12 05:52:18 issabel systemd: Started Configure read-only root support.
Oct 12 05:52:18 issabel systemd: Starting Load/Save Random Seed...
Oct 12 05:52:18 issabel systemd-udevd: starting version 219
Oct 12 05:52:18 issabel systemd-udevd: Network interface NamePolicy= disabled on kernel command line, ignoring.
Oct 12 05:52:18 issabel systemd: Started Load/Save Random Seed.
Oct 12 05:52:18 issabel systemd: Started udev Coldplug all Devices.
Oct 12 05:52:18 issabel systemd: Starting udev Wait for Complete Device Initialization...
Oct 12 05:52:18 issabel systemd: Started udev Kernel Device Manager.
Oct 12 05:52:18 issabel kernel: piix4_smbus 0000:00:07.0: SMBus Host Controller at 0x4100, revision 0
Oct 12 05:52:18 issabel kernel: ACPI: Video Device [GFX0] (multi-head: yes  rom: no  post: no)
Oct 12 05:52:18 issabel kernel: input: Video Bus as /devices/LNXSYSTM:00/device:00/PNP0A03:00/LNXVIDEO:00/input/input5
Oct 12 05:52:18 issabel kernel: input: PC Speaker as /devices/platform/pcspkr/input/input6
Oct 12 05:52:18 issabel kernel: sd 0:0:0:0: Attached scsi generic sg0 type 0
Oct 12 05:52:18 issabel kernel: sr 1:0:0:0: Attached scsi generic sg1 type 5
Oct 12 05:52:18 issabel kernel: cryptd: max_cpu_qlen set to 1000
Oct 12 05:52:18 issabel systemd: Found device VBOX_HARDDISK 2.
Oct 12 05:52:18 issabel systemd: Activating swap /dev/disk/by-uuid/87ac1411-239b-438e-ab03-5b6cc4778cbd...
Oct 12 05:52:18 issabel systemd: Found device VBOX_HARDDISK 1.
Oct 12 05:52:18 issabel kernel: Adding 1607676k swap on /dev/sda2.  Priority:-2 extents:1 across:1607676k FS
Oct 12 05:52:18 issabel systemd: Activated swap /dev/disk/by-uuid/87ac1411-239b-438e-ab03-5b6cc4778cbd.
Oct 12 05:52:18 issabel systemd: Reached target Swap.
Oct 12 05:52:18 issabel kernel: ppdev: user-space parallel port driver
Oct 12 05:52:18 issabel kernel: AVX2 version of gcm_enc/dec engaged.
Oct 12 05:52:18 issabel kernel: AES CTR mode by8 optimization enabled
Oct 12 05:52:18 issabel kernel: alg: No test for __gcm-aes-aesni (__driver-gcm-aes-aesni)
Oct 12 05:52:18 issabel kernel: alg: No test for __generic-gcm-aes-aesni (__driver-generic-gcm-aes-aesni)
Oct 12 05:52:18 issabel systemd: Started Monitoring of LVM2 mirrors, snapshots etc. using dmeventd or progress polling.
Oct 12 05:52:18 issabel systemd: Reached target Local File Systems (Pre).
Oct 12 05:52:18 issabel systemd: Starting File System Check on /dev/disk/by-uuid/670a1af8-ca29-4cc7-ae4e-8f93ce836c75...
Oct 12 05:52:18 issabel systemd-fsck: /dev/sda1: recovering journal
Oct 12 05:52:18 issabel systemd-fsck: /dev/sda1: clean, 351/76912 files, 136604/307200 blocks
Oct 12 05:52:19 issabel systemd: Started File System Check on /dev/disk/by-uuid/670a1af8-ca29-4cc7-ae4e-8f93ce836c75.
Oct 12 05:52:19 issabel systemd: Mounting /boot...
Oct 12 05:52:19 issabel kernel: EXT4-fs (sda1): mounted filesystem with ordered data mode. Opts: (null)
Oct 12 05:52:19 issabel systemd: Mounted /boot.
Oct 12 05:52:19 issabel kernel: snd_intel8x0 0000:00:05.0: intel8x0_measure_ac97_clock: measured 51225 usecs (2400 samples)
Oct 12 05:52:19 issabel kernel: snd_intel8x0 0000:00:05.0: clocking to 49176
Oct 12 05:52:19 issabel systemd: Reached target Sound Card.
Oct 12 05:52:20 issabel systemd: Received SIGRTMIN+20 from PID 226 (plymouthd).
Oct 12 05:52:21 issabel kernel: floppy0: no floppy controllers found
Oct 12 05:52:21 issabel kernel: work still pending
Oct 12 05:52:21 issabel systemd: Started udev Wait for Complete Device Initialization.
Oct 12 05:52:21 issabel systemd: Starting Activation of DM RAID sets...
Oct 12 05:52:21 issabel kernel: device-mapper: uevent: version 1.0.3
Oct 12 05:52:21 issabel kernel: device-mapper: ioctl: 4.37.1-ioctl (2018-04-03) initialised: dm-devel@redhat.com
Oct 12 05:52:21 issabel systemd: Started Activation of DM RAID sets.
Oct 12 05:52:21 issabel systemd: Reached target Local File Systems.
Oct 12 05:52:21 issabel systemd: Starting Import network configuration from initramfs...
Oct 12 05:52:21 issabel systemd: Starting Tell Plymouth To Write Out Runtime Data...
Oct 12 05:52:21 issabel systemd: Reached target Local Encrypted Volumes.
Oct 12 05:52:21 issabel systemd: Started Tell Plymouth To Write Out Runtime Data.
Oct 12 05:52:21 issabel systemd: Started Import network configuration from initramfs.
Oct 12 05:52:21 issabel systemd: Starting Create Volatile Files and Directories...
Oct 12 05:52:21 issabel systemd: Started Create Volatile Files and Directories.
Oct 12 05:52:21 issabel systemd: Starting Security Auditing Service...
Oct 12 05:52:21 issabel auditd[499]: Started dispatcher: /sbin/audispd pid: 501
Oct 12 05:52:21 issabel kernel: type=1305 audit(1665568341.917:3): audit_pid=499 old=0 auid=4294967295 ses=4294967295 res=1
Oct 12 05:52:21 issabel audispd: No plugins found, exiting
Oct 12 05:52:22 issabel auditd[499]: Init complete, auditd 2.8.5 listening for events (startup state enable)
Oct 12 05:52:22 issabel augenrules: /sbin/augenrules: No change
Oct 12 05:52:22 issabel augenrules: No rules
Oct 12 05:52:22 issabel augenrules: enabled 1
Oct 12 05:52:22 issabel augenrules: failure 1
Oct 12 05:52:22 issabel augenrules: pid 499
Oct 12 05:52:22 issabel augenrules: rate_limit 0
Oct 12 05:52:22 issabel augenrules: backlog_limit 8192
Oct 12 05:52:22 issabel augenrules: lost 0
Oct 12 05:52:22 issabel augenrules: backlog 1
Oct 12 05:52:22 issabel augenrules: enabled 1
Oct 12 05:52:22 issabel augenrules: failure 1
Oct 12 05:52:22 issabel augenrules: pid 499
Oct 12 05:52:22 issabel augenrules: rate_limit 0
Oct 12 05:52:22 issabel augenrules: backlog_limit 8192
Oct 12 05:52:22 issabel augenrules: lost 0
Oct 12 05:52:22 issabel augenrules: backlog 1
Oct 12 05:52:22 issabel systemd: Started Security Auditing Service.
Oct 12 05:52:22 issabel systemd: Starting Update UTMP about System Boot/Shutdown...
Oct 12 05:52:22 issabel systemd: Started Update UTMP about System Boot/Shutdown.
Oct 12 05:52:22 issabel systemd: Reached target System Initialization.
Oct 12 05:52:22 issabel systemd: Started Daily Cleanup of Temporary Directories.
Oct 12 05:52:22 issabel systemd: Reached target Timers.
Oct 12 05:52:22 issabel systemd: Listening on Avahi mDNS/DNS-SD Stack Activation Socket.
Oct 12 05:52:22 issabel systemd: Listening on D-Bus System Message Bus Socket.
Oct 12 05:52:22 issabel systemd: Reached target Sockets.
Oct 12 05:52:22 issabel systemd: Reached target Basic System.
Oct 12 05:52:22 issabel systemd: Starting IP sets for iptables...
Oct 12 05:52:22 issabel systemd: Started irqbalance daemon.
Oct 12 05:52:22 issabel systemd: Starting Avahi mDNS/DNS-SD Stack...
Oct 12 05:52:22 issabel systemd: Starting Authorization Manager...
Oct 12 05:52:22 issabel systemd: Starting Dump dmesg to /var/log/dmesg...
Oct 12 05:52:22 issabel /usr/sbin/irqbalance: Balancing is ineffective on systems with a single cpu.  Shutting down
Oct 12 05:52:22 issabel systemd: Starting SASL authentication daemon....
Oct 12 05:52:22 issabel systemd: Starting Permit User Sessions...
Oct 12 05:52:22 issabel systemd: Starting Login Service...
Oct 12 05:52:22 issabel systemd: Started D-Bus System Message Bus.
Oct 12 05:52:22 issabel avahi-daemon[523]: Found user 'avahi' (UID 70) and group 'avahi' (GID 70).
Oct 12 05:52:22 issabel avahi-daemon[523]: Successfully dropped root privileges.
Oct 12 05:52:22 issabel avahi-daemon[523]: avahi-daemon 0.6.31 starting up.
Oct 12 05:52:22 issabel avahi-daemon[523]: WARNING: No NSS support for mDNS detected, consider installing nss-mdns!
Oct 12 05:52:22 issabel polkitd[524]: Started polkitd version 0.112
Oct 12 05:52:22 issabel kernel: Netfilter messages via NETLINK v0.30.
Oct 12 05:52:22 issabel kernel: ip_set: protocol 7
Oct 12 05:52:22 issabel avahi-daemon[523]: Successfully called chroot().
Oct 12 05:52:22 issabel avahi-daemon[523]: Successfully dropped remaining capabilities.
Oct 12 05:52:22 issabel systemd: Started Avahi mDNS/DNS-SD Stack.
Oct 12 05:52:22 issabel systemd: Starting Network Manager...
Oct 12 05:52:22 issabel avahi-daemon[523]: No service file found in /etc/avahi/services.
Oct 12 05:52:22 issabel avahi-daemon[523]: Network interface enumeration completed.
Oct 12 05:52:22 issabel avahi-daemon[523]: Registering HINFO record with values 'X86_64'/'LINUX'.
Oct 12 05:52:22 issabel avahi-daemon[523]: Server startup complete. Host name is issabel.local. Local service cookie is 2147357022.
Oct 12 05:52:22 issabel systemd: Started Dump dmesg to /var/log/dmesg.
Oct 12 05:52:22 issabel systemd: Started Permit User Sessions.
Oct 12 05:52:22 issabel systemd-logind: New seat seat0.
Oct 12 05:52:22 issabel systemd-logind: Watching system buttons on /dev/input/event0 (Power Button)
Oct 12 05:52:22 issabel systemd-logind: Watching system buttons on /dev/input/event1 (Sleep Button)
Oct 12 05:52:22 issabel systemd-logind: Watching system buttons on /dev/input/event5 (Video Bus)
Oct 12 05:52:22 issabel systemd: Started Login Service.
Oct 12 05:52:22 issabel systemd: Started Job spooling tools.
Oct 12 05:52:22 issabel saslauthd[556]: detach_tty      : master pid is: 556
Oct 12 05:52:22 issabel saslauthd[556]: ipc_init        : listening on socket: /run/saslauthd/mux
Oct 12 05:52:22 issabel systemd: Started SASL authentication daemon..
Oct 12 05:52:22 issabel systemd: Started IP sets for iptables.
Oct 12 05:52:22 issabel NetworkManager[558]: <info>  [1665568342.3666] NetworkManager (version 1.18.8-1.el7) is starting... (for the first time)
Oct 12 05:52:22 issabel NetworkManager[558]: <info>  [1665568342.3667] Read config: /etc/NetworkManager/NetworkManager.conf (lib: 10-slaves-order.conf)
Oct 12 05:52:22 issabel systemd: Started Authorization Manager.
Oct 12 05:52:22 issabel systemd: Started Network Manager.
Oct 12 05:52:22 issabel systemd: Starting Network Manager Wait Online...
Oct 12 05:52:22 issabel NetworkManager[558]: <info>  [1665568342.3843] bus-manager: acquired D-Bus service "org.freedesktop.NetworkManager"
Oct 12 05:52:22 issabel NetworkManager[558]: <info>  [1665568342.3903] manager[0x561602a56030]: monitoring kernel firmware directory '/lib/firmware'.
Oct 12 05:52:22 issabel dbus[533]: [system] Activating via systemd: service name='org.freedesktop.hostname1' unit='dbus-org.freedesktop.hostname1.service'
Oct 12 05:52:22 issabel systemd: Starting Hostname Service...
Oct 12 05:52:22 issabel dbus[533]: [system] Successfully activated service 'org.freedesktop.hostname1'
Oct 12 05:52:22 issabel NetworkManager[558]: <info>  [1665568342.4277] hostname: hostname: using hostnamed
Oct 12 05:52:22 issabel NetworkManager[558]: <info>  [1665568342.4277] hostname: hostname changed from (none) to "issabel.local"
Oct 12 05:52:22 issabel NetworkManager[558]: <info>  [1665568342.4279] dns-mgr[0x561602a3b220]: init: dns=default,systemd-resolved rc-manager=file
Oct 12 05:52:22 issabel dbus[533]: [system] Activating via systemd: service name='org.freedesktop.nm_dispatcher' unit='dbus-org.freedesktop.nm-dispatcher.service'
Oct 12 05:52:22 issabel systemd: Started Hostname Service.
Oct 12 05:52:22 issabel systemd: Starting Network Manager Script Dispatcher Service...
Oct 12 05:52:22 issabel dbus[533]: [system] Successfully activated service 'org.freedesktop.nm_dispatcher'
Oct 12 05:52:22 issabel systemd: Started Network Manager Script Dispatcher Service.
Oct 12 05:52:22 issabel NetworkManager[558]: <info>  [1665568342.4563] settings: Loaded settings plugin: SettingsPluginIfcfg ("/usr/lib64/NetworkManager/1.18.8-1.el7/libnm-settings-plugin-ifcfg-rh.so")
Oct 12 05:52:22 issabel NetworkManager[558]: <info>  [1665568342.4573] settings: Loaded settings plugin: NMSIbftPlugin ("/usr/lib64/NetworkManager/1.18.8-1.el7/libnm-settings-plugin-ibft.so")
Oct 12 05:52:22 issabel NetworkManager[558]: <info>  [1665568342.4573] settings: Loaded settings plugin: NMSKeyfilePlugin (internal)
Oct 12 05:52:22 issabel NetworkManager[558]: <info>  [1665568342.4606] ifcfg-rh: new connection /etc/sysconfig/network-scripts/ifcfg-eth0 (ab616e49-a0b5-40f2-81c8-e68cbb7b9d3e,"eth0")
Oct 12 05:52:22 issabel NetworkManager[558]: <info>  [1665568342.4615] ifcfg-rh: new connection /etc/sysconfig/network-scripts/ifcfg-eth1 (8a72de83-ea3c-457e-a53c-1093feb58f0a,"eth1")
Oct 12 05:52:22 issabel NetworkManager[558]: <info>  [1665568342.4747] manager: rfkill: Wi-Fi enabled by radio killswitch; enabled by state file
Oct 12 05:52:22 issabel NetworkManager[558]: <info>  [1665568342.4748] manager: rfkill: WWAN enabled by radio killswitch; enabled by state file
Oct 12 05:52:22 issabel NetworkManager[558]: <info>  [1665568342.4749] manager: Networking is enabled by state file
Oct 12 05:52:22 issabel nm-dispatcher: find-scripts: Cannot execute '/etc/NetworkManager/dispatcher.d/12-dhcpd': not executable by owner.
Oct 12 05:52:22 issabel nm-dispatcher: req:1 'hostname': new request (3 scripts)
Oct 12 05:52:22 issabel nm-dispatcher: req:1 'hostname': start running ordered scripts...
Oct 12 05:52:22 issabel NetworkManager[558]: <info>  [1665568342.4787] dhcp-init: Using DHCP client 'dhclient'
Oct 12 05:52:22 issabel NetworkManager[558]: <info>  [1665568342.4861] device (lo): carrier: link connected
Oct 12 05:52:22 issabel NetworkManager[558]: <info>  [1665568342.4863] manager: (lo): new Generic device (/org/freedesktop/NetworkManager/Devices/1)
Oct 12 05:52:22 issabel kernel: IPv6: ADDRCONF(NETDEV_UP): eth0: link is not ready
Oct 12 05:52:22 issabel kernel: e1000: eth0 NIC Link is Up 1000 Mbps Full Duplex, Flow Control: RX
Oct 12 05:52:22 issabel NetworkManager[558]: <info>  [1665568342.4868] manager: (eth0): new Ethernet device (/org/freedesktop/NetworkManager/Devices/2)
Oct 12 05:52:22 issabel NetworkManager[558]: <info>  [1665568342.4916] device (eth0): state change: unmanaged -> unavailable (reason 'managed', sys-iface-state: 'external')
Oct 12 05:52:22 issabel kernel: IPv6: ADDRCONF(NETDEV_UP): eth0: link is not ready
Oct 12 05:52:22 issabel kernel: IPv6: ADDRCONF(NETDEV_CHANGE): eth0: link becomes ready
Oct 12 05:52:22 issabel NetworkManager[558]: <info>  [1665568342.4990] device (eth0): carrier: link connected
Oct 12 05:52:22 issabel nm-dispatcher: find-scripts: Cannot execute '/etc/NetworkManager/dispatcher.d/12-dhcpd': not executable by owner.
Oct 12 05:52:22 issabel nm-dispatcher: req:2 'connectivity-change': new request (3 scripts)
Oct 12 05:52:22 issabel NetworkManager[558]: <info>  [1665568342.5148] manager: (eth1): new Ethernet device (/org/freedesktop/NetworkManager/Devices/3)
Oct 12 05:52:22 issabel NetworkManager[558]: <info>  [1665568342.5228] device (eth1): state change: unmanaged -> unavailable (reason 'managed', sys-iface-state: 'external')
Oct 12 05:52:22 issabel kernel: IPv6: ADDRCONF(NETDEV_UP): eth1: link is not ready
Oct 12 05:52:22 issabel kernel: e1000: eth1 NIC Link is Up 1000 Mbps Full Duplex, Flow Control: RX
Oct 12 05:52:22 issabel kernel: IPv6: ADDRCONF(NETDEV_UP): eth1: link is not ready
Oct 12 05:52:22 issabel NetworkManager[558]: <info>  [1665568342.5317] device (eth1): carrier: link connected
Oct 12 05:52:22 issabel NetworkManager[558]: <info>  [1665568342.5648] device (eth0): state change: unavailable -> disconnected (reason 'none', sys-iface-state: 'managed')
Oct 12 05:52:22 issabel NetworkManager[558]: <info>  [1665568342.5683] device (eth1): state change: unavailable -> disconnected (reason 'none', sys-iface-state: 'managed')
Oct 12 05:52:22 issabel kernel: IPv6: ADDRCONF(NETDEV_UP): eth1: link is not ready
Oct 12 05:52:22 issabel NetworkManager[558]: <info>  [1665568342.5708] policy: auto-activating connection 'eth0' (ab616e49-a0b5-40f2-81c8-e68cbb7b9d3e)
Oct 12 05:52:22 issabel NetworkManager[558]: <info>  [1665568342.5731] device (eth0): Activation: starting connection 'eth0' (ab616e49-a0b5-40f2-81c8-e68cbb7b9d3e)
Oct 12 05:52:22 issabel NetworkManager[558]: <info>  [1665568342.5742] device (eth0): state change: disconnected -> prepare (reason 'none', sys-iface-state: 'managed')
Oct 12 05:52:22 issabel NetworkManager[558]: <info>  [1665568342.5757] manager: NetworkManager state is now CONNECTING
Oct 12 05:52:22 issabel NetworkManager[558]: <info>  [1665568342.5766] device (eth0): state change: prepare -> config (reason 'none', sys-iface-state: 'managed')
Oct 12 05:52:22 issabel NetworkManager[558]: <info>  [1665568342.5782] device (eth0): state change: config -> ip-config (reason 'none', sys-iface-state: 'managed')
Oct 12 05:52:22 issabel NetworkManager[558]: <info>  [1665568342.5800] dhcp4 (eth0): activation: beginning transaction (timeout in 45 seconds)
Oct 12 05:52:22 issabel NetworkManager[558]: <info>  [1665568342.5873] dhcp4 (eth0): dhclient started with pid 598
Oct 12 05:52:22 issabel avahi-daemon[523]: Registering new address record for fe80::652a:3c0e:76c6:247 on eth0.*.
Oct 12 05:52:22 issabel nm-dispatcher: req:2 'connectivity-change': start running ordered scripts...
Oct 12 05:52:22 issabel dhclient[598]: DHCPREQUEST on eth0 to 255.255.255.255 port 67 (xid=0x44513a54)
Oct 12 05:52:22 issabel dhclient[598]: DHCPACK from 10.0.2.2 (xid=0x44513a54)
Oct 12 05:52:22 issabel NetworkManager[558]: <info>  [1665568342.6640] dhcp4 (eth0):   address 10.0.2.15
Oct 12 05:52:22 issabel NetworkManager[558]: <info>  [1665568342.6640] dhcp4 (eth0):   plen 24 (255.255.255.0)
Oct 12 05:52:22 issabel NetworkManager[558]: <info>  [1665568342.6640] dhcp4 (eth0):   gateway 10.0.2.2
Oct 12 05:52:22 issabel NetworkManager[558]: <info>  [1665568342.6640] dhcp4 (eth0):   lease time 86400
Oct 12 05:52:22 issabel NetworkManager[558]: <info>  [1665568342.6641] dhcp4 (eth0):   nameserver '172.168.1.1'
Oct 12 05:52:22 issabel NetworkManager[558]: <info>  [1665568342.6641] dhcp4 (eth0): state changed unknown -> bound
Oct 12 05:52:22 issabel NetworkManager[558]: <info>  [1665568342.6646] device (eth0): state change: ip-config -> ip-check (reason 'none', sys-iface-state: 'managed')
Oct 12 05:52:22 issabel NetworkManager[558]: <info>  [1665568342.6651] device (eth0): state change: ip-check -> secondaries (reason 'none', sys-iface-state: 'managed')
Oct 12 05:52:22 issabel NetworkManager[558]: <info>  [1665568342.6652] device (eth0): state change: secondaries -> activated (reason 'none', sys-iface-state: 'managed')
Oct 12 05:52:22 issabel avahi-daemon[523]: Joining mDNS multicast group on interface eth0.IPv4 with address 10.0.2.15.
Oct 12 05:52:22 issabel avahi-daemon[523]: New relevant interface eth0.IPv4 for mDNS.
Oct 12 05:52:22 issabel avahi-daemon[523]: Registering new address record for 10.0.2.15 on eth0.IPv4.
Oct 12 05:52:22 issabel NetworkManager[558]: <info>  [1665568342.6711] manager: NetworkManager state is now CONNECTED_LOCAL
Oct 12 05:52:22 issabel NetworkManager[558]: <info>  [1665568342.6743] manager: NetworkManager state is now CONNECTED_SITE
Oct 12 05:52:22 issabel NetworkManager[558]: <info>  [1665568342.6744] policy: set 'eth0' (eth0) as default for IPv4 routing and DNS
Oct 12 05:52:22 issabel dhclient[598]: bound to 10.0.2.15 -- renewal in 33223 seconds.
Oct 12 05:52:22 issabel NetworkManager[558]: <info>  [1665568342.6777] device (eth0): Activation: successful, device activated.
Oct 12 05:52:22 issabel nm-dispatcher: find-scripts: Cannot execute '/etc/NetworkManager/dispatcher.d/12-dhcpd': not executable by owner.
Oct 12 05:52:22 issabel nm-dispatcher: req:3 'up' [eth0]: new request (3 scripts)
Oct 12 05:52:22 issabel nm-dispatcher: req:3 'up' [eth0]: start running ordered scripts...
Oct 12 05:52:22 issabel NetworkManager[558]: <info>  [1665568342.6804] manager: NetworkManager state is now CONNECTED_GLOBAL
Oct 12 05:52:22 issabel NetworkManager[558]: <info>  [1665568342.6819] manager: startup complete
Oct 12 05:52:22 issabel systemd: Started Network Manager Wait Online.
Oct 12 05:52:22 issabel systemd: Starting LSB: Bring up/down networking...
Oct 12 05:52:22 issabel nm-dispatcher: find-scripts: Cannot execute '/etc/NetworkManager/dispatcher.d/12-dhcpd': not executable by owner.
Oct 12 05:52:22 issabel nm-dispatcher: req:4 'connectivity-change': new request (3 scripts)
Oct 12 05:52:22 issabel nm-dispatcher: req:4 'connectivity-change': start running ordered scripts...
Oct 12 05:52:23 issabel network: Bringing up loopback interface:  [  OK  ]
Oct 12 05:52:23 issabel network: Bringing up interface eth0:  [  OK  ]
Oct 12 05:52:23 issabel systemd: Started LSB: Bring up/down networking.
Oct 12 05:52:23 issabel systemd: Reached target Network.
Oct 12 05:52:23 issabel systemd: Starting Postfix Mail Transport Agent...
Oct 12 05:52:23 issabel systemd: Reached target Network is Online.
Oct 12 05:52:23 issabel systemd: Starting Set time via NTP...
Oct 12 05:52:23 issabel systemd: Starting LSB: DAHDI kernel modules...
Oct 12 05:52:23 issabel systemd: Starting Fix Ghostscript Fonts...
Oct 12 05:52:23 issabel systemd: Started Web Console.
Oct 12 05:52:23 issabel systemd: Starting MariaDB database server...
Oct 12 05:52:23 issabel systemd: Starting Xinetd A Powerful Replacement For Inetd...
Oct 12 05:52:23 issabel systemd: Starting /etc/rc.d/rc.local Compatibility...
Oct 12 05:52:23 issabel sh: sed: can't read /usr/share/ghostscript/9.07/Resource/Init/Fontmap.GS: No such file or directory
Oct 12 05:52:23 issabel systemd: Starting Dynamic System Tuning Daemon...
Oct 12 05:52:23 issabel systemd: Starting The Apache HTTP Server...
Oct 12 05:52:23 issabel systemd: Starting Cyrus-imapd IMAP/POP3 email server...
Oct 12 05:52:23 issabel systemd: Starting OpenSSH server daemon...
Oct 12 05:52:23 issabel systemd: Starting System Logging Service...
Oct 12 05:52:23 issabel systemd: fixfonts.service: main process exited, code=exited, status=2/INVALIDARGUMENT
Oct 12 05:52:23 issabel systemd: Failed to start Fix Ghostscript Fonts.
Oct 12 05:52:23 issabel systemd: Unit fixfonts.service entered failed state.
Oct 12 05:52:23 issabel systemd: fixfonts.service failed.
Oct 12 05:52:23 issabel systemd: Started Xinetd A Powerful Replacement For Inetd.
Oct 12 05:52:23 issabel xinetd[824]: xinetd Version 2.3.15 started with libwrap loadavg labeled-networking options compiled in.
Oct 12 05:52:23 issabel xinetd[824]: Started working: 1 available service
Oct 12 05:52:23 issabel systemd: Started System Logging Service.
Oct 12 05:52:23 issabel rsyslogd: [origin software="rsyslogd" swVersion="8.24.0-55.el7" x-pid="823" x-info="http://www.rsyslog.com"] start
Oct 12 05:52:23 issabel systemd: Created slice User Slice of cyrus.
Oct 12 05:52:23 issabel systemd: Started Session c1 of user cyrus.
Oct 12 05:52:23 issabel systemd: Started OpenSSH server daemon.
Oct 12 05:52:23 issabel dahdi: Loading DAHDI hardware modules:
Oct 12 05:52:23 issabel webconsole: 2022/10/12 05:52:23 GoTTY is starting with command: ssh root@localhost
Oct 12 05:52:23 issabel webconsole: 2022/10/12 05:52:23 Using Basic Authentication
Oct 12 05:52:23 issabel webconsole: 2022/10/12 05:52:23 Permitting clients to write input to the PTY.
Oct 12 05:52:23 issabel webconsole: 2022/10/12 05:52:23 HTTP server is listening at: http://127.0.0.1:8075/
Oct 12 05:52:23 issabel kernel: IPv6: ADDRCONF(NETDEV_CHANGE): eth1: link becomes ready
Oct 12 05:52:23 issabel systemd: Started /etc/rc.d/rc.local Compatibility.
Oct 12 05:52:23 issabel systemd: Starting Terminate Plymouth Boot Screen...
Oct 12 05:52:23 issabel systemd: Starting Wait for Plymouth Boot Screen to Quit...
Oct 12 05:52:23 issabel systemd: Received SIGRTMIN+21 from PID 226 (plymouthd).
Oct 12 05:52:23 issabel systemd: Started Wait for Plymouth Boot Screen to Quit.
Oct 12 05:52:23 issabel systemd: Started Getty on tty1.
Oct 12 05:52:23 issabel systemd: Reached target Login Prompts.
Oct 12 05:52:23 issabel systemd: Started Terminate Plymouth Boot Screen.
Oct 12 05:52:23 issabel kernel: dahdi: loading out-of-tree module taints kernel.
Oct 12 05:52:23 issabel kernel: dahdi: module verification failed: signature and/or required key missing - tainting kernel
Oct 12 05:52:23 issabel kernel: dahdi: Version: 2.11.1
Oct 12 05:52:23 issabel kernel: dahdi: Telephony Interface Registered on major 196
Oct 12 05:52:23 issabel mariadb-prepare-db-dir: Database MariaDB is probably initialized in /var/lib/mysql already, nothing is done.
Oct 12 05:52:23 issabel mariadb-prepare-db-dir: If this is not the case, make sure the /var/lib/mysql is empty before running mariadb-prepare-db-dir.
Oct 12 05:52:23 issabel httpd: AH00558: httpd: Could not reliably determine the server's fully qualified domain name, using issabel.local. Set the 'ServerName' directive globally to suppress this message
Oct 12 05:52:24 issabel dahdi: Running dahdi_cfg:  [  OK  ]
Oct 12 05:52:24 issabel systemd: Started LSB: DAHDI kernel modules.
Oct 12 05:52:24 issabel systemd: Starting SYSV: IssabelDialer...
Oct 12 05:52:24 issabel su: (to asterisk) root on none
Oct 12 05:52:24 issabel systemd: Created slice User Slice of asterisk.
Oct 12 05:52:24 issabel systemd: Started Session c2 of user asterisk.
Oct 12 05:52:24 issabel systemd: Started The Apache HTTP Server.
Oct 12 05:52:24 issabel mysqld_safe: 221012 05:52:24 mysqld_safe Logging to '/var/log/mariadb/mariadb.log'.
Oct 12 05:52:24 issabel issabeldialer: Starting Issabel Dialer: [  OK  ]
Oct 12 05:52:24 issabel systemd: Started SYSV: IssabelDialer.
Oct 12 05:52:24 issabel mysqld_safe: 221012 05:52:24 mysqld_safe Starting mysqld daemon with databases from /var/lib/mysql
Oct 12 05:52:25 issabel systemd: Started Dynamic System Tuning Daemon.
Oct 12 05:52:25 issabel systemd: Started Postfix Mail Transport Agent.
Oct 12 05:52:27 issabel ntpdate[834]: step time server 129.154.46.154 offset 0.948086 sec
Oct 12 05:52:27 issabel systemd: Time has been changed
Oct 12 05:52:27 issabel systemd: Started Set time via NTP.
Oct 12 05:52:27 issabel systemd: Starting NTP client/server...
Oct 12 05:52:27 issabel systemd: Reached target System Time Synchronized.
Oct 12 05:52:27 issabel systemd: Started Command Scheduler.
Oct 12 05:52:27 issabel chronyd[2146]: chronyd version 3.4 starting (+CMDMON +NTP +REFCLOCK +RTC +PRIVDROP +SCFILTER +SIGND +ASYNCDNS +SECHASH +IPV6 +DEBUG)
Oct 12 05:52:27 issabel chronyd[2146]: Frequency 2.730 +/- 16.060 ppm read from /var/lib/chrony/drift
Oct 12 05:52:27 issabel systemd: Started NTP client/server.
Oct 12 05:52:28 issabel systemd: Started Cyrus-imapd IMAP/POP3 email server.
Oct 12 05:52:28 issabel systemd: Removed slice User Slice of cyrus.
Oct 12 05:52:29 issabel systemd: Started MariaDB database server.
Oct 12 05:52:29 issabel systemd: Starting issabel-firstboot.service...
Oct 12 05:52:29 issabel systemd: Started issabel-firstboot.service.
Oct 12 05:52:29 issabel systemd: Started LSB: Asterisk PBX.
Oct 12 05:52:29 issabel systemd: Starting amportal-reload.service...
Oct 12 05:52:29 issabel systemd: Starting SYSV: Issabel Update Helper...
Oct 12 05:52:29 issabel systemd: Starting SYSV: Issabel Port Knocking...
Oct 12 05:52:29 issabel amportal: Please wait...
Oct 12 05:52:29 issabel su: (to root) root on none
Oct 12 05:52:29 issabel systemd: Created slice User Slice of root.
Oct 12 05:52:29 issabel systemd: Started Session c3 of user root.
Oct 12 05:52:29 issabel issabel-portknock: Starting Issabel Port Knocking: [  OK  ]
Oct 12 05:52:29 issabel systemd: Started SYSV: Issabel Port Knocking.
Oct 12 05:52:29 issabel issabel-updaterd: Starting Issabel Update Helper: [  OK  ]
Oct 12 05:52:29 issabel systemd: Started SYSV: Issabel Update Helper.
Oct 12 05:52:29 issabel systemd: Starting SYSV: IAXModem for asterisk <-> Hylafax gateway...
Oct 12 05:52:29 issabel systemd: Starting LSB: Starts and stops the HylaFAX...
Oct 12 05:52:29 issabel iaxmodem: Starting IAXmodem: [  OK  ]
Oct 12 05:52:29 issabel systemd: Started SYSV: IAXModem for asterisk <-> Hylafax gateway.
Oct 12 05:52:29 issabel hylafax: Starting HylaFAX queue manager (faxq): [  OK  ]
Oct 12 05:52:29 issabel FaxQueuer[2280]: HylaFAX (tm) Version 4.3.11
Oct 12 05:52:29 issabel FaxQueuer[2280]: Copyright (c) 1990-1996 Sam Leffler
Oct 12 05:52:29 issabel FaxQueuer[2280]: Copyright (c) 1991-1996 Silicon Graphics, Inc.
Oct 12 05:52:29 issabel hylafax: Starting HylaFAX server (hfaxd): [  OK  ]
Oct 12 05:52:29 issabel HylaFAX[2301]: HylaFAX INET Protocol Server: restarted.
Oct 12 05:52:30 issabel systemd: Started LSB: Starts and stops the HylaFAX.
Oct 12 05:52:31 issabel kernel: Bluetooth: Core ver 2.22
Oct 12 05:52:31 issabel kernel: NET: Registered protocol family 31
Oct 12 05:52:31 issabel kernel: Bluetooth: HCI device and connection manager initialized
Oct 12 05:52:31 issabel kernel: Bluetooth: HCI socket layer initialized
Oct 12 05:52:31 issabel kernel: Bluetooth: L2CAP socket layer initialized
Oct 12 05:52:31 issabel kernel: Bluetooth: SCO socket layer initialized
Oct 12 05:52:33 issabel amportal: Successfully reloaded
Oct 12 05:52:33 issabel systemd: Started amportal-reload.service.
Oct 12 05:52:33 issabel systemd: Reached target Multi-User System.
Oct 12 05:52:33 issabel systemd: Starting Update UTMP about System Runlevel Changes...
Oct 12 05:52:33 issabel systemd: Started Update UTMP about System Runlevel Changes.
Oct 12 05:52:33 issabel systemd: Startup finished in 728ms (kernel) + 2.493s (initrd) + 14.206s (userspace) = 17.428s.
Oct 12 05:52:33 issabel chronyd[2146]: Selected source 192.46.211.253
Oct 12 05:52:35 issabel systemd: Started Session 1 of user root.
Oct 12 05:52:35 issabel systemd-logind: New session 1 of user root.
Oct 12 05:52:35 issabel chronyd[2146]: Selected source 129.154.46.154
Oct 12 05:52:41 issabel dhclient[2542]: DHCPDISCOVER on eth1 to 255.255.255.255 port 67 interval 8 (xid=0x64f3be4b)
Oct 12 05:52:41 issabel dhclient[2542]: DHCPREQUEST on eth0 to 255.255.255.255 port 67 (xid=0x2a0a0cf1)
Oct 12 05:52:41 issabel dhclient[2542]: DHCPACK from 10.0.2.2 (xid=0x2a0a0cf1)
Oct 12 05:52:43 issabel NET[2615]: /usr/sbin/dhclient-script : updated /etc/resolv.conf
Oct 12 05:52:43 issabel dhclient[2542]: bound to 10.0.2.15 -- renewal in 36135 seconds.
Oct 12 05:52:43 issabel dhclient[2619]: DHCPREQUEST on eth1 to 255.255.255.255 port 67 (xid=0x64f3be4b)
Oct 12 05:52:43 issabel dhclient[2619]: DHCPOFFER from 192.168.56.100
Oct 12 05:52:43 issabel dhclient[2619]: DHCPACK from 192.168.56.100 (xid=0x64f3be4b)
Oct 12 05:52:44 issabel dhclient[2640]: dhclient(2619) is already running - exiting.
Oct 12 05:52:44 issabel dhclient[2640]: 
Oct 12 05:52:44 issabel dhclient[2640]: This version of ISC DHCP is based on the release available
Oct 12 05:52:44 issabel dhclient[2640]: on ftp.isc.org.  Features have been added and other changes
Oct 12 05:52:44 issabel dhclient[2640]: have been made to the base software release in order to make
Oct 12 05:52:44 issabel dhclient[2640]: it work better with this distribution.
Oct 12 05:52:44 issabel dhclient[2640]: 
Oct 12 05:52:44 issabel dhclient[2640]: Please report for this software via the CentOS Bugs Database:
Oct 12 05:52:44 issabel dhclient[2640]:    http://bugs.centos.org/
Oct 12 05:52:44 issabel dhclient[2640]: 
Oct 12 05:52:44 issabel dhclient[2640]: exiting.
Oct 12 05:52:45 issabel NetworkManager[558]: <info>  [1665568365.7620] ifcfg-rh: add connection in-memory (ef265511-ce61-4ed4-a792-620941bc1786,"eth1")
Oct 12 05:52:45 issabel NetworkManager[558]: <info>  [1665568365.7636] device (eth1): Activation: starting connection 'eth1' (ef265511-ce61-4ed4-a792-620941bc1786)
Oct 12 05:52:45 issabel NetworkManager[558]: <info>  [1665568365.7638] device (eth1): state change: disconnected -> prepare (reason 'none', sys-iface-state: 'external')
Oct 12 05:52:45 issabel NetworkManager[558]: <info>  [1665568365.7643] device (eth1): state change: prepare -> config (reason 'none', sys-iface-state: 'external')
Oct 12 05:52:45 issabel NetworkManager[558]: <info>  [1665568365.7647] device (eth1): state change: config -> ip-config (reason 'none', sys-iface-state: 'external')
Oct 12 05:52:45 issabel NetworkManager[558]: <info>  [1665568365.7650] device (eth1): state change: ip-config -> ip-check (reason 'none', sys-iface-state: 'external')
Oct 12 05:52:45 issabel NetworkManager[558]: <info>  [1665568365.7658] device (eth1): state change: ip-check -> secondaries (reason 'none', sys-iface-state: 'external')
Oct 12 05:52:45 issabel NetworkManager[558]: <info>  [1665568365.7660] device (eth1): state change: secondaries -> activated (reason 'none', sys-iface-state: 'external')
Oct 12 05:52:45 issabel avahi-daemon[523]: Joining mDNS multicast group on interface eth1.IPv4 with address 192.168.56.102.
Oct 12 05:52:45 issabel avahi-daemon[523]: New relevant interface eth1.IPv4 for mDNS.
Oct 12 05:52:45 issabel avahi-daemon[523]: Registering new address record for 192.168.56.102 on eth1.IPv4.
Oct 12 05:52:45 issabel NetworkManager[558]: <info>  [1665568365.7815] device (eth1): Activation: successful, device activated.
Oct 12 05:52:45 issabel dbus[533]: [system] Activating via systemd: service name='org.freedesktop.nm_dispatcher' unit='dbus-org.freedesktop.nm-dispatcher.service'
Oct 12 05:52:45 issabel systemd: Starting Network Manager Script Dispatcher Service...
Oct 12 05:52:45 issabel dhclient[2619]: bound to 192.168.56.102 -- renewal in 269 seconds.
Oct 12 05:52:45 issabel dbus[533]: [system] Successfully activated service 'org.freedesktop.nm_dispatcher'
Oct 12 05:52:45 issabel systemd: Started Network Manager Script Dispatcher Service.
Oct 12 05:52:45 issabel nm-dispatcher: find-scripts: Cannot execute '/etc/NetworkManager/dispatcher.d/12-dhcpd': not executable by owner.
Oct 12 05:52:45 issabel nm-dispatcher: req:1 'up' [eth1]: new request (3 scripts)
Oct 12 05:52:45 issabel nm-dispatcher: req:1 'up' [eth1]: start running ordered scripts...
Oct 12 05:53:29 issabel systemd: Started Session 2 of user root.
Oct 12 05:53:29 issabel systemd-logind: New session 2 of user root.
Oct 12 05:53:34 issabel systemd: Started Session 3 of user root.
Oct 12 05:53:34 issabel systemd-logind: New session 3 of user root.
Oct 12 05:55:01 issabel systemd: Started Session 4 of user root.
Oct 12 05:57:14 issabel dhclient[2619]: DHCPREQUEST on eth1 to 192.168.56.100 port 67 (xid=0x64f3be4b)
Oct 12 05:57:14 issabel dhclient[2619]: DHCPACK from 192.168.56.100 (xid=0x64f3be4b)
Oct 12 05:57:16 issabel dhclient[2619]: bound to 192.168.56.102 -- renewal in 228 seconds.
Oct 12 05:58:00 issabel chronyd[2146]: Selected source 172.105.65.216
Oct 12 06:00:01 issabel systemd: Started Session 5 of user root.
Oct 12 06:01:01 issabel systemd: Started Session 6 of user root.
Oct 12 06:01:01 issabel systemd: Started Session 7 of user root.
Oct 12 06:01:04 issabel dhclient[2619]: DHCPREQUEST on eth1 to 192.168.56.100 port 67 (xid=0x64f3be4b)
Oct 12 06:01:04 issabel dhclient[2619]: DHCPACK from 192.168.56.100 (xid=0x64f3be4b)
Oct 12 06:01:06 issabel dhclient[2619]: bound to 192.168.56.102 -- renewal in 250 seconds.
Oct 12 06:04:25 issabel kernel: e1000: eth0 NIC Link is Down
Oct 12 06:04:29 issabel kernel: e1000: eth0 NIC Link is Up 1000 Mbps Full Duplex, Flow Control: RX
Oct 12 06:04:29 issabel NetworkManager[558]: <info>  [1665569069.2291] device (eth0): carrier: link connected
Oct 12 06:04:29 issabel NetworkManager[558]: <info>  [1665569069.2292] device (eth0): DHCPv4 lease renewal requested
Oct 12 06:04:29 issabel NetworkManager[558]: <info>  [1665569069.2334] dhcp4 (eth0): canceled DHCP transaction, DHCP client pid 598
Oct 12 06:04:29 issabel NetworkManager[558]: <info>  [1665569069.2335] dhcp4 (eth0): state changed bound -> done
Oct 12 06:04:29 issabel NetworkManager[558]: <info>  [1665569069.2343] dhcp4 (eth0): activation: beginning transaction (timeout in 45 seconds)
Oct 12 06:04:29 issabel NetworkManager[558]: <info>  [1665569069.2629] dhcp4 (eth0): dhclient started with pid 2982
Oct 12 06:04:29 issabel dhclient[2982]: DHCPREQUEST on eth0 to 255.255.255.255 port 67 (xid=0x47060aab)
Oct 12 06:04:29 issabel dhclient[2982]: DHCPACK from 10.0.2.2 (xid=0x47060aab)
Oct 12 06:04:29 issabel NetworkManager[558]: <info>  [1665569069.3333] dhcp4 (eth0):   address 10.0.2.15
Oct 12 06:04:29 issabel NetworkManager[558]: <info>  [1665569069.3334] dhcp4 (eth0):   plen 24 (255.255.255.0)
Oct 12 06:04:29 issabel NetworkManager[558]: <info>  [1665569069.3334] dhcp4 (eth0):   gateway 10.0.2.2
Oct 12 06:04:29 issabel NetworkManager[558]: <info>  [1665569069.3334] dhcp4 (eth0):   lease time 86400
Oct 12 06:04:29 issabel NetworkManager[558]: <info>  [1665569069.3335] dhcp4 (eth0):   nameserver '8.8.8.8'
Oct 12 06:04:29 issabel NetworkManager[558]: <info>  [1665569069.3335] dhcp4 (eth0):   nameserver '4.2.2.2'
Oct 12 06:04:29 issabel NetworkManager[558]: <info>  [1665569069.3335] dhcp4 (eth0): state changed unknown -> bound
Oct 12 06:04:29 issabel dbus[533]: [system] Activating via systemd: service name='org.freedesktop.nm_dispatcher' unit='dbus-org.freedesktop.nm-dispatcher.service'
Oct 12 06:04:29 issabel systemd: Starting Network Manager Script Dispatcher Service...
Oct 12 06:04:29 issabel dhclient[2982]: bound to 10.0.2.15 -- renewal in 39395 seconds.
Oct 12 06:04:29 issabel dbus[533]: [system] Successfully activated service 'org.freedesktop.nm_dispatcher'
Oct 12 06:04:29 issabel nm-dispatcher: find-scripts: Cannot execute '/etc/NetworkManager/dispatcher.d/12-dhcpd': not executable by owner.
Oct 12 06:04:29 issabel nm-dispatcher: req:1 'dhcp4-change' [eth0]: new request (3 scripts)
Oct 12 06:04:29 issabel nm-dispatcher: req:1 'dhcp4-change' [eth0]: start running ordered scripts...
Oct 12 06:04:29 issabel systemd: Started Network Manager Script Dispatcher Service.
Oct 12 06:05:01 issabel systemd: Started Session 8 of user root.
Oct 12 06:05:16 issabel dhclient[2619]: DHCPREQUEST on eth1 to 192.168.56.100 port 67 (xid=0x64f3be4b)
Oct 12 06:05:16 issabel dhclient[2619]: DHCPACK from 192.168.56.100 (xid=0x64f3be4b)
Oct 12 06:05:18 issabel dhclient[2619]: bound to 192.168.56.102 -- renewal in 239 seconds.
Oct 12 06:06:38 issabel asterisk: rc_avpair_new: unknown attribute 1490026597
Oct 12 06:07:19 issabel systemd: Starting Cleanup of Temporary Directories...
Oct 12 06:07:19 issabel systemd: Started Cleanup of Temporary Directories.
Oct 12 06:09:17 issabel dhclient[2619]: DHCPREQUEST on eth1 to 192.168.56.100 port 67 (xid=0x64f3be4b)
Oct 12 06:09:17 issabel dhclient[2619]: DHCPACK from 192.168.56.100 (xid=0x64f3be4b)
Oct 12 06:09:19 issabel dhclient[2619]: bound to 192.168.56.102 -- renewal in 295 seconds.
Oct 12 06:10:01 issabel systemd: Started Session 9 of user root.
Oct 12 06:13:01 issabel chronyd[2146]: Selected source 129.154.46.154
Oct 12 06:14:14 issabel dhclient[2619]: DHCPREQUEST on eth1 to 192.168.56.100 port 67 (xid=0x64f3be4b)
Oct 12 06:14:14 issabel dhclient[2619]: DHCPACK from 192.168.56.100 (xid=0x64f3be4b)
Oct 12 06:14:16 issabel dhclient[2619]: bound to 192.168.56.102 -- renewal in 259 seconds.
Oct 12 06:15:01 issabel systemd: Started Session 10 of user root.
Oct 12 06:16:01 issabel systemd: Started Session 11 of user asterisk.
Oct 12 06:18:35 issabel dhclient[2619]: DHCPREQUEST on eth1 to 192.168.56.100 port 67 (xid=0x64f3be4b)
Oct 12 06:18:35 issabel dhclient[2619]: DHCPACK from 192.168.56.100 (xid=0x64f3be4b)
Oct 12 06:18:38 issabel dhclient[2619]: bound to 192.168.56.102 -- renewal in 230 seconds.
Oct 12 06:20:01 issabel systemd: Started Session 12 of user root.
Oct 12 06:20:34 issabel chronyd[2146]: Selected source 172.105.65.216
Oct 12 06:22:28 issabel dhclient[2619]: DHCPREQUEST on eth1 to 192.168.56.100 port 67 (xid=0x64f3be4b)
Oct 12 06:22:28 issabel dhclient[2619]: DHCPACK from 192.168.56.100 (xid=0x64f3be4b)
Oct 12 06:22:30 issabel dhclient[2619]: bound to 192.168.56.102 -- renewal in 271 seconds.
Oct 12 06:25:01 issabel systemd: Started Session 13 of user root.
Oct 12 06:27:01 issabel dhclient[2619]: DHCPREQUEST on eth1 to 192.168.56.100 port 67 (xid=0x64f3be4b)
Oct 12 06:27:01 issabel dhclient[2619]: DHCPACK from 192.168.56.100 (xid=0x64f3be4b)
Oct 12 06:27:03 issabel dhclient[2619]: bound to 192.168.56.102 -- renewal in 267 seconds.
Oct 12 06:30:01 issabel systemd: Started Session 14 of user root.
Oct 12 06:31:30 issabel dhclient[2619]: DHCPREQUEST on eth1 to 192.168.56.100 port 67 (xid=0x64f3be4b)
Oct 12 06:31:30 issabel dhclient[2619]: DHCPACK from 192.168.56.100 (xid=0x64f3be4b)
Oct 12 06:31:32 issabel dhclient[2619]: bound to 192.168.56.102 -- renewal in 274 seconds.
Oct 12 06:35:01 issabel systemd: Started Session 15 of user root.
Oct 12 06:36:06 issabel dhclient[2619]: DHCPREQUEST on eth1 to 192.168.56.100 port 67 (xid=0x64f3be4b)
Oct 12 06:36:06 issabel dhclient[2619]: DHCPACK from 192.168.56.100 (xid=0x64f3be4b)
Oct 12 06:36:08 issabel dhclient[2619]: bound to 192.168.56.102 -- renewal in 235 seconds.
Oct 12 06:38:18 issabel kernel: dahdi: Detected time shift.
Oct 12 06:38:18 issabel chronyd[2146]: Forward time jump detected!
Oct 12 06:38:18 issabel chronyd[2146]: Can't synchronise: no selectable sources
Oct 12 06:38:40 issabel kernel: e1000: eth0 NIC Link is Down
