Sep 26 04:02:44 issabel rsyslogd: [origin software="rsyslogd" swVersion="8.24.0-55.el7" x-pid="812" x-info="http://www.rsyslog.com"] rsyslogd was HUPed
Sep 26 04:02:44 issabel logrotate: ALERT exited abnormally with [1]
Sep 26 04:04:17 issabel systemd-logind: Removed session 11.
Sep 26 04:05:01 issabel systemd: Started Session 45 of user root.
Sep 26 04:06:32 issabel dhclient[2607]: DHCPREQUEST on eth1 to 192.168.56.100 port 67 (xid=0x506ae9cb)
Sep 26 04:06:32 issabel dhclient[2607]: DHCPACK from 192.168.56.100 (xid=0x506ae9cb)
Sep 26 04:06:34 issabel dhclient[2607]: bound to 192.168.56.102 -- renewal in 230 seconds.
Sep 26 04:10:01 issabel systemd: Started Session 47 of user root.
Sep 26 04:10:01 issabel systemd: Started Session 46 of user root.
Sep 26 04:10:24 issabel dhclient[2607]: DHCPREQUEST on eth1 to 192.168.56.100 port 67 (xid=0x506ae9cb)
Sep 26 04:10:24 issabel dhclient[2607]: DHCPACK from 192.168.56.100 (xid=0x506ae9cb)
Sep 26 04:10:27 issabel dhclient[2607]: bound to 192.168.56.102 -- renewal in 263 seconds.
Sep 26 04:14:08 issabel systemd-logind: Removed session 34.
Sep 26 04:14:50 issabel dhclient[2607]: DHCPREQUEST on eth1 to 192.168.56.100 port 67 (xid=0x506ae9cb)
Sep 26 04:14:50 issabel dhclient[2607]: DHCPACK from 192.168.56.100 (xid=0x506ae9cb)
Sep 26 04:14:52 issabel dhclient[2607]: bound to 192.168.56.102 -- renewal in 259 seconds.
Sep 26 04:15:01 issabel systemd: Started Session 48 of user root.
Sep 26 04:16:01 issabel systemd: Started Session 49 of user asterisk.
Sep 26 04:19:11 issabel dhclient[2607]: DHCPREQUEST on eth1 to 192.168.56.100 port 67 (xid=0x506ae9cb)
Sep 26 04:19:11 issabel dhclient[2607]: DHCPACK from 192.168.56.100 (xid=0x506ae9cb)
Sep 26 04:19:14 issabel dhclient[2607]: bound to 192.168.56.102 -- renewal in 242 seconds.
Sep 26 04:20:01 issabel systemd: Started Session 50 of user root.
Sep 26 04:22:17 issabel systemd: Started Session 51 of user root.
Sep 26 04:22:17 issabel systemd-logind: New session 51 of user root.
Sep 26 04:23:16 issabel dhclient[2607]: DHCPREQUEST on eth1 to 192.168.56.100 port 67 (xid=0x506ae9cb)
Sep 26 04:23:16 issabel dhclient[2607]: DHCPACK from 192.168.56.100 (xid=0x506ae9cb)
Sep 26 04:23:18 issabel dhclient[2607]: bound to 192.168.56.102 -- renewal in 267 seconds.
Sep 26 04:25:01 issabel systemd: Started Session 52 of user root.
Sep 26 04:25:03 issabel systemd-logind: Removed session 51.
Sep 26 04:26:15 issabel systemd: Started Session 53 of user root.
Sep 26 04:26:15 issabel systemd-logind: New session 53 of user root.
Sep 26 04:26:50 issabel systemd: Started Session 54 of user root.
Sep 26 04:26:50 issabel systemd-logind: New session 54 of user root.
Sep 26 04:27:45 issabel dhclient[2607]: DHCPREQUEST on eth1 to 192.168.56.100 port 67 (xid=0x506ae9cb)
Sep 26 04:27:46 issabel dhclient[2607]: DHCPACK from 192.168.56.100 (xid=0x506ae9cb)
Sep 26 04:27:48 issabel dhclient[2607]: bound to 192.168.56.102 -- renewal in 234 seconds.
Sep 26 04:30:01 issabel systemd: Started Session 55 of user root.
Sep 26 04:30:10 issabel systemd: Started Session 56 of user root.
Sep 26 04:30:10 issabel systemd-logind: New session 56 of user root.
Sep 26 04:31:42 issabel dhclient[2607]: DHCPREQUEST on eth1 to 192.168.56.100 port 67 (xid=0x506ae9cb)
Sep 26 04:31:42 issabel dhclient[2607]: DHCPACK from 192.168.56.100 (xid=0x506ae9cb)
Sep 26 04:31:45 issabel dhclient[2607]: bound to 192.168.56.102 -- renewal in 278 seconds.
Sep 26 04:33:48 issabel systemd-logind: Removed session 56.
Sep 26 04:35:01 issabel systemd: Started Session 57 of user root.
Sep 26 04:36:23 issabel dhclient[2607]: DHCPREQUEST on eth1 to 192.168.56.100 port 67 (xid=0x506ae9cb)
Sep 26 04:36:23 issabel dhclient[2607]: DHCPACK from 192.168.56.100 (xid=0x506ae9cb)
Sep 26 04:36:25 issabel dhclient[2607]: bound to 192.168.56.102 -- renewal in 285 seconds.
Sep 26 04:37:18 issabel yum[6763]: Installed: perl-TermReadKey-2.30-20.el7.x86_64
Sep 26 04:37:18 issabel systemd: Reloading.
Sep 26 04:37:18 issabel yum[6763]: Installed: rsync-3.1.2-11.el7_9.x86_64
Sep 26 04:37:18 issabel yum[6763]: Installed: perl-Git-1.8.3.1-23.el7_8.noarch
Sep 26 04:37:19 issabel yum[6763]: Installed: git-1.8.3.1-23.el7_8.x86_64
Sep 26 04:40:01 issabel systemd: Started Session 58 of user root.
Sep 26 04:41:10 issabel dhclient[2607]: DHCPREQUEST on eth1 to 192.168.56.100 port 67 (xid=0x506ae9cb)
Sep 26 04:41:10 issabel dhclient[2607]: DHCPACK from 192.168.56.100 (xid=0x506ae9cb)
Sep 26 04:41:12 issabel dhclient[2607]: bound to 192.168.56.102 -- renewal in 294 seconds.
Sep 26 05:17:21 issabel kernel: Initializing cgroup subsys cpuset
Sep 26 05:17:21 issabel kernel: Initializing cgroup subsys cpu
Sep 26 05:17:21 issabel kernel: Initializing cgroup subsys cpuacct
Sep 26 05:17:21 issabel kernel: Linux version 3.10.0-1160.el7.x86_64 (mockbuild@kbuilder.bsys.centos.org) (gcc version 4.8.5 20150623 (Red Hat 4.8.5-44) (GCC) ) #1 SMP Mon Oct 19 16:18:59 UTC 2020
Sep 26 05:17:21 issabel kernel: Command line: BOOT_IMAGE=/vmlinuz-3.10.0-1160.el7.x86_64 root=UUID=0d5851af-702b-448a-bbfa-6a361f879e66 ro net.ifnames=0 rhgb quiet LANG=en_US.UTF-8
Sep 26 05:17:21 issabel kernel: e820: BIOS-provided physical RAM map:
Sep 26 05:17:21 issabel kernel: BIOS-e820: [mem 0x0000000000000000-0x000000000009fbff] usable
Sep 26 05:17:21 issabel kernel: BIOS-e820: [mem 0x000000000009fc00-0x000000000009ffff] reserved
Sep 26 05:17:21 issabel kernel: BIOS-e820: [mem 0x00000000000f0000-0x00000000000fffff] reserved
Sep 26 05:17:21 issabel kernel: BIOS-e820: [mem 0x0000000000100000-0x00000000dffeffff] usable
Sep 26 05:17:21 issabel kernel: BIOS-e820: [mem 0x00000000dfff0000-0x00000000dfffffff] ACPI data
Sep 26 05:17:21 issabel kernel: BIOS-e820: [mem 0x00000000fec00000-0x00000000fec00fff] reserved
Sep 26 05:17:21 issabel kernel: BIOS-e820: [mem 0x00000000fee00000-0x00000000fee00fff] reserved
Sep 26 05:17:21 issabel kernel: BIOS-e820: [mem 0x00000000fffc0000-0x00000000ffffffff] reserved
Sep 26 05:17:21 issabel kernel: BIOS-e820: [mem 0x0000000100000000-0x000000011fffffff] usable
Sep 26 05:17:21 issabel kernel: NX (Execute Disable) protection: active
Sep 26 05:17:21 issabel kernel: SMBIOS 2.5 present.
Sep 26 05:17:21 issabel kernel: DMI: innotek GmbH VirtualBox/VirtualBox, BIOS VirtualBox 12/01/2006
Sep 26 05:17:21 issabel kernel: Hypervisor detected: KVM
Sep 26 05:17:21 issabel kernel: e820: last_pfn = 0x120000 max_arch_pfn = 0x400000000
Sep 26 05:17:21 issabel kernel: PAT configuration [0-7]: WB  WC  UC- UC  WB  WP  UC- UC  
Sep 26 05:17:21 issabel kernel: CPU MTRRs all blank - virtualized system.
Sep 26 05:17:21 issabel kernel: e820: last_pfn = 0xdfff0 max_arch_pfn = 0x400000000
Sep 26 05:17:21 issabel kernel: found SMP MP-table at [mem 0x0009fff0-0x0009ffff] mapped at [ffffffffff200ff0]
Sep 26 05:17:21 issabel kernel: RAMDISK: [mem 0x35c96000-0x36e42fff]
Sep 26 05:17:21 issabel kernel: Early table checksum verification disabled
Sep 26 05:17:21 issabel kernel: ACPI: RSDP 00000000000e0000 00024 (v02 VBOX  )
Sep 26 05:17:21 issabel kernel: ACPI: XSDT 00000000dfff0030 0003C (v01 VBOX   VBOXXSDT 00000001 ASL  00000061)
Sep 26 05:17:21 issabel kernel: ACPI: FACP 00000000dfff00f0 000F4 (v04 VBOX   VBOXFACP 00000001 ASL  00000061)
Sep 26 05:17:21 issabel kernel: ACPI: DSDT 00000000dfff0470 02325 (v02 VBOX   VBOXBIOS 00000002 INTL 20100528)
Sep 26 05:17:21 issabel kernel: ACPI: FACS 00000000dfff0200 00040
Sep 26 05:17:21 issabel kernel: ACPI: APIC 00000000dfff0240 00054 (v02 VBOX   VBOXAPIC 00000001 ASL  00000061)
Sep 26 05:17:21 issabel kernel: ACPI: SSDT 00000000dfff02a0 001CC (v01 VBOX   VBOXCPUT 00000002 INTL 20100528)
Sep 26 05:17:21 issabel kernel: No NUMA configuration found
Sep 26 05:17:21 issabel kernel: Faking a node at [mem 0x0000000000000000-0x000000011fffffff]
Sep 26 05:17:21 issabel kernel: NODE_DATA(0) allocated [mem 0x11ffd5000-0x11fffbfff]
Sep 26 05:17:21 issabel kernel: kvm-clock: cpu 0, msr 1:1ff84001, primary cpu clock
Sep 26 05:17:21 issabel kernel: kvm-clock: Using msrs 4b564d01 and 4b564d00
Sep 26 05:17:21 issabel kernel: kvm-clock: using sched offset of 4065419493 cycles
Sep 26 05:17:21 issabel kernel: Zone ranges:
Sep 26 05:17:21 issabel kernel:  DMA      [mem 0x00001000-0x00ffffff]
Sep 26 05:17:21 issabel kernel:  DMA32    [mem 0x01000000-0xffffffff]
Sep 26 05:17:21 issabel kernel:  Normal   [mem 0x100000000-0x11fffffff]
Sep 26 05:17:21 issabel kernel: Movable zone start for each node
Sep 26 05:17:21 issabel kernel: Early memory node ranges
Sep 26 05:17:21 issabel kernel:  node   0: [mem 0x00001000-0x0009efff]
Sep 26 05:17:21 issabel kernel:  node   0: [mem 0x00100000-0xdffeffff]
Sep 26 05:17:21 issabel kernel:  node   0: [mem 0x100000000-0x11fffffff]
Sep 26 05:17:21 issabel kernel: Initmem setup node 0 [mem 0x00001000-0x11fffffff]
Sep 26 05:17:21 issabel kernel: ACPI: PM-Timer IO Port: 0x4008
Sep 26 05:17:21 issabel kernel: ACPI: LAPIC (acpi_id[0x00] lapic_id[0x00] enabled)
Sep 26 05:17:21 issabel kernel: ACPI: IOAPIC (id[0x01] address[0xfec00000] gsi_base[0])
Sep 26 05:17:21 issabel kernel: IOAPIC[0]: apic_id 1, version 32, address 0xfec00000, GSI 0-23
Sep 26 05:17:21 issabel kernel: ACPI: INT_SRC_OVR (bus 0 bus_irq 0 global_irq 2 dfl dfl)
Sep 26 05:17:21 issabel kernel: ACPI: INT_SRC_OVR (bus 0 bus_irq 9 global_irq 9 low level)
Sep 26 05:17:21 issabel kernel: Using ACPI (MADT) for SMP configuration information
Sep 26 05:17:21 issabel kernel: smpboot: Allowing 1 CPUs, 0 hotplug CPUs
Sep 26 05:17:21 issabel kernel: PM: Registered nosave memory: [mem 0x0009f000-0x0009ffff]
Sep 26 05:17:21 issabel kernel: PM: Registered nosave memory: [mem 0x000a0000-0x000effff]
Sep 26 05:17:21 issabel kernel: PM: Registered nosave memory: [mem 0x000f0000-0x000fffff]
Sep 26 05:17:21 issabel kernel: PM: Registered nosave memory: [mem 0xdfff0000-0xdfffffff]
Sep 26 05:17:21 issabel kernel: PM: Registered nosave memory: [mem 0xe0000000-0xfebfffff]
Sep 26 05:17:21 issabel kernel: PM: Registered nosave memory: [mem 0xfec00000-0xfec00fff]
Sep 26 05:17:21 issabel kernel: PM: Registered nosave memory: [mem 0xfec01000-0xfedfffff]
Sep 26 05:17:21 issabel kernel: PM: Registered nosave memory: [mem 0xfee00000-0xfee00fff]
Sep 26 05:17:21 issabel kernel: PM: Registered nosave memory: [mem 0xfee01000-0xfffbffff]
Sep 26 05:17:21 issabel kernel: PM: Registered nosave memory: [mem 0xfffc0000-0xffffffff]
Sep 26 05:17:21 issabel kernel: e820: [mem 0xe0000000-0xfebfffff] available for PCI devices
Sep 26 05:17:21 issabel kernel: Booting paravirtualized kernel on KVM
Sep 26 05:17:21 issabel kernel: Detected CPU family 6 model 140 stepping 1
Sep 26 05:17:21 issabel kernel: Warning: Intel Processor - this hardware has not undergone upstream testing. Please consult http://wiki.centos.org/FAQ for more information
Sep 26 05:17:21 issabel kernel: setup_percpu: NR_CPUS:5120 nr_cpumask_bits:1 nr_cpu_ids:1 nr_node_ids:1
Sep 26 05:17:21 issabel kernel: percpu: Embedded 38 pages/cpu s118784 r8192 d28672 u2097152
Sep 26 05:17:21 issabel kernel: Built 1 zonelists in Node order, mobility grouping on.  Total pages: 1032057
Sep 26 05:17:21 issabel kernel: Policy zone: Normal
Sep 26 05:17:21 issabel kernel: Kernel command line: BOOT_IMAGE=/vmlinuz-3.10.0-1160.el7.x86_64 root=UUID=0d5851af-702b-448a-bbfa-6a361f879e66 ro net.ifnames=0 rhgb quiet LANG=en_US.UTF-8
Sep 26 05:17:21 issabel kernel: PID hash table entries: 4096 (order: 3, 32768 bytes)
Sep 26 05:17:21 issabel kernel: x86/fpu: xstate_offset[2]: 0240, xstate_sizes[2]: 0100
Sep 26 05:17:21 issabel kernel: xsave: enabled xstate_bv 0x7, cntxt size 0x340 using standard form
Sep 26 05:17:21 issabel kernel: Memory: 4024228k/4718592k available (7788k kernel code, 524744k absent, 169620k reserved, 5954k data, 1984k init)
Sep 26 05:17:21 issabel kernel: SLUB: HWalign=64, Order=0-3, MinObjects=0, CPUs=1, Nodes=1
Sep 26 05:17:21 issabel kernel: Hierarchical RCU implementation.
Sep 26 05:17:21 issabel kernel: #011RCU restricting CPUs from NR_CPUS=5120 to nr_cpu_ids=1.
Sep 26 05:17:21 issabel kernel: NR_IRQS:327936 nr_irqs:256 0
Sep 26 05:17:21 issabel kernel: Console: colour VGA+ 80x25
Sep 26 05:17:21 issabel kernel: console [tty0] enabled
Sep 26 05:17:21 issabel kernel: allocated 109051904 bytes of page_cgroup
Sep 26 05:17:21 issabel kernel: please try 'cgroup_disable=memory' option if you don't want memory cgroups
Sep 26 05:17:21 issabel kernel: tsc: Detected 2419.202 MHz processor
Sep 26 05:17:21 issabel kernel: Calibrating delay loop (skipped) preset value.. 4838.40 BogoMIPS (lpj=2419202)
Sep 26 05:17:21 issabel kernel: pid_max: default: 32768 minimum: 301
Sep 26 05:17:21 issabel kernel: Security Framework initialized
Sep 26 05:17:21 issabel kernel: SELinux:  Initializing.
Sep 26 05:17:21 issabel kernel: Yama: becoming mindful.
Sep 26 05:17:21 issabel kernel: Dentry cache hash table entries: 524288 (order: 10, 4194304 bytes)
Sep 26 05:17:21 issabel kernel: Inode-cache hash table entries: 262144 (order: 9, 2097152 bytes)
Sep 26 05:17:21 issabel kernel: Mount-cache hash table entries: 8192 (order: 4, 65536 bytes)
Sep 26 05:17:21 issabel kernel: Mountpoint-cache hash table entries: 8192 (order: 4, 65536 bytes)
Sep 26 05:17:21 issabel kernel: Initializing cgroup subsys memory
Sep 26 05:17:21 issabel kernel: Initializing cgroup subsys devices
Sep 26 05:17:21 issabel kernel: Initializing cgroup subsys freezer
Sep 26 05:17:21 issabel kernel: Initializing cgroup subsys net_cls
Sep 26 05:17:21 issabel kernel: Initializing cgroup subsys blkio
Sep 26 05:17:21 issabel kernel: Initializing cgroup subsys perf_event
Sep 26 05:17:21 issabel kernel: Initializing cgroup subsys hugetlb
Sep 26 05:17:21 issabel kernel: Initializing cgroup subsys pids
Sep 26 05:17:21 issabel kernel: Initializing cgroup subsys net_prio
Sep 26 05:17:21 issabel kernel: Last level iTLB entries: 4KB 0, 2MB 0, 4MB 0
Sep 26 05:17:21 issabel kernel: Last level dTLB entries: 4KB 0, 2MB 0, 4MB 0
Sep 26 05:17:21 issabel kernel: tlb_flushall_shift: 6
Sep 26 05:17:21 issabel kernel: FEATURE SPEC_CTRL Not Present
Sep 26 05:17:21 issabel kernel: FEATURE IBPB_SUPPORT Not Present
Sep 26 05:17:21 issabel kernel: Spectre V1 : Mitigation: Load fences, usercopy/swapgs barriers and __user pointer sanitization
Sep 26 05:17:21 issabel kernel: Spectre V2 : Vulnerable: Retpoline without IBPB
Sep 26 05:17:21 issabel kernel: Speculative Store Bypass: Vulnerable
Sep 26 05:17:21 issabel kernel: Freeing SMP alternatives: 28k freed
Sep 26 05:17:21 issabel kernel: ACPI: Core revision 20130517
Sep 26 05:17:21 issabel kernel: ACPI: All ACPI Tables successfully acquired
Sep 26 05:17:21 issabel kernel: ftrace: allocating 29651 entries in 116 pages
Sep 26 05:17:21 issabel kernel: Enabling x2apic
Sep 26 05:17:21 issabel kernel: Enabled x2apic
Sep 26 05:17:21 issabel kernel: Switched APIC routing to physical x2apic.
Sep 26 05:17:21 issabel kernel: ..TIMER: vector=0x30 apic1=0 pin1=2 apic2=-1 pin2=-1
Sep 26 05:17:21 issabel kernel: smpboot: CPU0: 11th Gen Intel(R) Core(TM) i5-1135G7 @ 2.40GHz (fam: 06, model: 8c, stepping: 01)
Sep 26 05:17:21 issabel kernel: Performance Events: unsupported p6 CPU model 140 no PMU driver, software events only.
Sep 26 05:17:21 issabel kernel: KVM setup paravirtual spinlock
Sep 26 05:17:21 issabel kernel: Brought up 1 CPUs
Sep 26 05:17:21 issabel kernel: smpboot: Max logical packages: 1
Sep 26 05:17:21 issabel kernel: smpboot: Total of 1 processors activated (4838.40 BogoMIPS)
Sep 26 05:17:21 issabel kernel: devtmpfs: initialized
Sep 26 05:17:21 issabel kernel: x86/mm: Memory block size: 128MB
Sep 26 05:17:21 issabel kernel: EVM: security.selinux
Sep 26 05:17:21 issabel kernel: EVM: security.ima
Sep 26 05:17:21 issabel kernel: EVM: security.capability
Sep 26 05:17:21 issabel kernel: atomic64 test passed for x86-64 platform with CX8 and with SSE
Sep 26 05:17:21 issabel kernel: pinctrl core: initialized pinctrl subsystem
Sep 26 05:17:21 issabel kernel: RTC time:  9:17:21, date: 09/26/22
Sep 26 05:17:21 issabel kernel: NET: Registered protocol family 16
Sep 26 05:17:21 issabel kernel: cpuidle: using governor haltpoll
Sep 26 05:17:21 issabel kernel: ACPI: bus type PCI registered
Sep 26 05:17:21 issabel kernel: acpiphp: ACPI Hot Plug PCI Controller Driver version: 0.5
Sep 26 05:17:21 issabel kernel: PCI: Using configuration type 1 for base access
Sep 26 05:17:21 issabel kernel: ACPI: Added _OSI(Module Device)
Sep 26 05:17:21 issabel kernel: ACPI: Added _OSI(Processor Device)
Sep 26 05:17:21 issabel kernel: ACPI: Added _OSI(3.0 _SCP Extensions)
Sep 26 05:17:21 issabel kernel: ACPI: Added _OSI(Processor Aggregator Device)
Sep 26 05:17:21 issabel kernel: ACPI: Added _OSI(Linux-Dell-Video)
Sep 26 05:17:21 issabel kernel: ACPI: Executed 1 blocks of module-level executable AML code
Sep 26 05:17:21 issabel kernel: ACPI: Interpreter enabled
Sep 26 05:17:21 issabel kernel: ACPI: (supports S0 S5)
Sep 26 05:17:21 issabel kernel: ACPI: Using IOAPIC for interrupt routing
Sep 26 05:17:21 issabel kernel: PCI: Using host bridge windows from ACPI; if necessary, use "pci=nocrs" and report a bug
Sep 26 05:17:21 issabel kernel: ACPI: Enabled 2 GPEs in block 00 to 07
Sep 26 05:17:21 issabel kernel: ACPI: PCI Root Bridge [PCI0] (domain 0000 [bus 00-ff])
Sep 26 05:17:21 issabel kernel: acpi PNP0A03:00: _OSC: OS supports [ASPM ClockPM Segments MSI]
Sep 26 05:17:21 issabel kernel: acpi PNP0A03:00: _OSC: not requesting OS control; OS requires [ExtendedConfig ASPM ClockPM MSI]
Sep 26 05:17:21 issabel kernel: acpi PNP0A03:00: fail to add MMCONFIG information, can't access extended PCI configuration space under this bridge.
Sep 26 05:17:21 issabel kernel: PCI host bridge to bus 0000:00
Sep 26 05:17:21 issabel kernel: pci_bus 0000:00: root bus resource [io  0x0000-0x0cf7 window]
Sep 26 05:17:21 issabel kernel: pci_bus 0000:00: root bus resource [io  0x0d00-0xffff window]
Sep 26 05:17:21 issabel kernel: pci_bus 0000:00: root bus resource [mem 0x000a0000-0x000bffff window]
Sep 26 05:17:21 issabel kernel: pci_bus 0000:00: root bus resource [mem 0xe0000000-0xfdffffff window]
Sep 26 05:17:21 issabel kernel: pci_bus 0000:00: root bus resource [bus 00-ff]
Sep 26 05:17:21 issabel kernel: pci 0000:00:01.1: legacy IDE quirk: reg 0x10: [io  0x01f0-0x01f7]
Sep 26 05:17:21 issabel kernel: pci 0000:00:01.1: legacy IDE quirk: reg 0x14: [io  0x03f6]
Sep 26 05:17:21 issabel kernel: pci 0000:00:01.1: legacy IDE quirk: reg 0x18: [io  0x0170-0x0177]
Sep 26 05:17:21 issabel kernel: pci 0000:00:01.1: legacy IDE quirk: reg 0x1c: [io  0x0376]
Sep 26 05:17:21 issabel kernel: pci 0000:00:07.0: quirk: [io  0x4000-0x403f] claimed by PIIX4 ACPI
Sep 26 05:17:21 issabel kernel: pci 0000:00:07.0: quirk: [io  0x4100-0x410f] claimed by PIIX4 SMB
Sep 26 05:17:21 issabel kernel: ACPI: PCI Interrupt Link [LNKA] (IRQs 5 9 10 *11)
Sep 26 05:17:21 issabel kernel: ACPI: PCI Interrupt Link [LNKB] (IRQs 5 9 *10 11)
Sep 26 05:17:21 issabel kernel: ACPI: PCI Interrupt Link [LNKC] (IRQs 5 *9 10 11)
Sep 26 05:17:21 issabel kernel: ACPI: PCI Interrupt Link [LNKD] (IRQs 5 9 10 *11)
Sep 26 05:17:21 issabel kernel: vgaarb: device added: PCI:0000:00:02.0,decodes=io+mem,owns=io+mem,locks=none
Sep 26 05:17:21 issabel kernel: vgaarb: loaded
Sep 26 05:17:21 issabel kernel: vgaarb: bridge control possible 0000:00:02.0
Sep 26 05:17:21 issabel kernel: SCSI subsystem initialized
Sep 26 05:17:21 issabel kernel: ACPI: bus type USB registered
Sep 26 05:17:21 issabel kernel: usbcore: registered new interface driver usbfs
Sep 26 05:17:21 issabel kernel: usbcore: registered new interface driver hub
Sep 26 05:17:21 issabel kernel: usbcore: registered new device driver usb
Sep 26 05:17:21 issabel kernel: EDAC MC: Ver: 3.0.0
Sep 26 05:17:21 issabel kernel: PCI: Using ACPI for IRQ routing
Sep 26 05:17:21 issabel kernel: NetLabel: Initializing
Sep 26 05:17:21 issabel kernel: NetLabel:  domain hash size = 128
Sep 26 05:17:21 issabel kernel: NetLabel:  protocols = UNLABELED CIPSOv4
Sep 26 05:17:21 issabel kernel: NetLabel:  unlabeled traffic allowed by default
Sep 26 05:17:21 issabel kernel: amd_nb: Cannot enumerate AMD northbridges
Sep 26 05:17:21 issabel kernel: Switched to clocksource kvm-clock
Sep 26 05:17:21 issabel kernel: pnp: PnP ACPI init
Sep 26 05:17:21 issabel kernel: ACPI: bus type PNP registered
Sep 26 05:17:21 issabel kernel: pnp: PnP ACPI: found 2 devices
Sep 26 05:17:21 issabel kernel: ACPI: bus type PNP unregistered
Sep 26 05:17:21 issabel kernel: NET: Registered protocol family 2
Sep 26 05:17:21 issabel kernel: TCP established hash table entries: 32768 (order: 6, 262144 bytes)
Sep 26 05:17:21 issabel kernel: TCP bind hash table entries: 32768 (order: 7, 524288 bytes)
Sep 26 05:17:21 issabel kernel: TCP: Hash tables configured (established 32768 bind 32768)
Sep 26 05:17:21 issabel kernel: TCP: reno registered
Sep 26 05:17:21 issabel kernel: UDP hash table entries: 2048 (order: 4, 65536 bytes)
Sep 26 05:17:21 issabel kernel: UDP-Lite hash table entries: 2048 (order: 4, 65536 bytes)
Sep 26 05:17:21 issabel kernel: NET: Registered protocol family 1
Sep 26 05:17:21 issabel kernel: pci 0000:00:00.0: Limiting direct PCI/PCI transfers
Sep 26 05:17:21 issabel kernel: pci 0000:00:01.0: Activating ISA DMA hang workarounds
Sep 26 05:17:21 issabel kernel: Unpacking initramfs...
Sep 26 05:17:21 issabel kernel: Freeing initrd memory: 18100k freed
Sep 26 05:17:21 issabel kernel: PCI-DMA: Using software bounce buffering for IO (SWIOTLB)
Sep 26 05:17:21 issabel kernel: software IO TLB [mem 0xdbff0000-0xdfff0000] (64MB) mapped at [ffff8a2f9bff0000-ffff8a2f9ffeffff]
Sep 26 05:17:21 issabel kernel: platform rtc_cmos: registered platform RTC device (no PNP device found)
Sep 26 05:17:21 issabel kernel: sha1_ssse3: Using AVX optimized SHA-1 implementation
Sep 26 05:17:21 issabel kernel: sha256_ssse3: Using AVX optimized SHA-256 implementation
Sep 26 05:17:21 issabel kernel: futex hash table entries: 256 (order: 2, 16384 bytes)
Sep 26 05:17:21 issabel kernel: Initialise system trusted keyring
Sep 26 05:17:21 issabel kernel: audit: initializing netlink socket (disabled)
Sep 26 05:17:21 issabel kernel: type=2000 audit(1664183847.599:1): initialized
Sep 26 05:17:21 issabel kernel: HugeTLB registered 2 MB page size, pre-allocated 0 pages
Sep 26 05:17:21 issabel kernel: zpool: loaded
Sep 26 05:17:21 issabel kernel: zbud: loaded
Sep 26 05:17:21 issabel kernel: VFS: Disk quotas dquot_6.5.2
Sep 26 05:17:21 issabel kernel: Dquot-cache hash table entries: 512 (order 0, 4096 bytes)
Sep 26 05:17:21 issabel kernel: Key type big_key registered
Sep 26 05:17:21 issabel kernel: NET: Registered protocol family 38
Sep 26 05:17:21 issabel kernel: Key type asymmetric registered
Sep 26 05:17:21 issabel kernel: Asymmetric key parser 'x509' registered
Sep 26 05:17:21 issabel kernel: Block layer SCSI generic (bsg) driver version 0.4 loaded (major 248)
Sep 26 05:17:21 issabel kernel: io scheduler noop registered
Sep 26 05:17:21 issabel kernel: io scheduler deadline registered (default)
Sep 26 05:17:21 issabel kernel: io scheduler cfq registered
Sep 26 05:17:21 issabel kernel: io scheduler mq-deadline registered
Sep 26 05:17:21 issabel kernel: io scheduler kyber registered
Sep 26 05:17:21 issabel kernel: pci_hotplug: PCI Hot Plug PCI Core version: 0.5
Sep 26 05:17:21 issabel kernel: pciehp: PCI Express Hot Plug Controller Driver version: 0.4
Sep 26 05:17:21 issabel kernel: shpchp: Standard Hot Plug PCI Controller Driver version: 0.4
Sep 26 05:17:21 issabel kernel: ACPI: AC Adapter [AC] (on-line)
Sep 26 05:17:21 issabel kernel: input: Power Button as /devices/LNXSYSTM:00/LNXPWRBN:00/input/input0
Sep 26 05:17:21 issabel kernel: ACPI: Power Button [PWRF]
Sep 26 05:17:21 issabel kernel: input: Sleep Button as /devices/LNXSYSTM:00/LNXSLPBN:00/input/input1
Sep 26 05:17:21 issabel kernel: ACPI: Sleep Button [SLPF]
Sep 26 05:17:21 issabel kernel: GHES: HEST is not enabled!
Sep 26 05:17:21 issabel kernel: Serial: 8250/16550 driver, 4 ports, IRQ sharing enabled
Sep 26 05:17:21 issabel kernel: Non-volatile memory driver v1.3
Sep 26 05:17:21 issabel kernel: Linux agpgart interface v0.103
Sep 26 05:17:21 issabel kernel: crash memory driver: version 1.1
Sep 26 05:17:21 issabel kernel: rdac: device handler registered
Sep 26 05:17:21 issabel kernel: ACPI: Battery Slot [BAT0] (battery present)
Sep 26 05:17:21 issabel kernel: hp_sw: device handler registered
Sep 26 05:17:21 issabel kernel: emc: device handler registered
Sep 26 05:17:21 issabel kernel: alua: device handler registered
Sep 26 05:17:21 issabel kernel: libphy: Fixed MDIO Bus: probed
Sep 26 05:17:21 issabel kernel: ehci_hcd: USB 2.0 'Enhanced' Host Controller (EHCI) Driver
Sep 26 05:17:21 issabel kernel: ehci-pci: EHCI PCI platform driver
Sep 26 05:17:21 issabel kernel: ohci_hcd: USB 1.1 'Open' Host Controller (OHCI) Driver
Sep 26 05:17:21 issabel kernel: ohci-pci: OHCI PCI platform driver
Sep 26 05:17:21 issabel kernel: ohci-pci 0000:00:06.0: OHCI PCI host controller
Sep 26 05:17:21 issabel kernel: ohci-pci 0000:00:06.0: new USB bus registered, assigned bus number 1
Sep 26 05:17:21 issabel kernel: ohci-pci 0000:00:06.0: irq 22, io mem 0xf0804000
Sep 26 05:17:21 issabel kernel: usb usb1: New USB device found, idVendor=1d6b, idProduct=0001, bcdDevice= 3.10
Sep 26 05:17:21 issabel kernel: usb usb1: New USB device strings: Mfr=3, Product=2, SerialNumber=1
Sep 26 05:17:21 issabel kernel: usb usb1: Product: OHCI PCI host controller
Sep 26 05:17:21 issabel kernel: usb usb1: Manufacturer: Linux 3.10.0-1160.el7.x86_64 ohci_hcd
Sep 26 05:17:21 issabel kernel: usb usb1: SerialNumber: 0000:00:06.0
Sep 26 05:17:21 issabel kernel: hub 1-0:1.0: USB hub found
Sep 26 05:17:21 issabel kernel: hub 1-0:1.0: 12 ports detected
Sep 26 05:17:21 issabel kernel: uhci_hcd: USB Universal Host Controller Interface driver
Sep 26 05:17:21 issabel kernel: usbcore: registered new interface driver usbserial_generic
Sep 26 05:17:21 issabel kernel: usbserial: USB Serial support registered for generic
Sep 26 05:17:21 issabel kernel: i8042: PNP: PS/2 Controller [PNP0303:PS2K,PNP0f03:PS2M] at 0x60,0x64 irq 1,12
Sep 26 05:17:21 issabel kernel: serio: i8042 KBD port at 0x60,0x64 irq 1
Sep 26 05:17:21 issabel kernel: serio: i8042 AUX port at 0x60,0x64 irq 12
Sep 26 05:17:21 issabel kernel: mousedev: PS/2 mouse device common for all mice
Sep 26 05:17:21 issabel kernel: input: AT Translated Set 2 keyboard as /devices/platform/i8042/serio0/input/input2
Sep 26 05:17:21 issabel kernel: rtc_cmos rtc_cmos: rtc core: registered rtc_cmos as rtc0
Sep 26 05:17:21 issabel kernel: rtc_cmos rtc_cmos: alarms up to one day, 114 bytes nvram
Sep 26 05:17:21 issabel kernel: hidraw: raw HID events driver (C) Jiri Kosina
Sep 26 05:17:21 issabel kernel: usbcore: registered new interface driver usbhid
Sep 26 05:17:21 issabel kernel: usbhid: USB HID core driver
Sep 26 05:17:21 issabel kernel: drop_monitor: Initializing network drop monitor service
Sep 26 05:17:21 issabel kernel: TCP: cubic registered
Sep 26 05:17:21 issabel kernel: Initializing XFRM netlink socket
Sep 26 05:17:21 issabel kernel: NET: Registered protocol family 10
Sep 26 05:17:21 issabel kernel: NET: Registered protocol family 17
Sep 26 05:17:21 issabel kernel: mpls_gso: MPLS GSO support
Sep 26 05:17:21 issabel kernel: mce: Using 0 MCE banks
Sep 26 05:17:21 issabel kernel: Loading compiled-in X.509 certificates
Sep 26 05:17:21 issabel kernel: Loaded X.509 cert 'CentOS Linux kpatch signing key: ea0413152cde1d98ebdca3fe6f0230904c9ef717'
Sep 26 05:17:21 issabel kernel: Loaded X.509 cert 'CentOS Linux Driver update signing key: 7f421ee0ab69461574bb358861dbe77762a4201b'
Sep 26 05:17:21 issabel kernel: Loaded X.509 cert 'CentOS Linux kernel signing key: e1fdb0e2a7e861a1d1ca80a23dcf0dba3aa4adf5'
Sep 26 05:17:21 issabel kernel: registered taskstats version 1
Sep 26 05:17:21 issabel kernel: page_owner is disabled
Sep 26 05:17:21 issabel kernel: Key type trusted registered
Sep 26 05:17:21 issabel kernel: Key type encrypted registered
Sep 26 05:17:21 issabel kernel: IMA: No TPM chip found, activating TPM-bypass! (rc=-19)
Sep 26 05:17:21 issabel kernel: BERT: Boot Error Record Table support is disabled. Enable it by using bert_enable as kernel parameter.
Sep 26 05:17:21 issabel kernel:  Magic number: 6:645:273
Sep 26 05:17:21 issabel kernel: usb usb1-port1: hash matches
Sep 26 05:17:21 issabel kernel: tty tty10: hash matches
Sep 26 05:17:21 issabel kernel: net lo: hash matches
Sep 26 05:17:21 issabel kernel: rtc_cmos rtc_cmos: setting system clock to 2022-09-26 09:17:21 UTC (1664183841)
Sep 26 05:17:21 issabel kernel: Freeing unused kernel memory: 1984k freed
Sep 26 05:17:21 issabel kernel: Write protecting the kernel read-only data: 12288k
Sep 26 05:17:21 issabel kernel: Freeing unused kernel memory: 392k freed
Sep 26 05:17:21 issabel kernel: Freeing unused kernel memory: 536k freed
Sep 26 05:17:21 issabel kernel: random: systemd: uninitialized urandom read (16 bytes read)
Sep 26 05:17:21 issabel kernel: random: systemd: uninitialized urandom read (16 bytes read)
Sep 26 05:17:21 issabel kernel: random: systemd: uninitialized urandom read (16 bytes read)
Sep 26 05:17:21 issabel systemd[1]: systemd 219 running in system mode. (+PAM +AUDIT +SELINUX +IMA -APPARMOR +SMACK +SYSVINIT +UTMP +LIBCRYPTSETUP +GCRYPT +GNUTLS +ACL +XZ +LZ4 -SECCOMP +BLKID +ELFUTILS +KMOD +IDN)
Sep 26 05:17:21 issabel systemd[1]: Detected virtualization kvm.
Sep 26 05:17:21 issabel systemd[1]: Detected architecture x86-64.
Sep 26 05:17:21 issabel systemd[1]: Running in initial RAM disk.
Sep 26 05:17:21 issabel systemd[1]: Set hostname to <issabel.local>.
Sep 26 05:17:21 issabel kernel: random: systemd: uninitialized urandom read (16 bytes read)
Sep 26 05:17:21 issabel kernel: random: systemd: uninitialized urandom read (16 bytes read)
Sep 26 05:17:21 issabel kernel: random: systemd: uninitialized urandom read (16 bytes read)
Sep 26 05:17:21 issabel kernel: random: systemd: uninitialized urandom read (16 bytes read)
Sep 26 05:17:21 issabel kernel: random: systemd: uninitialized urandom read (16 bytes read)
Sep 26 05:17:21 issabel kernel: random: systemd: uninitialized urandom read (16 bytes read)
Sep 26 05:17:21 issabel kernel: random: systemd: uninitialized urandom read (16 bytes read)
Sep 26 05:17:21 issabel systemd[1]: Created slice Root Slice.
Sep 26 05:17:21 issabel systemd[1]: Listening on udev Control Socket.
Sep 26 05:17:21 issabel systemd[1]: Listening on Journal Socket.
Sep 26 05:17:21 issabel systemd[1]: Reached target Local File Systems.
Sep 26 05:17:21 issabel systemd[1]: Reached target Timers.
Sep 26 05:17:21 issabel systemd[1]: Created slice System Slice.
Sep 26 05:17:21 issabel systemd[1]: Starting Create list of required static device nodes for the current kernel...
Sep 26 05:17:21 issabel systemd[1]: Reached target Slices.
Sep 26 05:17:21 issabel systemd[1]: Starting dracut cmdline hook...
Sep 26 05:17:21 issabel systemd[1]: Starting Setup Virtual Console...
Sep 26 05:17:21 issabel systemd[1]: Starting Journal Service...
Sep 26 05:17:21 issabel systemd[1]: Listening on udev Kernel Socket.
Sep 26 05:17:21 issabel systemd[1]: Reached target Sockets.
Sep 26 05:17:21 issabel systemd[1]: Starting Apply Kernel Variables...
Sep 26 05:17:21 issabel systemd[1]: Reached target Swap.
Sep 26 05:17:21 issabel systemd[1]: Started Apply Kernel Variables.
Sep 26 05:17:21 issabel systemd[1]: Started Create list of required static device nodes for the current kernel.
Sep 26 05:17:21 issabel systemd[1]: Starting Create Static Device Nodes in /dev...
Sep 26 05:17:21 issabel systemd[1]: Started Create Static Device Nodes in /dev.
Sep 26 05:17:21 issabel journal: Journal started
Sep 26 05:17:21 issabel systemd[1]: Started Journal Service.
Sep 26 05:17:21 issabel systemd: Started Setup Virtual Console.
Sep 26 05:17:21 issabel systemd: Started dracut cmdline hook.
Sep 26 05:17:21 issabel systemd: Starting dracut pre-udev hook...
Sep 26 05:17:21 issabel systemd: Started dracut pre-udev hook.
Sep 26 05:17:21 issabel systemd: Starting udev Kernel Device Manager...
Sep 26 05:17:21 issabel systemd-udevd: starting version 219
Sep 26 05:17:21 issabel systemd-udevd: Network interface NamePolicy= disabled on kernel command line, ignoring.
Sep 26 05:17:21 issabel systemd: Started udev Kernel Device Manager.
Sep 26 05:17:21 issabel systemd: Starting udev Coldplug all Devices...
Sep 26 05:17:21 issabel systemd: Mounting Configuration File System...
Sep 26 05:17:21 issabel kernel: psmouse serio1: alps: Unknown ALPS touchpad: E7=10 00 64, EC=10 00 64
Sep 26 05:17:21 issabel kernel: input: ImExPS/2 Generic Explorer Mouse as /devices/platform/i8042/serio1/input/input3
Sep 26 05:17:21 issabel systemd: Mounted Configuration File System.
Sep 26 05:17:21 issabel systemd: Started udev Coldplug all Devices.
Sep 26 05:17:21 issabel systemd: Starting Show Plymouth Boot Screen...
Sep 26 05:17:21 issabel systemd: Reached target System Initialization.
Sep 26 05:17:21 issabel systemd: Starting dracut initqueue hook...
Sep 26 05:17:21 issabel kernel: e1000: Intel(R) PRO/1000 Network Driver - version 7.3.21-k8-NAPI
Sep 26 05:17:21 issabel kernel: e1000: Copyright (c) 1999-2006 Intel Corporation.
Sep 26 05:17:21 issabel systemd: Started Show Plymouth Boot Screen.
Sep 26 05:17:21 issabel systemd: Started Forward Password Requests to Plymouth Directory Watch.
Sep 26 05:17:21 issabel systemd: Reached target Paths.
Sep 26 05:17:21 issabel systemd: Reached target Basic System.
Sep 26 05:17:21 issabel kernel: usb 1-1: new full-speed USB device number 2 using ohci-pci
Sep 26 05:17:22 issabel kernel: usb 1-1: New USB device found, idVendor=80ee, idProduct=0021, bcdDevice= 1.00
Sep 26 05:17:22 issabel kernel: usb 1-1: New USB device strings: Mfr=1, Product=3, SerialNumber=0
Sep 26 05:17:22 issabel kernel: usb 1-1: Product: USB Tablet
Sep 26 05:17:22 issabel kernel: usb 1-1: Manufacturer: VirtualBox
Sep 26 05:17:22 issabel kernel: input: VirtualBox USB Tablet as /devices/pci0000:00/0000:00:06.0/usb1/1-1/1-1:1.0/input/input4
Sep 26 05:17:22 issabel kernel: hid-generic 0003:80EE:0021.0001: input,hidraw0: USB HID v1.10 Mouse [VirtualBox USB Tablet] on usb-0000:00:06.0-1/input0
Sep 26 05:17:22 issabel kernel: e1000 0000:00:03.0 eth0: (PCI:33MHz:32-bit) 08:00:27:08:2a:49
Sep 26 05:17:22 issabel kernel: e1000 0000:00:03.0 eth0: Intel(R) PRO/1000 Network Connection
Sep 26 05:17:22 issabel kernel: scsi host0: ata_piix
Sep 26 05:17:22 issabel kernel: scsi host1: ata_piix
Sep 26 05:17:22 issabel kernel: ata1: PATA max UDMA/33 cmd 0x1f0 ctl 0x3f6 bmdma 0xd000 irq 14
Sep 26 05:17:22 issabel kernel: ata2: PATA max UDMA/33 cmd 0x170 ctl 0x376 bmdma 0xd008 irq 15
Sep 26 05:17:22 issabel kernel: [drm] DMA map mode: Keeping DMA mappings.
Sep 26 05:17:22 issabel kernel: [drm] Capabilities:
Sep 26 05:17:22 issabel kernel: [drm]   Cursor.
Sep 26 05:17:22 issabel kernel: [drm]   Cursor bypass 2.
Sep 26 05:17:22 issabel kernel: [drm]   Alpha cursor.
Sep 26 05:17:22 issabel kernel: [drm]   3D.
Sep 26 05:17:22 issabel kernel: [drm]   Extended Fifo.
Sep 26 05:17:22 issabel kernel: [drm]   Pitchlock.
Sep 26 05:17:22 issabel kernel: [drm]   Irq mask.
Sep 26 05:17:22 issabel kernel: [drm]   GMR.
Sep 26 05:17:22 issabel kernel: [drm]   Traces.
Sep 26 05:17:22 issabel kernel: [drm]   GMR2.
Sep 26 05:17:22 issabel kernel: [drm]   Screen Object 2.
Sep 26 05:17:22 issabel kernel: [drm] Max GMR ids is 8192
Sep 26 05:17:22 issabel kernel: [drm] Max number of GMR pages is 1048576
Sep 26 05:17:22 issabel kernel: [drm] Max dedicated hypervisor surface memory is 507904 kiB
Sep 26 05:17:22 issabel kernel: [drm] Maximum display memory size is 16384 kiB
Sep 26 05:17:22 issabel kernel: [drm] VRAM at 0xe0000000 size is 16384 kiB
Sep 26 05:17:22 issabel kernel: [drm] MMIO at 0xf0000000 size is 2048 kiB
Sep 26 05:17:22 issabel kernel: [TTM] Zone  kernel: Available graphics memory: 2022634 kiB
Sep 26 05:17:22 issabel kernel: [TTM] Initializing pool allocator
Sep 26 05:17:22 issabel kernel: [TTM] Initializing DMA pool allocator
Sep 26 05:17:22 issabel kernel: [drm] Supports vblank timestamp caching Rev 2 (21.10.2013).
Sep 26 05:17:22 issabel kernel: [drm] No driver support for vblank timestamp query.
Sep 26 05:17:22 issabel kernel: [drm] Screen Objects Display Unit initialized
Sep 26 05:17:22 issabel kernel: [drm] width 720
Sep 26 05:17:22 issabel kernel: [drm] height 400
Sep 26 05:17:22 issabel kernel: [drm] bpp 32
Sep 26 05:17:22 issabel kernel: [drm] Fifo max 0x00200000 min 0x00001000 cap 0x00000355
Sep 26 05:17:22 issabel kernel: [drm] DX: no.
Sep 26 05:17:22 issabel kernel: [drm] Atomic: yes.
Sep 26 05:17:22 issabel kernel: [drm] SM4_1: no.
Sep 26 05:17:22 issabel kernel: [drm:vmw_host_log [vmwgfx]] *ERROR* Failed to send host log message.
Sep 26 05:17:22 issabel kernel: [drm:vmw_host_log [vmwgfx]] *ERROR* Failed to send host log message.
Sep 26 05:17:22 issabel kernel: fbcon: svgadrmfb (fb0) is primary device
Sep 26 05:17:22 issabel kernel: Console: switching to colour frame buffer device 100x37
Sep 26 05:17:22 issabel kernel: [drm] Initialized vmwgfx 2.15.0 20180704 for 0000:00:02.0 on minor 0
Sep 26 05:17:22 issabel kernel: ata1.00: ATA-6: VBOX HARDDISK, 1.0, max UDMA/133
Sep 26 05:17:22 issabel kernel: ata1.00: 32145968 sectors, multi 128: LBA 
Sep 26 05:17:22 issabel kernel: ata2.00: ATAPI: VBOX CD-ROM, 1.0, max UDMA/133
Sep 26 05:17:22 issabel kernel: ata1.00: configured for UDMA/33
Sep 26 05:17:22 issabel kernel: scsi 0:0:0:0: Direct-Access     ATA      VBOX HARDDISK    1.0  PQ: 0 ANSI: 5
Sep 26 05:17:22 issabel kernel: ata2.00: configured for UDMA/33
Sep 26 05:17:22 issabel kernel: scsi 1:0:0:0: CD-ROM            VBOX     CD-ROM           1.0  PQ: 0 ANSI: 5
Sep 26 05:17:22 issabel kernel: tsc: Refined TSC clocksource calibration: 2419.731 MHz
Sep 26 05:17:22 issabel kernel: e1000 0000:00:08.0 eth1: (PCI:33MHz:32-bit) 08:00:27:38:f5:9d
Sep 26 05:17:22 issabel kernel: e1000 0000:00:08.0 eth1: Intel(R) PRO/1000 Network Connection
Sep 26 05:17:22 issabel kernel: sd 0:0:0:0: [sda] 32145968 512-byte logical blocks: (16.4 GB/15.3 GiB)
Sep 26 05:17:22 issabel kernel: sd 0:0:0:0: [sda] Write Protect is off
Sep 26 05:17:22 issabel kernel: sd 0:0:0:0: [sda] Write cache: enabled, read cache: enabled, doesn't support DPO or FUA
Sep 26 05:17:22 issabel kernel: sda: sda1 sda2 sda3
Sep 26 05:17:22 issabel kernel: sd 0:0:0:0: [sda] Attached SCSI disk
Sep 26 05:17:22 issabel kernel: sr 1:0:0:0: [sr0] scsi3-mmc drive: 32x/32x xa/form2 tray
Sep 26 05:17:22 issabel kernel: cdrom: Uniform CD-ROM driver Revision: 3.20
Sep 26 05:17:22 issabel kernel: random: fast init done
Sep 26 05:17:22 issabel systemd: Found device VBOX_HARDDISK 3.
Sep 26 05:17:22 issabel systemd: Starting File System Check on /dev/disk/by-uuid/0d5851af-702b-448a-bbfa-6a361f879e66...
Sep 26 05:17:22 issabel systemd-fsck: /dev/sda3: recovering journal
Sep 26 05:17:22 issabel systemd: Started dracut initqueue hook.
Sep 26 05:17:22 issabel systemd: Reached target Remote File Systems (Pre).
Sep 26 05:17:22 issabel systemd: Reached target Remote File Systems.
Sep 26 05:17:22 issabel systemd-fsck: /dev/sda3: Clearing orphaned inode 795824 (uid=997, gid=993, mode=0100600, size=0)
Sep 26 05:17:22 issabel systemd-fsck: /dev/sda3: Clearing orphaned inode 795819 (uid=27, gid=27, mode=0100600, size=0)
Sep 26 05:17:22 issabel systemd-fsck: /dev/sda3: Clearing orphaned inode 795818 (uid=27, gid=27, mode=0100600, size=0)
Sep 26 05:17:22 issabel systemd-fsck: /dev/sda3: Clearing orphaned inode 795817 (uid=27, gid=27, mode=0100600, size=0)
Sep 26 05:17:22 issabel systemd-fsck: /dev/sda3: Clearing orphaned inode 795816 (uid=27, gid=27, mode=0100600, size=0)
Sep 26 05:17:22 issabel systemd-fsck: /dev/sda3: Clearing orphaned inode 795815 (uid=27, gid=27, mode=0100600, size=0)
Sep 26 05:17:22 issabel systemd-fsck: /dev/sda3: clean, 108166/886464 files, 989610/3538944 blocks
Sep 26 05:17:22 issabel systemd: Started File System Check on /dev/disk/by-uuid/0d5851af-702b-448a-bbfa-6a361f879e66.
Sep 26 05:17:22 issabel systemd: Mounting /sysroot...
Sep 26 05:17:22 issabel kernel: EXT4-fs (sda3): mounted filesystem with ordered data mode. Opts: (null)
Sep 26 05:17:22 issabel systemd: Mounted /sysroot.
Sep 26 05:17:22 issabel systemd: Reached target Initrd Root File System.
Sep 26 05:17:22 issabel systemd: Starting Reload Configuration from the Real Root...
Sep 26 05:17:22 issabel systemd: Reloading.
Sep 26 05:17:22 issabel systemd: Started Reload Configuration from the Real Root.
Sep 26 05:17:22 issabel systemd: Reached target Initrd File Systems.
Sep 26 05:17:22 issabel systemd: Reached target Initrd Default Target.
Sep 26 05:17:22 issabel systemd: Starting dracut pre-pivot and cleanup hook...
Sep 26 05:17:23 issabel systemd: Started dracut pre-pivot and cleanup hook.
Sep 26 05:17:23 issabel systemd: Starting Cleaning Up and Shutting Down Daemons...
Sep 26 05:17:23 issabel systemd: Stopped dracut pre-pivot and cleanup hook.
Sep 26 05:17:23 issabel systemd: Stopped target Remote File Systems.
Sep 26 05:17:23 issabel systemd: Stopped target Remote File Systems (Pre).
Sep 26 05:17:23 issabel systemd: Starting Plymouth switch root service...
Sep 26 05:17:23 issabel systemd: Stopped target Timers.
Sep 26 05:17:23 issabel systemd: Stopped dracut initqueue hook.
Sep 26 05:17:23 issabel systemd: Stopped target Initrd Default Target.
Sep 26 05:17:23 issabel systemd: Stopped target Basic System.
Sep 26 05:17:23 issabel systemd: Stopped target Slices.
Sep 26 05:17:23 issabel systemd: Stopped target System Initialization.
Sep 26 05:17:23 issabel systemd: Stopped target Swap.
Sep 26 05:17:23 issabel systemd: Stopped udev Coldplug all Devices.
Sep 26 05:17:23 issabel systemd: Stopping udev Kernel Device Manager...
Sep 26 05:17:23 issabel systemd: Stopped Apply Kernel Variables.
Sep 26 05:17:23 issabel systemd: Stopped target Local File Systems.
Sep 26 05:17:23 issabel systemd: Stopped target Paths.
Sep 26 05:17:23 issabel systemd: Stopped target Sockets.
Sep 26 05:17:23 issabel systemd: Stopped udev Kernel Device Manager.
Sep 26 05:17:23 issabel systemd: Stopped Create Static Device Nodes in /dev.
Sep 26 05:17:23 issabel systemd: Stopped Create list of required static device nodes for the current kernel.
Sep 26 05:17:23 issabel systemd: Stopped dracut pre-udev hook.
Sep 26 05:17:23 issabel systemd: Stopped dracut cmdline hook.
Sep 26 05:17:23 issabel systemd: Closed udev Kernel Socket.
Sep 26 05:17:23 issabel systemd: Closed udev Control Socket.
Sep 26 05:17:23 issabel systemd: Starting Cleanup udevd DB...
Sep 26 05:17:23 issabel systemd: Started Cleaning Up and Shutting Down Daemons.
Sep 26 05:17:23 issabel systemd: Started Cleanup udevd DB.
Sep 26 05:17:23 issabel systemd: Reached target Switch Root.
Sep 26 05:17:23 issabel systemd: Started Plymouth switch root service.
Sep 26 05:17:23 issabel systemd: Starting Switch Root...
Sep 26 05:17:23 issabel systemd: Switching root.
Sep 26 05:17:23 issabel journal: Journal stopped
Sep 26 05:17:23 issabel journal: Runtime journal is using 8.0M (max allowed 197.5M, trying to leave 296.2M free of 1.9G available â†’ current limit 197.5M).
Sep 26 05:17:23 issabel systemd-journald[92]: Received SIGTERM from PID 1 (systemd).
Sep 26 05:17:23 issabel kernel: SELinux:  Disabled at runtime.
Sep 26 05:17:23 issabel kernel: type=1404 audit(1664183843.120:2): selinux=0 auid=4294967295 ses=4294967295
Sep 26 05:17:23 issabel kernel: ip_tables: (C) 2000-2006 Netfilter Core Team
Sep 26 05:17:23 issabel systemd[1]: Inserted module 'ip_tables'
Sep 26 05:17:23 issabel journal: Journal started
Sep 26 05:17:23 issabel systemd: systemd 219 running in system mode. (+PAM +AUDIT +SELINUX +IMA -APPARMOR +SMACK +SYSVINIT +UTMP +LIBCRYPTSETUP +GCRYPT +GNUTLS +ACL +XZ +LZ4 -SECCOMP +BLKID +ELFUTILS +KMOD +IDN)
Sep 26 05:17:23 issabel systemd: Detected virtualization kvm.
Sep 26 05:17:23 issabel systemd: Detected architecture x86-64.
Sep 26 05:17:23 issabel systemd: Set hostname to <issabel.local>.
Sep 26 05:17:23 issabel systemd: Started Create list of required static device nodes for the current kernel.
Sep 26 05:17:23 issabel systemd: Starting Create Static Device Nodes in /dev...
Sep 26 05:17:23 issabel systemd: Started Read and set NIS domainname from /etc/sysconfig/network.
Sep 26 05:17:23 issabel systemd: Started Apply Kernel Variables.
Sep 26 05:17:23 issabel kernel: EXT4-fs (sda3): re-mounted. Opts: (null)
Sep 26 05:17:23 issabel systemd: Started Remount Root and Kernel File Systems.
Sep 26 05:17:23 issabel systemd: Starting Configure read-only root support...
Sep 26 05:17:23 issabel systemd: Starting Flush Journal to Persistent Storage...
Sep 26 05:17:23 issabel systemd: Starting udev Coldplug all Devices...
Sep 26 05:17:23 issabel systemd: Started LVM2 metadata daemon.
Sep 26 05:17:23 issabel systemd: Started Flush Journal to Persistent Storage.
Sep 26 05:17:23 issabel systemd: Started Create Static Device Nodes in /dev.
Sep 26 05:17:23 issabel systemd: Starting udev Kernel Device Manager...
Sep 26 05:17:23 issabel systemd: Started udev Coldplug all Devices.
Sep 26 05:17:23 issabel systemd: Starting udev Wait for Complete Device Initialization...
Sep 26 05:17:23 issabel systemd-udevd: starting version 219
Sep 26 05:17:23 issabel systemd: Started Configure read-only root support.
Sep 26 05:17:23 issabel systemd: Starting Load/Save Random Seed...
Sep 26 05:17:23 issabel systemd-udevd: Network interface NamePolicy= disabled on kernel command line, ignoring.
Sep 26 05:17:23 issabel systemd: Started Load/Save Random Seed.
Sep 26 05:17:23 issabel systemd: Started udev Kernel Device Manager.
Sep 26 05:17:23 issabel kernel: piix4_smbus 0000:00:07.0: SMBus Host Controller at 0x4100, revision 0
Sep 26 05:17:23 issabel kernel: random: crng init done
Sep 26 05:17:23 issabel kernel: ACPI: Video Device [GFX0] (multi-head: yes  rom: no  post: no)
Sep 26 05:17:23 issabel kernel: input: Video Bus as /devices/LNXSYSTM:00/device:00/PNP0A03:00/LNXVIDEO:00/input/input5
Sep 26 05:17:23 issabel kernel: input: PC Speaker as /devices/platform/pcspkr/input/input6
Sep 26 05:17:23 issabel kernel: cryptd: max_cpu_qlen set to 1000
Sep 26 05:17:23 issabel kernel: sd 0:0:0:0: Attached scsi generic sg0 type 0
Sep 26 05:17:23 issabel kernel: sr 1:0:0:0: Attached scsi generic sg1 type 5
Sep 26 05:17:23 issabel kernel: AVX2 version of gcm_enc/dec engaged.
Sep 26 05:17:23 issabel kernel: AES CTR mode by8 optimization enabled
Sep 26 05:17:23 issabel systemd: Found device VBOX_HARDDISK 1.
Sep 26 05:17:23 issabel systemd: Found device VBOX_HARDDISK 2.
Sep 26 05:17:23 issabel systemd: Activating swap /dev/disk/by-uuid/87ac1411-239b-438e-ab03-5b6cc4778cbd...
Sep 26 05:17:23 issabel kernel: Adding 1607676k swap on /dev/sda2.  Priority:-2 extents:1 across:1607676k FS
Sep 26 05:17:23 issabel systemd: Activated swap /dev/disk/by-uuid/87ac1411-239b-438e-ab03-5b6cc4778cbd.
Sep 26 05:17:23 issabel systemd: Reached target Swap.
Sep 26 05:17:23 issabel kernel: ppdev: user-space parallel port driver
Sep 26 05:17:23 issabel kernel: alg: No test for __gcm-aes-aesni (__driver-gcm-aes-aesni)
Sep 26 05:17:23 issabel kernel: alg: No test for __generic-gcm-aes-aesni (__driver-generic-gcm-aes-aesni)
Sep 26 05:17:23 issabel systemd: Started Monitoring of LVM2 mirrors, snapshots etc. using dmeventd or progress polling.
Sep 26 05:17:23 issabel systemd: Reached target Local File Systems (Pre).
Sep 26 05:17:23 issabel systemd: Starting File System Check on /dev/disk/by-uuid/670a1af8-ca29-4cc7-ae4e-8f93ce836c75...
Sep 26 05:17:23 issabel systemd-fsck: /dev/sda1: recovering journal
Sep 26 05:17:23 issabel systemd-fsck: /dev/sda1: clean, 351/76912 files, 136604/307200 blocks
Sep 26 05:17:23 issabel systemd: Started File System Check on /dev/disk/by-uuid/670a1af8-ca29-4cc7-ae4e-8f93ce836c75.
Sep 26 05:17:23 issabel systemd: Mounting /boot...
Sep 26 05:17:23 issabel kernel: EXT4-fs (sda1): mounted filesystem with ordered data mode. Opts: (null)
Sep 26 05:17:23 issabel systemd: Mounted /boot.
Sep 26 05:17:23 issabel kernel: snd_intel8x0 0000:00:05.0: intel8x0_measure_ac97_clock: measured 52203 usecs (2400 samples)
Sep 26 05:17:23 issabel kernel: snd_intel8x0 0000:00:05.0: clocking to 50115
Sep 26 05:17:23 issabel systemd: Reached target Sound Card.
Sep 26 05:17:26 issabel kernel: floppy0: no floppy controllers found
Sep 26 05:17:26 issabel kernel: work still pending
Sep 26 05:17:26 issabel systemd: Started udev Wait for Complete Device Initialization.
Sep 26 05:17:26 issabel systemd: Starting Activation of DM RAID sets...
Sep 26 05:17:26 issabel kernel: device-mapper: uevent: version 1.0.3
Sep 26 05:17:26 issabel kernel: device-mapper: ioctl: 4.37.1-ioctl (2018-04-03) initialised: dm-devel@redhat.com
Sep 26 05:17:26 issabel systemd: Started Activation of DM RAID sets.
Sep 26 05:17:26 issabel systemd: Reached target Local File Systems.
Sep 26 05:17:26 issabel systemd: Starting Import network configuration from initramfs...
Sep 26 05:17:26 issabel systemd: Starting Tell Plymouth To Write Out Runtime Data...
Sep 26 05:17:26 issabel systemd: Reached target Local Encrypted Volumes.
Sep 26 05:17:26 issabel systemd: Started Import network configuration from initramfs.
Sep 26 05:17:26 issabel systemd: Starting Create Volatile Files and Directories...
Sep 26 05:17:26 issabel systemd: Started Tell Plymouth To Write Out Runtime Data.
Sep 26 05:17:26 issabel systemd: Started Create Volatile Files and Directories.
Sep 26 05:17:26 issabel systemd: Starting Security Auditing Service...
Sep 26 05:17:26 issabel auditd[493]: Started dispatcher: /sbin/audispd pid: 495
Sep 26 05:17:26 issabel kernel: type=1305 audit(1664183846.574:3): audit_pid=493 old=0 auid=4294967295 ses=4294967295 res=1
Sep 26 05:17:26 issabel audispd: No plugins found, exiting
Sep 26 05:17:26 issabel auditd[493]: Init complete, auditd 2.8.5 listening for events (startup state enable)
Sep 26 05:17:26 issabel augenrules: /sbin/augenrules: No change
Sep 26 05:17:26 issabel augenrules: No rules
Sep 26 05:17:26 issabel augenrules: enabled 1
Sep 26 05:17:26 issabel augenrules: failure 1
Sep 26 05:17:26 issabel augenrules: pid 493
Sep 26 05:17:26 issabel augenrules: rate_limit 0
Sep 26 05:17:26 issabel augenrules: backlog_limit 8192
Sep 26 05:17:26 issabel augenrules: lost 0
Sep 26 05:17:26 issabel augenrules: backlog 1
Sep 26 05:17:26 issabel augenrules: enabled 1
Sep 26 05:17:26 issabel augenrules: failure 1
Sep 26 05:17:26 issabel augenrules: pid 493
Sep 26 05:17:26 issabel augenrules: rate_limit 0
Sep 26 05:17:26 issabel augenrules: backlog_limit 8192
Sep 26 05:17:26 issabel augenrules: lost 0
Sep 26 05:17:26 issabel augenrules: backlog 1
Sep 26 05:17:26 issabel systemd: Started Security Auditing Service.
Sep 26 05:17:26 issabel systemd: Starting Update UTMP about System Boot/Shutdown...
Sep 26 05:17:26 issabel systemd: Started Update UTMP about System Boot/Shutdown.
Sep 26 05:17:26 issabel systemd: Reached target System Initialization.
Sep 26 05:17:26 issabel systemd: Listening on Avahi mDNS/DNS-SD Stack Activation Socket.
Sep 26 05:17:26 issabel systemd: Started Daily Cleanup of Temporary Directories.
Sep 26 05:17:26 issabel systemd: Reached target Timers.
Sep 26 05:17:26 issabel systemd: Listening on D-Bus System Message Bus Socket.
Sep 26 05:17:26 issabel systemd: Reached target Sockets.
Sep 26 05:17:26 issabel systemd: Reached target Basic System.
Sep 26 05:17:26 issabel systemd: Starting Dump dmesg to /var/log/dmesg...
Sep 26 05:17:26 issabel systemd: Starting Login Service...
Sep 26 05:17:26 issabel systemd: Starting IP sets for iptables...
Sep 26 05:17:26 issabel systemd: Starting Avahi mDNS/DNS-SD Stack...
Sep 26 05:17:26 issabel systemd: Starting SASL authentication daemon....
Sep 26 05:17:26 issabel systemd: Starting Authorization Manager...
Sep 26 05:17:26 issabel systemd: Starting Permit User Sessions...
Sep 26 05:17:26 issabel systemd: Started irqbalance daemon.
Sep 26 05:17:26 issabel systemd: Started D-Bus System Message Bus.
Sep 26 05:17:26 issabel /usr/sbin/irqbalance: Balancing is ineffective on systems with a single cpu.  Shutting down
Sep 26 05:17:26 issabel avahi-daemon[518]: Found user 'avahi' (UID 70) and group 'avahi' (GID 70).
Sep 26 05:17:26 issabel avahi-daemon[518]: Successfully dropped root privileges.
Sep 26 05:17:26 issabel avahi-daemon[518]: avahi-daemon 0.6.31 starting up.
Sep 26 05:17:26 issabel avahi-daemon[518]: WARNING: No NSS support for mDNS detected, consider installing nss-mdns!
Sep 26 05:17:26 issabel kernel: Netfilter messages via NETLINK v0.30.
Sep 26 05:17:26 issabel polkitd[520]: Started polkitd version 0.112
Sep 26 05:17:26 issabel kernel: ip_set: protocol 7
Sep 26 05:17:26 issabel saslauthd[549]: detach_tty      : master pid is: 549
Sep 26 05:17:26 issabel saslauthd[549]: ipc_init        : listening on socket: /run/saslauthd/mux
Sep 26 05:17:26 issabel avahi-daemon[518]: Successfully called chroot().
Sep 26 05:17:26 issabel avahi-daemon[518]: Successfully dropped remaining capabilities.
Sep 26 05:17:26 issabel systemd: Started Avahi mDNS/DNS-SD Stack.
Sep 26 05:17:26 issabel systemd: Starting Network Manager...
Sep 26 05:17:26 issabel systemd: Received SIGRTMIN+20 from PID 221 (plymouthd).
Sep 26 05:17:26 issabel avahi-daemon[518]: No service file found in /etc/avahi/services.
Sep 26 05:17:26 issabel avahi-daemon[518]: Network interface enumeration completed.
Sep 26 05:17:26 issabel avahi-daemon[518]: Registering HINFO record with values 'X86_64'/'LINUX'.
Sep 26 05:17:26 issabel avahi-daemon[518]: Server startup complete. Host name is issabel.local. Local service cookie is 3489377039.
Sep 26 05:17:26 issabel systemd: Started Dump dmesg to /var/log/dmesg.
Sep 26 05:17:26 issabel systemd: Started SASL authentication daemon..
Sep 26 05:17:26 issabel systemd: Started Permit User Sessions.
Sep 26 05:17:26 issabel systemd-logind: New seat seat0.
Sep 26 05:17:26 issabel systemd-logind: Watching system buttons on /dev/input/event0 (Power Button)
Sep 26 05:17:26 issabel systemd-logind: Watching system buttons on /dev/input/event1 (Sleep Button)
Sep 26 05:17:26 issabel systemd-logind: Watching system buttons on /dev/input/event5 (Video Bus)
Sep 26 05:17:26 issabel systemd: Started Login Service.
Sep 26 05:17:26 issabel systemd: Started Job spooling tools.
Sep 26 05:17:26 issabel systemd: Started IP sets for iptables.
Sep 26 05:17:26 issabel NetworkManager[559]: <info>  [1664183846.8892] NetworkManager (version 1.18.8-1.el7) is starting... (for the first time)
Sep 26 05:17:26 issabel systemd: Started Authorization Manager.
Sep 26 05:17:26 issabel NetworkManager[559]: <info>  [1664183846.8892] Read config: /etc/NetworkManager/NetworkManager.conf (lib: 10-slaves-order.conf)
Sep 26 05:17:26 issabel systemd: Started Network Manager.
Sep 26 05:17:26 issabel systemd: Starting Network Manager Wait Online...
Sep 26 05:17:26 issabel NetworkManager[559]: <info>  [1664183846.8949] bus-manager: acquired D-Bus service "org.freedesktop.NetworkManager"
Sep 26 05:17:26 issabel NetworkManager[559]: <info>  [1664183846.8968] manager[0x55a076c96030]: monitoring kernel firmware directory '/lib/firmware'.
Sep 26 05:17:26 issabel dbus[524]: [system] Activating via systemd: service name='org.freedesktop.hostname1' unit='dbus-org.freedesktop.hostname1.service'
Sep 26 05:17:26 issabel systemd: Starting Hostname Service...
Sep 26 05:17:26 issabel dbus[524]: [system] Successfully activated service 'org.freedesktop.hostname1'
Sep 26 05:17:26 issabel NetworkManager[559]: <info>  [1664183846.9243] hostname: hostname: using hostnamed
Sep 26 05:17:26 issabel NetworkManager[559]: <info>  [1664183846.9243] hostname: hostname changed from (none) to "issabel.local"
Sep 26 05:17:26 issabel NetworkManager[559]: <info>  [1664183846.9244] dns-mgr[0x55a076c7b220]: init: dns=default,systemd-resolved rc-manager=file
Sep 26 05:17:26 issabel dbus[524]: [system] Activating via systemd: service name='org.freedesktop.nm_dispatcher' unit='dbus-org.freedesktop.nm-dispatcher.service'
Sep 26 05:17:26 issabel systemd: Started Hostname Service.
Sep 26 05:17:26 issabel systemd: Starting Network Manager Script Dispatcher Service...
Sep 26 05:17:26 issabel dbus[524]: [system] Successfully activated service 'org.freedesktop.nm_dispatcher'
Sep 26 05:17:26 issabel systemd: Started Network Manager Script Dispatcher Service.
Sep 26 05:17:26 issabel NetworkManager[559]: <info>  [1664183846.9424] settings: Loaded settings plugin: SettingsPluginIfcfg ("/usr/lib64/NetworkManager/1.18.8-1.el7/libnm-settings-plugin-ifcfg-rh.so")
Sep 26 05:17:26 issabel NetworkManager[559]: <info>  [1664183846.9437] settings: Loaded settings plugin: NMSIbftPlugin ("/usr/lib64/NetworkManager/1.18.8-1.el7/libnm-settings-plugin-ibft.so")
Sep 26 05:17:26 issabel NetworkManager[559]: <info>  [1664183846.9437] settings: Loaded settings plugin: NMSKeyfilePlugin (internal)
Sep 26 05:17:26 issabel NetworkManager[559]: <info>  [1664183846.9460] ifcfg-rh: new connection /etc/sysconfig/network-scripts/ifcfg-eth0 (ab616e49-a0b5-40f2-81c8-e68cbb7b9d3e,"eth0")
Sep 26 05:17:26 issabel NetworkManager[559]: <info>  [1664183846.9465] ifcfg-rh: new connection /etc/sysconfig/network-scripts/ifcfg-eth1 (8a72de83-ea3c-457e-a53c-1093feb58f0a,"eth1")
Sep 26 05:17:26 issabel NetworkManager[559]: <info>  [1664183846.9488] manager: rfkill: Wi-Fi enabled by radio killswitch; enabled by state file
Sep 26 05:17:26 issabel NetworkManager[559]: <info>  [1664183846.9489] manager: rfkill: WWAN enabled by radio killswitch; enabled by state file
Sep 26 05:17:26 issabel NetworkManager[559]: <info>  [1664183846.9489] manager: Networking is enabled by state file
Sep 26 05:17:26 issabel nm-dispatcher: find-scripts: Cannot execute '/etc/NetworkManager/dispatcher.d/12-dhcpd': not executable by owner.
Sep 26 05:17:26 issabel nm-dispatcher: req:1 'hostname': new request (3 scripts)
Sep 26 05:17:26 issabel nm-dispatcher: req:1 'hostname': start running ordered scripts...
Sep 26 05:17:26 issabel NetworkManager[559]: <info>  [1664183846.9507] dhcp-init: Using DHCP client 'dhclient'
Sep 26 05:17:26 issabel kernel: IPv6: ADDRCONF(NETDEV_UP): eth0: link is not ready
Sep 26 05:17:26 issabel NetworkManager[559]: <info>  [1664183846.9523] device (lo): carrier: link connected
Sep 26 05:17:26 issabel NetworkManager[559]: <info>  [1664183846.9524] manager: (lo): new Generic device (/org/freedesktop/NetworkManager/Devices/1)
Sep 26 05:17:26 issabel NetworkManager[559]: <info>  [1664183846.9528] manager: (eth0): new Ethernet device (/org/freedesktop/NetworkManager/Devices/2)
Sep 26 05:17:26 issabel NetworkManager[559]: <info>  [1664183846.9532] device (eth0): state change: unmanaged -> unavailable (reason 'managed', sys-iface-state: 'external')
Sep 26 05:17:26 issabel kernel: e1000: eth0 NIC Link is Up 1000 Mbps Full Duplex, Flow Control: RX
Sep 26 05:17:26 issabel kernel: IPv6: ADDRCONF(NETDEV_UP): eth0: link is not ready
Sep 26 05:17:26 issabel kernel: IPv6: ADDRCONF(NETDEV_CHANGE): eth0: link becomes ready
Sep 26 05:17:26 issabel NetworkManager[559]: <info>  [1664183846.9583] device (eth0): carrier: link connected
Sep 26 05:17:26 issabel nm-dispatcher: find-scripts: Cannot execute '/etc/NetworkManager/dispatcher.d/12-dhcpd': not executable by owner.
Sep 26 05:17:26 issabel nm-dispatcher: req:2 'connectivity-change': new request (3 scripts)
Sep 26 05:17:26 issabel NetworkManager[559]: <info>  [1664183846.9661] manager: (eth1): new Ethernet device (/org/freedesktop/NetworkManager/Devices/3)
Sep 26 05:17:26 issabel NetworkManager[559]: <info>  [1664183846.9680] device (eth1): state change: unmanaged -> unavailable (reason 'managed', sys-iface-state: 'external')
Sep 26 05:17:26 issabel kernel: IPv6: ADDRCONF(NETDEV_UP): eth1: link is not ready
Sep 26 05:17:26 issabel kernel: IPv6: ADDRCONF(NETDEV_UP): eth1: link is not ready
Sep 26 05:17:26 issabel kernel: e1000: eth1 NIC Link is Up 1000 Mbps Full Duplex, Flow Control: RX
Sep 26 05:17:26 issabel kernel: IPv6: ADDRCONF(NETDEV_CHANGE): eth1: link becomes ready
Sep 26 05:17:26 issabel NetworkManager[559]: <info>  [1664183846.9766] device (eth1): carrier: link connected
Sep 26 05:17:26 issabel NetworkManager[559]: <info>  [1664183846.9767] device (eth0): state change: unavailable -> disconnected (reason 'none', sys-iface-state: 'managed')
Sep 26 05:17:26 issabel NetworkManager[559]: <info>  [1664183846.9776] device (eth1): state change: unavailable -> disconnected (reason 'carrier-changed', sys-iface-state: 'managed')
Sep 26 05:17:26 issabel NetworkManager[559]: <info>  [1664183846.9887] policy: auto-activating connection 'eth0' (ab616e49-a0b5-40f2-81c8-e68cbb7b9d3e)
Sep 26 05:17:26 issabel NetworkManager[559]: <info>  [1664183846.9902] device (eth0): Activation: starting connection 'eth0' (ab616e49-a0b5-40f2-81c8-e68cbb7b9d3e)
Sep 26 05:17:26 issabel NetworkManager[559]: <info>  [1664183846.9903] device (eth0): state change: disconnected -> prepare (reason 'none', sys-iface-state: 'managed')
Sep 26 05:17:26 issabel NetworkManager[559]: <info>  [1664183846.9904] manager: NetworkManager state is now CONNECTING
Sep 26 05:17:26 issabel NetworkManager[559]: <info>  [1664183846.9905] device (eth0): state change: prepare -> config (reason 'none', sys-iface-state: 'managed')
Sep 26 05:17:26 issabel NetworkManager[559]: <info>  [1664183846.9910] device (eth0): state change: config -> ip-config (reason 'none', sys-iface-state: 'managed')
Sep 26 05:17:26 issabel NetworkManager[559]: <info>  [1664183846.9936] dhcp4 (eth0): activation: beginning transaction (timeout in 45 seconds)
Sep 26 05:17:27 issabel NetworkManager[559]: <info>  [1664183846.9994] dhcp4 (eth0): dhclient started with pid 588
Sep 26 05:17:27 issabel avahi-daemon[518]: Registering new address record for fe80::652a:3c0e:76c6:247 on eth0.*.
Sep 26 05:17:27 issabel nm-dispatcher: req:2 'connectivity-change': start running ordered scripts...
Sep 26 05:17:27 issabel dhclient[588]: DHCPREQUEST on eth0 to 255.255.255.255 port 67 (xid=0x30324fe2)
Sep 26 05:17:27 issabel dhclient[588]: DHCPACK from 10.0.2.2 (xid=0x30324fe2)
Sep 26 05:17:27 issabel NetworkManager[559]: <info>  [1664183847.0483] dhcp4 (eth0):   address 10.0.2.15
Sep 26 05:17:27 issabel NetworkManager[559]: <info>  [1664183847.0483] dhcp4 (eth0):   plen 24 (255.255.255.0)
Sep 26 05:17:27 issabel NetworkManager[559]: <info>  [1664183847.0483] dhcp4 (eth0):   gateway 10.0.2.2
Sep 26 05:17:27 issabel NetworkManager[559]: <info>  [1664183847.0483] dhcp4 (eth0):   lease time 86400
Sep 26 05:17:27 issabel NetworkManager[559]: <info>  [1664183847.0483] dhcp4 (eth0):   nameserver '8.8.8.8'
Sep 26 05:17:27 issabel NetworkManager[559]: <info>  [1664183847.0483] dhcp4 (eth0):   nameserver '4.2.2.2'
Sep 26 05:17:27 issabel NetworkManager[559]: <info>  [1664183847.0483] dhcp4 (eth0): state changed unknown -> bound
Sep 26 05:17:27 issabel NetworkManager[559]: <info>  [1664183847.0487] device (eth0): state change: ip-config -> ip-check (reason 'none', sys-iface-state: 'managed')
Sep 26 05:17:27 issabel NetworkManager[559]: <info>  [1664183847.0490] device (eth0): state change: ip-check -> secondaries (reason 'none', sys-iface-state: 'managed')
Sep 26 05:17:27 issabel NetworkManager[559]: <info>  [1664183847.0490] device (eth0): state change: secondaries -> activated (reason 'none', sys-iface-state: 'managed')
Sep 26 05:17:27 issabel NetworkManager[559]: <info>  [1664183847.0492] manager: NetworkManager state is now CONNECTED_LOCAL
Sep 26 05:17:27 issabel avahi-daemon[518]: Joining mDNS multicast group on interface eth0.IPv4 with address 10.0.2.15.
Sep 26 05:17:27 issabel avahi-daemon[518]: New relevant interface eth0.IPv4 for mDNS.
Sep 26 05:17:27 issabel avahi-daemon[518]: Registering new address record for 10.0.2.15 on eth0.IPv4.
Sep 26 05:17:27 issabel NetworkManager[559]: <info>  [1664183847.0553] manager: NetworkManager state is now CONNECTED_SITE
Sep 26 05:17:27 issabel NetworkManager[559]: <info>  [1664183847.0559] policy: set 'eth0' (eth0) as default for IPv4 routing and DNS
Sep 26 05:17:27 issabel dhclient[588]: bound to 10.0.2.15 -- renewal in 40793 seconds.
Sep 26 05:17:27 issabel NetworkManager[559]: <info>  [1664183847.0579] device (eth0): Activation: successful, device activated.
Sep 26 05:17:27 issabel NetworkManager[559]: <info>  [1664183847.0582] manager: NetworkManager state is now CONNECTED_GLOBAL
Sep 26 05:17:27 issabel NetworkManager[559]: <info>  [1664183847.0583] manager: startup complete
Sep 26 05:17:27 issabel nm-dispatcher: find-scripts: Cannot execute '/etc/NetworkManager/dispatcher.d/12-dhcpd': not executable by owner.
Sep 26 05:17:27 issabel nm-dispatcher: req:3 'up' [eth0]: new request (3 scripts)
Sep 26 05:17:27 issabel nm-dispatcher: req:3 'up' [eth0]: start running ordered scripts...
Sep 26 05:17:27 issabel systemd: Started Network Manager Wait Online.
Sep 26 05:17:27 issabel systemd: Starting LSB: Bring up/down networking...
Sep 26 05:17:27 issabel nm-dispatcher: find-scripts: Cannot execute '/etc/NetworkManager/dispatcher.d/12-dhcpd': not executable by owner.
Sep 26 05:17:27 issabel nm-dispatcher: req:4 'connectivity-change': new request (3 scripts)
Sep 26 05:17:27 issabel nm-dispatcher: req:4 'connectivity-change': start running ordered scripts...
Sep 26 05:17:27 issabel network: Bringing up loopback interface:  [  OK  ]
Sep 26 05:17:27 issabel network: Bringing up interface eth0:  [  OK  ]
Sep 26 05:17:27 issabel systemd: Started LSB: Bring up/down networking.
Sep 26 05:17:27 issabel systemd: Reached target Network.
Sep 26 05:17:27 issabel systemd: Starting /etc/rc.d/rc.local Compatibility...
Sep 26 05:17:27 issabel systemd: Started Web Console.
Sep 26 05:17:27 issabel systemd: Starting Xinetd A Powerful Replacement For Inetd...
Sep 26 05:17:27 issabel systemd: Starting The Apache HTTP Server...
Sep 26 05:17:27 issabel systemd: Starting OpenSSH server daemon...
Sep 26 05:17:27 issabel systemd: Starting MariaDB database server...
Sep 26 05:17:27 issabel systemd: Starting Fix Ghostscript Fonts...
Sep 26 05:17:27 issabel systemd: Starting Dynamic System Tuning Daemon...
Sep 26 05:17:27 issabel systemd: Starting Postfix Mail Transport Agent...
Sep 26 05:17:27 issabel systemd: Starting Cyrus-imapd IMAP/POP3 email server...
Sep 26 05:17:27 issabel systemd: Reached target Network is Online.
Sep 26 05:17:27 issabel systemd: Starting System Logging Service...
Sep 26 05:17:27 issabel systemd: Starting Set time via NTP...
Sep 26 05:17:27 issabel systemd: Starting LSB: DAHDI kernel modules...
Sep 26 05:17:27 issabel sh: sed: can't read /usr/share/ghostscript/9.07/Resource/Init/Fontmap.GS: No such file or directory
Sep 26 05:17:27 issabel systemd: fixfonts.service: main process exited, code=exited, status=2/INVALIDARGUMENT
Sep 26 05:17:27 issabel systemd: Failed to start Fix Ghostscript Fonts.
Sep 26 05:17:27 issabel systemd: Unit fixfonts.service entered failed state.
Sep 26 05:17:27 issabel systemd: fixfonts.service failed.
Sep 26 05:17:27 issabel systemd: Can't open PID file /var/run/xinetd.pid (yet?) after start: No such file or directory
Sep 26 05:17:27 issabel systemd: Started Xinetd A Powerful Replacement For Inetd.
Sep 26 05:17:27 issabel systemd: Started System Logging Service.
Sep 26 05:17:27 issabel rsyslogd: [origin software="rsyslogd" swVersion="8.24.0-55.el7" x-pid="807" x-info="http://www.rsyslog.com"] start
Sep 26 05:17:27 issabel xinetd[816]: xinetd Version 2.3.15 started with libwrap loadavg labeled-networking options compiled in.
Sep 26 05:17:27 issabel xinetd[816]: Started working: 1 available service
Sep 26 05:17:27 issabel systemd: Started OpenSSH server daemon.
Sep 26 05:17:27 issabel systemd: Created slice User Slice of cyrus.
Sep 26 05:17:27 issabel systemd: Started Session c1 of user cyrus.
Sep 26 05:17:27 issabel webconsole: 2022/09/26 05:17:27 GoTTY is starting with command: ssh root@localhost
Sep 26 05:17:27 issabel webconsole: 2022/09/26 05:17:27 Using Basic Authentication
Sep 26 05:17:27 issabel webconsole: 2022/09/26 05:17:27 Permitting clients to write input to the PTY.
Sep 26 05:17:27 issabel webconsole: 2022/09/26 05:17:27 HTTP server is listening at: http://127.0.0.1:8075/
Sep 26 05:17:27 issabel systemd: Started /etc/rc.d/rc.local Compatibility.
Sep 26 05:17:27 issabel systemd: Starting Terminate Plymouth Boot Screen...
Sep 26 05:17:27 issabel systemd: Starting Wait for Plymouth Boot Screen to Quit...
Sep 26 05:17:27 issabel systemd: Received SIGRTMIN+21 from PID 221 (plymouthd).
Sep 26 05:17:27 issabel systemd: Started Wait for Plymouth Boot Screen to Quit.
Sep 26 05:17:27 issabel systemd: Started Getty on tty1.
Sep 26 05:17:27 issabel systemd: Reached target Login Prompts.
Sep 26 05:17:27 issabel systemd: Started Terminate Plymouth Boot Screen.
Sep 26 05:17:27 issabel dahdi: Loading DAHDI hardware modules:
Sep 26 05:17:27 issabel kernel: dahdi: loading out-of-tree module taints kernel.
Sep 26 05:17:27 issabel kernel: dahdi: module verification failed: signature and/or required key missing - tainting kernel
Sep 26 05:17:27 issabel kernel: dahdi: Version: 2.11.1
Sep 26 05:17:27 issabel kernel: dahdi: Telephony Interface Registered on major 196
Sep 26 05:17:27 issabel mariadb-prepare-db-dir: Database MariaDB is probably initialized in /var/lib/mysql already, nothing is done.
Sep 26 05:17:27 issabel mariadb-prepare-db-dir: If this is not the case, make sure the /var/lib/mysql is empty before running mariadb-prepare-db-dir.
Sep 26 05:17:27 issabel httpd: AH00558: httpd: Could not reliably determine the server's fully qualified domain name, using issabel.local. Set the 'ServerName' directive globally to suppress this message
Sep 26 05:17:27 issabel dahdi: Running dahdi_cfg:  [  OK  ]
Sep 26 05:17:27 issabel systemd: Started LSB: DAHDI kernel modules.
Sep 26 05:17:27 issabel systemd: Starting SYSV: IssabelDialer...
Sep 26 05:17:28 issabel su: (to asterisk) root on none
Sep 26 05:17:28 issabel systemd: Created slice User Slice of asterisk.
Sep 26 05:17:28 issabel systemd: Started Session c2 of user asterisk.
Sep 26 05:17:28 issabel systemd: Started The Apache HTTP Server.
Sep 26 05:17:28 issabel mysqld_safe: 220926 05:17:28 mysqld_safe Logging to '/var/log/mariadb/mariadb.log'.
Sep 26 05:17:28 issabel issabeldialer: Starting Issabel Dialer: [  OK  ]
Sep 26 05:17:28 issabel systemd: Started SYSV: IssabelDialer.
Sep 26 05:17:28 issabel mysqld_safe: 220926 05:17:28 mysqld_safe Starting mysqld daemon with databases from /var/lib/mysql
Sep 26 05:17:28 issabel systemd: Started Postfix Mail Transport Agent.
Sep 26 05:17:28 issabel systemd: Started Dynamic System Tuning Daemon.
Sep 26 05:17:30 issabel systemd: Started Cyrus-imapd IMAP/POP3 email server.
Sep 26 05:17:30 issabel systemd: Removed slice User Slice of cyrus.
Sep 26 05:17:30 issabel systemd: Started MariaDB database server.
Sep 26 05:17:30 issabel systemd: Starting issabel-firstboot.service...
Sep 26 05:17:30 issabel systemd: Started issabel-firstboot.service.
Sep 26 05:17:30 issabel systemd: Started LSB: Asterisk PBX.
Sep 26 05:17:30 issabel systemd: Starting amportal-reload.service...
Sep 26 05:17:30 issabel systemd: Starting SYSV: Issabel Port Knocking...
Sep 26 05:17:30 issabel systemd: Starting SYSV: Issabel Update Helper...
Sep 26 05:17:30 issabel amportal: Please wait...
Sep 26 05:17:30 issabel su: (to root) root on none
Sep 26 05:17:30 issabel systemd: Created slice User Slice of root.
Sep 26 05:17:30 issabel systemd: Started Session c3 of user root.
Sep 26 05:17:30 issabel issabel-portknock: Starting Issabel Port Knocking: [  OK  ]
Sep 26 05:17:30 issabel systemd: Started SYSV: Issabel Port Knocking.
Sep 26 05:17:31 issabel issabel-updaterd: Starting Issabel Update Helper: [  OK  ]
Sep 26 05:17:31 issabel systemd: Started SYSV: Issabel Update Helper.
Sep 26 05:17:31 issabel systemd: Starting LSB: Starts and stops the HylaFAX...
Sep 26 05:17:31 issabel systemd: Starting SYSV: IAXModem for asterisk <-> Hylafax gateway...
Sep 26 05:17:31 issabel hylafax: Starting HylaFAX queue manager (faxq): [  OK  ]
Sep 26 05:17:31 issabel iaxmodem: Starting IAXmodem: [  OK  ]
Sep 26 05:17:31 issabel systemd: Started SYSV: IAXModem for asterisk <-> Hylafax gateway.
Sep 26 05:17:31 issabel FaxQueuer[2262]: HylaFAX (tm) Version 4.3.11
Sep 26 05:17:31 issabel FaxQueuer[2262]: Copyright (c) 1990-1996 Sam Leffler
Sep 26 05:17:31 issabel FaxQueuer[2262]: Copyright (c) 1991-1996 Silicon Graphics, Inc.
Sep 26 05:17:31 issabel hylafax: Starting HylaFAX server (hfaxd): [  OK  ]
Sep 26 05:17:31 issabel HylaFAX[2270]: HylaFAX INET Protocol Server: restarted.
Sep 26 05:17:31 issabel systemd: Started LSB: Starts and stops the HylaFAX.
Sep 26 05:17:34 issabel ntpdate[835]: step time server 144.24.146.96 offset 2.263403 sec
Sep 26 05:17:34 issabel systemd: Time has been changed
Sep 26 05:17:34 issabel kernel: Bluetooth: Core ver 2.22
Sep 26 05:17:34 issabel kernel: NET: Registered protocol family 31
Sep 26 05:17:34 issabel kernel: Bluetooth: HCI device and connection manager initialized
Sep 26 05:17:34 issabel kernel: Bluetooth: HCI socket layer initialized
Sep 26 05:17:34 issabel kernel: Bluetooth: L2CAP socket layer initialized
Sep 26 05:17:34 issabel kernel: Bluetooth: SCO socket layer initialized
Sep 26 05:17:34 issabel systemd: Started Set time via NTP.
Sep 26 05:17:34 issabel systemd: Reached target System Time Synchronized.
Sep 26 05:17:34 issabel systemd: Started Command Scheduler.
Sep 26 05:17:34 issabel systemd: Starting NTP client/server...
Sep 26 05:17:34 issabel chronyd[2348]: chronyd version 3.4 starting (+CMDMON +NTP +REFCLOCK +RTC +PRIVDROP +SCFILTER +SIGND +ASYNCDNS +SECHASH +IPV6 +DEBUG)
Sep 26 05:17:34 issabel chronyd[2348]: Frequency -1.700 +/- 0.909 ppm read from /var/lib/chrony/drift
Sep 26 05:17:34 issabel systemd: Started NTP client/server.
Sep 26 05:17:36 issabel amportal: Successfully reloaded
Sep 26 05:17:36 issabel systemd: Started amportal-reload.service.
Sep 26 05:17:36 issabel systemd: Reached target Multi-User System.
Sep 26 05:17:36 issabel systemd: Starting Update UTMP about System Runlevel Changes...
Sep 26 05:17:36 issabel systemd: Started Update UTMP about System Runlevel Changes.
Sep 26 05:17:36 issabel systemd: Startup finished in 408ms (kernel) + 1.615s (initrd) + 10.805s (userspace) = 12.829s.
Sep 26 05:17:40 issabel systemd: Started Session 1 of user root.
Sep 26 05:17:40 issabel systemd-logind: New session 1 of user root.
Sep 26 05:17:40 issabel chronyd[2348]: Selected source 162.159.200.123
Sep 26 05:18:28 issabel dhclient[2536]: DHCPDISCOVER on eth1 to 255.255.255.255 port 67 interval 7 (xid=0x6ada4fec)
Sep 26 05:18:28 issabel dhclient[2536]: DHCPREQUEST on eth0 to 255.255.255.255 port 67 (xid=0x39f21797)
Sep 26 05:18:28 issabel dhclient[2536]: DHCPREQUEST on eth1 to 255.255.255.255 port 67 (xid=0x6ada4fec)
Sep 26 05:18:28 issabel dhclient[2536]: DHCPOFFER from 192.168.56.100
Sep 26 05:18:28 issabel dhclient[2536]: DHCPACK from 10.0.2.2 (xid=0x39f21797)
Sep 26 05:18:30 issabel NET[2609]: /usr/sbin/dhclient-script : updated /etc/resolv.conf
Sep 26 05:18:30 issabel dhclient[2536]: bound to 10.0.2.15 -- renewal in 41682 seconds.
Sep 26 05:18:30 issabel dhclient[2613]: DHCPACK from 192.168.56.100 (xid=0x6ada4fec)
Sep 26 05:18:31 issabel dhclient[2634]: dhclient(2613) is already running - exiting.
Sep 26 05:18:31 issabel dhclient[2634]: 
Sep 26 05:18:31 issabel dhclient[2634]: This version of ISC DHCP is based on the release available
Sep 26 05:18:31 issabel dhclient[2634]: on ftp.isc.org.  Features have been added and other changes
Sep 26 05:18:31 issabel dhclient[2634]: have been made to the base software release in order to make
Sep 26 05:18:31 issabel dhclient[2634]: it work better with this distribution.
Sep 26 05:18:31 issabel dhclient[2634]: 
Sep 26 05:18:31 issabel dhclient[2634]: Please report for this software via the CentOS Bugs Database:
Sep 26 05:18:31 issabel dhclient[2634]:    http://bugs.centos.org/
Sep 26 05:18:31 issabel dhclient[2634]: 
Sep 26 05:18:31 issabel dhclient[2634]: exiting.
Sep 26 05:18:32 issabel NetworkManager[559]: <info>  [1664183912.6574] ifcfg-rh: add connection in-memory (5c9ae5d9-9ae2-45c4-9424-150bd292d361,"eth1")
Sep 26 05:18:32 issabel NetworkManager[559]: <info>  [1664183912.6581] device (eth1): Activation: starting connection 'eth1' (5c9ae5d9-9ae2-45c4-9424-150bd292d361)
Sep 26 05:18:32 issabel NetworkManager[559]: <info>  [1664183912.6581] device (eth1): state change: disconnected -> prepare (reason 'none', sys-iface-state: 'external')
Sep 26 05:18:32 issabel NetworkManager[559]: <info>  [1664183912.6584] device (eth1): state change: prepare -> config (reason 'none', sys-iface-state: 'external')
Sep 26 05:18:32 issabel NetworkManager[559]: <info>  [1664183912.6586] device (eth1): state change: config -> ip-config (reason 'none', sys-iface-state: 'external')
Sep 26 05:18:32 issabel NetworkManager[559]: <info>  [1664183912.6588] device (eth1): state change: ip-config -> ip-check (reason 'none', sys-iface-state: 'external')
Sep 26 05:18:32 issabel NetworkManager[559]: <info>  [1664183912.6591] device (eth1): state change: ip-check -> secondaries (reason 'none', sys-iface-state: 'external')
Sep 26 05:18:32 issabel NetworkManager[559]: <info>  [1664183912.6593] device (eth1): state change: secondaries -> activated (reason 'none', sys-iface-state: 'external')
Sep 26 05:18:32 issabel avahi-daemon[518]: Joining mDNS multicast group on interface eth1.IPv4 with address 192.168.56.102.
Sep 26 05:18:32 issabel avahi-daemon[518]: New relevant interface eth1.IPv4 for mDNS.
Sep 26 05:18:32 issabel avahi-daemon[518]: Registering new address record for 192.168.56.102 on eth1.IPv4.
Sep 26 05:18:32 issabel NetworkManager[559]: <info>  [1664183912.6644] device (eth1): Activation: successful, device activated.
Sep 26 05:18:32 issabel dbus[524]: [system] Activating via systemd: service name='org.freedesktop.nm_dispatcher' unit='dbus-org.freedesktop.nm-dispatcher.service'
Sep 26 05:18:32 issabel systemd: Starting Network Manager Script Dispatcher Service...
Sep 26 05:18:32 issabel dhclient[2613]: bound to 192.168.56.102 -- renewal in 259 seconds.
Sep 26 05:18:32 issabel dbus[524]: [system] Successfully activated service 'org.freedesktop.nm_dispatcher'
Sep 26 05:18:32 issabel systemd: Started Network Manager Script Dispatcher Service.
Sep 26 05:18:32 issabel nm-dispatcher: find-scripts: Cannot execute '/etc/NetworkManager/dispatcher.d/12-dhcpd': not executable by owner.
Sep 26 05:18:32 issabel nm-dispatcher: req:1 'up' [eth1]: new request (3 scripts)
Sep 26 05:18:32 issabel nm-dispatcher: req:1 'up' [eth1]: start running ordered scripts...
Sep 26 05:19:16 issabel systemd: Started Session 2 of user root.
Sep 26 05:19:16 issabel systemd-logind: New session 2 of user root.
Sep 26 05:20:01 issabel systemd: Started Session 3 of user root.
Sep 26 05:22:51 issabel dhclient[2613]: DHCPREQUEST on eth1 to 192.168.56.100 port 67 (xid=0x6ada4fec)
Sep 26 05:22:51 issabel dhclient[2613]: DHCPACK from 192.168.56.100 (xid=0x6ada4fec)
Sep 26 05:22:53 issabel dhclient[2613]: bound to 192.168.56.102 -- renewal in 291 seconds.
Sep 26 05:25:01 issabel systemd: Started Session 4 of user root.
Sep 26 05:27:44 issabel dhclient[2613]: DHCPREQUEST on eth1 to 192.168.56.100 port 67 (xid=0x6ada4fec)
Sep 26 05:27:44 issabel dhclient[2613]: DHCPACK from 192.168.56.100 (xid=0x6ada4fec)
Sep 26 05:27:46 issabel dhclient[2613]: bound to 192.168.56.102 -- renewal in 291 seconds.
Sep 26 05:30:01 issabel systemd: Started Session 5 of user root.
Sep 26 05:32:30 issabel systemd: Starting Cleanup of Temporary Directories...
Sep 26 05:32:30 issabel systemd: Started Cleanup of Temporary Directories.
Sep 26 05:32:37 issabel dhclient[2613]: DHCPREQUEST on eth1 to 192.168.56.100 port 67 (xid=0x6ada4fec)
Sep 26 05:32:37 issabel dhclient[2613]: DHCPACK from 192.168.56.100 (xid=0x6ada4fec)
Sep 26 05:32:39 issabel dhclient[2613]: bound to 192.168.56.102 -- renewal in 230 seconds.
Sep 26 05:35:01 issabel systemd: Started Session 6 of user root.
Sep 26 05:36:29 issabel dhclient[2613]: DHCPREQUEST on eth1 to 192.168.56.100 port 67 (xid=0x6ada4fec)
Sep 26 05:36:29 issabel dhclient[2613]: DHCPACK from 192.168.56.100 (xid=0x6ada4fec)
Sep 26 05:36:31 issabel dhclient[2613]: bound to 192.168.56.102 -- renewal in 236 seconds.
Sep 26 05:40:01 issabel systemd: Started Session 7 of user root.
Sep 26 05:40:27 issabel dhclient[2613]: DHCPREQUEST on eth1 to 192.168.56.100 port 67 (xid=0x6ada4fec)
Sep 26 05:40:27 issabel dhclient[2613]: DHCPACK from 192.168.56.100 (xid=0x6ada4fec)
Sep 26 05:40:29 issabel dhclient[2613]: bound to 192.168.56.102 -- renewal in 231 seconds.
Sep 26 05:44:20 issabel dhclient[2613]: DHCPREQUEST on eth1 to 192.168.56.100 port 67 (xid=0x6ada4fec)
Sep 26 05:44:20 issabel dhclient[2613]: DHCPACK from 192.168.56.100 (xid=0x6ada4fec)
Sep 26 05:44:22 issabel dhclient[2613]: bound to 192.168.56.102 -- renewal in 237 seconds.
Sep 26 05:45:01 issabel systemd: Started Session 8 of user root.
Sep 26 05:46:01 issabel systemd: Started Session 9 of user root.
Sep 26 05:48:19 issabel dhclient[2613]: DHCPREQUEST on eth1 to 192.168.56.100 port 67 (xid=0x6ada4fec)
Sep 26 05:48:19 issabel dhclient[2613]: DHCPACK from 192.168.56.100 (xid=0x6ada4fec)
Sep 26 05:48:22 issabel dhclient[2613]: bound to 192.168.56.102 -- renewal in 290 seconds.
Sep 26 05:50:01 issabel systemd: Started Session 10 of user root.
Sep 26 05:53:12 issabel dhclient[2613]: DHCPREQUEST on eth1 to 192.168.56.100 port 67 (xid=0x6ada4fec)
Sep 26 05:53:12 issabel dhclient[2613]: DHCPACK from 192.168.56.100 (xid=0x6ada4fec)
Sep 26 05:53:14 issabel dhclient[2613]: bound to 192.168.56.102 -- renewal in 292 seconds.
Sep 26 05:55:01 issabel systemd: Started Session 11 of user root.
Sep 26 05:58:06 issabel dhclient[2613]: DHCPREQUEST on eth1 to 192.168.56.100 port 67 (xid=0x6ada4fec)
Sep 26 05:58:06 issabel dhclient[2613]: DHCPACK from 192.168.56.100 (xid=0x6ada4fec)
Sep 26 05:58:08 issabel dhclient[2613]: bound to 192.168.56.102 -- renewal in 245 seconds.
Sep 26 06:00:01 issabel systemd: Started Session 12 of user root.
Sep 26 06:01:01 issabel systemd: Started Session 14 of user root.
Sep 26 06:01:01 issabel systemd: Started Session 13 of user root.
Sep 26 06:02:13 issabel dhclient[2613]: DHCPREQUEST on eth1 to 192.168.56.100 port 67 (xid=0x6ada4fec)
Sep 26 06:02:13 issabel dhclient[2613]: DHCPACK from 192.168.56.100 (xid=0x6ada4fec)
Sep 26 06:02:15 issabel dhclient[2613]: bound to 192.168.56.102 -- renewal in 286 seconds.
Sep 26 06:05:01 issabel systemd: Started Session 15 of user root.
Sep 26 06:07:01 issabel dhclient[2613]: DHCPREQUEST on eth1 to 192.168.56.100 port 67 (xid=0x6ada4fec)
Sep 26 06:07:01 issabel dhclient[2613]: DHCPACK from 192.168.56.100 (xid=0x6ada4fec)
Sep 26 06:07:03 issabel dhclient[2613]: bound to 192.168.56.102 -- renewal in 274 seconds.
Sep 26 06:10:01 issabel systemd: Started Session 16 of user root.
Sep 26 06:11:37 issabel dhclient[2613]: DHCPREQUEST on eth1 to 192.168.56.100 port 67 (xid=0x6ada4fec)
Sep 26 06:11:37 issabel dhclient[2613]: DHCPACK from 192.168.56.100 (xid=0x6ada4fec)
Sep 26 06:11:39 issabel dhclient[2613]: bound to 192.168.56.102 -- renewal in 281 seconds.
Sep 26 06:15:01 issabel systemd: Started Session 17 of user root.
Sep 26 06:16:01 issabel systemd: Started Session 18 of user asterisk.
Sep 26 06:16:20 issabel dhclient[2613]: DHCPREQUEST on eth1 to 192.168.56.100 port 67 (xid=0x6ada4fec)
Sep 26 06:16:20 issabel dhclient[2613]: DHCPACK from 192.168.56.100 (xid=0x6ada4fec)
Sep 26 06:16:22 issabel dhclient[2613]: bound to 192.168.56.102 -- renewal in 234 seconds.
Sep 26 06:20:01 issabel systemd: Started Session 19 of user root.
Sep 26 06:20:16 issabel dhclient[2613]: DHCPREQUEST on eth1 to 192.168.56.100 port 67 (xid=0x6ada4fec)
Sep 26 06:20:16 issabel dhclient[2613]: DHCPACK from 192.168.56.100 (xid=0x6ada4fec)
Sep 26 06:20:18 issabel dhclient[2613]: bound to 192.168.56.102 -- renewal in 247 seconds.
Sep 26 06:24:25 issabel dhclient[2613]: DHCPREQUEST on eth1 to 192.168.56.100 port 67 (xid=0x6ada4fec)
Sep 26 06:24:25 issabel dhclient[2613]: DHCPACK from 192.168.56.100 (xid=0x6ada4fec)
Sep 26 06:24:27 issabel dhclient[2613]: bound to 192.168.56.102 -- renewal in 291 seconds.
Sep 26 06:25:01 issabel systemd: Started Session 20 of user root.
Sep 26 06:29:18 issabel dhclient[2613]: DHCPREQUEST on eth1 to 192.168.56.100 port 67 (xid=0x6ada4fec)
Sep 26 06:29:18 issabel dhclient[2613]: DHCPACK from 192.168.56.100 (xid=0x6ada4fec)
Sep 26 06:29:20 issabel dhclient[2613]: bound to 192.168.56.102 -- renewal in 289 seconds.
Sep 26 06:30:01 issabel systemd: Started Session 21 of user root.
Sep 26 06:34:09 issabel dhclient[2613]: DHCPREQUEST on eth1 to 192.168.56.100 port 67 (xid=0x6ada4fec)
Sep 26 06:34:09 issabel dhclient[2613]: DHCPACK from 192.168.56.100 (xid=0x6ada4fec)
Sep 26 06:34:11 issabel dhclient[2613]: bound to 192.168.56.102 -- renewal in 259 seconds.
Sep 26 06:35:01 issabel systemd: Started Session 22 of user root.
Sep 26 06:38:30 issabel dhclient[2613]: DHCPREQUEST on eth1 to 192.168.56.100 port 67 (xid=0x6ada4fec)
Sep 26 06:38:30 issabel dhclient[2613]: DHCPACK from 192.168.56.100 (xid=0x6ada4fec)
Sep 26 06:38:32 issabel dhclient[2613]: bound to 192.168.56.102 -- renewal in 274 seconds.
Sep 26 06:40:01 issabel systemd: Started Session 23 of user root.
Sep 26 06:43:06 issabel dhclient[2613]: DHCPREQUEST on eth1 to 192.168.56.100 port 67 (xid=0x6ada4fec)
Sep 26 06:43:06 issabel dhclient[2613]: DHCPACK from 192.168.56.100 (xid=0x6ada4fec)
Sep 26 06:43:09 issabel dhclient[2613]: bound to 192.168.56.102 -- renewal in 253 seconds.
Sep 26 06:45:01 issabel systemd: Started Session 24 of user root.
Sep 26 06:46:01 issabel systemd: Started Session 25 of user root.
Sep 26 06:47:22 issabel dhclient[2613]: DHCPREQUEST on eth1 to 192.168.56.100 port 67 (xid=0x6ada4fec)
Sep 26 06:47:22 issabel dhclient[2613]: DHCPACK from 192.168.56.100 (xid=0x6ada4fec)
Sep 26 06:47:24 issabel dhclient[2613]: bound to 192.168.56.102 -- renewal in 290 seconds.
Sep 26 06:50:01 issabel systemd: Started Session 26 of user root.
Sep 26 06:52:15 issabel dhclient[2613]: DHCPREQUEST on eth1 to 192.168.56.100 port 67 (xid=0x6ada4fec)
Sep 26 06:52:15 issabel dhclient[2613]: DHCPACK from 192.168.56.100 (xid=0x6ada4fec)
Sep 26 06:52:17 issabel dhclient[2613]: bound to 192.168.56.102 -- renewal in 247 seconds.
Sep 26 06:55:01 issabel systemd: Started Session 27 of user root.
Sep 26 06:56:24 issabel dhclient[2613]: DHCPREQUEST on eth1 to 192.168.56.100 port 67 (xid=0x6ada4fec)
Sep 26 06:56:24 issabel dhclient[2613]: DHCPACK from 192.168.56.100 (xid=0x6ada4fec)
Sep 26 06:56:26 issabel dhclient[2613]: bound to 192.168.56.102 -- renewal in 293 seconds.
Sep 26 07:00:01 issabel systemd: Started Session 28 of user root.
Sep 26 07:01:01 issabel systemd: Started Session 30 of user root.
Sep 26 07:01:01 issabel systemd: Started Session 29 of user root.
Sep 26 07:01:19 issabel dhclient[2613]: DHCPREQUEST on eth1 to 192.168.56.100 port 67 (xid=0x6ada4fec)
Sep 26 07:01:19 issabel dhclient[2613]: DHCPACK from 192.168.56.100 (xid=0x6ada4fec)
Sep 26 07:01:21 issabel dhclient[2613]: bound to 192.168.56.102 -- renewal in 232 seconds.
Sep 26 07:05:01 issabel systemd: Started Session 31 of user root.
Sep 26 07:05:13 issabel dhclient[2613]: DHCPREQUEST on eth1 to 192.168.56.100 port 67 (xid=0x6ada4fec)
Sep 26 07:05:13 issabel dhclient[2613]: DHCPACK from 192.168.56.100 (xid=0x6ada4fec)
Sep 26 07:05:15 issabel dhclient[2613]: bound to 192.168.56.102 -- renewal in 238 seconds.
Sep 26 07:09:13 issabel dhclient[2613]: DHCPREQUEST on eth1 to 192.168.56.100 port 67 (xid=0x6ada4fec)
Sep 26 07:09:13 issabel dhclient[2613]: DHCPACK from 192.168.56.100 (xid=0x6ada4fec)
Sep 26 07:09:15 issabel dhclient[2613]: bound to 192.168.56.102 -- renewal in 253 seconds.
Sep 26 07:10:01 issabel systemd: Started Session 32 of user root.
Sep 26 07:13:28 issabel dhclient[2613]: DHCPREQUEST on eth1 to 192.168.56.100 port 67 (xid=0x6ada4fec)
Sep 26 07:13:28 issabel dhclient[2613]: DHCPACK from 192.168.56.100 (xid=0x6ada4fec)
Sep 26 07:13:31 issabel dhclient[2613]: bound to 192.168.56.102 -- renewal in 267 seconds.
Sep 26 07:15:01 issabel systemd: Started Session 33 of user root.
Sep 26 07:16:01 issabel systemd: Started Session 34 of user asterisk.
Sep 26 07:17:58 issabel dhclient[2613]: DHCPREQUEST on eth1 to 192.168.56.100 port 67 (xid=0x6ada4fec)
Sep 26 07:17:58 issabel dhclient[2613]: DHCPACK from 192.168.56.100 (xid=0x6ada4fec)
Sep 26 07:18:00 issabel dhclient[2613]: bound to 192.168.56.102 -- renewal in 259 seconds.
Sep 26 07:20:01 issabel systemd: Started Session 35 of user root.
Sep 26 07:22:19 issabel dhclient[2613]: DHCPREQUEST on eth1 to 192.168.56.100 port 67 (xid=0x6ada4fec)
Sep 26 07:22:19 issabel dhclient[2613]: DHCPACK from 192.168.56.100 (xid=0x6ada4fec)
Sep 26 07:22:21 issabel dhclient[2613]: bound to 192.168.56.102 -- renewal in 275 seconds.
Sep 26 07:25:01 issabel systemd: Started Session 36 of user root.
Sep 26 07:26:56 issabel dhclient[2613]: DHCPREQUEST on eth1 to 192.168.56.100 port 67 (xid=0x6ada4fec)
Sep 26 07:26:56 issabel dhclient[2613]: DHCPACK from 192.168.56.100 (xid=0x6ada4fec)
Sep 26 07:26:58 issabel dhclient[2613]: bound to 192.168.56.102 -- renewal in 228 seconds.
Sep 26 07:30:01 issabel systemd: Started Session 37 of user root.
Sep 26 07:30:46 issabel dhclient[2613]: DHCPREQUEST on eth1 to 192.168.56.100 port 67 (xid=0x6ada4fec)
Sep 26 07:30:46 issabel dhclient[2613]: DHCPACK from 192.168.56.100 (xid=0x6ada4fec)
Sep 26 07:30:48 issabel dhclient[2613]: bound to 192.168.56.102 -- renewal in 275 seconds.
Sep 26 07:35:01 issabel systemd: Started Session 38 of user root.
Sep 26 07:35:23 issabel dhclient[2613]: DHCPREQUEST on eth1 to 192.168.56.100 port 67 (xid=0x6ada4fec)
Sep 26 07:35:23 issabel dhclient[2613]: DHCPACK from 192.168.56.100 (xid=0x6ada4fec)
Sep 26 07:35:26 issabel dhclient[2613]: bound to 192.168.56.102 -- renewal in 250 seconds.
Sep 26 07:39:36 issabel dhclient[2613]: DHCPREQUEST on eth1 to 192.168.56.100 port 67 (xid=0x6ada4fec)
Sep 26 07:39:36 issabel dhclient[2613]: DHCPACK from 192.168.56.100 (xid=0x6ada4fec)
Sep 26 07:39:38 issabel dhclient[2613]: bound to 192.168.56.102 -- renewal in 282 seconds.
Sep 26 07:40:01 issabel systemd: Started Session 39 of user root.
Sep 26 08:01:51 issabel kernel: dahdi: Detected time shift.
Sep 26 08:01:52 issabel chronyd[2348]: Forward time jump detected!
Sep 26 08:01:52 issabel chronyd[2348]: Can't synchronise: no selectable sources
Sep 26 08:01:52 issabel systemd: Started Session 40 of user root.
Sep 26 08:01:52 issabel avahi-daemon[518]: Withdrawing address record for 192.168.56.102 on eth1.
Sep 26 08:01:52 issabel avahi-daemon[518]: Leaving mDNS multicast group on interface eth1.IPv4 with address 192.168.56.102.
Sep 26 08:01:52 issabel avahi-daemon[518]: Interface eth1.IPv4 no longer relevant for mDNS.
Sep 26 08:01:52 issabel systemd: Started Session 41 of user root.
Sep 26 08:01:52 issabel dhclient[2613]: DHCPDISCOVER on eth1 to 255.255.255.255 port 67 interval 6 (xid=0x178027b1)
Sep 26 08:01:52 issabel dhclient[2613]: DHCPREQUEST on eth1 to 255.255.255.255 port 67 (xid=0x178027b1)
Sep 26 08:01:52 issabel dhclient[2613]: DHCPOFFER from 192.168.56.100
Sep 26 08:01:52 issabel dhclient[2613]: DHCPACK from 192.168.56.100 (xid=0x178027b1)
Sep 26 08:01:54 issabel avahi-daemon[518]: Joining mDNS multicast group on interface eth1.IPv4 with address 192.168.56.102.
Sep 26 08:01:54 issabel avahi-daemon[518]: New relevant interface eth1.IPv4 for mDNS.
Sep 26 08:01:54 issabel avahi-daemon[518]: Registering new address record for 192.168.56.102 on eth1.IPv4.
Sep 26 08:01:54 issabel dhclient[2613]: bound to 192.168.56.102 -- renewal in 258 seconds.
Sep 26 08:05:01 issabel systemd: Started Session 42 of user root.
Sep 26 08:05:05 issabel chronyd[2348]: Selected source 162.159.200.123
Sep 26 08:06:12 issabel dhclient[2613]: DHCPREQUEST on eth1 to 192.168.56.100 port 67 (xid=0x178027b1)
Sep 26 08:06:12 issabel dhclient[2613]: DHCPACK from 192.168.56.100 (xid=0x178027b1)
Sep 26 08:06:14 issabel dhclient[2613]: bound to 192.168.56.102 -- renewal in 240 seconds.
Sep 26 08:10:01 issabel systemd: Started Session 43 of user root.
Sep 26 08:10:14 issabel dhclient[2613]: DHCPREQUEST on eth1 to 192.168.56.100 port 67 (xid=0x178027b1)
Sep 26 08:10:14 issabel dhclient[2613]: DHCPACK from 192.168.56.100 (xid=0x178027b1)
Sep 26 08:10:16 issabel dhclient[2613]: bound to 192.168.56.102 -- renewal in 226 seconds.
Sep 26 08:29:40 issabel kernel: dahdi: Detected time shift.
Sep 26 08:29:40 issabel chronyd[2348]: Forward time jump detected!
Sep 26 08:29:40 issabel chronyd[2348]: Can't synchronise: no selectable sources
Sep 26 08:29:40 issabel avahi-daemon[518]: Withdrawing address record for 192.168.56.102 on eth1.
Sep 26 08:29:40 issabel avahi-daemon[518]: Leaving mDNS multicast group on interface eth1.IPv4 with address 192.168.56.102.
Sep 26 08:29:40 issabel avahi-daemon[518]: Interface eth1.IPv4 no longer relevant for mDNS.
Sep 26 08:29:41 issabel dhclient[2613]: DHCPDISCOVER on eth1 to 255.255.255.255 port 67 interval 8 (xid=0x763c9547)
Sep 26 08:29:41 issabel dhclient[2613]: DHCPREQUEST on eth1 to 255.255.255.255 port 67 (xid=0x763c9547)
Sep 26 08:29:41 issabel dhclient[2613]: DHCPOFFER from 192.168.56.100
Sep 26 08:29:41 issabel dhclient[2613]: DHCPACK from 192.168.56.100 (xid=0x763c9547)
Sep 26 08:29:43 issabel avahi-daemon[518]: Joining mDNS multicast group on interface eth1.IPv4 with address 192.168.56.102.
Sep 26 08:29:43 issabel avahi-daemon[518]: New relevant interface eth1.IPv4 for mDNS.
Sep 26 08:29:43 issabel avahi-daemon[518]: Registering new address record for 192.168.56.102 on eth1.IPv4.
Sep 26 08:29:43 issabel dhclient[2613]: bound to 192.168.56.102 -- renewal in 233 seconds.
Sep 26 08:30:01 issabel systemd: Started Session 44 of user root.
Sep 26 08:31:34 issabel systemd-logind: Removed session 2.
Sep 26 08:31:52 issabel chronyd[2348]: Selected source 192.46.211.253
Sep 26 08:32:53 issabel chronyd[2348]: Selected source 162.159.200.123
Sep 26 08:33:36 issabel dhclient[2613]: DHCPREQUEST on eth1 to 192.168.56.100 port 67 (xid=0x763c9547)
Sep 26 08:33:37 issabel dhclient[2613]: DHCPACK from 192.168.56.100 (xid=0x763c9547)
Sep 26 08:33:39 issabel dhclient[2613]: bound to 192.168.56.102 -- renewal in 231 seconds.
Sep 26 08:35:01 issabel systemd: Started Session 45 of user root.
Sep 26 08:37:30 issabel dhclient[2613]: DHCPREQUEST on eth1 to 192.168.56.100 port 67 (xid=0x763c9547)
Sep 26 08:37:30 issabel dhclient[2613]: DHCPACK from 192.168.56.100 (xid=0x763c9547)
Sep 26 08:37:32 issabel dhclient[2613]: bound to 192.168.56.102 -- renewal in 273 seconds.
Sep 26 08:40:01 issabel systemd: Started Session 46 of user root.
Sep 26 08:42:05 issabel dhclient[2613]: DHCPREQUEST on eth1 to 192.168.56.100 port 67 (xid=0x763c9547)
Sep 26 08:42:05 issabel dhclient[2613]: DHCPACK from 192.168.56.100 (xid=0x763c9547)
Sep 26 08:42:07 issabel dhclient[2613]: bound to 192.168.56.102 -- renewal in 243 seconds.
Sep 26 08:45:01 issabel systemd: Started Session 47 of user root.
Sep 26 08:46:01 issabel systemd: Started Session 48 of user root.
Sep 26 08:46:10 issabel dhclient[2613]: DHCPREQUEST on eth1 to 192.168.56.100 port 67 (xid=0x763c9547)
Sep 26 08:46:10 issabel dhclient[2613]: DHCPACK from 192.168.56.100 (xid=0x763c9547)
Sep 26 08:46:12 issabel dhclient[2613]: bound to 192.168.56.102 -- renewal in 234 seconds.
Sep 26 08:50:01 issabel systemd: Started Session 49 of user root.
Sep 26 08:50:07 issabel dhclient[2613]: DHCPREQUEST on eth1 to 192.168.56.100 port 67 (xid=0x763c9547)
Sep 26 08:50:07 issabel dhclient[2613]: DHCPACK from 192.168.56.100 (xid=0x763c9547)
Sep 26 08:50:09 issabel dhclient[2613]: bound to 192.168.56.102 -- renewal in 279 seconds.
Sep 26 08:54:48 issabel dhclient[2613]: DHCPREQUEST on eth1 to 192.168.56.100 port 67 (xid=0x763c9547)
Sep 26 08:54:48 issabel dhclient[2613]: DHCPACK from 192.168.56.100 (xid=0x763c9547)
Sep 26 08:54:50 issabel dhclient[2613]: bound to 192.168.56.102 -- renewal in 237 seconds.
Sep 26 08:55:01 issabel systemd: Started Session 50 of user root.
Sep 26 08:58:47 issabel dhclient[2613]: DHCPREQUEST on eth1 to 192.168.56.100 port 67 (xid=0x763c9547)
Sep 26 08:58:48 issabel dhclient[2613]: DHCPACK from 192.168.56.100 (xid=0x763c9547)
Sep 26 08:58:50 issabel dhclient[2613]: bound to 192.168.56.102 -- renewal in 286 seconds.
Sep 26 09:00:01 issabel systemd: Started Session 51 of user root.
Sep 26 09:01:01 issabel systemd: Started Session 53 of user root.
Sep 26 09:01:01 issabel systemd: Started Session 52 of user root.
Sep 26 09:03:36 issabel dhclient[2613]: DHCPREQUEST on eth1 to 192.168.56.100 port 67 (xid=0x763c9547)
Sep 26 09:03:36 issabel dhclient[2613]: DHCPACK from 192.168.56.100 (xid=0x763c9547)
Sep 26 09:03:38 issabel dhclient[2613]: bound to 192.168.56.102 -- renewal in 230 seconds.
Sep 26 09:05:01 issabel systemd: Started Session 54 of user root.
Sep 26 09:07:28 issabel dhclient[2613]: DHCPREQUEST on eth1 to 192.168.56.100 port 67 (xid=0x763c9547)
Sep 26 09:07:28 issabel dhclient[2613]: DHCPACK from 192.168.56.100 (xid=0x763c9547)
Sep 26 09:07:30 issabel dhclient[2613]: bound to 192.168.56.102 -- renewal in 232 seconds.
Sep 26 09:10:01 issabel systemd: Started Session 55 of user root.
Sep 26 09:11:22 issabel dhclient[2613]: DHCPREQUEST on eth1 to 192.168.56.100 port 67 (xid=0x763c9547)
Sep 26 09:11:22 issabel dhclient[2613]: DHCPACK from 192.168.56.100 (xid=0x763c9547)
Sep 26 09:11:24 issabel dhclient[2613]: bound to 192.168.56.102 -- renewal in 229 seconds.
Sep 26 09:15:01 issabel systemd: Started Session 56 of user root.
Sep 26 09:15:13 issabel dhclient[2613]: DHCPREQUEST on eth1 to 192.168.56.100 port 67 (xid=0x763c9547)
Sep 26 09:15:13 issabel dhclient[2613]: DHCPACK from 192.168.56.100 (xid=0x763c9547)
Sep 26 09:15:15 issabel dhclient[2613]: bound to 192.168.56.102 -- renewal in 297 seconds.
Sep 26 09:16:01 issabel systemd: Started Session 57 of user asterisk.
Sep 26 09:20:01 issabel systemd: Started Session 58 of user root.
Sep 26 09:20:13 issabel dhclient[2613]: DHCPREQUEST on eth1 to 192.168.56.100 port 67 (xid=0x763c9547)
Sep 26 09:20:13 issabel dhclient[2613]: DHCPACK from 192.168.56.100 (xid=0x763c9547)
Sep 26 09:20:15 issabel dhclient[2613]: bound to 192.168.56.102 -- renewal in 264 seconds.
Sep 26 09:24:39 issabel dhclient[2613]: DHCPREQUEST on eth1 to 192.168.56.100 port 67 (xid=0x763c9547)
Sep 26 09:24:39 issabel dhclient[2613]: DHCPACK from 192.168.56.100 (xid=0x763c9547)
Sep 26 09:24:41 issabel dhclient[2613]: bound to 192.168.56.102 -- renewal in 238 seconds.
Sep 26 09:25:01 issabel systemd: Started Session 59 of user root.
Sep 26 09:28:39 issabel dhclient[2613]: DHCPREQUEST on eth1 to 192.168.56.100 port 67 (xid=0x763c9547)
Sep 26 09:28:39 issabel dhclient[2613]: DHCPACK from 192.168.56.100 (xid=0x763c9547)
Sep 26 09:28:41 issabel dhclient[2613]: bound to 192.168.56.102 -- renewal in 290 seconds.
Sep 27 00:16:58 issabel kernel: Initializing cgroup subsys cpuset
Sep 27 00:16:58 issabel kernel: Initializing cgroup subsys cpu
Sep 27 00:16:58 issabel kernel: Initializing cgroup subsys cpuacct
Sep 27 00:16:58 issabel kernel: Linux version 3.10.0-1160.el7.x86_64 (mockbuild@kbuilder.bsys.centos.org) (gcc version 4.8.5 20150623 (Red Hat 4.8.5-44) (GCC) ) #1 SMP Mon Oct 19 16:18:59 UTC 2020
Sep 27 00:16:58 issabel kernel: Command line: BOOT_IMAGE=/vmlinuz-3.10.0-1160.el7.x86_64 root=UUID=0d5851af-702b-448a-bbfa-6a361f879e66 ro net.ifnames=0 rhgb quiet LANG=en_US.UTF-8
Sep 27 00:16:58 issabel kernel: e820: BIOS-provided physical RAM map:
Sep 27 00:16:58 issabel kernel: BIOS-e820: [mem 0x0000000000000000-0x000000000009fbff] usable
Sep 27 00:16:58 issabel kernel: BIOS-e820: [mem 0x000000000009fc00-0x000000000009ffff] reserved
Sep 27 00:16:58 issabel kernel: BIOS-e820: [mem 0x00000000000f0000-0x00000000000fffff] reserved
Sep 27 00:16:58 issabel kernel: BIOS-e820: [mem 0x0000000000100000-0x00000000dffeffff] usable
Sep 27 00:16:58 issabel kernel: BIOS-e820: [mem 0x00000000dfff0000-0x00000000dfffffff] ACPI data
Sep 27 00:16:58 issabel kernel: BIOS-e820: [mem 0x00000000fec00000-0x00000000fec00fff] reserved
