Oct 20 04:03:06 issabel rsyslogd: [origin software="rsyslogd" swVersion="8.24.0-55.el7" x-pid="830" x-info="http://www.rsyslog.com"] rsyslogd was HUPed
Oct 20 04:03:06 issabel logrotate: ALERT exited abnormally with [1]
Oct 20 04:03:16 issabel systemd: Started Session c355 of user root.
Oct 20 04:04:16 issabel systemd: Started Session c356 of user root.
Oct 20 04:05:01 issabel systemd: Started Session 64 of user root.
Oct 20 04:05:16 issabel systemd: Started Session c357 of user root.
Oct 20 04:06:16 issabel systemd: Started Session c358 of user root.
Oct 20 04:07:04 issabel dhclient[2649]: DHCPREQUEST on eth1 to 192.168.56.100 port 67 (xid=0x77c79907)
Oct 20 04:07:05 issabel dhclient[2649]: DHCPACK from 192.168.56.100 (xid=0x77c79907)
Oct 20 04:07:07 issabel dhclient[2649]: bound to 192.168.56.102 -- renewal in 235 seconds.
Oct 20 04:07:16 issabel systemd: Started Session c359 of user root.
Oct 20 04:08:16 issabel systemd: Started Session c360 of user root.
Oct 20 04:09:16 issabel systemd: Started Session c361 of user root.
Oct 20 04:10:01 issabel systemd: Started Session 66 of user root.
Oct 20 04:10:01 issabel systemd: Started Session 65 of user root.
Oct 20 04:10:16 issabel systemd: Started Session c362 of user root.
Oct 20 04:11:02 issabel dhclient[2649]: DHCPREQUEST on eth1 to 192.168.56.100 port 67 (xid=0x77c79907)
Oct 20 04:11:02 issabel dhclient[2649]: DHCPACK from 192.168.56.100 (xid=0x77c79907)
Oct 20 04:11:04 issabel dhclient[2649]: bound to 192.168.56.102 -- renewal in 234 seconds.
Oct 20 04:11:16 issabel systemd: Started Session c363 of user root.
Oct 20 04:12:16 issabel systemd: Started Session c364 of user root.
Oct 20 04:13:16 issabel systemd: Started Session c365 of user root.
Oct 20 04:14:16 issabel systemd: Started Session c366 of user root.
Oct 20 04:14:58 issabel dhclient[2649]: DHCPREQUEST on eth1 to 192.168.56.100 port 67 (xid=0x77c79907)
Oct 20 04:14:58 issabel dhclient[2649]: DHCPACK from 192.168.56.100 (xid=0x77c79907)
Oct 20 04:15:00 issabel dhclient[2649]: bound to 192.168.56.102 -- renewal in 277 seconds.
Oct 20 04:15:01 issabel systemd: Started Session 67 of user root.
Oct 20 04:15:16 issabel systemd: Started Session c367 of user root.
Oct 20 04:16:01 issabel systemd: Started Session 68 of user asterisk.
Oct 20 04:16:16 issabel systemd: Started Session c368 of user root.
Oct 20 04:17:16 issabel systemd: Started Session c369 of user root.
Oct 20 04:18:16 issabel systemd: Started Session c370 of user root.
Oct 20 04:19:16 issabel systemd: Started Session c371 of user root.
Oct 20 04:19:37 issabel dhclient[2649]: DHCPREQUEST on eth1 to 192.168.56.100 port 67 (xid=0x77c79907)
Oct 20 04:19:37 issabel dhclient[2649]: DHCPACK from 192.168.56.100 (xid=0x77c79907)
Oct 20 04:19:39 issabel dhclient[2649]: bound to 192.168.56.102 -- renewal in 284 seconds.
Oct 20 04:20:01 issabel systemd: Started Session 69 of user root.
Oct 20 04:20:16 issabel systemd: Started Session c372 of user root.
Oct 20 04:21:16 issabel systemd: Started Session c373 of user root.
Oct 20 04:22:16 issabel systemd: Started Session c374 of user root.
Oct 20 04:23:16 issabel systemd: Started Session c375 of user root.
Oct 20 04:24:16 issabel systemd: Started Session c376 of user root.
Oct 20 04:24:23 issabel dhclient[2649]: DHCPREQUEST on eth1 to 192.168.56.100 port 67 (xid=0x77c79907)
Oct 20 04:24:23 issabel dhclient[2649]: DHCPACK from 192.168.56.100 (xid=0x77c79907)
Oct 20 04:24:25 issabel dhclient[2649]: bound to 192.168.56.102 -- renewal in 297 seconds.
Oct 20 04:25:01 issabel systemd: Started Session 70 of user root.
Oct 20 04:25:16 issabel systemd: Started Session c377 of user root.
Oct 20 04:26:16 issabel systemd: Started Session c378 of user root.
Oct 20 04:27:16 issabel systemd: Started Session c379 of user root.
Oct 20 04:28:16 issabel systemd: Started Session c380 of user root.
Oct 20 04:29:16 issabel systemd: Started Session c381 of user root.
Oct 20 04:29:23 issabel dhclient[2649]: DHCPREQUEST on eth1 to 192.168.56.100 port 67 (xid=0x77c79907)
Oct 20 04:29:23 issabel dhclient[2649]: DHCPACK from 192.168.56.100 (xid=0x77c79907)
Oct 20 04:29:25 issabel dhclient[2649]: bound to 192.168.56.102 -- renewal in 224 seconds.
Oct 20 04:30:01 issabel systemd: Started Session 71 of user root.
Oct 20 04:30:16 issabel systemd: Started Session c382 of user root.
Oct 20 04:31:16 issabel systemd: Started Session c383 of user root.
Oct 20 04:32:16 issabel systemd: Started Session c384 of user root.
Oct 20 04:33:09 issabel dhclient[2649]: DHCPREQUEST on eth1 to 192.168.56.100 port 67 (xid=0x77c79907)
Oct 20 04:33:09 issabel dhclient[2649]: DHCPACK from 192.168.56.100 (xid=0x77c79907)
Oct 20 04:33:12 issabel dhclient[2649]: bound to 192.168.56.102 -- renewal in 243 seconds.
Oct 20 04:33:16 issabel systemd: Started Session c385 of user root.
Oct 20 04:34:16 issabel systemd: Started Session c386 of user root.
Oct 20 04:35:01 issabel systemd: Started Session 72 of user root.
Oct 20 04:35:16 issabel systemd: Started Session c387 of user root.
Oct 20 04:36:16 issabel systemd: Started Session c388 of user root.
Oct 20 04:37:15 issabel dhclient[2649]: DHCPREQUEST on eth1 to 192.168.56.100 port 67 (xid=0x77c79907)
Oct 20 04:37:15 issabel dhclient[2649]: DHCPACK from 192.168.56.100 (xid=0x77c79907)
Oct 20 04:37:16 issabel systemd: Started Session c389 of user root.
Oct 20 04:37:17 issabel dhclient[2649]: bound to 192.168.56.102 -- renewal in 268 seconds.
Oct 20 04:38:16 issabel systemd: Started Session c390 of user root.
Oct 20 04:39:16 issabel systemd: Started Session c391 of user root.
Oct 20 04:40:01 issabel systemd: Started Session 73 of user root.
Oct 20 04:40:16 issabel systemd: Started Session c392 of user root.
Oct 20 04:41:16 issabel systemd: Started Session c393 of user root.
Oct 20 04:41:45 issabel dhclient[2649]: DHCPREQUEST on eth1 to 192.168.56.100 port 67 (xid=0x77c79907)
Oct 20 04:41:45 issabel dhclient[2649]: DHCPACK from 192.168.56.100 (xid=0x77c79907)
Oct 20 04:41:47 issabel dhclient[2649]: bound to 192.168.56.102 -- renewal in 262 seconds.
Oct 20 04:42:16 issabel systemd: Started Session c394 of user root.
Oct 20 04:43:16 issabel systemd: Started Session c395 of user root.
Oct 20 04:44:16 issabel systemd: Started Session c396 of user root.
Oct 20 04:45:01 issabel systemd: Started Session 74 of user root.
Oct 20 04:45:16 issabel systemd: Started Session c397 of user root.
Oct 20 04:46:01 issabel systemd: Started Session 75 of user root.
Oct 20 04:46:09 issabel dhclient[2649]: DHCPREQUEST on eth1 to 192.168.56.100 port 67 (xid=0x77c79907)
Oct 20 04:46:09 issabel dhclient[2649]: DHCPACK from 192.168.56.100 (xid=0x77c79907)
Oct 20 04:46:12 issabel dhclient[2649]: bound to 192.168.56.102 -- renewal in 235 seconds.
Oct 20 04:46:16 issabel systemd: Started Session c398 of user root.
Oct 20 04:47:16 issabel systemd: Started Session c399 of user root.
Oct 20 04:48:16 issabel systemd: Started Session c400 of user root.
Oct 20 04:49:16 issabel systemd: Started Session c401 of user root.
Oct 20 04:50:01 issabel systemd: Started Session 76 of user root.
Oct 20 04:50:07 issabel dhclient[2649]: DHCPREQUEST on eth1 to 192.168.56.100 port 67 (xid=0x77c79907)
Oct 20 04:50:07 issabel dhclient[2649]: DHCPACK from 192.168.56.100 (xid=0x77c79907)
Oct 20 04:50:09 issabel dhclient[2649]: bound to 192.168.56.102 -- renewal in 226 seconds.
Oct 20 04:50:16 issabel systemd: Started Session c402 of user root.
Oct 20 04:51:16 issabel systemd: Started Session c403 of user root.
Oct 20 04:52:16 issabel systemd: Started Session c404 of user root.
Oct 20 04:53:16 issabel systemd: Started Session c405 of user root.
Oct 20 04:53:55 issabel dhclient[2649]: DHCPREQUEST on eth1 to 192.168.56.100 port 67 (xid=0x77c79907)
Oct 20 04:53:55 issabel dhclient[2649]: DHCPACK from 192.168.56.100 (xid=0x77c79907)
Oct 20 04:53:57 issabel dhclient[2649]: bound to 192.168.56.102 -- renewal in 225 seconds.
Oct 20 04:54:16 issabel systemd: Started Session c406 of user root.
Oct 20 04:55:01 issabel systemd: Started Session 77 of user root.
Oct 20 04:55:16 issabel systemd: Started Session c407 of user root.
Oct 20 04:56:16 issabel systemd: Started Session c408 of user root.
Oct 20 04:57:16 issabel systemd: Started Session c409 of user root.
Oct 20 04:57:42 issabel dhclient[2649]: DHCPREQUEST on eth1 to 192.168.56.100 port 67 (xid=0x77c79907)
Oct 20 04:57:42 issabel dhclient[2649]: DHCPACK from 192.168.56.100 (xid=0x77c79907)
Oct 20 04:57:44 issabel dhclient[2649]: bound to 192.168.56.102 -- renewal in 243 seconds.
Oct 20 04:58:16 issabel systemd: Started Session c410 of user root.
Oct 20 04:59:16 issabel systemd: Started Session c411 of user root.
Oct 20 05:00:01 issabel systemd: Started Session 78 of user root.
Oct 20 05:00:16 issabel systemd: Started Session c412 of user root.
Oct 20 05:01:01 issabel systemd: Started Session 80 of user root.
Oct 20 05:01:01 issabel systemd: Started Session 79 of user root.
Oct 20 05:01:16 issabel systemd: Started Session c413 of user root.
Oct 20 05:01:47 issabel dhclient[2649]: DHCPREQUEST on eth1 to 192.168.56.100 port 67 (xid=0x77c79907)
Oct 20 05:01:47 issabel dhclient[2649]: DHCPACK from 192.168.56.100 (xid=0x77c79907)
Oct 20 05:01:49 issabel dhclient[2649]: bound to 192.168.56.102 -- renewal in 260 seconds.
Oct 20 05:02:16 issabel systemd: Started Session c414 of user root.
Oct 20 05:03:16 issabel systemd: Started Session c415 of user root.
Oct 20 05:04:16 issabel systemd: Started Session c416 of user root.
Oct 20 05:05:01 issabel systemd: Started Session 81 of user root.
Oct 20 05:05:16 issabel systemd: Started Session c417 of user root.
Oct 20 05:06:09 issabel dhclient[2649]: DHCPREQUEST on eth1 to 192.168.56.100 port 67 (xid=0x77c79907)
Oct 20 05:06:09 issabel dhclient[2649]: DHCPACK from 192.168.56.100 (xid=0x77c79907)
Oct 20 05:06:11 issabel dhclient[2649]: bound to 192.168.56.102 -- renewal in 249 seconds.
Oct 20 05:06:16 issabel systemd: Started Session c418 of user root.
Oct 20 05:07:10 issabel systemd: Started Session c419 of user root.
Oct 20 05:07:21 issabel systemd: Started Session c420 of user root.
Oct 20 05:07:37 issabel systemd: Started Session c421 of user root.
Oct 20 05:10:01 issabel systemd: Started Session 82 of user root.
Oct 20 05:10:20 issabel dhclient[2649]: DHCPREQUEST on eth1 to 192.168.56.100 port 67 (xid=0x77c79907)
Oct 20 05:10:20 issabel dhclient[2649]: DHCPACK from 192.168.56.100 (xid=0x77c79907)
Oct 20 05:10:22 issabel dhclient[2649]: bound to 192.168.56.102 -- renewal in 276 seconds.
Oct 20 05:14:58 issabel dhclient[2649]: DHCPREQUEST on eth1 to 192.168.56.100 port 67 (xid=0x77c79907)
Oct 20 05:14:58 issabel dhclient[2649]: DHCPACK from 192.168.56.100 (xid=0x77c79907)
Oct 20 05:15:00 issabel dhclient[2649]: bound to 192.168.56.102 -- renewal in 281 seconds.
Oct 20 05:15:01 issabel systemd: Started Session 83 of user root.
Oct 20 05:16:01 issabel systemd: Started Session 84 of user asterisk.
Oct 20 05:19:41 issabel dhclient[2649]: DHCPREQUEST on eth1 to 192.168.56.100 port 67 (xid=0x77c79907)
Oct 20 05:19:41 issabel dhclient[2649]: DHCPACK from 192.168.56.100 (xid=0x77c79907)
Oct 20 05:19:43 issabel dhclient[2649]: bound to 192.168.56.102 -- renewal in 297 seconds.
Oct 20 05:20:01 issabel systemd: Started Session 85 of user root.
Oct 20 05:24:40 issabel dhclient[2649]: DHCPREQUEST on eth1 to 192.168.56.100 port 67 (xid=0x77c79907)
Oct 20 05:24:40 issabel dhclient[2649]: DHCPACK from 192.168.56.100 (xid=0x77c79907)
Oct 20 05:24:42 issabel dhclient[2649]: bound to 192.168.56.102 -- renewal in 295 seconds.
Oct 20 05:25:01 issabel systemd: Started Session 86 of user root.
Oct 20 05:29:37 issabel dhclient[2649]: DHCPREQUEST on eth1 to 192.168.56.100 port 67 (xid=0x77c79907)
Oct 20 05:29:37 issabel dhclient[2649]: DHCPACK from 192.168.56.100 (xid=0x77c79907)
Oct 20 05:29:39 issabel dhclient[2649]: bound to 192.168.56.102 -- renewal in 240 seconds.
Oct 20 05:30:01 issabel systemd: Started Session 87 of user root.
Oct 20 05:33:39 issabel dhclient[2649]: DHCPREQUEST on eth1 to 192.168.56.100 port 67 (xid=0x77c79907)
Oct 20 05:33:39 issabel dhclient[2649]: DHCPACK from 192.168.56.100 (xid=0x77c79907)
Oct 20 05:33:41 issabel dhclient[2649]: bound to 192.168.56.102 -- renewal in 270 seconds.
Oct 20 05:35:01 issabel systemd: Started Session 88 of user root.
Oct 20 05:38:12 issabel dhclient[2649]: DHCPREQUEST on eth1 to 192.168.56.100 port 67 (xid=0x77c79907)
Oct 20 05:38:12 issabel dhclient[2649]: DHCPACK from 192.168.56.100 (xid=0x77c79907)
Oct 20 05:38:14 issabel dhclient[2649]: bound to 192.168.56.102 -- renewal in 274 seconds.
Oct 20 05:40:01 issabel systemd: Started Session 89 of user root.
Oct 20 05:42:48 issabel dhclient[2649]: DHCPREQUEST on eth1 to 192.168.56.100 port 67 (xid=0x77c79907)
Oct 20 05:42:48 issabel dhclient[2649]: DHCPACK from 192.168.56.100 (xid=0x77c79907)
Oct 20 05:42:50 issabel dhclient[2649]: bound to 192.168.56.102 -- renewal in 228 seconds.
Oct 20 05:45:01 issabel systemd: Started Session 90 of user root.
Oct 20 05:46:01 issabel systemd: Started Session 91 of user root.
Oct 20 05:46:38 issabel dhclient[2649]: DHCPREQUEST on eth1 to 192.168.56.100 port 67 (xid=0x77c79907)
Oct 20 05:46:38 issabel dhclient[2649]: DHCPACK from 192.168.56.100 (xid=0x77c79907)
Oct 20 05:46:40 issabel dhclient[2649]: bound to 192.168.56.102 -- renewal in 275 seconds.
Oct 20 05:50:01 issabel systemd: Started Session 92 of user root.
Oct 20 05:51:15 issabel dhclient[2649]: DHCPREQUEST on eth1 to 192.168.56.100 port 67 (xid=0x77c79907)
Oct 20 05:51:15 issabel dhclient[2649]: DHCPACK from 192.168.56.100 (xid=0x77c79907)
Oct 20 05:51:18 issabel dhclient[2649]: bound to 192.168.56.102 -- renewal in 265 seconds.
Oct 20 05:55:01 issabel systemd: Started Session 93 of user root.
Oct 20 05:55:44 issabel dhclient[2649]: DHCPREQUEST on eth1 to 192.168.56.100 port 67 (xid=0x77c79907)
Oct 20 05:55:44 issabel dhclient[2649]: DHCPACK from 192.168.56.100 (xid=0x77c79907)
Oct 20 05:55:46 issabel dhclient[2649]: bound to 192.168.56.102 -- renewal in 254 seconds.
Oct 20 06:00:00 issabel dhclient[2649]: DHCPREQUEST on eth1 to 192.168.56.100 port 67 (xid=0x77c79907)
Oct 20 06:00:00 issabel dhclient[2649]: DHCPACK from 192.168.56.100 (xid=0x77c79907)
Oct 20 06:00:01 issabel systemd: Started Session 94 of user root.
Oct 20 06:00:02 issabel dhclient[2649]: bound to 192.168.56.102 -- renewal in 274 seconds.
Oct 20 06:01:01 issabel systemd: Started Session 95 of user root.
Oct 20 06:01:01 issabel systemd: Started Session 96 of user root.
Oct 20 06:04:36 issabel dhclient[2649]: DHCPREQUEST on eth1 to 192.168.56.100 port 67 (xid=0x77c79907)
Oct 20 06:04:36 issabel dhclient[2649]: DHCPACK from 192.168.56.100 (xid=0x77c79907)
Oct 20 06:04:38 issabel dhclient[2649]: bound to 192.168.56.102 -- renewal in 276 seconds.
Oct 20 06:05:01 issabel systemd: Started Session 97 of user root.
Oct 20 06:09:14 issabel dhclient[2649]: DHCPREQUEST on eth1 to 192.168.56.100 port 67 (xid=0x77c79907)
Oct 20 06:09:14 issabel dhclient[2649]: DHCPACK from 192.168.56.100 (xid=0x77c79907)
Oct 20 06:09:17 issabel dhclient[2649]: bound to 192.168.56.102 -- renewal in 251 seconds.
Oct 20 06:10:01 issabel systemd: Started Session 98 of user root.
Oct 20 06:13:28 issabel dhclient[2649]: DHCPREQUEST on eth1 to 192.168.56.100 port 67 (xid=0x77c79907)
Oct 20 06:13:28 issabel dhclient[2649]: DHCPACK from 192.168.56.100 (xid=0x77c79907)
Oct 20 06:13:31 issabel dhclient[2649]: bound to 192.168.56.102 -- renewal in 281 seconds.
Oct 20 06:15:01 issabel systemd: Started Session 99 of user root.
Oct 20 06:16:01 issabel systemd: Started Session 100 of user asterisk.
Oct 20 06:18:12 issabel dhclient[2649]: DHCPREQUEST on eth1 to 192.168.56.100 port 67 (xid=0x77c79907)
Oct 20 06:18:12 issabel dhclient[2649]: DHCPACK from 192.168.56.100 (xid=0x77c79907)
Oct 20 06:18:14 issabel dhclient[2649]: bound to 192.168.56.102 -- renewal in 236 seconds.
Oct 20 06:20:02 issabel systemd: Started Session 101 of user root.
Oct 20 06:22:10 issabel dhclient[2649]: DHCPREQUEST on eth1 to 192.168.56.100 port 67 (xid=0x77c79907)
Oct 20 06:22:10 issabel dhclient[2649]: DHCPACK from 192.168.56.100 (xid=0x77c79907)
Oct 20 06:22:12 issabel dhclient[2649]: bound to 192.168.56.102 -- renewal in 244 seconds.
Oct 20 06:25:01 issabel systemd: Started Session 102 of user root.
Oct 20 06:26:16 issabel dhclient[2649]: DHCPREQUEST on eth1 to 192.168.56.100 port 67 (xid=0x77c79907)
Oct 20 06:26:16 issabel dhclient[2649]: DHCPACK from 192.168.56.100 (xid=0x77c79907)
Oct 20 06:26:18 issabel dhclient[2649]: bound to 192.168.56.102 -- renewal in 276 seconds.
Oct 20 06:30:01 issabel systemd: Started Session 103 of user root.
Oct 20 06:30:54 issabel dhclient[2649]: DHCPREQUEST on eth1 to 192.168.56.100 port 67 (xid=0x77c79907)
Oct 20 06:30:54 issabel dhclient[2649]: DHCPACK from 192.168.56.100 (xid=0x77c79907)
Oct 20 06:30:56 issabel dhclient[2649]: bound to 192.168.56.102 -- renewal in 276 seconds.
Oct 20 07:10:55 issabel journal: Runtime journal is using 16.0M (max allowed 197.5M, trying to leave 296.2M free of 1.9G available â†’ current limit 197.5M).
Oct 20 07:10:55 issabel kernel: sched: RT throttling activated
Oct 20 07:10:55 issabel kernel: dahdi: Detected time shift.
Oct 20 07:10:55 issabel journal: Journal started
Oct 20 07:10:55 issabel chronyd[1680]: Forward time jump detected!
Oct 20 07:10:55 issabel systemd: systemd-logind.service watchdog timeout (limit 3min)!
Oct 20 07:10:55 issabel chronyd[1680]: Can't synchronise: no selectable sources
Oct 20 07:10:55 issabel systemd: systemd-journald.service watchdog timeout (limit 3min)!
Oct 20 07:10:55 issabel avahi-daemon[521]: Withdrawing address record for 192.168.56.102 on eth1.
Oct 20 07:10:55 issabel systemd: Starting Flush Journal to Persistent Storage...
Oct 20 07:10:55 issabel avahi-daemon[521]: Leaving mDNS multicast group on interface eth1.IPv4 with address 192.168.56.102.
Oct 20 07:10:55 issabel systemd: Started Login Service.
Oct 20 07:10:55 issabel avahi-daemon[521]: Interface eth1.IPv4 no longer relevant for mDNS.
Oct 20 07:10:55 issabel systemd-logind: New seat seat0.
Oct 20 07:10:55 issabel rsyslogd: imjournal: journal reloaded... [v8.24.0-55.el7 try http://www.rsyslog.com/e/0 ]
Oct 20 07:10:55 issabel systemd-logind: Watching system buttons on /dev/input/event0 (Power Button)
Oct 20 07:10:55 issabel systemd-logind: Watching system buttons on /dev/input/event1 (Sleep Button)
Oct 20 07:10:55 issabel systemd-logind: Watching system buttons on /dev/input/event5 (Video Bus)
Oct 20 07:10:55 issabel systemd-logind: New session 1 of user root.
Oct 20 07:10:55 issabel systemd-logind: New session 2 of user root.
Oct 20 07:10:55 issabel systemd: Started Flush Journal to Persistent Storage.
Oct 20 07:10:55 issabel systemd: Started Session 104 of user root.
Oct 20 07:10:55 issabel dhclient[2649]: DHCPDISCOVER on eth1 to 255.255.255.255 port 67 interval 5 (xid=0x34dedd56)
Oct 20 07:10:55 issabel dhclient[2649]: DHCPREQUEST on eth1 to 255.255.255.255 port 67 (xid=0x34dedd56)
Oct 20 07:10:55 issabel dhclient[2649]: DHCPOFFER from 192.168.56.100
Oct 20 07:10:55 issabel dhclient[2649]: DHCPACK from 192.168.56.100 (xid=0x34dedd56)
Oct 20 07:10:57 issabel avahi-daemon[521]: Joining mDNS multicast group on interface eth1.IPv4 with address 192.168.56.102.
Oct 20 07:10:57 issabel avahi-daemon[521]: New relevant interface eth1.IPv4 for mDNS.
Oct 20 07:10:57 issabel avahi-daemon[521]: Registering new address record for 192.168.56.102 on eth1.IPv4.
Oct 20 07:10:57 issabel dhclient[2649]: bound to 192.168.56.102 -- renewal in 237 seconds.
Oct 20 07:14:08 issabel chronyd[1680]: Selected source 162.159.200.123
Oct 20 07:14:54 issabel dhclient[2649]: DHCPREQUEST on eth1 to 192.168.56.100 port 67 (xid=0x34dedd56)
Oct 20 07:14:54 issabel dhclient[2649]: DHCPACK from 192.168.56.100 (xid=0x34dedd56)
Oct 20 07:14:56 issabel dhclient[2649]: bound to 192.168.56.102 -- renewal in 269 seconds.
Oct 20 07:15:01 issabel systemd: Started Session 105 of user root.
Oct 20 07:15:14 issabel chronyd[1680]: Source 13.126.27.131 replaced with 178.215.228.24
Oct 20 07:16:01 issabel systemd: Started Session 106 of user asterisk.
Oct 20 07:19:25 issabel dhclient[2649]: DHCPREQUEST on eth1 to 192.168.56.100 port 67 (xid=0x34dedd56)
Oct 20 07:19:25 issabel dhclient[2649]: DHCPACK from 192.168.56.100 (xid=0x34dedd56)
Oct 20 07:19:27 issabel dhclient[2649]: bound to 192.168.56.102 -- renewal in 251 seconds.
Oct 20 07:20:01 issabel systemd: Started Session 107 of user root.
Oct 20 07:23:38 issabel dhclient[2649]: DHCPREQUEST on eth1 to 192.168.56.100 port 67 (xid=0x34dedd56)
Oct 20 07:23:38 issabel dhclient[2649]: DHCPACK from 192.168.56.100 (xid=0x34dedd56)
Oct 20 07:23:40 issabel dhclient[2649]: bound to 192.168.56.102 -- renewal in 224 seconds.
Oct 20 07:25:01 issabel systemd: Started Session 108 of user root.
Oct 20 07:27:25 issabel dhclient[2649]: DHCPREQUEST on eth1 to 192.168.56.100 port 67 (xid=0x34dedd56)
Oct 20 07:27:25 issabel dhclient[2649]: DHCPACK from 192.168.56.100 (xid=0x34dedd56)
Oct 20 07:27:27 issabel dhclient[2649]: bound to 192.168.56.102 -- renewal in 231 seconds.
Oct 20 07:30:01 issabel systemd: Started Session 109 of user root.
Oct 20 07:31:18 issabel dhclient[2649]: DHCPREQUEST on eth1 to 192.168.56.100 port 67 (xid=0x34dedd56)
Oct 20 07:31:18 issabel dhclient[2649]: DHCPACK from 192.168.56.100 (xid=0x34dedd56)
Oct 20 07:31:20 issabel dhclient[2649]: bound to 192.168.56.102 -- renewal in 261 seconds.
Oct 20 07:35:01 issabel systemd: Started Session 110 of user root.
Oct 20 07:35:41 issabel dhclient[2649]: DHCPREQUEST on eth1 to 192.168.56.100 port 67 (xid=0x34dedd56)
Oct 20 07:35:41 issabel dhclient[2649]: DHCPACK from 192.168.56.100 (xid=0x34dedd56)
Oct 20 07:35:43 issabel dhclient[2649]: bound to 192.168.56.102 -- renewal in 251 seconds.
Oct 20 07:39:54 issabel dhclient[2649]: DHCPREQUEST on eth1 to 192.168.56.100 port 67 (xid=0x34dedd56)
Oct 20 07:39:54 issabel dhclient[2649]: DHCPACK from 192.168.56.100 (xid=0x34dedd56)
Oct 20 07:39:56 issabel dhclient[2649]: bound to 192.168.56.102 -- renewal in 289 seconds.
Oct 20 07:40:01 issabel systemd: Started Session 111 of user root.
Oct 20 07:44:45 issabel dhclient[2649]: DHCPREQUEST on eth1 to 192.168.56.100 port 67 (xid=0x34dedd56)
Oct 20 07:44:45 issabel dhclient[2649]: DHCPACK from 192.168.56.100 (xid=0x34dedd56)
Oct 20 07:44:47 issabel dhclient[2649]: bound to 192.168.56.102 -- renewal in 254 seconds.
Oct 20 07:45:01 issabel systemd: Started Session 112 of user root.
Oct 20 07:46:01 issabel systemd: Started Session 113 of user root.
Oct 20 07:49:01 issabel dhclient[2649]: DHCPREQUEST on eth1 to 192.168.56.100 port 67 (xid=0x34dedd56)
Oct 20 07:49:01 issabel dhclient[2649]: DHCPACK from 192.168.56.100 (xid=0x34dedd56)
Oct 20 07:49:04 issabel dhclient[2649]: bound to 192.168.56.102 -- renewal in 264 seconds.
Oct 20 07:50:01 issabel systemd: Started Session 114 of user root.
Oct 20 07:53:28 issabel dhclient[2649]: DHCPREQUEST on eth1 to 192.168.56.100 port 67 (xid=0x34dedd56)
Oct 20 07:53:28 issabel dhclient[2649]: DHCPACK from 192.168.56.100 (xid=0x34dedd56)
Oct 20 07:53:31 issabel dhclient[2649]: bound to 192.168.56.102 -- renewal in 259 seconds.
Oct 20 07:55:01 issabel systemd: Started Session 115 of user root.
Oct 20 07:57:50 issabel dhclient[2649]: DHCPREQUEST on eth1 to 192.168.56.100 port 67 (xid=0x34dedd56)
Oct 20 07:57:50 issabel dhclient[2649]: DHCPACK from 192.168.56.100 (xid=0x34dedd56)
Oct 20 07:57:52 issabel dhclient[2649]: bound to 192.168.56.102 -- renewal in 226 seconds.
Oct 20 08:00:01 issabel systemd: Started Session 116 of user root.
Oct 20 08:01:01 issabel systemd: Started Session 118 of user root.
Oct 20 08:01:01 issabel systemd: Started Session 117 of user root.
Oct 20 08:01:38 issabel dhclient[2649]: DHCPREQUEST on eth1 to 192.168.56.100 port 67 (xid=0x34dedd56)
Oct 20 08:01:38 issabel dhclient[2649]: DHCPACK from 192.168.56.100 (xid=0x34dedd56)
Oct 20 08:01:40 issabel dhclient[2649]: bound to 192.168.56.102 -- renewal in 264 seconds.
Oct 20 08:05:01 issabel systemd: Started Session 119 of user root.
Oct 20 08:06:04 issabel dhclient[2649]: DHCPREQUEST on eth1 to 192.168.56.100 port 67 (xid=0x34dedd56)
Oct 20 08:06:04 issabel dhclient[2649]: DHCPACK from 192.168.56.100 (xid=0x34dedd56)
Oct 20 08:06:07 issabel dhclient[2649]: bound to 192.168.56.102 -- renewal in 266 seconds.
Oct 20 08:10:01 issabel systemd: Started Session 120 of user root.
Oct 20 08:10:33 issabel dhclient[2649]: DHCPREQUEST on eth1 to 192.168.56.100 port 67 (xid=0x34dedd56)
Oct 20 08:10:33 issabel dhclient[2649]: DHCPACK from 192.168.56.100 (xid=0x34dedd56)
Oct 20 08:10:35 issabel dhclient[2649]: bound to 192.168.56.102 -- renewal in 296 seconds.
Oct 20 08:15:01 issabel systemd: Started Session 121 of user root.
Oct 20 08:15:31 issabel dhclient[2649]: DHCPREQUEST on eth1 to 192.168.56.100 port 67 (xid=0x34dedd56)
Oct 20 08:15:31 issabel dhclient[2649]: DHCPACK from 192.168.56.100 (xid=0x34dedd56)
Oct 20 08:15:33 issabel dhclient[2649]: bound to 192.168.56.102 -- renewal in 278 seconds.
Oct 20 08:16:01 issabel systemd: Started Session 122 of user asterisk.
Oct 20 08:20:01 issabel systemd: Started Session 123 of user root.
Oct 20 08:20:11 issabel dhclient[2649]: DHCPREQUEST on eth1 to 192.168.56.100 port 67 (xid=0x34dedd56)
Oct 20 08:20:11 issabel dhclient[2649]: DHCPACK from 192.168.56.100 (xid=0x34dedd56)
Oct 20 08:20:13 issabel dhclient[2649]: bound to 192.168.56.102 -- renewal in 260 seconds.
Oct 20 08:24:33 issabel dhclient[2649]: DHCPREQUEST on eth1 to 192.168.56.100 port 67 (xid=0x34dedd56)
Oct 20 08:24:33 issabel dhclient[2649]: DHCPACK from 192.168.56.100 (xid=0x34dedd56)
Oct 20 08:24:35 issabel dhclient[2649]: bound to 192.168.56.102 -- renewal in 232 seconds.
Oct 20 08:25:01 issabel systemd: Started Session 124 of user root.
                                                           Oct 21 02:22:32 issabel kernel: Initializing cgroup subsys cpuset
Oct 21 02:22:32 issabel kernel: Initializing cgroup subsys cpu
Oct 21 02:22:32 issabel kernel: Initializing cgroup subsys cpuacct
Oct 21 02:22:32 issabel kernel: Linux version 3.10.0-1160.el7.x86_64 (mockbuild@kbuilder.bsys.centos.org) (gcc version 4.8.5 20150623 (Red Hat 4.8.5-44) (GCC) ) #1 SMP Mon Oct 19 16:18:59 UTC 2020
Oct 21 02:22:32 issabel kernel: Command line: BOOT_IMAGE=/vmlinuz-3.10.0-1160.el7.x86_64 root=UUID=0d5851af-702b-448a-bbfa-6a361f879e66 ro net.ifnames=0 rhgb quiet LANG=en_US.UTF-8
Oct 21 02:22:32 issabel kernel: e820: BIOS-provided physical RAM map:
Oct 21 02:22:32 issabel kernel: BIOS-e820: [mem 0x0000000000000000-0x000000000009fbff] usable
Oct 21 02:22:32 issabel kernel: BIOS-e820: [mem 0x000000000009fc00-0x000000000009ffff] reserved
Oct 21 02:22:32 issabel kernel: BIOS-e820: [mem 0x00000000000f0000-0x00000000000fffff] reserved
Oct 21 02:22:32 issabel kernel: BIOS-e820: [mem 0x0000000000100000-0x00000000dffeffff] usable
Oct 21 02:22:32 issabel kernel: BIOS-e820: [mem 0x00000000dfff0000-0x00000000dfffffff] ACPI data
Oct 21 02:22:32 issabel kernel: BIOS-e820: [mem 0x00000000fec00000-0x00000000fec00fff] reserved
Oct 21 02:22:32 issabel kernel: BIOS-e820: [mem 0x00000000fee00000-0x00000000fee00fff] reserved
Oct 21 02:22:32 issabel kernel: BIOS-e820: [mem 0x00000000fffc0000-0x00000000ffffffff] reserved
Oct 21 02:22:32 issabel kernel: BIOS-e820: [mem 0x0000000100000000-0x000000011fffffff] usable
Oct 21 02:22:32 issabel kernel: NX (Execute Disable) protection: active
Oct 21 02:22:32 issabel kernel: SMBIOS 2.5 present.
Oct 21 02:22:32 issabel kernel: DMI: innotek GmbH VirtualBox/VirtualBox, BIOS VirtualBox 12/01/2006
Oct 21 02:22:32 issabel kernel: Hypervisor detected: KVM
Oct 21 02:22:32 issabel kernel: e820: last_pfn = 0x120000 max_arch_pfn = 0x400000000
Oct 21 02:22:32 issabel kernel: PAT configuration [0-7]: WB  WC  UC- UC  WB  WP  UC- UC  
Oct 21 02:22:32 issabel kernel: CPU MTRRs all blank - virtualized system.
Oct 21 02:22:32 issabel kernel: e820: last_pfn = 0xdfff0 max_arch_pfn = 0x400000000
Oct 21 02:22:32 issabel kernel: found SMP MP-table at [mem 0x0009fff0-0x0009ffff] mapped at [ffffffffff200ff0]
Oct 21 02:22:32 issabel kernel: RAMDISK: [mem 0x35c96000-0x36e42fff]
Oct 21 02:22:32 issabel kernel: Early table checksum verification disabled
Oct 21 02:22:32 issabel kernel: ACPI: RSDP 00000000000e0000 00024 (v02 VBOX  )
Oct 21 02:22:32 issabel kernel: ACPI: XSDT 00000000dfff0030 0003C (v01 VBOX   VBOXXSDT 00000001 ASL  00000061)
Oct 21 02:22:32 issabel kernel: ACPI: FACP 00000000dfff00f0 000F4 (v04 VBOX   VBOXFACP 00000001 ASL  00000061)
Oct 21 02:22:32 issabel kernel: ACPI: DSDT 00000000dfff0470 02325 (v02 VBOX   VBOXBIOS 00000002 INTL 20100528)
Oct 21 02:22:32 issabel kernel: ACPI: FACS 00000000dfff0200 00040
Oct 21 02:22:32 issabel kernel: ACPI: APIC 00000000dfff0240 00054 (v02 VBOX   VBOXAPIC 00000001 ASL  00000061)
Oct 21 02:22:32 issabel kernel: ACPI: SSDT 00000000dfff02a0 001CC (v01 VBOX   VBOXCPUT 00000002 INTL 20100528)
Oct 21 02:22:32 issabel kernel: No NUMA configuration found
Oct 21 02:22:32 issabel kernel: Faking a node at [mem 0x0000000000000000-0x000000011fffffff]
Oct 21 02:22:32 issabel kernel: NODE_DATA(0) allocated [mem 0x11ffd5000-0x11fffbfff]
Oct 21 02:22:32 issabel kernel: kvm-clock: cpu 0, msr 1:1ff84001, primary cpu clock
Oct 21 02:22:32 issabel kernel: kvm-clock: Using msrs 4b564d01 and 4b564d00
Oct 21 02:22:32 issabel kernel: kvm-clock: using sched offset of 6202434368 cycles
Oct 21 02:22:32 issabel kernel: Zone ranges:
Oct 21 02:22:32 issabel kernel:  DMA      [mem 0x00001000-0x00ffffff]
Oct 21 02:22:32 issabel kernel:  DMA32    [mem 0x01000000-0xffffffff]
Oct 21 02:22:32 issabel kernel:  Normal   [mem 0x100000000-0x11fffffff]
Oct 21 02:22:32 issabel kernel: Movable zone start for each node
Oct 21 02:22:32 issabel kernel: Early memory node ranges
Oct 21 02:22:32 issabel kernel:  node   0: [mem 0x00001000-0x0009efff]
Oct 21 02:22:32 issabel kernel:  node   0: [mem 0x00100000-0xdffeffff]
Oct 21 02:22:32 issabel kernel:  node   0: [mem 0x100000000-0x11fffffff]
Oct 21 02:22:32 issabel kernel: Initmem setup node 0 [mem 0x00001000-0x11fffffff]
Oct 21 02:22:32 issabel kernel: ACPI: PM-Timer IO Port: 0x4008
Oct 21 02:22:32 issabel kernel: ACPI: LAPIC (acpi_id[0x00] lapic_id[0x00] enabled)
Oct 21 02:22:32 issabel kernel: ACPI: IOAPIC (id[0x01] address[0xfec00000] gsi_base[0])
Oct 21 02:22:32 issabel kernel: IOAPIC[0]: apic_id 1, version 32, address 0xfec00000, GSI 0-23
Oct 21 02:22:32 issabel kernel: ACPI: INT_SRC_OVR (bus 0 bus_irq 0 global_irq 2 dfl dfl)
Oct 21 02:22:32 issabel kernel: ACPI: INT_SRC_OVR (bus 0 bus_irq 9 global_irq 9 low level)
Oct 21 02:22:32 issabel kernel: Using ACPI (MADT) for SMP configuration information
Oct 21 02:22:32 issabel kernel: smpboot: Allowing 1 CPUs, 0 hotplug CPUs
Oct 21 02:22:32 issabel kernel: PM: Registered nosave memory: [mem 0x0009f000-0x0009ffff]
Oct 21 02:22:32 issabel kernel: PM: Registered nosave memory: [mem 0x000a0000-0x000effff]
Oct 21 02:22:32 issabel kernel: PM: Registered nosave memory: [mem 0x000f0000-0x000fffff]
Oct 21 02:22:32 issabel kernel: PM: Registered nosave memory: [mem 0xdfff0000-0xdfffffff]
Oct 21 02:22:32 issabel kernel: PM: Registered nosave memory: [mem 0xe0000000-0xfebfffff]
Oct 21 02:22:32 issabel kernel: PM: Registered nosave memory: [mem 0xfec00000-0xfec00fff]
Oct 21 02:22:32 issabel kernel: PM: Registered nosave memory: [mem 0xfec01000-0xfedfffff]
Oct 21 02:22:32 issabel kernel: PM: Registered nosave memory: [mem 0xfee00000-0xfee00fff]
Oct 21 02:22:32 issabel kernel: PM: Registered nosave memory: [mem 0xfee01000-0xfffbffff]
Oct 21 02:22:32 issabel kernel: PM: Registered nosave memory: [mem 0xfffc0000-0xffffffff]
Oct 21 02:22:32 issabel kernel: e820: [mem 0xe0000000-0xfebfffff] available for PCI devices
Oct 21 02:22:32 issabel kernel: Booting paravirtualized kernel on KVM
Oct 21 02:22:32 issabel kernel: Detected CPU family 6 model 140 stepping 1
Oct 21 02:22:32 issabel kernel: Warning: Intel Processor - this hardware has not undergone upstream testing. Please consult http://wiki.centos.org/FAQ for more information
Oct 21 02:22:32 issabel kernel: setup_percpu: NR_CPUS:5120 nr_cpumask_bits:1 nr_cpu_ids:1 nr_node_ids:1
Oct 21 02:22:32 issabel kernel: percpu: Embedded 38 pages/cpu s118784 r8192 d28672 u2097152
Oct 21 02:22:32 issabel kernel: Built 1 zonelists in Node order, mobility grouping on.  Total pages: 1032057
Oct 21 02:22:32 issabel kernel: Policy zone: Normal
Oct 21 02:22:32 issabel kernel: Kernel command line: BOOT_IMAGE=/vmlinuz-3.10.0-1160.el7.x86_64 root=UUID=0d5851af-702b-448a-bbfa-6a361f879e66 ro net.ifnames=0 rhgb quiet LANG=en_US.UTF-8
Oct 21 02:22:32 issabel kernel: PID hash table entries: 4096 (order: 3, 32768 bytes)
Oct 21 02:22:32 issabel kernel: x86/fpu: xstate_offset[2]: 0240, xstate_sizes[2]: 0100
Oct 21 02:22:32 issabel kernel: xsave: enabled xstate_bv 0x7, cntxt size 0x340 using standard form
Oct 21 02:22:32 issabel kernel: Memory: 4024228k/4718592k available (7788k kernel code, 524744k absent, 169620k reserved, 5954k data, 1984k init)
Oct 21 02:22:32 issabel kernel: SLUB: HWalign=64, Order=0-3, MinObjects=0, CPUs=1, Nodes=1
Oct 21 02:22:32 issabel kernel: Hierarchical RCU implementation.
Oct 21 02:22:32 issabel kernel: #011RCU restricting CPUs from NR_CPUS=5120 to nr_cpu_ids=1.
Oct 21 02:22:32 issabel kernel: NR_IRQS:327936 nr_irqs:256 0
Oct 21 02:22:32 issabel kernel: Console: colour VGA+ 80x25
Oct 21 02:22:32 issabel kernel: console [tty0] enabled
Oct 21 02:22:32 issabel kernel: allocated 109051904 bytes of page_cgroup
Oct 21 02:22:32 issabel kernel: please try 'cgroup_disable=memory' option if you don't want memory cgroups
Oct 21 02:22:32 issabel kernel: tsc: Detected 2419.202 MHz processor
Oct 21 02:22:32 issabel kernel: Calibrating delay loop (skipped) preset value.. 4838.40 BogoMIPS (lpj=2419202)
Oct 21 02:22:32 issabel kernel: pid_max: default: 32768 minimum: 301
Oct 21 02:22:32 issabel kernel: Security Framework initialized
Oct 21 02:22:32 issabel kernel: SELinux:  Initializing.
Oct 21 02:22:32 issabel kernel: Yama: becoming mindful.
Oct 21 02:22:32 issabel kernel: Dentry cache hash table entries: 524288 (order: 10, 4194304 bytes)
Oct 21 02:22:32 issabel kernel: Inode-cache hash table entries: 262144 (order: 9, 2097152 bytes)
Oct 21 02:22:32 issabel kernel: Mount-cache hash table entries: 8192 (order: 4, 65536 bytes)
Oct 21 02:22:32 issabel kernel: Mountpoint-cache hash table entries: 8192 (order: 4, 65536 bytes)
Oct 21 02:22:32 issabel kernel: Initializing cgroup subsys memory
Oct 21 02:22:32 issabel kernel: Initializing cgroup subsys devices
Oct 21 02:22:32 issabel kernel: Initializing cgroup subsys freezer
Oct 21 02:22:32 issabel kernel: Initializing cgroup subsys net_cls
Oct 21 02:22:32 issabel kernel: Initializing cgroup subsys blkio
Oct 21 02:22:32 issabel kernel: Initializing cgroup subsys perf_event
Oct 21 02:22:32 issabel kernel: Initializing cgroup subsys hugetlb
Oct 21 02:22:32 issabel kernel: Initializing cgroup subsys pids
Oct 21 02:22:32 issabel kernel: Initializing cgroup subsys net_prio
Oct 21 02:22:32 issabel kernel: Last level iTLB entries: 4KB 0, 2MB 0, 4MB 0
Oct 21 02:22:32 issabel kernel: Last level dTLB entries: 4KB 0, 2MB 0, 4MB 0
Oct 21 02:22:32 issabel kernel: tlb_flushall_shift: 6
Oct 21 02:22:32 issabel kernel: FEATURE SPEC_CTRL Not Present
Oct 21 02:22:32 issabel kernel: FEATURE IBPB_SUPPORT Not Present
Oct 21 02:22:32 issabel kernel: Spectre V1 : Mitigation: Load fences, usercopy/swapgs barriers and __user pointer sanitization
Oct 21 02:22:32 issabel kernel: Spectre V2 : Vulnerable: Retpoline without IBPB
Oct 21 02:22:32 issabel kernel: Speculative Store Bypass: Vulnerable
Oct 21 02:22:32 issabel kernel: Freeing SMP alternatives: 28k freed
Oct 21 02:22:32 issabel kernel: ACPI: Core revision 20130517
Oct 21 02:22:32 issabel kernel: ACPI: All ACPI Tables successfully acquired
Oct 21 02:22:32 issabel kernel: ftrace: allocating 29651 entries in 116 pages
Oct 21 02:22:32 issabel kernel: Enabling x2apic
Oct 21 02:22:32 issabel kernel: Enabled x2apic
Oct 21 02:22:32 issabel kernel: Switched APIC routing to physical x2apic.
Oct 21 02:22:32 issabel kernel: ..TIMER: vector=0x30 apic1=0 pin1=2 apic2=-1 pin2=-1
Oct 21 02:22:32 issabel kernel: smpboot: CPU0: 11th Gen Intel(R) Core(TM) i5-1135G7 @ 2.40GHz (fam: 06, model: 8c, stepping: 01)
Oct 21 02:22:32 issabel kernel: APIC calibration not consistent with PM-Timer: 106ms instead of 100ms
Oct 21 02:22:32 issabel kernel: APIC delta adjusted to PM-Timer: 6358767 (6749971)
Oct 21 02:22:32 issabel kernel: Performance Events: unsupported p6 CPU model 140 no PMU driver, software events only.
Oct 21 02:22:32 issabel kernel: KVM setup paravirtual spinlock
Oct 21 02:22:32 issabel kernel: Brought up 1 CPUs
Oct 21 02:22:32 issabel kernel: smpboot: Max logical packages: 1
Oct 21 02:22:32 issabel kernel: smpboot: Total of 1 processors activated (4838.40 BogoMIPS)
Oct 21 02:22:32 issabel kernel: devtmpfs: initialized
Oct 21 02:22:32 issabel kernel: x86/mm: Memory block size: 128MB
Oct 21 02:22:32 issabel kernel: EVM: security.selinux
Oct 21 02:22:32 issabel kernel: EVM: security.ima
Oct 21 02:22:32 issabel kernel: EVM: security.capability
Oct 21 02:22:32 issabel kernel: atomic64 test passed for x86-64 platform with CX8 and with SSE
Oct 21 02:22:32 issabel kernel: pinctrl core: initialized pinctrl subsystem
Oct 21 02:22:32 issabel kernel: RTC time:  6:22:31, date: 10/21/22
Oct 21 02:22:32 issabel kernel: NET: Registered protocol family 16
Oct 21 02:22:32 issabel kernel: cpuidle: using governor haltpoll
Oct 21 02:22:32 issabel kernel: ACPI: bus type PCI registered
Oct 21 02:22:32 issabel kernel: acpiphp: ACPI Hot Plug PCI Controller Driver version: 0.5
Oct 21 02:22:32 issabel kernel: PCI: Using configuration type 1 for base access
Oct 21 02:22:32 issabel kernel: ACPI: Added _OSI(Module Device)
Oct 21 02:22:32 issabel kernel: ACPI: Added _OSI(Processor Device)
Oct 21 02:22:32 issabel kernel: ACPI: Added _OSI(3.0 _SCP Extensions)
Oct 21 02:22:32 issabel kernel: ACPI: Added _OSI(Processor Aggregator Device)
Oct 21 02:22:32 issabel kernel: ACPI: Added _OSI(Linux-Dell-Video)
Oct 21 02:22:32 issabel kernel: ACPI: Executed 1 blocks of module-level executable AML code
Oct 21 02:22:32 issabel kernel: ACPI: Interpreter enabled
Oct 21 02:22:32 issabel kernel: ACPI: (supports S0 S5)
Oct 21 02:22:32 issabel kernel: ACPI: Using IOAPIC for interrupt routing
Oct 21 02:22:32 issabel kernel: PCI: Using host bridge windows from ACPI; if necessary, use "pci=nocrs" and report a bug
Oct 21 02:22:32 issabel kernel: ACPI: Enabled 2 GPEs in block 00 to 07
Oct 21 02:22:32 issabel kernel: ACPI: PCI Root Bridge [PCI0] (domain 0000 [bus 00-ff])
Oct 21 02:22:32 issabel kernel: acpi PNP0A03:00: _OSC: OS supports [ASPM ClockPM Segments MSI]
Oct 21 02:22:32 issabel kernel: acpi PNP0A03:00: _OSC: not requesting OS control; OS requires [ExtendedConfig ASPM ClockPM MSI]
Oct 21 02:22:32 issabel kernel: acpi PNP0A03:00: fail to add MMCONFIG information, can't access extended PCI configuration space under this bridge.
Oct 21 02:22:32 issabel kernel: PCI host bridge to bus 0000:00
Oct 21 02:22:32 issabel kernel: pci_bus 0000:00: root bus resource [io  0x0000-0x0cf7 window]
Oct 21 02:22:32 issabel kernel: pci_bus 0000:00: root bus resource [io  0x0d00-0xffff window]
Oct 21 02:22:32 issabel kernel: pci_bus 0000:00: root bus resource [mem 0x000a0000-0x000bffff window]
Oct 21 02:22:32 issabel kernel: pci_bus 0000:00: root bus resource [mem 0xe0000000-0xfdffffff window]
Oct 21 02:22:32 issabel kernel: pci_bus 0000:00: root bus resource [bus 00-ff]
Oct 21 02:22:32 issabel kernel: pci 0000:00:01.1: legacy IDE quirk: reg 0x10: [io  0x01f0-0x01f7]
Oct 21 02:22:32 issabel kernel: pci 0000:00:01.1: legacy IDE quirk: reg 0x14: [io  0x03f6]
Oct 21 02:22:32 issabel kernel: pci 0000:00:01.1: legacy IDE quirk: reg 0x18: [io  0x0170-0x0177]
Oct 21 02:22:32 issabel kernel: pci 0000:00:01.1: legacy IDE quirk: reg 0x1c: [io  0x0376]
Oct 21 02:22:32 issabel kernel: pci 0000:00:07.0: quirk: [io  0x4000-0x403f] claimed by PIIX4 ACPI
Oct 21 02:22:32 issabel kernel: pci 0000:00:07.0: quirk: [io  0x4100-0x410f] claimed by PIIX4 SMB
Oct 21 02:22:32 issabel kernel: ACPI: PCI Interrupt Link [LNKA] (IRQs 5 9 10 *11)
Oct 21 02:22:32 issabel kernel: ACPI: PCI Interrupt Link [LNKB] (IRQs 5 9 *10 11)
Oct 21 02:22:32 issabel kernel: ACPI: PCI Interrupt Link [LNKC] (IRQs 5 *9 10 11)
Oct 21 02:22:32 issabel kernel: ACPI: PCI Interrupt Link [LNKD] (IRQs 5 9 10 *11)
Oct 21 02:22:32 issabel kernel: vgaarb: device added: PCI:0000:00:02.0,decodes=io+mem,owns=io+mem,locks=none
Oct 21 02:22:32 issabel kernel: vgaarb: loaded
Oct 21 02:22:32 issabel kernel: vgaarb: bridge control possible 0000:00:02.0
Oct 21 02:22:32 issabel kernel: SCSI subsystem initialized
Oct 21 02:22:32 issabel kernel: ACPI: bus type USB registered
Oct 21 02:22:32 issabel kernel: usbcore: registered new interface driver usbfs
Oct 21 02:22:32 issabel kernel: usbcore: registered new interface driver hub
Oct 21 02:22:32 issabel kernel: usbcore: registered new device driver usb
Oct 21 02:22:32 issabel kernel: EDAC MC: Ver: 3.0.0
Oct 21 02:22:32 issabel kernel: PCI: Using ACPI for IRQ routing
Oct 21 02:22:32 issabel kernel: NetLabel: Initializing
Oct 21 02:22:32 issabel kernel: NetLabel:  domain hash size = 128
Oct 21 02:22:32 issabel kernel: NetLabel:  protocols = UNLABELED CIPSOv4
Oct 21 02:22:32 issabel kernel: NetLabel:  unlabeled traffic allowed by default
Oct 21 02:22:32 issabel kernel: amd_nb: Cannot enumerate AMD northbridges
Oct 21 02:22:32 issabel kernel: Switched to clocksource kvm-clock
Oct 21 02:22:32 issabel kernel: pnp: PnP ACPI init
Oct 21 02:22:32 issabel kernel: ACPI: bus type PNP registered
Oct 21 02:22:32 issabel kernel: pnp: PnP ACPI: found 2 devices
Oct 21 02:22:32 issabel kernel: ACPI: bus type PNP unregistered
Oct 21 02:22:32 issabel kernel: NET: Registered protocol family 2
Oct 21 02:22:32 issabel kernel: TCP established hash table entries: 32768 (order: 6, 262144 bytes)
Oct 21 02:22:32 issabel kernel: TCP bind hash table entries: 32768 (order: 7, 524288 bytes)
Oct 21 02:22:32 issabel kernel: TCP: Hash tables configured (established 32768 bind 32768)
Oct 21 02:22:32 issabel kernel: TCP: reno registered
Oct 21 02:22:32 issabel kernel: UDP hash table entries: 2048 (order: 4, 65536 bytes)
Oct 21 02:22:32 issabel kernel: UDP-Lite hash table entries: 2048 (order: 4, 65536 bytes)
Oct 21 02:22:32 issabel kernel: NET: Registered protocol family 1
Oct 21 02:22:32 issabel kernel: pci 0000:00:00.0: Limiting direct PCI/PCI transfers
Oct 21 02:22:32 issabel kernel: pci 0000:00:01.0: Activating ISA DMA hang workarounds
Oct 21 02:22:32 issabel kernel: Unpacking initramfs...
Oct 21 02:22:32 issabel kernel: Freeing initrd memory: 18100k freed
Oct 21 02:22:32 issabel kernel: PCI-DMA: Using software bounce buffering for IO (SWIOTLB)
Oct 21 02:22:32 issabel kernel: software IO TLB [mem 0xdbff0000-0xdfff0000] (64MB) mapped at [ffff8aa8dbff0000-ffff8aa8dffeffff]
Oct 21 02:22:32 issabel kernel: platform rtc_cmos: registered platform RTC device (no PNP device found)
Oct 21 02:22:32 issabel kernel: sha1_ssse3: Using AVX optimized SHA-1 implementation
Oct 21 02:22:32 issabel kernel: sha256_ssse3: Using AVX optimized SHA-256 implementation
Oct 21 02:22:32 issabel kernel: futex hash table entries: 256 (order: 2, 16384 bytes)
Oct 21 02:22:32 issabel kernel: Initialise system trusted keyring
Oct 21 02:22:32 issabel kernel: audit: initializing netlink socket (disabled)
Oct 21 02:22:32 issabel kernel: type=2000 audit(1666333359.297:1): initialized
Oct 21 02:22:32 issabel kernel: HugeTLB registered 2 MB page size, pre-allocated 0 pages
Oct 21 02:22:32 issabel kernel: zpool: loaded
Oct 21 02:22:32 issabel kernel: zbud: loaded
Oct 21 02:22:32 issabel kernel: VFS: Disk quotas dquot_6.5.2
Oct 21 02:22:32 issabel kernel: Dquot-cache hash table entries: 512 (order 0, 4096 bytes)
Oct 21 02:22:32 issabel kernel: Key type big_key registered
Oct 21 02:22:32 issabel kernel: NET: Registered protocol family 38
Oct 21 02:22:32 issabel kernel: Key type asymmetric registered
Oct 21 02:22:32 issabel kernel: Asymmetric key parser 'x509' registered
Oct 21 02:22:32 issabel kernel: Block layer SCSI generic (bsg) driver version 0.4 loaded (major 248)
Oct 21 02:22:32 issabel kernel: io scheduler noop registered
Oct 21 02:22:32 issabel kernel: io scheduler deadline registered (default)
Oct 21 02:22:32 issabel kernel: io scheduler cfq registered
Oct 21 02:22:32 issabel kernel: io scheduler mq-deadline registered
Oct 21 02:22:32 issabel kernel: io scheduler kyber registered
Oct 21 02:22:32 issabel kernel: pci_hotplug: PCI Hot Plug PCI Core version: 0.5
Oct 21 02:22:32 issabel kernel: pciehp: PCI Express Hot Plug Controller Driver version: 0.4
Oct 21 02:22:32 issabel kernel: shpchp: Standard Hot Plug PCI Controller Driver version: 0.4
Oct 21 02:22:32 issabel kernel: ACPI: AC Adapter [AC] (on-line)
Oct 21 02:22:32 issabel kernel: input: Power Button as /devices/LNXSYSTM:00/LNXPWRBN:00/input/input0
Oct 21 02:22:32 issabel kernel: ACPI: Power Button [PWRF]
Oct 21 02:22:32 issabel kernel: input: Sleep Button as /devices/LNXSYSTM:00/LNXSLPBN:00/input/input1
Oct 21 02:22:32 issabel kernel: ACPI: Sleep Button [SLPF]
Oct 21 02:22:32 issabel kernel: GHES: HEST is not enabled!
Oct 21 02:22:32 issabel kernel: Serial: 8250/16550 driver, 4 ports, IRQ sharing enabled
Oct 21 02:22:32 issabel kernel: Non-volatile memory driver v1.3
Oct 21 02:22:32 issabel kernel: Linux agpgart interface v0.103
Oct 21 02:22:32 issabel kernel: crash memory driver: version 1.1
Oct 21 02:22:32 issabel kernel: rdac: device handler registered
Oct 21 02:22:32 issabel kernel: ACPI: Battery Slot [BAT0] (battery present)
Oct 21 02:22:32 issabel kernel: hp_sw: device handler registered
Oct 21 02:22:32 issabel kernel: emc: device handler registered
Oct 21 02:22:32 issabel kernel: alua: device handler registered
Oct 21 02:22:32 issabel kernel: libphy: Fixed MDIO Bus: probed
Oct 21 02:22:32 issabel kernel: ehci_hcd: USB 2.0 'Enhanced' Host Controller (EHCI) Driver
Oct 21 02:22:32 issabel kernel: ehci-pci: EHCI PCI platform driver
Oct 21 02:22:32 issabel kernel: ohci_hcd: USB 1.1 'Open' Host Controller (OHCI) Driver
Oct 21 02:22:32 issabel kernel: ohci-pci: OHCI PCI platform driver
Oct 21 02:22:32 issabel kernel: ohci-pci 0000:00:06.0: OHCI PCI host controller
Oct 21 02:22:32 issabel kernel: ohci-pci 0000:00:06.0: new USB bus registered, assigned bus number 1
Oct 21 02:22:32 issabel kernel: ohci-pci 0000:00:06.0: irq 22, io mem 0xf0804000
Oct 21 02:22:32 issabel kernel: usb usb1: New USB device found, idVendor=1d6b, idProduct=0001, bcdDevice= 3.10
Oct 21 02:22:32 issabel kernel: usb usb1: New USB device strings: Mfr=3, Product=2, SerialNumber=1
Oct 21 02:22:32 issabel kernel: usb usb1: Product: OHCI PCI host controller
Oct 21 02:22:32 issabel kernel: usb usb1: Manufacturer: Linux 3.10.0-1160.el7.x86_64 ohci_hcd
Oct 21 02:22:32 issabel kernel: usb usb1: SerialNumber: 0000:00:06.0
Oct 21 02:22:32 issabel kernel: hub 1-0:1.0: USB hub found
Oct 21 02:22:32 issabel kernel: hub 1-0:1.0: 12 ports detected
Oct 21 02:22:32 issabel kernel: uhci_hcd: USB Universal Host Controller Interface driver
Oct 21 02:22:32 issabel kernel: usbcore: registered new interface driver usbserial_generic
Oct 21 02:22:32 issabel kernel: usbserial: USB Serial support registered for generic
Oct 21 02:22:32 issabel kernel: i8042: PNP: PS/2 Controller [PNP0303:PS2K,PNP0f03:PS2M] at 0x60,0x64 irq 1,12
Oct 21 02:22:32 issabel kernel: serio: i8042 KBD port at 0x60,0x64 irq 1
Oct 21 02:22:32 issabel kernel: serio: i8042 AUX port at 0x60,0x64 irq 12
Oct 21 02:22:32 issabel kernel: mousedev: PS/2 mouse device common for all mice
Oct 21 02:22:32 issabel kernel: input: AT Translated Set 2 keyboard as /devices/platform/i8042/serio0/input/input2
Oct 21 02:22:32 issabel kernel: rtc_cmos rtc_cmos: rtc core: registered rtc_cmos as rtc0
Oct 21 02:22:32 issabel kernel: rtc_cmos rtc_cmos: alarms up to one day, 114 bytes nvram
Oct 21 02:22:32 issabel kernel: hidraw: raw HID events driver (C) Jiri Kosina
Oct 21 02:22:32 issabel kernel: usbcore: registered new interface driver usbhid
Oct 21 02:22:32 issabel kernel: usbhid: USB HID core driver
Oct 21 02:22:32 issabel kernel: drop_monitor: Initializing network drop monitor service
Oct 21 02:22:32 issabel kernel: TCP: cubic registered
Oct 21 02:22:32 issabel kernel: Initializing XFRM netlink socket
Oct 21 02:22:32 issabel kernel: NET: Registered protocol family 10
Oct 21 02:22:32 issabel kernel: NET: Registered protocol family 17
Oct 21 02:22:32 issabel kernel: mpls_gso: MPLS GSO support
Oct 21 02:22:32 issabel kernel: mce: Using 0 MCE banks
Oct 21 02:22:32 issabel kernel: Loading compiled-in X.509 certificates
Oct 21 02:22:32 issabel kernel: Loaded X.509 cert 'CentOS Linux kpatch signing key: ea0413152cde1d98ebdca3fe6f0230904c9ef717'
Oct 21 02:22:32 issabel kernel: Loaded X.509 cert 'CentOS Linux Driver update signing key: 7f421ee0ab69461574bb358861dbe77762a4201b'
Oct 21 02:22:32 issabel kernel: Loaded X.509 cert 'CentOS Linux kernel signing key: e1fdb0e2a7e861a1d1ca80a23dcf0dba3aa4adf5'
Oct 21 02:22:32 issabel kernel: registered taskstats version 1
Oct 21 02:22:32 issabel kernel: page_owner is disabled
Oct 21 02:22:32 issabel kernel: Key type trusted registered
Oct 21 02:22:32 issabel kernel: Key type encrypted registered
Oct 21 02:22:32 issabel kernel: IMA: No TPM chip found, activating TPM-bypass! (rc=-19)
Oct 21 02:22:32 issabel kernel: BERT: Boot Error Record Table support is disabled. Enable it by using bert_enable as kernel parameter.
Oct 21 02:22:32 issabel kernel:  Magic number: 10:61:368
Oct 21 02:22:32 issabel kernel: rtc_cmos rtc_cmos: setting system clock to 2022-10-21 06:22:32 UTC (1666333352)
Oct 21 02:22:32 issabel kernel: Freeing unused kernel memory: 1984k freed
Oct 21 02:22:32 issabel kernel: Write protecting the kernel read-only data: 12288k
Oct 21 02:22:32 issabel kernel: Freeing unused kernel memory: 392k freed
Oct 21 02:22:32 issabel kernel: Freeing unused kernel memory: 536k freed
Oct 21 02:22:32 issabel kernel: random: systemd: uninitialized urandom read (16 bytes read)
Oct 21 02:22:32 issabel kernel: random: systemd: uninitialized urandom read (16 bytes read)
Oct 21 02:22:32 issabel kernel: random: systemd: uninitialized urandom read (16 bytes read)
Oct 21 02:22:32 issabel systemd[1]: systemd 219 running in system mode. (+PAM +AUDIT +SELINUX +IMA -APPARMOR +SMACK +SYSVINIT +UTMP +LIBCRYPTSETUP +GCRYPT +GNUTLS +ACL +XZ +LZ4 -SECCOMP +BLKID +ELFUTILS +KMOD +IDN)
Oct 21 02:22:32 issabel systemd[1]: Detected virtualization kvm.
Oct 21 02:22:32 issabel systemd[1]: Detected architecture x86-64.
Oct 21 02:22:32 issabel systemd[1]: Running in initial RAM disk.
Oct 21 02:22:32 issabel systemd[1]: Set hostname to <issabel.local>.
Oct 21 02:22:32 issabel kernel: random: systemd: uninitialized urandom read (16 bytes read)
Oct 21 02:22:32 issabel kernel: random: systemd: uninitialized urandom read (16 bytes read)
Oct 21 02:22:32 issabel kernel: random: systemd: uninitialized urandom read (16 bytes read)
Oct 21 02:22:32 issabel kernel: random: systemd: uninitialized urandom read (16 bytes read)
Oct 21 02:22:32 issabel kernel: random: systemd: uninitialized urandom read (16 bytes read)
Oct 21 02:22:32 issabel kernel: random: systemd: uninitialized urandom read (16 bytes read)
Oct 21 02:22:32 issabel kernel: random: systemd: uninitialized urandom read (16 bytes read)
Oct 21 02:22:32 issabel systemd[1]: Created slice Root Slice.
Oct 21 02:22:32 issabel systemd[1]: Created slice System Slice.
Oct 21 02:22:32 issabel systemd[1]: Listening on Journal Socket.
Oct 21 02:22:32 issabel systemd[1]: Starting Journal Service...
Oct 21 02:22:32 issabel systemd[1]: Starting Setup Virtual Console...
Oct 21 02:22:32 issabel systemd[1]: Starting dracut cmdline hook...
Oct 21 02:22:32 issabel systemd[1]: Starting Apply Kernel Variables...
Oct 21 02:22:32 issabel systemd[1]: Starting Create list of required static device nodes for the current kernel...
Oct 21 02:22:32 issabel systemd[1]: Reached target Slices.
Oct 21 02:22:32 issabel systemd[1]: Reached target Local File Systems.
Oct 21 02:22:32 issabel systemd[1]: Reached target Timers.
Oct 21 02:22:32 issabel systemd[1]: Reached target Swap.
Oct 21 02:22:32 issabel systemd[1]: Listening on udev Control Socket.
Oct 21 02:22:32 issabel systemd[1]: Listening on udev Kernel Socket.
Oct 21 02:22:32 issabel systemd[1]: Reached target Sockets.
Oct 21 02:22:32 issabel systemd[1]: Started Create list of required static device nodes for the current kernel.
Oct 21 02:22:32 issabel systemd[1]: Started Apply Kernel Variables.
Oct 21 02:22:32 issabel systemd[1]: Starting Create Static Device Nodes in /dev...
Oct 21 02:22:32 issabel systemd[1]: Started Create Static Device Nodes in /dev.
Oct 21 02:22:32 issabel journal: Journal started
Oct 21 02:22:32 issabel systemd[1]: Started Journal Service.
Oct 21 02:22:32 issabel systemd: Started Setup Virtual Console.
Oct 21 02:22:32 issabel systemd: Started dracut cmdline hook.
Oct 21 02:22:32 issabel systemd: Starting dracut pre-udev hook...
Oct 21 02:22:32 issabel systemd: Started dracut pre-udev hook.
Oct 21 02:22:32 issabel systemd: Starting udev Kernel Device Manager...
Oct 21 02:22:32 issabel systemd-udevd: starting version 219
Oct 21 02:22:32 issabel systemd-udevd: Network interface NamePolicy= disabled on kernel command line, ignoring.
Oct 21 02:22:32 issabel systemd: Started udev Kernel Device Manager.
Oct 21 02:22:32 issabel systemd: Starting udev Coldplug all Devices...
Oct 21 02:22:32 issabel kernel: psmouse serio1: alps: Unknown ALPS touchpad: E7=10 00 64, EC=10 00 64
Oct 21 02:22:32 issabel kernel: input: ImExPS/2 Generic Explorer Mouse as /devices/platform/i8042/serio1/input/input3
Oct 21 02:22:32 issabel systemd: Mounting Configuration File System...
Oct 21 02:22:32 issabel systemd: Mounted Configuration File System.
Oct 21 02:22:32 issabel systemd: Started udev Coldplug all Devices.
Oct 21 02:22:32 issabel systemd: Starting Show Plymouth Boot Screen...
Oct 21 02:22:32 issabel systemd: Starting dracut initqueue hook...
Oct 21 02:22:32 issabel systemd: Reached target System Initialization.
Oct 21 02:22:32 issabel kernel: e1000: Intel(R) PRO/1000 Network Driver - version 7.3.21-k8-NAPI
Oct 21 02:22:32 issabel kernel: e1000: Copyright (c) 1999-2006 Intel Corporation.
Oct 21 02:22:32 issabel systemd: Started Show Plymouth Boot Screen.
Oct 21 02:22:32 issabel systemd: Started Forward Password Requests to Plymouth Directory Watch.
Oct 21 02:22:32 issabel systemd: Reached target Paths.
Oct 21 02:22:32 issabel systemd: Reached target Basic System.
Oct 21 02:22:32 issabel kernel: usb 1-1: new full-speed USB device number 2 using ohci-pci
Oct 21 02:22:33 issabel kernel: e1000 0000:00:03.0 eth0: (PCI:33MHz:32-bit) 08:00:27:08:2a:49
Oct 21 02:22:33 issabel kernel: e1000 0000:00:03.0 eth0: Intel(R) PRO/1000 Network Connection
Oct 21 02:22:33 issabel kernel: scsi host0: ata_piix
Oct 21 02:22:33 issabel kernel: scsi host1: ata_piix
Oct 21 02:22:33 issabel kernel: ata1: PATA max UDMA/33 cmd 0x1f0 ctl 0x3f6 bmdma 0xd000 irq 14
Oct 21 02:22:33 issabel kernel: ata2: PATA max UDMA/33 cmd 0x170 ctl 0x376 bmdma 0xd008 irq 15
Oct 21 02:22:33 issabel kernel: [drm] DMA map mode: Keeping DMA mappings.
Oct 21 02:22:33 issabel kernel: [drm] Capabilities:
Oct 21 02:22:33 issabel kernel: [drm]   Cursor.
Oct 21 02:22:33 issabel kernel: [drm]   Cursor bypass 2.
Oct 21 02:22:33 issabel kernel: [drm]   Alpha cursor.
Oct 21 02:22:33 issabel kernel: [drm]   3D.
Oct 21 02:22:33 issabel kernel: [drm]   Extended Fifo.
Oct 21 02:22:33 issabel kernel: [drm]   Pitchlock.
Oct 21 02:22:33 issabel kernel: [drm]   Irq mask.
Oct 21 02:22:33 issabel kernel: [drm]   GMR.
Oct 21 02:22:33 issabel kernel: [drm]   Traces.
Oct 21 02:22:33 issabel kernel: [drm]   GMR2.
Oct 21 02:22:33 issabel kernel: [drm]   Screen Object 2.
Oct 21 02:22:33 issabel kernel: [drm] Max GMR ids is 8192
Oct 21 02:22:33 issabel kernel: [drm] Max number of GMR pages is 1048576
Oct 21 02:22:33 issabel kernel: [drm] Max dedicated hypervisor surface memory is 507904 kiB
Oct 21 02:22:33 issabel kernel: [drm] Maximum display memory size is 16384 kiB
Oct 21 02:22:33 issabel kernel: [drm] VRAM at 0xe0000000 size is 16384 kiB
Oct 21 02:22:33 issabel kernel: [drm] MMIO at 0xf0000000 size is 2048 kiB
Oct 21 02:22:33 issabel kernel: [TTM] Zone  kernel: Available graphics memory: 2022634 kiB
Oct 21 02:22:33 issabel kernel: [TTM] Initializing pool allocator
Oct 21 02:22:33 issabel kernel: [TTM] Initializing DMA pool allocator
Oct 21 02:22:33 issabel kernel: [drm] Supports vblank timestamp caching Rev 2 (21.10.2013).
Oct 21 02:22:33 issabel kernel: [drm] No driver support for vblank timestamp query.
Oct 21 02:22:33 issabel kernel: [drm] Screen Objects Display Unit initialized
Oct 21 02:22:33 issabel kernel: [drm] width 720
Oct 21 02:22:33 issabel kernel: [drm] height 400
Oct 21 02:22:33 issabel kernel: [drm] bpp 32
Oct 21 02:22:33 issabel kernel: [drm] Fifo max 0x00200000 min 0x00001000 cap 0x00000355
Oct 21 02:22:33 issabel kernel: [drm] DX: no.
Oct 21 02:22:33 issabel kernel: [drm] Atomic: yes.
Oct 21 02:22:33 issabel kernel: [drm] SM4_1: no.
Oct 21 02:22:33 issabel kernel: [drm:vmw_host_log [vmwgfx]] *ERROR* Failed to send host log message.
Oct 21 02:22:33 issabel kernel: [drm:vmw_host_log [vmwgfx]] *ERROR* Failed to send host log message.
Oct 21 02:22:33 issabel kernel: fbcon: svgadrmfb (fb0) is primary device
Oct 21 02:22:33 issabel kernel: Console: switching to colour frame buffer device 100x37
Oct 21 02:22:33 issabel kernel: [drm] Initialized vmwgfx 2.15.0 20180704 for 0000:00:02.0 on minor 0
Oct 21 02:22:33 issabel kernel: usb 1-1: New USB device found, idVendor=80ee, idProduct=0021, bcdDevice= 1.00
Oct 21 02:22:33 issabel kernel: usb 1-1: New USB device strings: Mfr=1, Product=3, SerialNumber=0
Oct 21 02:22:33 issabel kernel: usb 1-1: Product: USB Tablet
Oct 21 02:22:33 issabel kernel: usb 1-1: Manufacturer: VirtualBox
Oct 21 02:22:33 issabel kernel: input: VirtualBox USB Tablet as /devices/pci0000:00/0000:00:06.0/usb1/1-1/1-1:1.0/input/input4
Oct 21 02:22:33 issabel kernel: hid-generic 0003:80EE:0021.0001: input,hidraw0: USB HID v1.10 Mouse [VirtualBox USB Tablet] on usb-0000:00:06.0-1/input0
Oct 21 02:22:33 issabel kernel: ata1.00: ATA-6: VBOX HARDDISK, 1.0, max UDMA/133
Oct 21 02:22:33 issabel kernel: ata1.00: 32145968 sectors, multi 128: LBA 
Oct 21 02:22:33 issabel kernel: ata1.00: configured for UDMA/33
Oct 21 02:22:33 issabel kernel: scsi 0:0:0:0: Direct-Access     ATA      VBOX HARDDISK    1.0  PQ: 0 ANSI: 5
Oct 21 02:22:33 issabel kernel: ata2.00: ATAPI: VBOX CD-ROM, 1.0, max UDMA/133
Oct 21 02:22:33 issabel kernel: ata2.00: configured for UDMA/33
Oct 21 02:22:33 issabel kernel: scsi 1:0:0:0: CD-ROM            VBOX     CD-ROM           1.0  PQ: 0 ANSI: 5
Oct 21 02:22:33 issabel kernel: tsc: Refined TSC clocksource calibration: 2413.145 MHz
Oct 21 02:22:33 issabel kernel: e1000 0000:00:08.0 eth1: (PCI:33MHz:32-bit) 08:00:27:38:f5:9d
Oct 21 02:22:33 issabel kernel: e1000 0000:00:08.0 eth1: Intel(R) PRO/1000 Network Connection
Oct 21 02:22:33 issabel kernel: sd 0:0:0:0: [sda] 32145968 512-byte logical blocks: (16.4 GB/15.3 GiB)
Oct 21 02:22:33 issabel kernel: sd 0:0:0:0: [sda] Write Protect is off
Oct 21 02:22:33 issabel kernel: sd 0:0:0:0: [sda] Write cache: enabled, read cache: enabled, doesn't support DPO or FUA
Oct 21 02:22:33 issabel kernel: sda: sda1 sda2 sda3
Oct 21 02:22:33 issabel kernel: sd 0:0:0:0: [sda] Attached SCSI disk
Oct 21 02:22:33 issabel kernel: sr 1:0:0:0: [sr0] scsi3-mmc drive: 32x/32x xa/form2 tray
Oct 21 02:22:33 issabel kernel: cdrom: Uniform CD-ROM driver Revision: 3.20
Oct 21 02:22:33 issabel kernel: random: fast init done
Oct 21 02:22:33 issabel systemd: Found device VBOX_HARDDISK 3.
Oct 21 02:22:33 issabel systemd: Starting File System Check on /dev/disk/by-uuid/0d5851af-702b-448a-bbfa-6a361f879e66...
Oct 21 02:22:33 issabel systemd-fsck: /dev/sda3: recovering journal
Oct 21 02:22:33 issabel systemd: Started dracut initqueue hook.
Oct 21 02:22:33 issabel systemd: Reached target Remote File Systems (Pre).
Oct 21 02:22:33 issabel systemd: Reached target Remote File Systems.
Oct 21 02:22:33 issabel systemd-fsck: /dev/sda3: Clearing orphaned inode 684914 (uid=997, gid=993, mode=0100600, size=0)
Oct 21 02:22:33 issabel systemd-fsck: /dev/sda3: Clearing orphaned inode 419056 (uid=27, gid=27, mode=0100600, size=0)
Oct 21 02:22:33 issabel systemd-fsck: /dev/sda3: Clearing orphaned inode 419055 (uid=27, gid=27, mode=0100600, size=0)
Oct 21 02:22:33 issabel systemd-fsck: /dev/sda3: Clearing orphaned inode 419054 (uid=27, gid=27, mode=0100600, size=0)
Oct 21 02:22:33 issabel systemd-fsck: /dev/sda3: Clearing orphaned inode 419053 (uid=27, gid=27, mode=0100600, size=0)
Oct 21 02:22:33 issabel systemd-fsck: /dev/sda3: Clearing orphaned inode 419052 (uid=27, gid=27, mode=0100600, size=0)
Oct 21 02:22:33 issabel systemd-fsck: /dev/sda3: clean, 182140/886464 files, 1432222/3538944 blocks
Oct 21 02:22:33 issabel systemd: Started File System Check on /dev/disk/by-uuid/0d5851af-702b-448a-bbfa-6a361f879e66.
Oct 21 02:22:33 issabel systemd: Mounting /sysroot...
Oct 21 02:22:33 issabel kernel: EXT4-fs (sda3): mounted filesystem with ordered data mode. Opts: (null)
Oct 21 02:22:33 issabel systemd: Mounted /sysroot.
Oct 21 02:22:33 issabel systemd: Reached target Initrd Root File System.
Oct 21 02:22:33 issabel systemd: Starting Reload Configuration from the Real Root...
Oct 21 02:22:33 issabel systemd: Reloading.
Oct 21 02:22:33 issabel systemd: Started Reload Configuration from the Real Root.
Oct 21 02:22:33 issabel systemd: Reached target Initrd File Systems.
Oct 21 02:22:33 issabel systemd: Reached target Initrd Default Target.
Oct 21 02:22:33 issabel systemd: Starting dracut pre-pivot and cleanup hook...
Oct 21 02:22:34 issabel systemd: Started dracut pre-pivot and cleanup hook.
Oct 21 02:22:34 issabel systemd: Starting Cleaning Up and Shutting Down Daemons...
Oct 21 02:22:34 issabel systemd: Stopped target Timers.
Oct 21 02:22:34 issabel systemd: Starting Plymouth switch root service...
Oct 21 02:22:34 issabel systemd: Stopped dracut pre-pivot and cleanup hook.
Oct 21 02:22:34 issabel systemd: Stopped target Initrd Default Target.
Oct 21 02:22:34 issabel systemd: Stopped target Remote File Systems.
Oct 21 02:22:34 issabel systemd: Stopped target Remote File Systems (Pre).
Oct 21 02:22:34 issabel systemd: Stopped dracut initqueue hook.
Oct 21 02:22:34 issabel systemd: Stopped target Basic System.
Oct 21 02:22:34 issabel systemd: Stopped target Paths.
Oct 21 02:22:34 issabel systemd: Stopped target Sockets.
Oct 21 02:22:34 issabel systemd: Stopped target Slices.
Oct 21 02:22:34 issabel systemd: Stopped target System Initialization.
Oct 21 02:22:34 issabel systemd: Stopping udev Kernel Device Manager...
Oct 21 02:22:34 issabel systemd: Stopped target Swap.
Oct 21 02:22:34 issabel systemd: Stopped Apply Kernel Variables.
Oct 21 02:22:34 issabel systemd: Stopped target Local File Systems.
Oct 21 02:22:34 issabel systemd: Stopped udev Coldplug all Devices.
Oct 21 02:22:34 issabel systemd: Stopped udev Kernel Device Manager.
Oct 21 02:22:34 issabel systemd: Stopped dracut pre-udev hook.
Oct 21 02:22:34 issabel systemd: Stopped dracut cmdline hook.
Oct 21 02:22:34 issabel systemd: Stopped Create Static Device Nodes in /dev.
Oct 21 02:22:34 issabel systemd: Stopped Create list of required static device nodes for the current kernel.
Oct 21 02:22:34 issabel systemd: Closed udev Kernel Socket.
Oct 21 02:22:34 issabel systemd: Closed udev Control Socket.
Oct 21 02:22:34 issabel systemd: Starting Cleanup udevd DB...
Oct 21 02:22:34 issabel systemd: Started Cleaning Up and Shutting Down Daemons.
Oct 21 02:22:34 issabel systemd: Started Cleanup udevd DB.
Oct 21 02:22:34 issabel systemd: Reached target Switch Root.
Oct 21 02:22:34 issabel systemd: Started Plymouth switch root service.
Oct 21 02:22:34 issabel systemd: Starting Switch Root...
Oct 21 02:22:34 issabel systemd: Switching root.
Oct 21 02:22:34 issabel journal: Journal stopped
Oct 21 02:22:34 issabel journal: Runtime journal is using 8.0M (max allowed 197.5M, trying to leave 296.2M free of 1.9G available â†’ current limit 197.5M).
Oct 21 02:22:34 issabel systemd-journald[89]: Received SIGTERM from PID 1 (systemd).
Oct 21 02:22:34 issabel kernel: SELinux:  Disabled at runtime.
Oct 21 02:22:34 issabel kernel: type=1404 audit(1666333354.200:2): selinux=0 auid=4294967295 ses=4294967295
Oct 21 02:22:34 issabel kernel: ip_tables: (C) 2000-2006 Netfilter Core Team
Oct 21 02:22:34 issabel systemd[1]: Inserted module 'ip_tables'
Oct 21 02:22:34 issabel journal: Journal started
Oct 21 02:22:34 issabel systemd: systemd 219 running in system mode. (+PAM +AUDIT +SELINUX +IMA -APPARMOR +SMACK +SYSVINIT +UTMP +LIBCRYPTSETUP +GCRYPT +GNUTLS +ACL +XZ +LZ4 -SECCOMP +BLKID +ELFUTILS +KMOD +IDN)
Oct 21 02:22:34 issabel kernel: EXT4-fs (sda3): re-mounted. Opts: (null)
Oct 21 02:22:34 issabel systemd: Detected virtualization kvm.
Oct 21 02:22:34 issabel systemd: Detected architecture x86-64.
Oct 21 02:22:34 issabel systemd: Set hostname to <issabel.local>.
Oct 21 02:22:34 issabel systemd: Mounted Huge Pages File System.
Oct 21 02:22:34 issabel systemd: Mounted Debug File System.
Oct 21 02:22:34 issabel systemd: Mounted POSIX Message Queue File System.
Oct 21 02:22:34 issabel systemd: Started Remount Root and Kernel File Systems.
Oct 21 02:22:34 issabel systemd: Started Read and set NIS domainname from /etc/sysconfig/network.
Oct 21 02:22:34 issabel systemd: Starting udev Coldplug all Devices...
Oct 21 02:22:34 issabel systemd: Starting Configure read-only root support...
Oct 21 02:22:34 issabel systemd: Starting Flush Journal to Persistent Storage...
Oct 21 02:22:34 issabel systemd: Started Apply Kernel Variables.
Oct 21 02:22:34 issabel systemd: Started Flush Journal to Persistent Storage.
Oct 21 02:22:34 issabel systemd: Started Create Static Device Nodes in /dev.
Oct 21 02:22:34 issabel systemd: Starting udev Kernel Device Manager...
Oct 21 02:22:34 issabel systemd: Started LVM2 metadata daemon.
Oct 21 02:22:34 issabel systemd: Started udev Coldplug all Devices.
Oct 21 02:22:34 issabel systemd: Starting udev Wait for Complete Device Initialization...
Oct 21 02:22:34 issabel systemd-udevd: starting version 219
Oct 21 02:22:34 issabel systemd-udevd: Network interface NamePolicy= disabled on kernel command line, ignoring.
Oct 21 02:22:34 issabel systemd: Started Configure read-only root support.
Oct 21 02:22:34 issabel systemd: Starting Load/Save Random Seed...
Oct 21 02:22:34 issabel systemd: Started Load/Save Random Seed.
Oct 21 02:22:34 issabel systemd: Started udev Kernel Device Manager.
Oct 21 02:22:34 issabel kernel: piix4_smbus 0000:00:07.0: SMBus Host Controller at 0x4100, revision 0
Oct 21 02:22:34 issabel kernel: ACPI: Video Device [GFX0] (multi-head: yes  rom: no  post: no)
Oct 21 02:22:34 issabel kernel: input: Video Bus as /devices/LNXSYSTM:00/device:00/PNP0A03:00/LNXVIDEO:00/input/input5
Oct 21 02:22:34 issabel kernel: sd 0:0:0:0: Attached scsi generic sg0 type 0
Oct 21 02:22:34 issabel kernel: sr 1:0:0:0: Attached scsi generic sg1 type 5
Oct 21 02:22:34 issabel kernel: input: PC Speaker as /devices/platform/pcspkr/input/input6
Oct 21 02:22:34 issabel kernel: random: crng init done
Oct 21 02:22:34 issabel systemd: Found device VBOX_HARDDISK 2.
Oct 21 02:22:34 issabel systemd: Activating swap /dev/disk/by-uuid/87ac1411-239b-438e-ab03-5b6cc4778cbd...
Oct 21 02:22:34 issabel systemd: Found device VBOX_HARDDISK 1.
Oct 21 02:22:34 issabel kernel: Adding 1607676k swap on /dev/sda2.  Priority:-2 extents:1 across:1607676k FS
Oct 21 02:22:34 issabel systemd: Activated swap /dev/disk/by-uuid/87ac1411-239b-438e-ab03-5b6cc4778cbd.
Oct 21 02:22:34 issabel systemd: Reached target Swap.
Oct 21 02:22:34 issabel kernel: ppdev: user-space parallel port driver
Oct 21 02:22:34 issabel kernel: cryptd: max_cpu_qlen set to 1000
Oct 21 02:22:34 issabel kernel: AVX2 version of gcm_enc/dec engaged.
Oct 21 02:22:34 issabel kernel: AES CTR mode by8 optimization enabled
Oct 21 02:22:34 issabel kernel: alg: No test for __gcm-aes-aesni (__driver-gcm-aes-aesni)
Oct 21 02:22:34 issabel kernel: alg: No test for __generic-gcm-aes-aesni (__driver-generic-gcm-aes-aesni)
Oct 21 02:22:34 issabel systemd: Started Monitoring of LVM2 mirrors, snapshots etc. using dmeventd or progress polling.
Oct 21 02:22:34 issabel systemd: Reached target Local File Systems (Pre).
Oct 21 02:22:34 issabel systemd: Starting File System Check on /dev/disk/by-uuid/670a1af8-ca29-4cc7-ae4e-8f93ce836c75...
Oct 21 02:22:34 issabel systemd-fsck: /dev/sda1: recovering journal
Oct 21 02:22:34 issabel systemd-fsck: /dev/sda1: clean, 351/76912 files, 136604/307200 blocks
Oct 21 02:22:34 issabel systemd: Started File System Check on /dev/disk/by-uuid/670a1af8-ca29-4cc7-ae4e-8f93ce836c75.
Oct 21 02:22:34 issabel systemd: Mounting /boot...
Oct 21 02:22:34 issabel systemd: Mounted /boot.
Oct 21 02:22:34 issabel kernel: EXT4-fs (sda1): mounted filesystem with ordered data mode. Opts: (null)
Oct 21 02:22:35 issabel kernel: snd_intel8x0 0000:00:05.0: intel8x0_measure_ac97_clock: measured 50286 usecs (2400 samples)
Oct 21 02:22:35 issabel kernel: snd_intel8x0 0000:00:05.0: clocking to 48000
Oct 21 02:22:35 issabel systemd: Reached target Sound Card.
Oct 21 02:22:37 issabel kernel: floppy0: no floppy controllers found
Oct 21 02:22:37 issabel kernel: work still pending
Oct 21 02:22:37 issabel systemd: Started udev Wait for Complete Device Initialization.
Oct 21 02:22:37 issabel systemd: Starting Activation of DM RAID sets...
Oct 21 02:22:37 issabel kernel: device-mapper: uevent: version 1.0.3
Oct 21 02:22:37 issabel kernel: device-mapper: ioctl: 4.37.1-ioctl (2018-04-03) initialised: dm-devel@redhat.com
Oct 21 02:22:37 issabel systemd: Started Activation of DM RAID sets.
Oct 21 02:22:37 issabel systemd: Reached target Local Encrypted Volumes.
Oct 21 02:22:37 issabel systemd: Reached target Local File Systems.
Oct 21 02:22:37 issabel systemd: Starting Import network configuration from initramfs...
Oct 21 02:22:37 issabel systemd: Starting Tell Plymouth To Write Out Runtime Data...
Oct 21 02:22:37 issabel systemd: Started Import network configuration from initramfs.
Oct 21 02:22:37 issabel systemd: Starting Create Volatile Files and Directories...
Oct 21 02:22:37 issabel systemd: Started Tell Plymouth To Write Out Runtime Data.
Oct 21 02:22:37 issabel systemd: Started Create Volatile Files and Directories.
Oct 21 02:22:37 issabel systemd: Starting Security Auditing Service...
Oct 21 02:22:37 issabel auditd[487]: Started dispatcher: /sbin/audispd pid: 489
Oct 21 02:22:37 issabel kernel: type=1305 audit(1666333357.693:3): audit_pid=487 old=0 auid=4294967295 ses=4294967295 res=1
Oct 21 02:22:37 issabel audispd: No plugins found, exiting
Oct 21 02:22:37 issabel auditd[487]: Init complete, auditd 2.8.5 listening for events (startup state enable)
Oct 21 02:22:37 issabel systemd: Received SIGRTMIN+20 from PID 226 (plymouthd).
Oct 21 02:22:37 issabel augenrules: /sbin/augenrules: No change
Oct 21 02:22:37 issabel augenrules: No rules
Oct 21 02:22:37 issabel augenrules: enabled 1
Oct 21 02:22:37 issabel augenrules: failure 1
Oct 21 02:22:37 issabel augenrules: pid 487
Oct 21 02:22:37 issabel augenrules: rate_limit 0
Oct 21 02:22:37 issabel augenrules: backlog_limit 8192
Oct 21 02:22:37 issabel augenrules: lost 0
Oct 21 02:22:37 issabel augenrules: backlog 1
Oct 21 02:22:37 issabel augenrules: enabled 1
Oct 21 02:22:37 issabel augenrules: failure 1
Oct 21 02:22:37 issabel augenrules: pid 487
Oct 21 02:22:37 issabel augenrules: rate_limit 0
Oct 21 02:22:37 issabel augenrules: backlog_limit 8192
Oct 21 02:22:37 issabel augenrules: lost 0
Oct 21 02:22:37 issabel augenrules: backlog 1
Oct 21 02:22:37 issabel systemd: Started Security Auditing Service.
Oct 21 02:22:37 issabel systemd: Starting Update UTMP about System Boot/Shutdown...
Oct 21 02:22:37 issabel systemd: Started Update UTMP about System Boot/Shutdown.
Oct 21 02:22:37 issabel systemd: Reached target System Initialization.
Oct 21 02:22:37 issabel systemd: Started Daily Cleanup of Temporary Directories.
Oct 21 02:22:37 issabel systemd: Reached target Timers.
Oct 21 02:22:37 issabel systemd: Listening on Avahi mDNS/DNS-SD Stack Activation Socket.
Oct 21 02:22:37 issabel systemd: Listening on D-Bus System Message Bus Socket.
Oct 21 02:22:37 issabel systemd: Reached target Sockets.
Oct 21 02:22:37 issabel systemd: Reached target Basic System.
Oct 21 02:22:37 issabel systemd: Starting Dump dmesg to /var/log/dmesg...
Oct 21 02:22:37 issabel systemd: Starting Login Service...
Oct 21 02:22:37 issabel systemd: Started D-Bus System Message Bus.
Oct 21 02:22:37 issabel systemd: Starting Authorization Manager...
Oct 21 02:22:37 issabel systemd: Starting Permit User Sessions...
Oct 21 02:22:37 issabel systemd: Starting SASL authentication daemon....
Oct 21 02:22:37 issabel systemd: Started irqbalance daemon.
Oct 21 02:22:37 issabel systemd: Starting IP sets for iptables...
Oct 21 02:22:37 issabel systemd: Starting Network Manager...
Oct 21 02:22:37 issabel systemd: Starting Avahi mDNS/DNS-SD Stack...
Oct 21 02:22:37 issabel systemd: Started Dump dmesg to /var/log/dmesg.
Oct 21 02:22:37 issabel systemd: Started Permit User Sessions.
Oct 21 02:22:37 issabel systemd-logind: New seat seat0.
Oct 21 02:22:37 issabel systemd-logind: Watching system buttons on /dev/input/event0 (Power Button)
Oct 21 02:22:37 issabel systemd-logind: Watching system buttons on /dev/input/event1 (Sleep Button)
Oct 21 02:22:37 issabel systemd-logind: Watching system buttons on /dev/input/event5 (Video Bus)
Oct 21 02:22:37 issabel systemd: Started Login Service.
Oct 21 02:22:37 issabel /usr/sbin/irqbalance: Balancing is ineffective on systems with a single cpu.  Shutting down
Oct 21 02:22:37 issabel systemd: Started Job spooling tools.
Oct 21 02:22:37 issabel avahi-daemon[521]: Found user 'avahi' (UID 70) and group 'avahi' (GID 70).
Oct 21 02:22:37 issabel avahi-daemon[521]: Successfully dropped root privileges.
Oct 21 02:22:37 issabel avahi-daemon[521]: avahi-daemon 0.6.31 starting up.
Oct 21 02:22:37 issabel avahi-daemon[521]: WARNING: No NSS support for mDNS detected, consider installing nss-mdns!
Oct 21 02:22:37 issabel systemd: Started Avahi mDNS/DNS-SD Stack.
Oct 21 02:22:37 issabel avahi-daemon[521]: Successfully called chroot().
Oct 21 02:22:37 issabel avahi-daemon[521]: Successfully dropped remaining capabilities.
Oct 21 02:22:37 issabel avahi-daemon[521]: No service file found in /etc/avahi/services.
Oct 21 02:22:37 issabel avahi-daemon[521]: Network interface enumeration completed.
Oct 21 02:22:37 issabel avahi-daemon[521]: Registering HINFO record with values 'X86_64'/'LINUX'.
Oct 21 02:22:37 issabel avahi-daemon[521]: Server startup complete. Host name is issabel.local. Local service cookie is 747924856.
Oct 21 02:22:37 issabel saslauthd[535]: detach_tty      : master pid is: 535
Oct 21 02:22:37 issabel saslauthd[535]: ipc_init        : listening on socket: /run/saslauthd/mux
Oct 21 02:22:37 issabel polkitd[515]: Started polkitd version 0.112
Oct 21 02:22:37 issabel systemd: Started SASL authentication daemon..
Oct 21 02:22:37 issabel kernel: Netfilter messages via NETLINK v0.30.
Oct 21 02:22:38 issabel kernel: ip_set: protocol 7
Oct 21 02:22:38 issabel NetworkManager[520]: <info>  [1666333358.0198] NetworkManager (version 1.18.8-1.el7) is starting... (for the first time)
Oct 21 02:22:38 issabel NetworkManager[520]: <info>  [1666333358.0199] Read config: /etc/NetworkManager/NetworkManager.conf (lib: 10-slaves-order.conf)
Oct 21 02:22:38 issabel systemd: Started Network Manager.
Oct 21 02:22:38 issabel systemd: Starting Network Manager Wait Online...
Oct 21 02:22:38 issabel NetworkManager[520]: <info>  [1666333358.0337] bus-manager: acquired D-Bus service "org.freedesktop.NetworkManager"
Oct 21 02:22:38 issabel NetworkManager[520]: <info>  [1666333358.0358] manager[0x55b0c0602030]: monitoring kernel firmware directory '/lib/firmware'.
Oct 21 02:22:38 issabel dbus[511]: [system] Activating via systemd: service name='org.freedesktop.hostname1' unit='dbus-org.freedesktop.hostname1.service'
Oct 21 02:22:38 issabel systemd: Starting Hostname Service...
Oct 21 02:22:38 issabel dbus[511]: [system] Successfully activated service 'org.freedesktop.hostname1'
Oct 21 02:22:38 issabel NetworkManager[520]: <info>  [1666333358.0861] hostname: hostname: using hostnamed
Oct 21 02:22:38 issabel NetworkManager[520]: <info>  [1666333358.0861] hostname: hostname changed from (none) to "issabel.local"
Oct 21 02:22:38 issabel NetworkManager[520]: <info>  [1666333358.0863] dns-mgr[0x55b0c05e7220]: init: dns=default,systemd-resolved rc-manager=file
Oct 21 02:22:38 issabel dbus[511]: [system] Activating via systemd: service name='org.freedesktop.nm_dispatcher' unit='dbus-org.freedesktop.nm-dispatcher.service'
Oct 21 02:22:38 issabel systemd: Started IP sets for iptables.
Oct 21 02:22:38 issabel systemd: Started Authorization Manager.
Oct 21 02:22:38 issabel systemd: Started Hostname Service.
Oct 21 02:22:38 issabel systemd: Starting Network Manager Script Dispatcher Service...
Oct 21 02:22:38 issabel dbus[511]: [system] Successfully activated service 'org.freedesktop.nm_dispatcher'
Oct 21 02:22:38 issabel systemd: Started Network Manager Script Dispatcher Service.
Oct 21 02:22:38 issabel NetworkManager[520]: <info>  [1666333358.1078] settings: Loaded settings plugin: SettingsPluginIfcfg ("/usr/lib64/NetworkManager/1.18.8-1.el7/libnm-settings-plugin-ifcfg-rh.so")
Oct 21 02:22:38 issabel NetworkManager[520]: <info>  [1666333358.1093] settings: Loaded settings plugin: NMSIbftPlugin ("/usr/lib64/NetworkManager/1.18.8-1.el7/libnm-settings-plugin-ibft.so")
Oct 21 02:22:38 issabel NetworkManager[520]: <info>  [1666333358.1093] settings: Loaded settings plugin: NMSKeyfilePlugin (internal)
Oct 21 02:22:38 issabel NetworkManager[520]: <info>  [1666333358.1117] ifcfg-rh: new connection /etc/sysconfig/network-scripts/ifcfg-eth0 (ab616e49-a0b5-40f2-81c8-e68cbb7b9d3e,"eth0")
Oct 21 02:22:38 issabel NetworkManager[520]: <info>  [1666333358.1132] ifcfg-rh: new connection /etc/sysconfig/network-scripts/ifcfg-eth1 (8a72de83-ea3c-457e-a53c-1093feb58f0a,"eth1")
Oct 21 02:22:38 issabel NetworkManager[520]: <info>  [1666333358.1161] manager: rfkill: Wi-Fi enabled by radio killswitch; enabled by state file
Oct 21 02:22:38 issabel NetworkManager[520]: <info>  [1666333358.1162] manager: rfkill: WWAN enabled by radio killswitch; enabled by state file
Oct 21 02:22:38 issabel NetworkManager[520]: <info>  [1666333358.1162] manager: Networking is enabled by state file
Oct 21 02:22:38 issabel nm-dispatcher: find-scripts: Cannot execute '/etc/NetworkManager/dispatcher.d/12-dhcpd': not executable by owner.
Oct 21 02:22:38 issabel nm-dispatcher: req:1 'hostname': new request (3 scripts)
Oct 21 02:22:38 issabel nm-dispatcher: req:1 'hostname': start running ordered scripts...
Oct 21 02:22:38 issabel NetworkManager[520]: <info>  [1666333358.1185] dhcp-init: Using DHCP client 'dhclient'
Oct 21 02:22:38 issabel kernel: IPv6: ADDRCONF(NETDEV_UP): eth0: link is not ready
Oct 21 02:22:38 issabel NetworkManager[520]: <info>  [1666333358.1202] device (lo): carrier: link connected
Oct 21 02:22:38 issabel NetworkManager[520]: <info>  [1666333358.1204] manager: (lo): new Generic device (/org/freedesktop/NetworkManager/Devices/1)
Oct 21 02:22:38 issabel NetworkManager[520]: <info>  [1666333358.1208] manager: (eth0): new Ethernet device (/org/freedesktop/NetworkManager/Devices/2)
Oct 21 02:22:38 issabel NetworkManager[520]: <info>  [1666333358.1212] device (eth0): state change: unmanaged -> unavailable (reason 'managed', sys-iface-state: 'external')
Oct 21 02:22:38 issabel kernel: e1000: eth0 NIC Link is Up 1000 Mbps Full Duplex, Flow Control: RX
Oct 21 02:22:38 issabel kernel: IPv6: ADDRCONF(NETDEV_UP): eth0: link is not ready
Oct 21 02:22:38 issabel kernel: IPv6: ADDRCONF(NETDEV_CHANGE): eth0: link becomes ready
Oct 21 02:22:38 issabel NetworkManager[520]: <info>  [1666333358.1286] device (eth0): carrier: link connected
Oct 21 02:22:38 issabel nm-dispatcher: find-scripts: Cannot execute '/etc/NetworkManager/dispatcher.d/12-dhcpd': not executable by owner.
Oct 21 02:22:38 issabel nm-dispatcher: req:2 'connectivity-change': new request (3 scripts)
Oct 21 02:22:38 issabel NetworkManager[520]: <info>  [1666333358.1355] manager: (eth1): new Ethernet device (/org/freedesktop/NetworkManager/Devices/3)
Oct 21 02:22:38 issabel NetworkManager[520]: <info>  [1666333358.1380] device (eth1): state change: unmanaged -> unavailable (reason 'managed', sys-iface-state: 'external')
Oct 21 02:22:38 issabel kernel: IPv6: ADDRCONF(NETDEV_UP): eth1: link is not ready
Oct 21 02:22:38 issabel kernel: e1000: eth1 NIC Link is Up 1000 Mbps Full Duplex, Flow Control: RX
Oct 21 02:22:38 issabel kernel: IPv6: ADDRCONF(NETDEV_UP): eth1: link is not ready
Oct 21 02:22:38 issabel NetworkManager[520]: <info>  [1666333358.1428] device (eth1): carrier: link connected
Oct 21 02:22:38 issabel NetworkManager[520]: <info>  [1666333358.1580] device (eth0): state change: unavailable -> disconnected (reason 'none', sys-iface-state: 'managed')
Oct 21 02:22:38 issabel NetworkManager[520]: <info>  [1666333358.1600] device (eth1): state change: unavailable -> disconnected (reason 'none', sys-iface-state: 'managed')
Oct 21 02:22:38 issabel kernel: IPv6: ADDRCONF(NETDEV_UP): eth1: link is not ready
Oct 21 02:22:38 issabel NetworkManager[520]: <info>  [1666333358.1613] policy: auto-activating connection 'eth0' (ab616e49-a0b5-40f2-81c8-e68cbb7b9d3e)
Oct 21 02:22:38 issabel NetworkManager[520]: <info>  [1666333358.1631] device (eth0): Activation: starting connection 'eth0' (ab616e49-a0b5-40f2-81c8-e68cbb7b9d3e)
Oct 21 02:22:38 issabel NetworkManager[520]: <info>  [1666333358.1635] device (eth0): state change: disconnected -> prepare (reason 'none', sys-iface-state: 'managed')
Oct 21 02:22:38 issabel NetworkManager[520]: <info>  [1666333358.1647] manager: NetworkManager state is now CONNECTING
Oct 21 02:22:38 issabel NetworkManager[520]: <info>  [1666333358.1654] device (eth0): state change: prepare -> config (reason 'none', sys-iface-state: 'managed')
Oct 21 02:22:38 issabel NetworkManager[520]: <info>  [1666333358.1686] device (eth0): state change: config -> ip-config (reason 'none', sys-iface-state: 'managed')
Oct 21 02:22:38 issabel NetworkManager[520]: <info>  [1666333358.1705] dhcp4 (eth0): activation: beginning transaction (timeout in 45 seconds)
Oct 21 02:22:38 issabel NetworkManager[520]: <info>  [1666333358.1755] dhcp4 (eth0): dhclient started with pid 583
Oct 21 02:22:38 issabel avahi-daemon[521]: Registering new address record for fe80::652a:3c0e:76c6:247 on eth0.*.
Oct 21 02:22:38 issabel nm-dispatcher: req:2 'connectivity-change': start running ordered scripts...
Oct 21 02:22:38 issabel dhclient[583]: DHCPDISCOVER on eth0 to 255.255.255.255 port 67 interval 5 (xid=0x6b5a57d6)
Oct 21 02:22:38 issabel dhclient[583]: DHCPREQUEST on eth0 to 255.255.255.255 port 67 (xid=0x6b5a57d6)
Oct 21 02:22:38 issabel dhclient[583]: DHCPOFFER from 10.0.2.2
Oct 21 02:22:38 issabel dhclient[583]: DHCPACK from 10.0.2.2 (xid=0x6b5a57d6)
Oct 21 02:22:38 issabel NetworkManager[520]: <info>  [1666333358.2209] dhcp4 (eth0):   address 10.0.2.15
Oct 21 02:22:38 issabel NetworkManager[520]: <info>  [1666333358.2210] dhcp4 (eth0):   plen 24 (255.255.255.0)
Oct 21 02:22:38 issabel NetworkManager[520]: <info>  [1666333358.2210] dhcp4 (eth0):   gateway 10.0.2.2
Oct 21 02:22:38 issabel NetworkManager[520]: <info>  [1666333358.2210] dhcp4 (eth0):   lease time 86400
Oct 21 02:22:38 issabel NetworkManager[520]: <info>  [1666333358.2210] dhcp4 (eth0):   nameserver '8.8.8.8'
Oct 21 02:22:38 issabel NetworkManager[520]: <info>  [1666333358.2210] dhcp4 (eth0):   nameserver '4.2.2.2'
Oct 21 02:22:38 issabel NetworkManager[520]: <info>  [1666333358.2210] dhcp4 (eth0): state changed unknown -> bound
Oct 21 02:22:38 issabel NetworkManager[520]: <info>  [1666333358.2214] device (eth0): state change: ip-config -> ip-check (reason 'none', sys-iface-state: 'managed')
Oct 21 02:22:38 issabel NetworkManager[520]: <info>  [1666333358.2217] device (eth0): state change: ip-check -> secondaries (reason 'none', sys-iface-state: 'managed')
Oct 21 02:22:38 issabel NetworkManager[520]: <info>  [1666333358.2217] device (eth0): state change: secondaries -> activated (reason 'none', sys-iface-state: 'managed')
Oct 21 02:22:38 issabel NetworkManager[520]: <info>  [1666333358.2219] manager: NetworkManager state is now CONNECTED_LOCAL
Oct 21 02:22:38 issabel avahi-daemon[521]: Joining mDNS multicast group on interface eth0.IPv4 with address 10.0.2.15.
Oct 21 02:22:38 issabel avahi-daemon[521]: New relevant interface eth0.IPv4 for mDNS.
Oct 21 02:22:38 issabel avahi-daemon[521]: Registering new address record for 10.0.2.15 on eth0.IPv4.
Oct 21 02:22:38 issabel NetworkManager[520]: <info>  [1666333358.2280] manager: NetworkManager state is now CONNECTED_SITE
Oct 21 02:22:38 issabel NetworkManager[520]: <info>  [1666333358.2286] policy: set 'eth0' (eth0) as default for IPv4 routing and DNS
Oct 21 02:22:38 issabel NetworkManager[520]: <info>  [1666333358.2303] device (eth0): Activation: successful, device activated.
Oct 21 02:22:38 issabel NetworkManager[520]: <info>  [1666333358.2306] manager: NetworkManager state is now CONNECTED_GLOBAL
Oct 21 02:22:38 issabel NetworkManager[520]: <info>  [1666333358.2308] manager: startup complete
Oct 21 02:22:38 issabel nm-dispatcher: find-scripts: Cannot execute '/etc/NetworkManager/dispatcher.d/12-dhcpd': not executable by owner.
Oct 21 02:22:38 issabel systemd: Started Network Manager Wait Online.
Oct 21 02:22:38 issabel nm-dispatcher: req:3 'up' [eth0]: new request (3 scripts)
Oct 21 02:22:38 issabel systemd: Starting LSB: Bring up/down networking...
Oct 21 02:22:38 issabel nm-dispatcher: req:3 'up' [eth0]: start running ordered scripts...
Oct 21 02:22:38 issabel dhclient[583]: bound to 10.0.2.15 -- renewal in 33784 seconds.
Oct 21 02:22:38 issabel nm-dispatcher: find-scripts: Cannot execute '/etc/NetworkManager/dispatcher.d/12-dhcpd': not executable by owner.
Oct 21 02:22:38 issabel nm-dispatcher: req:4 'connectivity-change': new request (3 scripts)
Oct 21 02:22:38 issabel nm-dispatcher: req:4 'connectivity-change': start running ordered scripts...
Oct 21 02:22:38 issabel network: Bringing up loopback interface:  [  OK  ]
Oct 21 02:22:38 issabel network: Bringing up interface eth0:  [  OK  ]
Oct 21 02:22:38 issabel systemd: Started LSB: Bring up/down networking.
Oct 21 02:22:38 issabel systemd: Reached target Network.
Oct 21 02:22:38 issabel systemd: Starting The Apache HTTP Server...
Oct 21 02:22:38 issabel systemd: Starting Postfix Mail Transport Agent...
Oct 21 02:22:38 issabel systemd: Starting Cyrus-imapd IMAP/POP3 email server...
Oct 21 02:22:38 issabel systemd: Starting MariaDB database server...
Oct 21 02:22:38 issabel systemd: Starting OpenSSH server daemon...
Oct 21 02:22:38 issabel systemd: Starting /etc/rc.d/rc.local Compatibility...
Oct 21 02:22:38 issabel systemd: Starting Xinetd A Powerful Replacement For Inetd...
Oct 21 02:22:38 issabel systemd: Starting Fix Ghostscript Fonts...
Oct 21 02:22:38 issabel systemd: Starting Dynamic System Tuning Daemon...
Oct 21 02:22:38 issabel systemd: Started Web Console.
Oct 21 02:22:38 issabel sh: sed: can't read /usr/share/ghostscript/9.07/Resource/Init/Fontmap.GS: No such file or directory
Oct 21 02:22:38 issabel systemd: Reached target Network is Online.
Oct 21 02:22:38 issabel systemd: Starting System Logging Service...
Oct 21 02:22:38 issabel systemd: Starting LSB: DAHDI kernel modules...
Oct 21 02:22:38 issabel xinetd[799]: xinetd Version 2.3.15 started with libwrap loadavg labeled-networking options compiled in.
Oct 21 02:22:38 issabel systemd: Starting Set time via NTP...
Oct 21 02:22:38 issabel xinetd[799]: Started working: 1 available service
Oct 21 02:22:38 issabel systemd: Started OpenSSH server daemon.
Oct 21 02:22:38 issabel rsyslogd: [origin software="rsyslogd" swVersion="8.24.0-55.el7" x-pid="813" x-info="http://www.rsyslog.com"] start
Oct 21 02:22:38 issabel systemd: Started Xinetd A Powerful Replacement For Inetd.
Oct 21 02:22:38 issabel systemd: fixfonts.service: main process exited, code=exited, status=2/INVALIDARGUMENT
Oct 21 02:22:38 issabel systemd: Failed to start Fix Ghostscript Fonts.
Oct 21 02:22:38 issabel systemd: Unit fixfonts.service entered failed state.
Oct 21 02:22:38 issabel systemd: fixfonts.service failed.
Oct 21 02:22:38 issabel systemd: Started System Logging Service.
Oct 21 02:22:38 issabel systemd: Created slice User Slice of cyrus.
Oct 21 02:22:38 issabel systemd: Started Session c1 of user cyrus.
Oct 21 02:22:38 issabel systemd: Started /etc/rc.d/rc.local Compatibility.
Oct 21 02:22:38 issabel systemd: Starting Terminate Plymouth Boot Screen...
Oct 21 02:22:38 issabel systemd: Starting Wait for Plymouth Boot Screen to Quit...
Oct 21 02:22:38 issabel systemd: Received SIGRTMIN+21 from PID 226 (plymouthd).
Oct 21 02:22:38 issabel systemd: Started Wait for Plymouth Boot Screen to Quit.
Oct 21 02:22:38 issabel systemd: Started Getty on tty1.
Oct 21 02:22:38 issabel systemd: Reached target Login Prompts.
Oct 21 02:22:38 issabel systemd: Started Terminate Plymouth Boot Screen.
Oct 21 02:22:38 issabel webconsole: 2022/10/21 02:22:38 GoTTY is starting with command: ssh root@localhost
Oct 21 02:22:38 issabel webconsole: 2022/10/21 02:22:38 Using Basic Authentication
Oct 21 02:22:38 issabel webconsole: 2022/10/21 02:22:38 Permitting clients to write input to the PTY.
Oct 21 02:22:38 issabel webconsole: 2022/10/21 02:22:38 HTTP server is listening at: http://127.0.0.1:8075/
Oct 21 02:22:38 issabel dahdi: Loading DAHDI hardware modules:
Oct 21 02:22:38 issabel kernel: dahdi: loading out-of-tree module taints kernel.
Oct 21 02:22:38 issabel kernel: dahdi: module verification failed: signature and/or required key missing - tainting kernel
Oct 21 02:22:38 issabel kernel: dahdi: Version: 2.11.1
Oct 21 02:22:38 issabel kernel: dahdi: Telephony Interface Registered on major 196
Oct 21 02:22:38 issabel mariadb-prepare-db-dir: Database MariaDB is probably initialized in /var/lib/mysql already, nothing is done.
Oct 21 02:22:38 issabel mariadb-prepare-db-dir: If this is not the case, make sure the /var/lib/mysql is empty before running mariadb-prepare-db-dir.
Oct 21 02:22:38 issabel httpd: AH00558: httpd: Could not reliably determine the server's fully qualified domain name, using issabel.local. Set the 'ServerName' directive globally to suppress this message
Oct 21 02:22:39 issabel dahdi: Running dahdi_cfg:  [  OK  ]
Oct 21 02:22:39 issabel kernel: IPv6: ADDRCONF(NETDEV_CHANGE): eth1: link becomes ready
Oct 21 02:22:39 issabel systemd: Started LSB: DAHDI kernel modules.
Oct 21 02:22:39 issabel systemd: Starting SYSV: IssabelDialer...
Oct 21 02:22:39 issabel su: (to asterisk) root on none
Oct 21 02:22:39 issabel systemd: Created slice User Slice of asterisk.
Oct 21 02:22:39 issabel systemd: Started Session c2 of user asterisk.
Oct 21 02:22:39 issabel systemd: Started The Apache HTTP Server.
Oct 21 02:22:39 issabel mysqld_safe: 221021 02:22:39 mysqld_safe Logging to '/var/log/mariadb/mariadb.log'.
Oct 21 02:22:39 issabel issabeldialer: Starting Issabel Dialer: [  OK  ]
Oct 21 02:22:39 issabel systemd: Started SYSV: IssabelDialer.
Oct 21 02:22:39 issabel mysqld_safe: 221021 02:22:39 mysqld_safe Starting mysqld daemon with databases from /var/lib/mysql
Oct 21 02:22:39 issabel systemd: Started Postfix Mail Transport Agent.
Oct 21 02:22:39 issabel systemd: Started Dynamic System Tuning Daemon.
Oct 21 02:22:41 issabel systemd: Started Cyrus-imapd IMAP/POP3 email server.
Oct 21 02:22:41 issabel systemd: Removed slice User Slice of cyrus.
Oct 21 02:22:43 issabel ntpdate[852]: step time server 192.46.210.39 offset 1.061283 sec
Oct 21 02:22:43 issabel systemd: Time has been changed
Oct 21 02:22:43 issabel systemd: Started Set time via NTP.
Oct 21 02:22:43 issabel systemd: Starting NTP client/server...
Oct 21 02:22:43 issabel systemd: Reached target System Time Synchronized.
Oct 21 02:22:43 issabel systemd: Started Command Scheduler.
Oct 21 02:22:43 issabel chronyd[2193]: chronyd version 3.4 starting (+CMDMON +NTP +REFCLOCK +RTC +PRIVDROP +SCFILTER +SIGND +ASYNCDNS +SECHASH +IPV6 +DEBUG)
Oct 21 02:22:43 issabel chronyd[2193]: Frequency 0.158 +/- 3.768 ppm read from /var/lib/chrony/drift
Oct 21 02:22:43 issabel systemd: Started NTP client/server.
Oct 21 02:22:43 issabel systemd: Started MariaDB database server.
Oct 21 02:22:43 issabel systemd: Starting issabel-firstboot.service...
Oct 21 02:22:43 issabel systemd: Started issabel-firstboot.service.
Oct 21 02:22:43 issabel systemd: Started LSB: Asterisk PBX.
Oct 21 02:22:43 issabel systemd: Starting SYSV: Issabel Update Helper...
Oct 21 02:22:43 issabel systemd: Starting SYSV: Issabel Port Knocking...
Oct 21 02:22:43 issabel systemd: Starting amportal-reload.service...
Oct 21 02:22:43 issabel amportal: Please wait...
Oct 21 02:22:43 issabel su: (to root) root on none
Oct 21 02:22:43 issabel systemd: Created slice User Slice of root.
Oct 21 02:22:43 issabel systemd: Started Session c3 of user root.
Oct 21 02:22:43 issabel issabel-portknock: Starting Issabel Port Knocking: [  OK  ]
Oct 21 02:22:43 issabel systemd: Started SYSV: Issabel Port Knocking.
Oct 21 02:22:43 issabel issabel-updaterd: Starting Issabel Update Helper: [  OK  ]
Oct 21 02:22:43 issabel systemd: Started SYSV: Issabel Update Helper.
Oct 21 02:22:43 issabel systemd: Starting SYSV: IAXModem for asterisk <-> Hylafax gateway...
Oct 21 02:22:43 issabel systemd: Starting LSB: Starts and stops the HylaFAX...
Oct 21 02:22:43 issabel iaxmodem: Starting IAXmodem: [  OK  ]
Oct 21 02:22:43 issabel systemd: Started SYSV: IAXModem for asterisk <-> Hylafax gateway.
Oct 21 02:22:43 issabel hylafax: Starting HylaFAX queue manager (faxq): [  OK  ]
Oct 21 02:22:43 issabel FaxQueuer[2270]: HylaFAX (tm) Version 4.3.11
Oct 21 02:22:43 issabel FaxQueuer[2270]: Copyright (c) 1990-1996 Sam Leffler
Oct 21 02:22:43 issabel FaxQueuer[2270]: Copyright (c) 1991-1996 Silicon Graphics, Inc.
Oct 21 02:22:43 issabel hylafax: Starting HylaFAX server (hfaxd): [  OK  ]
Oct 21 02:22:43 issabel HylaFAX[2282]: HylaFAX INET Protocol Server: restarted.
Oct 21 02:22:43 issabel systemd: Started LSB: Starts and stops the HylaFAX.
Oct 21 02:22:44 issabel kernel: Bluetooth: Core ver 2.22
Oct 21 02:22:44 issabel kernel: NET: Registered protocol family 31
Oct 21 02:22:44 issabel kernel: Bluetooth: HCI device and connection manager initialized
Oct 21 02:22:44 issabel kernel: Bluetooth: HCI socket layer initialized
Oct 21 02:22:44 issabel kernel: Bluetooth: L2CAP socket layer initialized
Oct 21 02:22:44 issabel kernel: Bluetooth: SCO socket layer initialized
Oct 21 02:22:46 issabel amportal: Successfully reloaded
Oct 21 02:22:46 issabel systemd: Started amportal-reload.service.
Oct 21 02:22:46 issabel systemd: Reached target Multi-User System.
Oct 21 02:22:46 issabel systemd: Starting Update UTMP about System Runlevel Changes...
Oct 21 02:22:46 issabel systemd: Started Update UTMP about System Runlevel Changes.
Oct 21 02:22:46 issabel systemd: Startup finished in 447ms (kernel) + 1.693s (initrd) + 10.976s (userspace) = 13.116s.
Oct 21 02:22:50 issabel chronyd[2193]: Selected source 144.24.146.96
Oct 21 02:22:51 issabel chronyd[2193]: Selected source 178.215.228.24
Oct 21 02:22:52 issabel chronyd[2193]: Source 192.46.211.253 replaced with 129.154.46.154
Oct 21 02:22:53 issabel systemd: Started Session 1 of user root.
Oct 21 02:22:53 issabel systemd-logind: New session 1 of user root.
Oct 21 02:22:55 issabel dhclient[2526]: DHCPDISCOVER on eth1 to 255.255.255.255 port 67 interval 3 (xid=0x1faff200)
Oct 21 02:22:55 issabel dhclient[2526]: DHCPDISCOVER on eth0 to 255.255.255.255 port 67 interval 8 (xid=0x5d35ef0f)
Oct 21 02:22:55 issabel dhclient[2526]: DHCPREQUEST on eth1 to 255.255.255.255 port 67 (xid=0x1faff200)
Oct 21 02:22:55 issabel dhclient[2526]: DHCPOFFER from 192.168.56.100
Oct 21 02:22:55 issabel dhclient[2526]: DHCPREQUEST on eth0 to 255.255.255.255 port 67 (xid=0x5d35ef0f)
Oct 21 02:22:55 issabel dhclient[2526]: DHCPOFFER from 10.0.2.2
Oct 21 02:22:55 issabel dhclient[2526]: DHCPACK from 10.0.2.2 (xid=0x5d35ef0f)
Oct 21 02:22:58 issabel NET[2601]: /usr/sbin/dhclient-script : updated /etc/resolv.conf
Oct 21 02:22:58 issabel dhclient[2526]: bound to 10.0.2.15 -- renewal in 35935 seconds.
Oct 21 02:22:58 issabel dhclient[2605]: DHCPACK from 192.168.56.100 (xid=0x1faff200)
Oct 21 02:22:59 issabel dhclient[2626]: dhclient(2605) is already running - exiting.
Oct 21 02:22:59 issabel dhclient[2626]: 
Oct 21 02:22:59 issabel dhclient[2626]: This version of ISC DHCP is based on the release available
Oct 21 02:22:59 issabel dhclient[2626]: on ftp.isc.org.  Features have been added and other changes
Oct 21 02:22:59 issabel dhclient[2626]: have been made to the base software release in order to make
Oct 21 02:22:59 issabel dhclient[2626]: it work better with this distribution.
Oct 21 02:22:59 issabel dhclient[2626]: 
Oct 21 02:22:59 issabel dhclient[2626]: Please report for this software via the CentOS Bugs Database:
Oct 21 02:22:59 issabel dhclient[2626]:    http://bugs.centos.org/
Oct 21 02:22:59 issabel dhclient[2626]: 
Oct 21 02:22:59 issabel dhclient[2626]: exiting.
Oct 21 02:23:00 issabel NetworkManager[520]: <info>  [1666333380.0384] ifcfg-rh: add connection in-memory (d35b458a-8433-4a34-ac83-c71d60ab48c3,"eth1")
Oct 21 02:23:00 issabel NetworkManager[520]: <info>  [1666333380.0392] device (eth1): Activation: starting connection 'eth1' (d35b458a-8433-4a34-ac83-c71d60ab48c3)
Oct 21 02:23:00 issabel NetworkManager[520]: <info>  [1666333380.0393] device (eth1): state change: disconnected -> prepare (reason 'none', sys-iface-state: 'external')
Oct 21 02:23:00 issabel NetworkManager[520]: <info>  [1666333380.0395] device (eth1): state change: prepare -> config (reason 'none', sys-iface-state: 'external')
Oct 21 02:23:00 issabel NetworkManager[520]: <info>  [1666333380.0396] device (eth1): state change: config -> ip-config (reason 'none', sys-iface-state: 'external')
Oct 21 02:23:00 issabel NetworkManager[520]: <info>  [1666333380.0397] device (eth1): state change: ip-config -> ip-check (reason 'none', sys-iface-state: 'external')
Oct 21 02:23:00 issabel NetworkManager[520]: <info>  [1666333380.0400] device (eth1): state change: ip-check -> secondaries (reason 'none', sys-iface-state: 'external')
Oct 21 02:23:00 issabel NetworkManager[520]: <info>  [1666333380.0401] device (eth1): state change: secondaries -> activated (reason 'none', sys-iface-state: 'external')
Oct 21 02:23:00 issabel avahi-daemon[521]: Joining mDNS multicast group on interface eth1.IPv4 with address 192.168.56.102.
Oct 21 02:23:00 issabel avahi-daemon[521]: New relevant interface eth1.IPv4 for mDNS.
Oct 21 02:23:00 issabel avahi-daemon[521]: Registering new address record for 192.168.56.102 on eth1.IPv4.
Oct 21 02:23:00 issabel NetworkManager[520]: <info>  [1666333380.0456] device (eth1): Activation: successful, device activated.
Oct 21 02:23:00 issabel dbus[511]: [system] Activating via systemd: service name='org.freedesktop.nm_dispatcher' unit='dbus-org.freedesktop.nm-dispatcher.service'
Oct 21 02:23:00 issabel systemd: Starting Network Manager Script Dispatcher Service...
Oct 21 02:23:00 issabel dhclient[2605]: bound to 192.168.56.102 -- renewal in 265 seconds.
Oct 21 02:23:00 issabel dbus[511]: [system] Successfully activated service 'org.freedesktop.nm_dispatcher'
Oct 21 02:23:00 issabel systemd: Started Network Manager Script Dispatcher Service.
