Sep  9 04:30:43 issabel rsyslogd: [origin software="rsyslogd" swVersion="8.24.0-55.el7" x-pid="814" x-info="http://www.rsyslog.com"] rsyslogd was HUPed
Sep  9 04:30:43 issabel logrotate: ALERT exited abnormally with [1]
Sep  9 04:30:51 issabel kernel: [drm:drm_atomic_helper_wait_for_dependencies [drm_kms_helper]] *ERROR* [PLANE:33:plane-0] flip_done timed out
Sep  9 04:33:12 issabel dhclient[2613]: DHCPREQUEST on eth1 to 192.168.56.100 port 67 (xid=0x37796d03)
Sep  9 04:33:12 issabel dhclient[2613]: DHCPACK from 192.168.56.100 (xid=0x37796d03)
Sep  9 04:33:15 issabel dhclient[2613]: bound to 192.168.56.102 -- renewal in 239 seconds.
Sep  9 04:35:01 issabel systemd: Started Session 49 of user root.
Sep  9 04:37:14 issabel dhclient[2613]: DHCPREQUEST on eth1 to 192.168.56.100 port 67 (xid=0x37796d03)
Sep  9 04:37:14 issabel dhclient[2613]: DHCPACK from 192.168.56.100 (xid=0x37796d03)
Sep  9 04:37:17 issabel dhclient[2613]: bound to 192.168.56.102 -- renewal in 242 seconds.
Sep  9 04:40:01 issabel systemd: Started Session 50 of user root.
Sep  9 04:41:11 issabel systemd-logind: Removed session 3.
Sep  9 04:41:19 issabel dhclient[2613]: DHCPREQUEST on eth1 to 192.168.56.100 port 67 (xid=0x37796d03)
Sep  9 04:41:19 issabel dhclient[2613]: DHCPACK from 192.168.56.100 (xid=0x37796d03)
Sep  9 04:41:21 issabel dhclient[2613]: bound to 192.168.56.102 -- renewal in 271 seconds.
Sep  9 04:45:32 issabel kernel: dahdi: Detected time shift.
Sep  9 04:45:32 issabel chronyd[2149]: Forward time jump detected!
Sep  9 04:45:32 issabel chronyd[2149]: Can't synchronise: no selectable sources
Sep  9 04:45:32 issabel systemd: Started Session 51 of user root.
Sep  9 04:45:52 issabel dhclient[2613]: DHCPREQUEST on eth1 to 192.168.56.100 port 67 (xid=0x37796d03)
Sep  9 04:45:52 issabel dhclient[2613]: DHCPACK from 192.168.56.100 (xid=0x37796d03)
Sep  9 04:45:54 issabel dhclient[2613]: bound to 192.168.56.102 -- renewal in 226 seconds.
Sep  9 04:46:01 issabel systemd: Started Session 52 of user root.
Sep  9 04:47:44 issabel chronyd[2149]: Selected source 192.46.210.39
Sep  9 04:48:49 issabel chronyd[2149]: Selected source 5.189.141.35
Sep  9 04:49:40 issabel dhclient[2613]: DHCPREQUEST on eth1 to 192.168.56.100 port 67 (xid=0x37796d03)
Sep  9 04:49:40 issabel dhclient[2613]: DHCPACK from 192.168.56.100 (xid=0x37796d03)
Sep  9 04:49:42 issabel dhclient[2613]: bound to 192.168.56.102 -- renewal in 247 seconds.
Sep  9 04:50:01 issabel systemd: Started Session 53 of user root.
Sep  9 05:00:23 issabel kernel: dahdi: Detected time shift.
Sep  9 05:00:23 issabel chronyd[2149]: Forward time jump detected!
Sep  9 05:00:23 issabel chronyd[2149]: Can't synchronise: no selectable sources
Sep  9 05:00:23 issabel avahi-daemon[526]: Withdrawing address record for 192.168.56.102 on eth1.
Sep  9 05:00:23 issabel systemd: systemd-logind.service watchdog timeout (limit 3min)!
Sep  9 05:00:23 issabel avahi-daemon[526]: Leaving mDNS multicast group on interface eth1.IPv4 with address 192.168.56.102.
Sep  9 05:00:23 issabel systemd: systemd-logind.service: main process exited, code=killed, status=6/ABRT
Sep  9 05:00:23 issabel avahi-daemon[526]: Interface eth1.IPv4 no longer relevant for mDNS.
Sep  9 05:00:23 issabel systemd: Unit systemd-logind.service entered failed state.
Sep  9 05:00:23 issabel systemd: systemd-logind.service failed.
Sep  9 05:00:23 issabel systemd: systemd-logind.service has no holdoff time, scheduling restart.
Sep  9 05:00:24 issabel dbus[517]: [system] Activating via systemd: service name='org.freedesktop.login1' unit='dbus-org.freedesktop.login1.service'
Sep  9 05:00:24 issabel systemd: Stopped Login Service.
Sep  9 05:00:24 issabel systemd: Starting Login Service...
Sep  9 05:00:24 issabel dbus[517]: [system] Successfully activated service 'org.freedesktop.login1'
Sep  9 05:00:24 issabel systemd: Started Login Service.
Sep  9 05:00:24 issabel systemd-logind: New seat seat0.
Sep  9 05:00:24 issabel systemd-logind: Watching system buttons on /dev/input/event0 (Power Button)
Sep  9 05:00:24 issabel systemd-logind: Watching system buttons on /dev/input/event1 (Sleep Button)
Sep  9 05:00:24 issabel systemd-logind: Watching system buttons on /dev/input/event5 (Video Bus)
Sep  9 05:00:24 issabel systemd-logind: New session 1 of user root.
Sep  9 05:00:24 issabel systemd: Started Session 54 of user root.
Sep  9 05:00:24 issabel dhclient[2613]: DHCPDISCOVER on eth1 to 255.255.255.255 port 67 interval 7 (xid=0x513c53f1)
Sep  9 05:00:24 issabel dhclient[2613]: DHCPREQUEST on eth1 to 255.255.255.255 port 67 (xid=0x513c53f1)
Sep  9 05:00:24 issabel dhclient[2613]: DHCPOFFER from 192.168.56.100
Sep  9 05:00:24 issabel dhclient[2613]: DHCPACK from 192.168.56.100 (xid=0x513c53f1)
Sep  9 05:00:26 issabel avahi-daemon[526]: Joining mDNS multicast group on interface eth1.IPv4 with address 192.168.56.102.
Sep  9 05:00:26 issabel avahi-daemon[526]: New relevant interface eth1.IPv4 for mDNS.
Sep  9 05:00:26 issabel avahi-daemon[526]: Registering new address record for 192.168.56.102 on eth1.IPv4.
Sep  9 05:00:26 issabel dhclient[2613]: bound to 192.168.56.102 -- renewal in 277 seconds.
Sep  9 05:01:01 issabel systemd: Started Session 56 of user root.
Sep  9 05:01:01 issabel systemd: Started Session 55 of user root.
Sep  9 05:02:35 issabel chronyd[2149]: Selected source 5.189.141.35
Sep  9 05:05:01 issabel systemd: Started Session 57 of user root.
Sep  9 05:05:03 issabel dhclient[2613]: DHCPREQUEST on eth1 to 192.168.56.100 port 67 (xid=0x513c53f1)
Sep  9 05:05:03 issabel dhclient[2613]: DHCPACK from 192.168.56.100 (xid=0x513c53f1)
Sep  9 05:05:05 issabel dhclient[2613]: bound to 192.168.56.102 -- renewal in 238 seconds.
Sep  9 05:07:59 issabel chronyd[2149]: Selected source 144.24.150.227
Sep  9 05:09:04 issabel dhclient[2613]: DHCPREQUEST on eth1 to 192.168.56.100 port 67 (xid=0x513c53f1)
Sep  9 05:09:04 issabel dhclient[2613]: DHCPACK from 192.168.56.100 (xid=0x513c53f1)
Sep  9 05:09:06 issabel dhclient[2613]: bound to 192.168.56.102 -- renewal in 243 seconds.
Sep  9 05:10:01 issabel systemd: Started Session 58 of user root.
Sep  9 05:13:09 issabel dhclient[2613]: DHCPREQUEST on eth1 to 192.168.56.100 port 67 (xid=0x513c53f1)
Sep  9 05:13:09 issabel dhclient[2613]: DHCPACK from 192.168.56.100 (xid=0x513c53f1)
Sep  9 05:13:11 issabel dhclient[2613]: bound to 192.168.56.102 -- renewal in 283 seconds.
Sep  9 05:15:01 issabel systemd: Started Session 59 of user root.
Sep  9 05:16:01 issabel systemd: Started Session 60 of user asterisk.
Sep  9 05:17:54 issabel dhclient[2613]: DHCPREQUEST on eth1 to 192.168.56.100 port 67 (xid=0x513c53f1)
Sep  9 05:17:54 issabel dhclient[2613]: DHCPACK from 192.168.56.100 (xid=0x513c53f1)
Sep  9 05:17:56 issabel dhclient[2613]: bound to 192.168.56.102 -- renewal in 275 seconds.
Sep  9 05:20:01 issabel systemd: Started Session 61 of user root.
Sep  9 05:24:26 issabel kernel: dahdi: Detected time shift.
Sep  9 05:24:26 issabel chronyd[2149]: Forward time jump detected!
Sep  9 05:24:26 issabel chronyd[2149]: Can't synchronise: no selectable sources
Sep  9 05:24:26 issabel dhclient[2613]: DHCPREQUEST on eth1 to 192.168.56.100 port 67 (xid=0x513c53f1)
Sep  9 05:24:26 issabel systemd: systemd-logind.service watchdog timeout (limit 3min)!
Sep  9 05:24:26 issabel dhclient[2613]: DHCPACK from 192.168.56.100 (xid=0x513c53f1)
Sep  9 05:24:26 issabel systemd: systemd-logind.service: main process exited, code=killed, status=6/ABRT
Sep  9 05:24:26 issabel systemd: Unit systemd-logind.service entered failed state.
Sep  9 05:24:26 issabel systemd: systemd-logind.service failed.
Sep  9 05:24:26 issabel systemd: systemd-logind.service has no holdoff time, scheduling restart.
Sep  9 05:24:26 issabel systemd: Stopped Login Service.
Sep  9 05:24:26 issabel systemd: Starting Login Service...
Sep  9 05:24:26 issabel systemd: Started Login Service.
Sep  9 05:24:26 issabel systemd-logind: New seat seat0.
Sep  9 05:24:26 issabel systemd-logind: Watching system buttons on /dev/input/event0 (Power Button)
Sep  9 05:24:26 issabel systemd-logind: Watching system buttons on /dev/input/event1 (Sleep Button)
Sep  9 05:24:26 issabel systemd-logind: Watching system buttons on /dev/input/event5 (Video Bus)
Sep  9 05:24:26 issabel systemd-logind: New session 1 of user root.
Sep  9 05:24:28 issabel dhclient[2613]: bound to 192.168.56.102 -- renewal in 241 seconds.
Sep  9 07:14:51 issabel kernel: NMI watchdog: BUG: soft lockup - CPU#0 stuck for 21s! [swapper/0:0]
Sep  9 07:14:51 issabel kernel: Modules linked in: bluetooth rfkill dahdi(OE) crc_ccitt ip_set_hash_ip ip_set nfnetlink dm_mirror dm_region_hash dm_log dm_mod intel_powerclamp crc32_pclmul ghash_clmulni_intel snd_intel8x0 snd_ac97_codec ac97_bus aesni_intel snd_seq snd_seq_device ppdev snd_pcm lrw gf128mul glue_helper ablk_helper cryptd pcspkr joydev snd_timer snd sg parport_pc video parport soundcore i2c_piix4 ip_tables ext4 mbcache jbd2 sr_mod sd_mod crc_t10dif cdrom crct10dif_generic ata_generic pata_acpi vmwgfx drm_kms_helper syscopyarea sysfillrect sysimgblt fb_sys_fops ttm drm ata_piix libata e1000 crct10dif_pclmul crct10dif_common crc32c_intel serio_raw drm_panel_orientation_quirks
Sep  9 07:14:51 issabel kernel: CPU: 0 PID: 0 Comm: swapper/0 Tainted: G           OEL ------------   3.10.0-1160.el7.x86_64 #1
Sep  9 07:14:51 issabel kernel: Hardware name: innotek GmbH VirtualBox/VirtualBox, BIOS VirtualBox 12/01/2006
Sep  9 07:14:51 issabel kernel: task: ffffffffa4e18480 ti: ffffffffa4e00000 task.ti: ffffffffa4e00000
Sep  9 07:14:51 issabel kernel: RIP: 0010:[<ffffffffa4307930>]  [<ffffffffa4307930>] __getnstimeofday64+0x90/0xd0
Sep  9 07:14:51 issabel kernel: RSP: 0018:ffff93595fc03c70  EFLAGS: 00000212
Sep  9 07:14:51 issabel kernel: RAX: 0669623e8ff15b1b RBX: ffffffffa4f699d0 RCX: 00000000631b064f
Sep  9 07:14:51 issabel kernel: RDX: 000000002ff94976 RSI: 000005fd97e9e424 RDI: 000735665cd87f84
Sep  9 07:14:51 issabel kernel: RBP: ffff93595fc03c88 R08: 000000000080000c R09: 0000000000000000
Sep  9 07:14:51 issabel kernel: R10: 0000000000000000 R11: 0000000000008a00 R12: ffff93595fc03be8
Sep  9 07:14:51 issabel kernel: R13: ffffffffa4994fba R14: ffff93595fc03c88 R15: ffff93595fc03ca8
Sep  9 07:14:51 issabel kernel: FS:  0000000000000000(0000) GS:ffff93595fc00000(0000) knlGS:0000000000000000
Sep  9 07:14:51 issabel kernel: CS:  0010 DS: 0000 ES: 0000 CR0: 0000000080050033
Sep  9 07:14:51 issabel kernel: CR2: 00007f4bd6b23010 CR3: 00000000d5a1a000 CR4: 00000000000606f0
Sep  9 07:14:51 issabel kernel: Call Trace:
Sep  9 07:14:51 issabel kernel: <IRQ> 
Sep  9 07:14:51 issabel kernel: [<ffffffffa430797e>] getnstimeofday64+0xe/0x30
Sep  9 07:14:51 issabel kernel: [<ffffffffa4307a35>] ktime_get_real+0x25/0x70
Sep  9 07:14:51 issabel kernel: [<ffffffffa4854fd6>] netif_receive_skb_internal+0x76/0xc0
Sep  9 07:14:51 issabel kernel: [<ffffffffa4855c28>] napi_gro_receive+0xd8/0x100
Sep  9 07:14:51 issabel kernel: [<ffffffffc01d945b>] e1000_clean_rx_irq+0x2bb/0x510 [e1000]
Sep  9 07:14:51 issabel kernel: [<ffffffffc01da100>] e1000_clean+0x280/0x8e0 [e1000]
Sep  9 07:14:51 issabel kernel: [<ffffffffa48555bf>] net_rx_action+0x26f/0x390
Sep  9 07:14:51 issabel kernel: [<ffffffffa42a4b95>] __do_softirq+0xf5/0x280
Sep  9 07:14:51 issabel kernel: [<ffffffffa49974ec>] call_softirq+0x1c/0x30
Sep  9 07:14:51 issabel kernel: [<ffffffffa422f715>] do_softirq+0x65/0xa0
Sep  9 07:14:51 issabel kernel: [<ffffffffa42a4f15>] irq_exit+0x105/0x110
Sep  9 07:14:51 issabel kernel: [<ffffffffa4998936>] do_IRQ+0x56/0xf0
Sep  9 07:14:51 issabel kernel: [<ffffffffa498a36a>] common_interrupt+0x16a/0x16a
Sep  9 07:14:51 issabel kernel: <EOI> 
Sep  9 07:14:51 issabel kernel: [<ffffffffa4989000>] ? __cpuidle_text_start+0x8/0x8
Sep  9 07:14:51 issabel kernel: [<ffffffffa498924b>] ? native_safe_halt+0xb/0x20
Sep  9 07:14:51 issabel kernel: [<ffffffffa498901e>] default_idle+0x1e/0xc0
Sep  9 07:14:51 issabel kernel: [<ffffffffa4237ca0>] arch_cpu_idle+0x20/0xc0
Sep  9 07:14:51 issabel kernel: [<ffffffffa43011ea>] cpu_startup_entry+0x14a/0x1e0
Sep  9 07:14:51 issabel kernel: [<ffffffffa496f9c7>] rest_init+0x77/0x80
Sep  9 07:14:51 issabel kernel: [<ffffffffa4f8b1cf>] start_kernel+0x44b/0x46c
Sep  9 07:14:51 issabel kernel: [<ffffffffa4f8ab84>] ? repair_env_string+0x5c/0x5c
Sep  9 07:14:51 issabel kernel: [<ffffffffa4f8a120>] ? early_idt_handler_array+0x120/0x120
Sep  9 07:14:51 issabel kernel: [<ffffffffa4f8a738>] x86_64_start_reservations+0x24/0x26
Sep  9 07:14:51 issabel kernel: [<ffffffffa4f8a88e>] x86_64_start_kernel+0x154/0x177
Sep  9 07:14:51 issabel kernel: [<ffffffffa42000d5>] start_cpu+0x5/0x14
Sep  9 07:14:51 issabel kernel: Code: ab 48 29 d0 31 d2 48 21 c6 44 89 c0 48 0f 49 d6 48 0f af d0 48 8d 04 3a 48 d3 f8 48 8b 0b 48 3d ff c9 9a 3b 76 35 31 d2 0f 1f 00 <48> 2d 00 ca 9a 3b 83 c2 01 48 3d ff c9 9a 3b 77 ef 48 01 ca 48 
Sep  9 07:14:51 issabel kernel: dahdi: Detected time shift.
Sep  9 07:14:51 issabel chronyd[2149]: Forward time jump detected!
Sep  9 07:14:51 issabel avahi-daemon[526]: Withdrawing address record for 192.168.56.102 on eth1.
Sep  9 07:14:51 issabel avahi-daemon[526]: Leaving mDNS multicast group on interface eth1.IPv4 with address 192.168.56.102.
Sep  9 07:14:51 issabel avahi-daemon[526]: Interface eth1.IPv4 no longer relevant for mDNS.
Sep  9 07:14:51 issabel dhclient[2613]: DHCPDISCOVER on eth1 to 255.255.255.255 port 67 interval 4 (xid=0xf80ab20)
Sep  9 07:14:51 issabel dhclient[2613]: DHCPREQUEST on eth1 to 255.255.255.255 port 67 (xid=0xf80ab20)
Sep  9 07:14:51 issabel dhclient[2613]: DHCPOFFER from 192.168.56.100
Sep  9 07:14:51 issabel dhclient[2613]: DHCPACK from 192.168.56.100 (xid=0xf80ab20)
Sep  9 07:14:53 issabel avahi-daemon[526]: Joining mDNS multicast group on interface eth1.IPv4 with address 192.168.56.102.
Sep  9 07:14:53 issabel avahi-daemon[526]: New relevant interface eth1.IPv4 for mDNS.
Sep  9 07:14:53 issabel avahi-daemon[526]: Registering new address record for 192.168.56.102 on eth1.IPv4.
Sep  9 07:14:53 issabel dhclient[2613]: bound to 192.168.56.102 -- renewal in 285 seconds.
Sep  9 07:15:01 issabel systemd: Started Session 62 of user root.
Sep  9 07:15:31 issabel kernel: [drm:drm_atomic_helper_wait_for_dependencies [drm_kms_helper]] *ERROR* [CRTC:37:crtc-0] flip_done timed out
Sep  9 07:15:31 issabel kernel: [drm:drm_atomic_helper_wait_for_dependencies [drm_kms_helper]] *ERROR* [PLANE:33:plane-0] flip_done timed out
Sep  9 07:15:31 issabel kernel: [drm:drm_atomic_helper_wait_for_dependencies [drm_kms_helper]] *ERROR* [CRTC:37:crtc-0] flip_done timed out
Sep  9 07:15:31 issabel kernel: [drm:drm_atomic_helper_wait_for_dependencies [drm_kms_helper]] *ERROR* [PLANE:33:plane-0] flip_done timed out
Sep  9 07:15:41 issabel kernel: [drm:drm_atomic_helper_wait_for_dependencies [drm_kms_helper]] *ERROR* [CRTC:37:crtc-0] flip_done timed out
Sep  9 07:15:51 issabel kernel: [drm:drm_atomic_helper_wait_for_dependencies [drm_kms_helper]] *ERROR* [PLANE:33:plane-0] flip_done timed out
Sep  9 07:16:01 issabel kernel: [drm:drm_atomic_helper_wait_for_dependencies [drm_kms_helper]] *ERROR* [CRTC:37:crtc-0] flip_done timed out
Sep  9 07:16:01 issabel systemd: Started Session 63 of user asterisk.
Sep  9 07:16:11 issabel kernel: [drm:drm_atomic_helper_wait_for_dependencies [drm_kms_helper]] *ERROR* [PLANE:33:plane-0] flip_done timed out
Sep  9 07:16:21 issabel kernel: [drm:drm_atomic_helper_wait_for_dependencies [drm_kms_helper]] *ERROR* [CRTC:37:crtc-0] flip_done timed out
Sep  9 07:16:31 issabel kernel: [drm:drm_atomic_helper_wait_for_dependencies [drm_kms_helper]] *ERROR* [PLANE:33:plane-0] flip_done timed out
Sep  9 07:16:41 issabel kernel: [drm:drm_atomic_helper_wait_for_dependencies [drm_kms_helper]] *ERROR* [CRTC:37:crtc-0] flip_done timed out
Sep  9 07:16:51 issabel kernel: [drm:drm_atomic_helper_wait_for_dependencies [drm_kms_helper]] *ERROR* [PLANE:33:plane-0] flip_done timed out
Sep  9 07:17:01 issabel kernel: [drm:drm_atomic_helper_wait_for_dependencies [drm_kms_helper]] *ERROR* [CRTC:37:crtc-0] flip_done timed out
Sep  9 07:17:11 issabel kernel: [drm:drm_atomic_helper_wait_for_dependencies [drm_kms_helper]] *ERROR* [PLANE:33:plane-0] flip_done timed out
Sep  9 07:17:21 issabel kernel: [drm:drm_atomic_helper_wait_for_dependencies [drm_kms_helper]] *ERROR* [CRTC:37:crtc-0] flip_done timed out
Sep  9 07:17:31 issabel kernel: [drm:drm_atomic_helper_wait_for_dependencies [drm_kms_helper]] *ERROR* [PLANE:33:plane-0] flip_done timed out
Sep  9 07:17:41 issabel kernel: [drm:drm_atomic_helper_wait_for_dependencies [drm_kms_helper]] *ERROR* [CRTC:37:crtc-0] flip_done timed out
Sep  9 07:17:51 issabel kernel: [drm:drm_atomic_helper_wait_for_dependencies [drm_kms_helper]] *ERROR* [PLANE:33:plane-0] flip_done timed out
Sep  9 07:17:52 issabel chronyd[2149]: Selected source 144.24.150.227
Sep  9 07:18:01 issabel kernel: [drm:drm_atomic_helper_wait_for_dependencies [drm_kms_helper]] *ERROR* [CRTC:37:crtc-0] flip_done timed out
Sep  9 07:18:11 issabel kernel: [drm:drm_atomic_helper_wait_for_dependencies [drm_kms_helper]] *ERROR* [PLANE:33:plane-0] flip_done timed out
Sep  9 07:18:21 issabel kernel: [drm:drm_atomic_helper_wait_for_dependencies [drm_kms_helper]] *ERROR* [CRTC:37:crtc-0] flip_done timed out
Sep  9 07:18:31 issabel kernel: [drm:drm_atomic_helper_wait_for_dependencies [drm_kms_helper]] *ERROR* [PLANE:33:plane-0] flip_done timed out
Sep  9 07:18:41 issabel kernel: [drm:drm_atomic_helper_wait_for_dependencies [drm_kms_helper]] *ERROR* [CRTC:37:crtc-0] flip_done timed out
Sep  9 07:18:51 issabel kernel: [drm:drm_atomic_helper_wait_for_dependencies [drm_kms_helper]] *ERROR* [PLANE:33:plane-0] flip_done timed out
Sep  9 07:19:01 issabel kernel: [drm:drm_atomic_helper_wait_for_dependencies [drm_kms_helper]] *ERROR* [CRTC:37:crtc-0] flip_done timed out
Sep  9 07:19:11 issabel kernel: [drm:drm_atomic_helper_wait_for_dependencies [drm_kms_helper]] *ERROR* [PLANE:33:plane-0] flip_done timed out
Sep  9 07:19:21 issabel kernel: [drm:drm_atomic_helper_wait_for_dependencies [drm_kms_helper]] *ERROR* [CRTC:37:crtc-0] flip_done timed out
Sep  9 07:19:31 issabel kernel: [drm:drm_atomic_helper_wait_for_dependencies [drm_kms_helper]] *ERROR* [PLANE:33:plane-0] flip_done timed out
Sep  9 07:19:38 issabel dhclient[2613]: DHCPREQUEST on eth1 to 192.168.56.100 port 67 (xid=0xf80ab20)
Sep  9 07:19:38 issabel dhclient[2613]: DHCPACK from 192.168.56.100 (xid=0xf80ab20)
Sep  9 07:19:40 issabel dhclient[2613]: bound to 192.168.56.102 -- renewal in 243 seconds.
Sep  9 07:19:41 issabel kernel: [drm:drm_atomic_helper_wait_for_dependencies [drm_kms_helper]] *ERROR* [CRTC:37:crtc-0] flip_done timed out
Sep  9 07:19:51 issabel kernel: [drm:drm_atomic_helper_wait_for_dependencies [drm_kms_helper]] *ERROR* [PLANE:33:plane-0] flip_done timed out
Sep  9 07:20:01 issabel systemd: Started Session 64 of user root.
Sep  9 07:20:01 issabel kernel: [drm:drm_atomic_helper_wait_for_dependencies [drm_kms_helper]] *ERROR* [CRTC:37:crtc-0] flip_done timed out
Sep  9 07:20:11 issabel kernel: [drm:drm_atomic_helper_wait_for_dependencies [drm_kms_helper]] *ERROR* [PLANE:33:plane-0] flip_done timed out
Sep  9 07:20:21 issabel kernel: [drm:drm_atomic_helper_wait_for_dependencies [drm_kms_helper]] *ERROR* [CRTC:37:crtc-0] flip_done timed out
Sep  9 07:20:31 issabel kernel: [drm:drm_atomic_helper_wait_for_dependencies [drm_kms_helper]] *ERROR* [PLANE:33:plane-0] flip_done timed out
Sep  9 07:20:41 issabel kernel: [drm:drm_atomic_helper_wait_for_dependencies [drm_kms_helper]] *ERROR* [CRTC:37:crtc-0] flip_done timed out
Sep  9 07:20:51 issabel kernel: [drm:drm_atomic_helper_wait_for_dependencies [drm_kms_helper]] *ERROR* [PLANE:33:plane-0] flip_done timed out
Sep  9 07:21:01 issabel kernel: [drm:drm_atomic_helper_wait_for_dependencies [drm_kms_helper]] *ERROR* [CRTC:37:crtc-0] flip_done timed out
Sep  9 07:21:11 issabel kernel: [drm:drm_atomic_helper_wait_for_dependencies [drm_kms_helper]] *ERROR* [PLANE:33:plane-0] flip_done timed out
Sep  9 07:21:21 issabel kernel: [drm:drm_atomic_helper_wait_for_dependencies [drm_kms_helper]] *ERROR* [CRTC:37:crtc-0] flip_done timed out
Sep  9 07:21:31 issabel kernel: [drm:drm_atomic_helper_wait_for_dependencies [drm_kms_helper]] *ERROR* [PLANE:33:plane-0] flip_done timed out
Sep  9 07:21:41 issabel kernel: [drm:drm_atomic_helper_wait_for_dependencies [drm_kms_helper]] *ERROR* [CRTC:37:crtc-0] flip_done timed out
Sep  9 07:21:51 issabel kernel: [drm:drm_atomic_helper_wait_for_dependencies [drm_kms_helper]] *ERROR* [PLANE:33:plane-0] flip_done timed out
Sep  9 07:22:01 issabel kernel: [drm:drm_atomic_helper_wait_for_dependencies [drm_kms_helper]] *ERROR* [CRTC:37:crtc-0] flip_done timed out
Sep  9 07:22:11 issabel kernel: [drm:drm_atomic_helper_wait_for_dependencies [drm_kms_helper]] *ERROR* [PLANE:33:plane-0] flip_done timed out
Sep  9 07:22:21 issabel kernel: [drm:drm_atomic_helper_wait_for_dependencies [drm_kms_helper]] *ERROR* [CRTC:37:crtc-0] flip_done timed out
Sep  9 07:22:31 issabel kernel: [drm:drm_atomic_helper_wait_for_dependencies [drm_kms_helper]] *ERROR* [PLANE:33:plane-0] flip_done timed out
Sep  9 07:22:41 issabel kernel: [drm:drm_atomic_helper_wait_for_dependencies [drm_kms_helper]] *ERROR* [CRTC:37:crtc-0] flip_done timed out
Sep  9 07:22:51 issabel kernel: [drm:drm_atomic_helper_wait_for_dependencies [drm_kms_helper]] *ERROR* [PLANE:33:plane-0] flip_done timed out
Sep  9 07:23:01 issabel kernel: [drm:drm_atomic_helper_wait_for_dependencies [drm_kms_helper]] *ERROR* [CRTC:37:crtc-0] flip_done timed out
Sep  9 07:23:11 issabel kernel: [drm:drm_atomic_helper_wait_for_dependencies [drm_kms_helper]] *ERROR* [PLANE:33:plane-0] flip_done timed out
Sep  9 07:23:21 issabel kernel: [drm:drm_atomic_helper_wait_for_dependencies [drm_kms_helper]] *ERROR* [CRTC:37:crtc-0] flip_done timed out
Sep  9 07:23:31 issabel kernel: [drm:drm_atomic_helper_wait_for_dependencies [drm_kms_helper]] *ERROR* [PLANE:33:plane-0] flip_done timed out
Sep  9 07:23:41 issabel kernel: [drm:drm_atomic_helper_wait_for_dependencies [drm_kms_helper]] *ERROR* [CRTC:37:crtc-0] flip_done timed out
Sep  9 07:23:43 issabel dhclient[2613]: DHCPREQUEST on eth1 to 192.168.56.100 port 67 (xid=0xf80ab20)
Sep  9 07:23:43 issabel dhclient[2613]: DHCPACK from 192.168.56.100 (xid=0xf80ab20)
Sep  9 07:23:45 issabel dhclient[2613]: bound to 192.168.56.102 -- renewal in 248 seconds.
Sep  9 07:23:51 issabel kernel: [drm:drm_atomic_helper_wait_for_dependencies [drm_kms_helper]] *ERROR* [PLANE:33:plane-0] flip_done timed out
Sep  9 07:24:01 issabel kernel: [drm:drm_atomic_helper_wait_for_dependencies [drm_kms_helper]] *ERROR* [CRTC:37:crtc-0] flip_done timed out
Sep  9 07:24:11 issabel kernel: [drm:drm_atomic_helper_wait_for_dependencies [drm_kms_helper]] *ERROR* [PLANE:33:plane-0] flip_done timed out
Sep  9 07:24:21 issabel kernel: [drm:drm_atomic_helper_wait_for_dependencies [drm_kms_helper]] *ERROR* [CRTC:37:crtc-0] flip_done timed out
Sep  9 07:24:31 issabel kernel: [drm:drm_atomic_helper_wait_for_dependencies [drm_kms_helper]] *ERROR* [PLANE:33:plane-0] flip_done timed out
Sep  9 07:24:41 issabel kernel: [drm:drm_atomic_helper_wait_for_dependencies [drm_kms_helper]] *ERROR* [CRTC:37:crtc-0] flip_done timed out
Sep  9 07:24:51 issabel kernel: [drm:drm_atomic_helper_wait_for_dependencies [drm_kms_helper]] *ERROR* [PLANE:33:plane-0] flip_done timed out
Sep  9 07:25:01 issabel systemd: Started Session 65 of user root.
Sep  9 07:25:01 issabel kernel: [drm:drm_atomic_helper_wait_for_dependencies [drm_kms_helper]] *ERROR* [CRTC:37:crtc-0] flip_done timed out
Sep  9 07:25:11 issabel kernel: [drm:drm_atomic_helper_wait_for_dependencies [drm_kms_helper]] *ERROR* [PLANE:33:plane-0] flip_done timed out
Sep  9 07:25:21 issabel kernel: [drm:drm_atomic_helper_wait_for_dependencies [drm_kms_helper]] *ERROR* [CRTC:37:crtc-0] flip_done timed out
Sep  9 07:25:31 issabel kernel: [drm:drm_atomic_helper_wait_for_dependencies [drm_kms_helper]] *ERROR* [PLANE:33:plane-0] flip_done timed out
Sep  9 07:25:41 issabel kernel: [drm:drm_atomic_helper_wait_for_dependencies [drm_kms_helper]] *ERROR* [CRTC:37:crtc-0] flip_done timed out
Sep  9 07:25:51 issabel kernel: [drm:drm_atomic_helper_wait_for_dependencies [drm_kms_helper]] *ERROR* [PLANE:33:plane-0] flip_done timed out
Sep  9 07:26:01 issabel kernel: [drm:drm_atomic_helper_wait_for_dependencies [drm_kms_helper]] *ERROR* [CRTC:37:crtc-0] flip_done timed out
Sep  9 07:26:11 issabel kernel: [drm:drm_atomic_helper_wait_for_dependencies [drm_kms_helper]] *ERROR* [PLANE:33:plane-0] flip_done timed out
Sep  9 07:26:21 issabel kernel: [drm:drm_atomic_helper_wait_for_dependencies [drm_kms_helper]] *ERROR* [CRTC:37:crtc-0] flip_done timed out
Sep  9 07:26:31 issabel kernel: [drm:drm_atomic_helper_wait_for_dependencies [drm_kms_helper]] *ERROR* [PLANE:33:plane-0] flip_done timed out
Sep  9 07:26:41 issabel kernel: [drm:drm_atomic_helper_wait_for_dependencies [drm_kms_helper]] *ERROR* [CRTC:37:crtc-0] flip_done timed out
Sep  9 07:26:51 issabel kernel: [drm:drm_atomic_helper_wait_for_dependencies [drm_kms_helper]] *ERROR* [PLANE:33:plane-0] flip_done timed out
Sep  9 07:27:01 issabel kernel: [drm:drm_atomic_helper_wait_for_dependencies [drm_kms_helper]] *ERROR* [CRTC:37:crtc-0] flip_done timed out
Sep  9 07:27:11 issabel kernel: [drm:drm_atomic_helper_wait_for_dependencies [drm_kms_helper]] *ERROR* [PLANE:33:plane-0] flip_done timed out
Sep  9 07:27:21 issabel kernel: [drm:drm_atomic_helper_wait_for_dependencies [drm_kms_helper]] *ERROR* [CRTC:37:crtc-0] flip_done timed out
Sep  9 07:27:31 issabel kernel: [drm:drm_atomic_helper_wait_for_dependencies [drm_kms_helper]] *ERROR* [PLANE:33:plane-0] flip_done timed out
Sep  9 07:27:41 issabel kernel: [drm:drm_atomic_helper_wait_for_dependencies [drm_kms_helper]] *ERROR* [CRTC:37:crtc-0] flip_done timed out
Sep  9 07:27:51 issabel kernel: [drm:drm_atomic_helper_wait_for_dependencies [drm_kms_helper]] *ERROR* [PLANE:33:plane-0] flip_done timed out
Sep  9 07:27:53 issabel dhclient[2613]: DHCPREQUEST on eth1 to 192.168.56.100 port 67 (xid=0xf80ab20)
Sep  9 07:27:53 issabel dhclient[2613]: DHCPACK from 192.168.56.100 (xid=0xf80ab20)
Sep  9 07:27:55 issabel dhclient[2613]: bound to 192.168.56.102 -- renewal in 246 seconds.
Sep  9 07:28:01 issabel kernel: [drm:drm_atomic_helper_wait_for_dependencies [drm_kms_helper]] *ERROR* [CRTC:37:crtc-0] flip_done timed out
Sep  9 07:28:11 issabel kernel: [drm:drm_atomic_helper_wait_for_dependencies [drm_kms_helper]] *ERROR* [PLANE:33:plane-0] flip_done timed out
Sep  9 07:28:21 issabel kernel: [drm:drm_atomic_helper_wait_for_dependencies [drm_kms_helper]] *ERROR* [CRTC:37:crtc-0] flip_done timed out
Sep  9 07:28:31 issabel kernel: [drm:drm_atomic_helper_wait_for_dependencies [drm_kms_helper]] *ERROR* [PLANE:33:plane-0] flip_done timed out
Sep  9 07:28:42 issabel kernel: [drm:drm_atomic_helper_wait_for_dependencies [drm_kms_helper]] *ERROR* [CRTC:37:crtc-0] flip_done timed out
Sep  9 07:28:52 issabel kernel: [drm:drm_atomic_helper_wait_for_dependencies [drm_kms_helper]] *ERROR* [PLANE:33:plane-0] flip_done timed out
Sep  9 07:29:02 issabel kernel: [drm:drm_atomic_helper_wait_for_dependencies [drm_kms_helper]] *ERROR* [CRTC:37:crtc-0] flip_done timed out
Sep  9 07:29:12 issabel kernel: [drm:drm_atomic_helper_wait_for_dependencies [drm_kms_helper]] *ERROR* [PLANE:33:plane-0] flip_done timed out
Sep  9 07:29:22 issabel kernel: [drm:drm_atomic_helper_wait_for_dependencies [drm_kms_helper]] *ERROR* [CRTC:37:crtc-0] flip_done timed out
Sep  9 07:29:32 issabel kernel: [drm:drm_atomic_helper_wait_for_dependencies [drm_kms_helper]] *ERROR* [PLANE:33:plane-0] flip_done timed out
Sep  9 07:29:42 issabel kernel: [drm:drm_atomic_helper_wait_for_dependencies [drm_kms_helper]] *ERROR* [CRTC:37:crtc-0] flip_done timed out
Sep  9 07:29:52 issabel kernel: [drm:drm_atomic_helper_wait_for_dependencies [drm_kms_helper]] *ERROR* [PLANE:33:plane-0] flip_done timed out
Sep  9 07:30:01 issabel systemd: Started Session 66 of user root.
Sep  9 07:30:02 issabel kernel: [drm:drm_atomic_helper_wait_for_dependencies [drm_kms_helper]] *ERROR* [CRTC:37:crtc-0] flip_done timed out
Sep  9 07:30:12 issabel kernel: [drm:drm_atomic_helper_wait_for_dependencies [drm_kms_helper]] *ERROR* [PLANE:33:plane-0] flip_done timed out
Sep  9 07:30:22 issabel kernel: [drm:drm_atomic_helper_wait_for_dependencies [drm_kms_helper]] *ERROR* [CRTC:37:crtc-0] flip_done timed out
Sep  9 07:30:32 issabel kernel: [drm:drm_atomic_helper_wait_for_dependencies [drm_kms_helper]] *ERROR* [PLANE:33:plane-0] flip_done timed out
Sep  9 07:30:42 issabel kernel: [drm:drm_atomic_helper_wait_for_dependencies [drm_kms_helper]] *ERROR* [CRTC:37:crtc-0] flip_done timed out
Sep  9 07:30:52 issabel kernel: [drm:drm_atomic_helper_wait_for_dependencies [drm_kms_helper]] *ERROR* [PLANE:33:plane-0] flip_done timed out
Sep  9 07:31:02 issabel kernel: [drm:drm_atomic_helper_wait_for_dependencies [drm_kms_helper]] *ERROR* [CRTC:37:crtc-0] flip_done timed out
Sep  9 07:31:12 issabel kernel: [drm:drm_atomic_helper_wait_for_dependencies [drm_kms_helper]] *ERROR* [PLANE:33:plane-0] flip_done timed out
Sep  9 07:31:22 issabel kernel: [drm:drm_atomic_helper_wait_for_dependencies [drm_kms_helper]] *ERROR* [CRTC:37:crtc-0] flip_done timed out
Sep  9 07:31:32 issabel kernel: [drm:drm_atomic_helper_wait_for_dependencies [drm_kms_helper]] *ERROR* [PLANE:33:plane-0] flip_done timed out
Sep  9 07:31:42 issabel kernel: [drm:drm_atomic_helper_wait_for_dependencies [drm_kms_helper]] *ERROR* [CRTC:37:crtc-0] flip_done timed out
Sep  9 07:31:52 issabel kernel: [drm:drm_atomic_helper_wait_for_dependencies [drm_kms_helper]] *ERROR* [PLANE:33:plane-0] flip_done timed out
Sep  9 07:32:02 issabel dhclient[2613]: DHCPREQUEST on eth1 to 192.168.56.100 port 67 (xid=0xf80ab20)
Sep  9 07:32:02 issabel dhclient[2613]: DHCPACK from 192.168.56.100 (xid=0xf80ab20)
Sep  9 07:32:02 issabel kernel: [drm:drm_atomic_helper_wait_for_dependencies [drm_kms_helper]] *ERROR* [CRTC:37:crtc-0] flip_done timed out
Sep  9 07:32:04 issabel dhclient[2613]: bound to 192.168.56.102 -- renewal in 259 seconds.
Sep  9 07:32:12 issabel kernel: [drm:drm_atomic_helper_wait_for_dependencies [drm_kms_helper]] *ERROR* [PLANE:33:plane-0] flip_done timed out
Sep  9 07:32:22 issabel kernel: [drm:drm_atomic_helper_wait_for_dependencies [drm_kms_helper]] *ERROR* [CRTC:37:crtc-0] flip_done timed out
Sep  9 07:32:32 issabel kernel: [drm:drm_atomic_helper_wait_for_dependencies [drm_kms_helper]] *ERROR* [PLANE:33:plane-0] flip_done timed out
Sep  9 07:32:42 issabel kernel: [drm:drm_atomic_helper_wait_for_dependencies [drm_kms_helper]] *ERROR* [CRTC:37:crtc-0] flip_done timed out
Sep  9 07:32:52 issabel kernel: [drm:drm_atomic_helper_wait_for_dependencies [drm_kms_helper]] *ERROR* [PLANE:33:plane-0] flip_done timed out
Sep  9 07:33:02 issabel kernel: [drm:drm_atomic_helper_wait_for_dependencies [drm_kms_helper]] *ERROR* [CRTC:37:crtc-0] flip_done timed out
Sep  9 07:33:12 issabel kernel: [drm:drm_atomic_helper_wait_for_dependencies [drm_kms_helper]] *ERROR* [PLANE:33:plane-0] flip_done timed out
Sep  9 07:33:22 issabel kernel: [drm:drm_atomic_helper_wait_for_dependencies [drm_kms_helper]] *ERROR* [CRTC:37:crtc-0] flip_done timed out
Sep  9 07:33:32 issabel kernel: [drm:drm_atomic_helper_wait_for_dependencies [drm_kms_helper]] *ERROR* [PLANE:33:plane-0] flip_done timed out
Sep  9 07:33:42 issabel kernel: [drm:drm_atomic_helper_wait_for_dependencies [drm_kms_helper]] *ERROR* [CRTC:37:crtc-0] flip_done timed out
Sep  9 07:33:52 issabel kernel: [drm:drm_atomic_helper_wait_for_dependencies [drm_kms_helper]] *ERROR* [PLANE:33:plane-0] flip_done timed out
Sep  9 07:34:02 issabel kernel: [drm:drm_atomic_helper_wait_for_dependencies [drm_kms_helper]] *ERROR* [CRTC:37:crtc-0] flip_done timed out
Sep  9 07:34:12 issabel kernel: [drm:drm_atomic_helper_wait_for_dependencies [drm_kms_helper]] *ERROR* [PLANE:33:plane-0] flip_done timed out
Sep  9 07:34:22 issabel kernel: [drm:drm_atomic_helper_wait_for_dependencies [drm_kms_helper]] *ERROR* [CRTC:37:crtc-0] flip_done timed out
Sep  9 07:34:32 issabel kernel: [drm:drm_atomic_helper_wait_for_dependencies [drm_kms_helper]] *ERROR* [PLANE:33:plane-0] flip_done timed out
Sep  9 07:34:42 issabel kernel: [drm:drm_atomic_helper_wait_for_dependencies [drm_kms_helper]] *ERROR* [CRTC:37:crtc-0] flip_done timed out
Sep  9 07:34:52 issabel kernel: [drm:drm_atomic_helper_wait_for_dependencies [drm_kms_helper]] *ERROR* [PLANE:33:plane-0] flip_done timed out
Sep  9 07:35:01 issabel systemd: Started Session 67 of user root.
Sep  9 07:35:02 issabel kernel: [drm:drm_atomic_helper_wait_for_dependencies [drm_kms_helper]] *ERROR* [CRTC:37:crtc-0] flip_done timed out
Sep  9 07:35:12 issabel kernel: [drm:drm_atomic_helper_wait_for_dependencies [drm_kms_helper]] *ERROR* [PLANE:33:plane-0] flip_done timed out
Sep  9 07:35:22 issabel kernel: [drm:drm_atomic_helper_wait_for_dependencies [drm_kms_helper]] *ERROR* [CRTC:37:crtc-0] flip_done timed out
Sep  9 07:35:32 issabel kernel: [drm:drm_atomic_helper_wait_for_dependencies [drm_kms_helper]] *ERROR* [PLANE:33:plane-0] flip_done timed out
Sep  9 07:35:42 issabel kernel: [drm:drm_atomic_helper_wait_for_dependencies [drm_kms_helper]] *ERROR* [CRTC:37:crtc-0] flip_done timed out
Sep  9 07:35:52 issabel kernel: [drm:drm_atomic_helper_wait_for_dependencies [drm_kms_helper]] *ERROR* [PLANE:33:plane-0] flip_done timed out
Sep  9 07:36:02 issabel kernel: [drm:drm_atomic_helper_wait_for_dependencies [drm_kms_helper]] *ERROR* [CRTC:37:crtc-0] flip_done timed out
Sep  9 07:36:12 issabel kernel: [drm:drm_atomic_helper_wait_for_dependencies [drm_kms_helper]] *ERROR* [PLANE:33:plane-0] flip_done timed out
Sep  9 07:36:22 issabel kernel: [drm:drm_atomic_helper_wait_for_dependencies [drm_kms_helper]] *ERROR* [CRTC:37:crtc-0] flip_done timed out
Sep  9 07:36:23 issabel dhclient[2613]: DHCPREQUEST on eth1 to 192.168.56.100 port 67 (xid=0xf80ab20)
Sep  9 07:36:23 issabel dhclient[2613]: DHCPACK from 192.168.56.100 (xid=0xf80ab20)
Sep  9 07:36:25 issabel dhclient[2613]: bound to 192.168.56.102 -- renewal in 240 seconds.
Sep  9 07:36:32 issabel kernel: [drm:drm_atomic_helper_wait_for_dependencies [drm_kms_helper]] *ERROR* [PLANE:33:plane-0] flip_done timed out
Sep  9 07:36:42 issabel kernel: [drm:drm_atomic_helper_wait_for_dependencies [drm_kms_helper]] *ERROR* [CRTC:37:crtc-0] flip_done timed out
Sep  9 07:36:52 issabel kernel: [drm:drm_atomic_helper_wait_for_dependencies [drm_kms_helper]] *ERROR* [PLANE:33:plane-0] flip_done timed out
Sep  9 07:37:02 issabel kernel: [drm:drm_atomic_helper_wait_for_dependencies [drm_kms_helper]] *ERROR* [CRTC:37:crtc-0] flip_done timed out
Sep  9 07:37:12 issabel kernel: [drm:drm_atomic_helper_wait_for_dependencies [drm_kms_helper]] *ERROR* [PLANE:33:plane-0] flip_done timed out
Sep  9 07:37:22 issabel kernel: [drm:drm_atomic_helper_wait_for_dependencies [drm_kms_helper]] *ERROR* [CRTC:37:crtc-0] flip_done timed out
Sep  9 07:37:32 issabel kernel: [drm:drm_atomic_helper_wait_for_dependencies [drm_kms_helper]] *ERROR* [PLANE:33:plane-0] flip_done timed out
Sep  9 07:37:42 issabel kernel: [drm:drm_atomic_helper_wait_for_dependencies [drm_kms_helper]] *ERROR* [CRTC:37:crtc-0] flip_done timed out
Sep  9 07:37:52 issabel kernel: [drm:drm_atomic_helper_wait_for_dependencies [drm_kms_helper]] *ERROR* [PLANE:33:plane-0] flip_done timed out
Sep  9 07:38:02 issabel kernel: [drm:drm_atomic_helper_wait_for_dependencies [drm_kms_helper]] *ERROR* [CRTC:37:crtc-0] flip_done timed out
Sep  9 07:38:12 issabel kernel: [drm:drm_atomic_helper_wait_for_dependencies [drm_kms_helper]] *ERROR* [PLANE:33:plane-0] flip_done timed out
Sep  9 07:38:22 issabel kernel: [drm:drm_atomic_helper_wait_for_dependencies [drm_kms_helper]] *ERROR* [CRTC:37:crtc-0] flip_done timed out
Sep  9 07:38:32 issabel kernel: [drm:drm_atomic_helper_wait_for_dependencies [drm_kms_helper]] *ERROR* [PLANE:33:plane-0] flip_done timed out
Sep  9 07:38:42 issabel kernel: [drm:drm_atomic_helper_wait_for_dependencies [drm_kms_helper]] *ERROR* [CRTC:37:crtc-0] flip_done timed out
Sep  9 07:38:52 issabel kernel: [drm:drm_atomic_helper_wait_for_dependencies [drm_kms_helper]] *ERROR* [PLANE:33:plane-0] flip_done timed out
Sep  9 07:39:02 issabel kernel: [drm:drm_atomic_helper_wait_for_dependencies [drm_kms_helper]] *ERROR* [CRTC:37:crtc-0] flip_done timed out
Sep  9 07:39:12 issabel kernel: [drm:drm_atomic_helper_wait_for_dependencies [drm_kms_helper]] *ERROR* [PLANE:33:plane-0] flip_done timed out
Sep  9 07:39:22 issabel kernel: [drm:drm_atomic_helper_wait_for_dependencies [drm_kms_helper]] *ERROR* [CRTC:37:crtc-0] flip_done timed out
Sep  9 07:39:32 issabel kernel: [drm:drm_atomic_helper_wait_for_dependencies [drm_kms_helper]] *ERROR* [PLANE:33:plane-0] flip_done timed out
Sep  9 07:39:42 issabel kernel: [drm:drm_atomic_helper_wait_for_dependencies [drm_kms_helper]] *ERROR* [CRTC:37:crtc-0] flip_done timed out
Sep  9 07:39:52 issabel kernel: [drm:drm_atomic_helper_wait_for_dependencies [drm_kms_helper]] *ERROR* [PLANE:33:plane-0] flip_done timed out
Sep  9 07:40:01 issabel systemd: Started Session 68 of user root.
Sep  9 07:40:02 issabel kernel: [drm:drm_atomic_helper_wait_for_dependencies [drm_kms_helper]] *ERROR* [CRTC:37:crtc-0] flip_done timed out
Sep  9 07:40:12 issabel kernel: [drm:drm_atomic_helper_wait_for_dependencies [drm_kms_helper]] *ERROR* [PLANE:33:plane-0] flip_done timed out
Sep  9 07:40:22 issabel kernel: [drm:drm_atomic_helper_wait_for_dependencies [drm_kms_helper]] *ERROR* [CRTC:37:crtc-0] flip_done timed out
Sep  9 07:40:25 issabel dhclient[2613]: DHCPREQUEST on eth1 to 192.168.56.100 port 67 (xid=0xf80ab20)
Sep  9 07:40:25 issabel dhclient[2613]: DHCPACK from 192.168.56.100 (xid=0xf80ab20)
Sep  9 07:40:27 issabel dhclient[2613]: bound to 192.168.56.102 -- renewal in 289 seconds.
Sep  9 07:40:32 issabel kernel: [drm:drm_atomic_helper_wait_for_dependencies [drm_kms_helper]] *ERROR* [PLANE:33:plane-0] flip_done timed out
Sep  9 07:40:42 issabel kernel: [drm:drm_atomic_helper_wait_for_dependencies [drm_kms_helper]] *ERROR* [CRTC:37:crtc-0] flip_done timed out
Sep  9 07:40:52 issabel kernel: [drm:drm_atomic_helper_wait_for_dependencies [drm_kms_helper]] *ERROR* [PLANE:33:plane-0] flip_done timed out
Sep  9 07:41:02 issabel kernel: [drm:drm_atomic_helper_wait_for_dependencies [drm_kms_helper]] *ERROR* [CRTC:37:crtc-0] flip_done timed out
Sep  9 07:41:12 issabel kernel: [drm:drm_atomic_helper_wait_for_dependencies [drm_kms_helper]] *ERROR* [PLANE:33:plane-0] flip_done timed out
Sep  9 07:41:22 issabel kernel: [drm:drm_atomic_helper_wait_for_dependencies [drm_kms_helper]] *ERROR* [CRTC:37:crtc-0] flip_done timed out
Sep  9 07:41:32 issabel kernel: [drm:drm_atomic_helper_wait_for_dependencies [drm_kms_helper]] *ERROR* [PLANE:33:plane-0] flip_done timed out
Sep  9 07:41:42 issabel kernel: [drm:drm_atomic_helper_wait_for_dependencies [drm_kms_helper]] *ERROR* [CRTC:37:crtc-0] flip_done timed out
Sep  9 07:41:52 issabel kernel: [drm:drm_atomic_helper_wait_for_dependencies [drm_kms_helper]] *ERROR* [PLANE:33:plane-0] flip_done timed out
Sep  9 07:42:02 issabel kernel: [drm:drm_atomic_helper_wait_for_dependencies [drm_kms_helper]] *ERROR* [CRTC:37:crtc-0] flip_done timed out
Sep  9 07:42:12 issabel kernel: [drm:drm_atomic_helper_wait_for_dependencies [drm_kms_helper]] *ERROR* [PLANE:33:plane-0] flip_done timed out
Sep  9 07:42:22 issabel kernel: [drm:drm_atomic_helper_wait_for_dependencies [drm_kms_helper]] *ERROR* [CRTC:37:crtc-0] flip_done timed out
Sep  9 07:42:32 issabel kernel: [drm:drm_atomic_helper_wait_for_dependencies [drm_kms_helper]] *ERROR* [PLANE:33:plane-0] flip_done timed out
Sep  9 07:42:42 issabel kernel: [drm:drm_atomic_helper_wait_for_dependencies [drm_kms_helper]] *ERROR* [CRTC:37:crtc-0] flip_done timed out
Sep  9 07:42:52 issabel kernel: [drm:drm_atomic_helper_wait_for_dependencies [drm_kms_helper]] *ERROR* [PLANE:33:plane-0] flip_done timed out
Sep  9 07:43:02 issabel kernel: [drm:drm_atomic_helper_wait_for_dependencies [drm_kms_helper]] *ERROR* [CRTC:37:crtc-0] flip_done timed out
Sep  9 07:43:12 issabel kernel: [drm:drm_atomic_helper_wait_for_dependencies [drm_kms_helper]] *ERROR* [PLANE:33:plane-0] flip_done timed out
Sep  9 07:43:22 issabel kernel: [drm:drm_atomic_helper_wait_for_dependencies [drm_kms_helper]] *ERROR* [CRTC:37:crtc-0] flip_done timed out
Sep  9 07:43:32 issabel kernel: [drm:drm_atomic_helper_wait_for_dependencies [drm_kms_helper]] *ERROR* [PLANE:33:plane-0] flip_done timed out
Sep  9 07:43:42 issabel kernel: [drm:drm_atomic_helper_wait_for_dependencies [drm_kms_helper]] *ERROR* [CRTC:37:crtc-0] flip_done timed out
Sep  9 07:43:52 issabel kernel: [drm:drm_atomic_helper_wait_for_dependencies [drm_kms_helper]] *ERROR* [PLANE:33:plane-0] flip_done timed out
Sep  9 07:44:02 issabel kernel: [drm:drm_atomic_helper_wait_for_dependencies [drm_kms_helper]] *ERROR* [CRTC:37:crtc-0] flip_done timed out
Sep  9 07:44:12 issabel kernel: [drm:drm_atomic_helper_wait_for_dependencies [drm_kms_helper]] *ERROR* [PLANE:33:plane-0] flip_done timed out
Sep  9 07:44:22 issabel kernel: [drm:drm_atomic_helper_wait_for_dependencies [drm_kms_helper]] *ERROR* [CRTC:37:crtc-0] flip_done timed out
Sep  9 07:44:32 issabel kernel: [drm:drm_atomic_helper_wait_for_dependencies [drm_kms_helper]] *ERROR* [PLANE:33:plane-0] flip_done timed out
Sep  9 07:44:42 issabel kernel: [drm:drm_atomic_helper_wait_for_dependencies [drm_kms_helper]] *ERROR* [CRTC:37:crtc-0] flip_done timed out
Sep  9 07:44:52 issabel kernel: [drm:drm_atomic_helper_wait_for_dependencies [drm_kms_helper]] *ERROR* [PLANE:33:plane-0] flip_done timed out
Sep  9 07:45:01 issabel systemd: Started Session 69 of user root.
Sep  9 07:45:02 issabel kernel: [drm:drm_atomic_helper_wait_for_dependencies [drm_kms_helper]] *ERROR* [CRTC:37:crtc-0] flip_done timed out
Sep  9 07:45:12 issabel kernel: [drm:drm_atomic_helper_wait_for_dependencies [drm_kms_helper]] *ERROR* [PLANE:33:plane-0] flip_done timed out
Sep  9 07:45:16 issabel dhclient[2613]: DHCPREQUEST on eth1 to 192.168.56.100 port 67 (xid=0xf80ab20)
Sep  9 07:45:16 issabel dhclient[2613]: DHCPACK from 192.168.56.100 (xid=0xf80ab20)
Sep  9 07:45:18 issabel dhclient[2613]: bound to 192.168.56.102 -- renewal in 243 seconds.
Sep  9 07:45:22 issabel kernel: [drm:drm_atomic_helper_wait_for_dependencies [drm_kms_helper]] *ERROR* [CRTC:37:crtc-0] flip_done timed out
Sep  9 07:45:32 issabel kernel: [drm:drm_atomic_helper_wait_for_dependencies [drm_kms_helper]] *ERROR* [PLANE:33:plane-0] flip_done timed out
Sep  9 07:45:42 issabel kernel: [drm:drm_atomic_helper_wait_for_dependencies [drm_kms_helper]] *ERROR* [CRTC:37:crtc-0] flip_done timed out
Sep  9 07:45:52 issabel kernel: [drm:drm_atomic_helper_wait_for_dependencies [drm_kms_helper]] *ERROR* [PLANE:33:plane-0] flip_done timed out
Sep  9 07:46:01 issabel systemd: Started Session 70 of user root.
Sep  9 07:46:02 issabel kernel: [drm:drm_atomic_helper_wait_for_dependencies [drm_kms_helper]] *ERROR* [CRTC:37:crtc-0] flip_done timed out
Sep  9 07:46:12 issabel kernel: [drm:drm_atomic_helper_wait_for_dependencies [drm_kms_helper]] *ERROR* [PLANE:33:plane-0] flip_done timed out
Sep  9 07:46:22 issabel kernel: [drm:drm_atomic_helper_wait_for_dependencies [drm_kms_helper]] *ERROR* [CRTC:37:crtc-0] flip_done timed out
Sep  9 07:46:32 issabel kernel: [drm:drm_atomic_helper_wait_for_dependencies [drm_kms_helper]] *ERROR* [PLANE:33:plane-0] flip_done timed out
Sep  9 07:46:42 issabel kernel: [drm:drm_atomic_helper_wait_for_dependencies [drm_kms_helper]] *ERROR* [CRTC:37:crtc-0] flip_done timed out
Sep  9 07:46:52 issabel kernel: [drm:drm_atomic_helper_wait_for_dependencies [drm_kms_helper]] *ERROR* [PLANE:33:plane-0] flip_done timed out
Sep  9 07:47:02 issabel kernel: [drm:drm_atomic_helper_wait_for_dependencies [drm_kms_helper]] *ERROR* [CRTC:37:crtc-0] flip_done timed out
Sep  9 07:47:12 issabel kernel: [drm:drm_atomic_helper_wait_for_dependencies [drm_kms_helper]] *ERROR* [PLANE:33:plane-0] flip_done timed out
Sep  9 07:47:22 issabel kernel: [drm:drm_atomic_helper_wait_for_dependencies [drm_kms_helper]] *ERROR* [CRTC:37:crtc-0] flip_done timed out
Sep  9 07:47:32 issabel kernel: [drm:drm_atomic_helper_wait_for_dependencies [drm_kms_helper]] *ERROR* [PLANE:33:plane-0] flip_done timed out
Sep  9 07:47:42 issabel kernel: [drm:drm_atomic_helper_wait_for_dependencies [drm_kms_helper]] *ERROR* [CRTC:37:crtc-0] flip_done timed out
Sep  9 07:47:52 issabel kernel: [drm:drm_atomic_helper_wait_for_dependencies [drm_kms_helper]] *ERROR* [PLANE:33:plane-0] flip_done timed out
Sep  9 07:48:02 issabel kernel: [drm:drm_atomic_helper_wait_for_dependencies [drm_kms_helper]] *ERROR* [CRTC:37:crtc-0] flip_done timed out
Sep  9 07:48:12 issabel kernel: [drm:drm_atomic_helper_wait_for_dependencies [drm_kms_helper]] *ERROR* [PLANE:33:plane-0] flip_done timed out
Sep  9 07:48:22 issabel kernel: [drm:drm_atomic_helper_wait_for_dependencies [drm_kms_helper]] *ERROR* [CRTC:37:crtc-0] flip_done timed out
Sep  9 07:48:32 issabel kernel: [drm:drm_atomic_helper_wait_for_dependencies [drm_kms_helper]] *ERROR* [PLANE:33:plane-0] flip_done timed out
Sep  9 07:48:42 issabel kernel: [drm:drm_atomic_helper_wait_for_dependencies [drm_kms_helper]] *ERROR* [CRTC:37:crtc-0] flip_done timed out
Sep  9 07:48:52 issabel kernel: [drm:drm_atomic_helper_wait_for_dependencies [drm_kms_helper]] *ERROR* [PLANE:33:plane-0] flip_done timed out
Sep  9 07:49:02 issabel kernel: [drm:drm_atomic_helper_wait_for_dependencies [drm_kms_helper]] *ERROR* [CRTC:37:crtc-0] flip_done timed out
Sep  9 07:49:12 issabel kernel: [drm:drm_atomic_helper_wait_for_dependencies [drm_kms_helper]] *ERROR* [PLANE:33:plane-0] flip_done timed out
Sep  9 07:49:22 issabel dhclient[2613]: DHCPREQUEST on eth1 to 192.168.56.100 port 67 (xid=0xf80ab20)
Sep  9 07:49:22 issabel dhclient[2613]: DHCPACK from 192.168.56.100 (xid=0xf80ab20)
Sep  9 07:49:22 issabel kernel: [drm:drm_atomic_helper_wait_for_dependencies [drm_kms_helper]] *ERROR* [CRTC:37:crtc-0] flip_done timed out
Sep  9 07:49:24 issabel dhclient[2613]: bound to 192.168.56.102 -- renewal in 290 seconds.
Sep  9 07:49:32 issabel kernel: [drm:drm_atomic_helper_wait_for_dependencies [drm_kms_helper]] *ERROR* [PLANE:33:plane-0] flip_done timed out
Sep  9 07:49:42 issabel kernel: [drm:drm_atomic_helper_wait_for_dependencies [drm_kms_helper]] *ERROR* [CRTC:37:crtc-0] flip_done timed out
Sep  9 07:49:52 issabel kernel: [drm:drm_atomic_helper_wait_for_dependencies [drm_kms_helper]] *ERROR* [PLANE:33:plane-0] flip_done timed out
Sep  9 07:50:01 issabel systemd: Started Session 71 of user root.
Sep  9 07:50:02 issabel kernel: [drm:drm_atomic_helper_wait_for_dependencies [drm_kms_helper]] *ERROR* [CRTC:37:crtc-0] flip_done timed out
Sep  9 07:50:12 issabel kernel: [drm:drm_atomic_helper_wait_for_dependencies [drm_kms_helper]] *ERROR* [PLANE:33:plane-0] flip_done timed out
Sep  9 07:50:22 issabel kernel: [drm:drm_atomic_helper_wait_for_dependencies [drm_kms_helper]] *ERROR* [CRTC:37:crtc-0] flip_done timed out
Sep  9 07:50:32 issabel kernel: [drm:drm_atomic_helper_wait_for_dependencies [drm_kms_helper]] *ERROR* [PLANE:33:plane-0] flip_done timed out
Sep  9 07:50:42 issabel kernel: [drm:drm_atomic_helper_wait_for_dependencies [drm_kms_helper]] *ERROR* [CRTC:37:crtc-0] flip_done timed out
Sep  9 07:50:52 issabel kernel: [drm:drm_atomic_helper_wait_for_dependencies [drm_kms_helper]] *ERROR* [PLANE:33:plane-0] flip_done timed out
Sep  9 07:51:02 issabel kernel: [drm:drm_atomic_helper_wait_for_dependencies [drm_kms_helper]] *ERROR* [CRTC:37:crtc-0] flip_done timed out
Sep  9 07:51:12 issabel kernel: [drm:drm_atomic_helper_wait_for_dependencies [drm_kms_helper]] *ERROR* [PLANE:33:plane-0] flip_done timed out
Sep  9 07:51:22 issabel kernel: [drm:drm_atomic_helper_wait_for_dependencies [drm_kms_helper]] *ERROR* [CRTC:37:crtc-0] flip_done timed out
Sep  9 07:51:32 issabel kernel: [drm:drm_atomic_helper_wait_for_dependencies [drm_kms_helper]] *ERROR* [PLANE:33:plane-0] flip_done timed out
Sep  9 07:51:42 issabel kernel: [drm:drm_atomic_helper_wait_for_dependencies [drm_kms_helper]] *ERROR* [CRTC:37:crtc-0] flip_done timed out
Sep  9 07:51:52 issabel kernel: [drm:drm_atomic_helper_wait_for_dependencies [drm_kms_helper]] *ERROR* [PLANE:33:plane-0] flip_done timed out
Sep 11 21:07:18 issabel kernel: Initializing cgroup subsys cpuset
Sep 11 21:07:18 issabel kernel: Initializing cgroup subsys cpu
Sep 11 21:07:18 issabel kernel: Initializing cgroup subsys cpuacct
Sep 11 21:07:18 issabel kernel: Linux version 3.10.0-1160.el7.x86_64 (mockbuild@kbuilder.bsys.centos.org) (gcc version 4.8.5 20150623 (Red Hat 4.8.5-44) (GCC) ) #1 SMP Mon Oct 19 16:18:59 UTC 2020
Sep 11 21:07:18 issabel kernel: Command line: BOOT_IMAGE=/vmlinuz-3.10.0-1160.el7.x86_64 root=UUID=0d5851af-702b-448a-bbfa-6a361f879e66 ro net.ifnames=0 rhgb quiet LANG=en_US.UTF-8
Sep 11 21:07:18 issabel kernel: e820: BIOS-provided physical RAM map:
Sep 11 21:07:18 issabel kernel: BIOS-e820: [mem 0x0000000000000000-0x000000000009fbff] usable
Sep 11 21:07:18 issabel kernel: BIOS-e820: [mem 0x000000000009fc00-0x000000000009ffff] reserved
Sep 11 21:07:18 issabel kernel: BIOS-e820: [mem 0x00000000000f0000-0x00000000000fffff] reserved
Sep 11 21:07:18 issabel kernel: BIOS-e820: [mem 0x0000000000100000-0x00000000dffeffff] usable
Sep 11 21:07:18 issabel kernel: BIOS-e820: [mem 0x00000000dfff0000-0x00000000dfffffff] ACPI data
Sep 11 21:07:18 issabel kernel: BIOS-e820: [mem 0x00000000fec00000-0x00000000fec00fff] reserved
Sep 11 21:07:18 issabel kernel: BIOS-e820: [mem 0x00000000fee00000-0x00000000fee00fff] reserved
Sep 11 21:07:18 issabel kernel: BIOS-e820: [mem 0x00000000fffc0000-0x00000000ffffffff] reserved
Sep 11 21:07:18 issabel kernel: BIOS-e820: [mem 0x0000000100000000-0x000000011fffffff] usable
Sep 11 21:07:18 issabel kernel: NX (Execute Disable) protection: active
Sep 11 21:07:18 issabel kernel: SMBIOS 2.5 present.
Sep 11 21:07:18 issabel kernel: DMI: innotek GmbH VirtualBox/VirtualBox, BIOS VirtualBox 12/01/2006
Sep 11 21:07:18 issabel kernel: Hypervisor detected: KVM
Sep 11 21:07:18 issabel kernel: e820: last_pfn = 0x120000 max_arch_pfn = 0x400000000
Sep 11 21:07:18 issabel kernel: PAT configuration [0-7]: WB  WC  UC- UC  WB  WP  UC- UC  
Sep 11 21:07:18 issabel kernel: CPU MTRRs all blank - virtualized system.
Sep 11 21:07:18 issabel kernel: e820: last_pfn = 0xdfff0 max_arch_pfn = 0x400000000
Sep 11 21:07:18 issabel kernel: found SMP MP-table at [mem 0x0009fff0-0x0009ffff] mapped at [ffffffffff200ff0]
Sep 11 21:07:18 issabel kernel: RAMDISK: [mem 0x35c96000-0x36e42fff]
Sep 11 21:07:18 issabel kernel: Early table checksum verification disabled
Sep 11 21:07:18 issabel kernel: ACPI: RSDP 00000000000e0000 00024 (v02 VBOX  )
Sep 11 21:07:18 issabel kernel: ACPI: XSDT 00000000dfff0030 0003C (v01 VBOX   VBOXXSDT 00000001 ASL  00000061)
Sep 11 21:07:18 issabel kernel: ACPI: FACP 00000000dfff00f0 000F4 (v04 VBOX   VBOXFACP 00000001 ASL  00000061)
Sep 11 21:07:18 issabel kernel: ACPI: DSDT 00000000dfff0470 02325 (v02 VBOX   VBOXBIOS 00000002 INTL 20100528)
Sep 11 21:07:18 issabel kernel: ACPI: FACS 00000000dfff0200 00040
Sep 11 21:07:18 issabel kernel: ACPI: APIC 00000000dfff0240 00054 (v02 VBOX   VBOXAPIC 00000001 ASL  00000061)
Sep 11 21:07:18 issabel kernel: ACPI: SSDT 00000000dfff02a0 001CC (v01 VBOX   VBOXCPUT 00000002 INTL 20100528)
Sep 11 21:07:18 issabel kernel: No NUMA configuration found
Sep 11 21:07:18 issabel kernel: Faking a node at [mem 0x0000000000000000-0x000000011fffffff]
Sep 11 21:07:18 issabel kernel: NODE_DATA(0) allocated [mem 0x11ffd5000-0x11fffbfff]
Sep 11 21:07:18 issabel kernel: kvm-clock: cpu 0, msr 1:1ff84001, primary cpu clock
Sep 11 21:07:18 issabel kernel: kvm-clock: Using msrs 4b564d01 and 4b564d00
Sep 11 21:07:18 issabel kernel: kvm-clock: using sched offset of 4407305726 cycles
Sep 11 21:07:18 issabel kernel: Zone ranges:
Sep 11 21:07:18 issabel kernel:  DMA      [mem 0x00001000-0x00ffffff]
Sep 11 21:07:18 issabel kernel:  DMA32    [mem 0x01000000-0xffffffff]
Sep 11 21:07:18 issabel kernel:  Normal   [mem 0x100000000-0x11fffffff]
Sep 11 21:07:18 issabel kernel: Movable zone start for each node
Sep 11 21:07:18 issabel kernel: Early memory node ranges
Sep 11 21:07:18 issabel kernel:  node   0: [mem 0x00001000-0x0009efff]
Sep 11 21:07:18 issabel kernel:  node   0: [mem 0x00100000-0xdffeffff]
Sep 11 21:07:18 issabel kernel:  node   0: [mem 0x100000000-0x11fffffff]
Sep 11 21:07:18 issabel kernel: Initmem setup node 0 [mem 0x00001000-0x11fffffff]
Sep 11 21:07:18 issabel kernel: ACPI: PM-Timer IO Port: 0x4008
Sep 11 21:07:18 issabel kernel: ACPI: LAPIC (acpi_id[0x00] lapic_id[0x00] enabled)
Sep 11 21:07:18 issabel kernel: ACPI: IOAPIC (id[0x01] address[0xfec00000] gsi_base[0])
Sep 11 21:07:18 issabel kernel: IOAPIC[0]: apic_id 1, version 32, address 0xfec00000, GSI 0-23
Sep 11 21:07:18 issabel kernel: ACPI: INT_SRC_OVR (bus 0 bus_irq 0 global_irq 2 dfl dfl)
Sep 11 21:07:18 issabel kernel: ACPI: INT_SRC_OVR (bus 0 bus_irq 9 global_irq 9 low level)
Sep 11 21:07:18 issabel kernel: Using ACPI (MADT) for SMP configuration information
Sep 11 21:07:18 issabel kernel: smpboot: Allowing 1 CPUs, 0 hotplug CPUs
Sep 11 21:07:18 issabel kernel: PM: Registered nosave memory: [mem 0x0009f000-0x0009ffff]
Sep 11 21:07:18 issabel kernel: PM: Registered nosave memory: [mem 0x000a0000-0x000effff]
Sep 11 21:07:18 issabel kernel: PM: Registered nosave memory: [mem 0x000f0000-0x000fffff]
Sep 11 21:07:18 issabel kernel: PM: Registered nosave memory: [mem 0xdfff0000-0xdfffffff]
Sep 11 21:07:18 issabel kernel: PM: Registered nosave memory: [mem 0xe0000000-0xfebfffff]
Sep 11 21:07:18 issabel kernel: PM: Registered nosave memory: [mem 0xfec00000-0xfec00fff]
Sep 11 21:07:18 issabel kernel: PM: Registered nosave memory: [mem 0xfec01000-0xfedfffff]
Sep 11 21:07:18 issabel kernel: PM: Registered nosave memory: [mem 0xfee00000-0xfee00fff]
Sep 11 21:07:18 issabel kernel: PM: Registered nosave memory: [mem 0xfee01000-0xfffbffff]
Sep 11 21:07:18 issabel kernel: PM: Registered nosave memory: [mem 0xfffc0000-0xffffffff]
Sep 11 21:07:18 issabel kernel: e820: [mem 0xe0000000-0xfebfffff] available for PCI devices
Sep 11 21:07:18 issabel kernel: Booting paravirtualized kernel on KVM
Sep 11 21:07:18 issabel kernel: Detected CPU family 6 model 140 stepping 1
Sep 11 21:07:18 issabel kernel: Warning: Intel Processor - this hardware has not undergone upstream testing. Please consult http://wiki.centos.org/FAQ for more information
Sep 11 21:07:18 issabel kernel: setup_percpu: NR_CPUS:5120 nr_cpumask_bits:1 nr_cpu_ids:1 nr_node_ids:1
Sep 11 21:07:18 issabel kernel: percpu: Embedded 38 pages/cpu s118784 r8192 d28672 u2097152
Sep 11 21:07:18 issabel kernel: Built 1 zonelists in Node order, mobility grouping on.  Total pages: 1032057
Sep 11 21:07:18 issabel kernel: Policy zone: Normal
Sep 11 21:07:18 issabel kernel: Kernel command line: BOOT_IMAGE=/vmlinuz-3.10.0-1160.el7.x86_64 root=UUID=0d5851af-702b-448a-bbfa-6a361f879e66 ro net.ifnames=0 rhgb quiet LANG=en_US.UTF-8
Sep 11 21:07:18 issabel kernel: PID hash table entries: 4096 (order: 3, 32768 bytes)
Sep 11 21:07:18 issabel kernel: x86/fpu: xstate_offset[2]: 0240, xstate_sizes[2]: 0100
Sep 11 21:07:18 issabel kernel: xsave: enabled xstate_bv 0x7, cntxt size 0x340 using standard form
Sep 11 21:07:18 issabel kernel: Memory: 4024228k/4718592k available (7788k kernel code, 524744k absent, 169620k reserved, 5954k data, 1984k init)
Sep 11 21:07:18 issabel kernel: SLUB: HWalign=64, Order=0-3, MinObjects=0, CPUs=1, Nodes=1
Sep 11 21:07:18 issabel kernel: Hierarchical RCU implementation.
Sep 11 21:07:18 issabel kernel: #011RCU restricting CPUs from NR_CPUS=5120 to nr_cpu_ids=1.
Sep 11 21:07:18 issabel kernel: NR_IRQS:327936 nr_irqs:256 0
Sep 11 21:07:18 issabel kernel: Console: colour VGA+ 80x25
Sep 11 21:07:18 issabel kernel: console [tty0] enabled
Sep 11 21:07:18 issabel kernel: allocated 109051904 bytes of page_cgroup
Sep 11 21:07:18 issabel kernel: please try 'cgroup_disable=memory' option if you don't want memory cgroups
Sep 11 21:07:18 issabel kernel: tsc: Detected 2419.202 MHz processor
Sep 11 21:07:18 issabel kernel: Calibrating delay loop (skipped) preset value.. 4838.40 BogoMIPS (lpj=2419202)
Sep 11 21:07:18 issabel kernel: pid_max: default: 32768 minimum: 301
Sep 11 21:07:18 issabel kernel: Security Framework initialized
Sep 11 21:07:18 issabel kernel: SELinux:  Initializing.
Sep 11 21:07:18 issabel kernel: Yama: becoming mindful.
Sep 11 21:07:18 issabel kernel: Dentry cache hash table entries: 524288 (order: 10, 4194304 bytes)
Sep 11 21:07:18 issabel kernel: Inode-cache hash table entries: 262144 (order: 9, 2097152 bytes)
Sep 11 21:07:18 issabel kernel: Mount-cache hash table entries: 8192 (order: 4, 65536 bytes)
Sep 11 21:07:18 issabel kernel: Mountpoint-cache hash table entries: 8192 (order: 4, 65536 bytes)
Sep 11 21:07:18 issabel kernel: Initializing cgroup subsys memory
Sep 11 21:07:18 issabel kernel: Initializing cgroup subsys devices
Sep 11 21:07:18 issabel kernel: Initializing cgroup subsys freezer
Sep 11 21:07:18 issabel kernel: Initializing cgroup subsys net_cls
Sep 11 21:07:18 issabel kernel: Initializing cgroup subsys blkio
Sep 11 21:07:18 issabel kernel: Initializing cgroup subsys perf_event
Sep 11 21:07:18 issabel kernel: Initializing cgroup subsys hugetlb
Sep 11 21:07:18 issabel kernel: Initializing cgroup subsys pids
Sep 11 21:07:18 issabel kernel: Initializing cgroup subsys net_prio
Sep 11 21:07:18 issabel kernel: Last level iTLB entries: 4KB 0, 2MB 0, 4MB 0
Sep 11 21:07:18 issabel kernel: Last level dTLB entries: 4KB 0, 2MB 0, 4MB 0
Sep 11 21:07:18 issabel kernel: tlb_flushall_shift: 6
Sep 11 21:07:18 issabel kernel: FEATURE SPEC_CTRL Not Present
Sep 11 21:07:18 issabel kernel: FEATURE IBPB_SUPPORT Not Present
Sep 11 21:07:18 issabel kernel: Spectre V1 : Mitigation: Load fences, usercopy/swapgs barriers and __user pointer sanitization
Sep 11 21:07:18 issabel kernel: Spectre V2 : Vulnerable: Retpoline without IBPB
Sep 11 21:07:18 issabel kernel: Speculative Store Bypass: Vulnerable
Sep 11 21:07:18 issabel kernel: Freeing SMP alternatives: 28k freed
Sep 11 21:07:18 issabel kernel: ACPI: Core revision 20130517
Sep 11 21:07:18 issabel kernel: ACPI: All ACPI Tables successfully acquired
Sep 11 21:07:18 issabel kernel: ftrace: allocating 29651 entries in 116 pages
Sep 11 21:07:18 issabel kernel: Enabling x2apic
Sep 11 21:07:18 issabel kernel: Enabled x2apic
Sep 11 21:07:18 issabel kernel: Switched APIC routing to physical x2apic.
Sep 11 21:07:18 issabel kernel: ..TIMER: vector=0x30 apic1=0 pin1=2 apic2=-1 pin2=-1
Sep 11 21:07:18 issabel kernel: smpboot: CPU0: 11th Gen Intel(R) Core(TM) i5-1135G7 @ 2.40GHz (fam: 06, model: 8c, stepping: 01)
Sep 11 21:07:18 issabel kernel: APIC calibration not consistent with PM-Timer: 104ms instead of 100ms
Sep 11 21:07:18 issabel kernel: APIC delta adjusted to PM-Timer: 6369155 (6626961)
Sep 11 21:07:18 issabel kernel: Performance Events: unsupported p6 CPU model 140 no PMU driver, software events only.
Sep 11 21:07:18 issabel kernel: KVM setup paravirtual spinlock
Sep 11 21:07:18 issabel kernel: Brought up 1 CPUs
Sep 11 21:07:18 issabel kernel: smpboot: Max logical packages: 1
Sep 11 21:07:18 issabel kernel: smpboot: Total of 1 processors activated (4838.40 BogoMIPS)
Sep 11 21:07:18 issabel kernel: devtmpfs: initialized
Sep 11 21:07:18 issabel kernel: x86/mm: Memory block size: 128MB
Sep 11 21:07:18 issabel kernel: EVM: security.selinux
Sep 11 21:07:18 issabel kernel: EVM: security.ima
Sep 11 21:07:18 issabel kernel: EVM: security.capability
Sep 11 21:07:18 issabel kernel: atomic64 test passed for x86-64 platform with CX8 and with SSE
Sep 11 21:07:18 issabel kernel: pinctrl core: initialized pinctrl subsystem
Sep 11 21:07:18 issabel kernel: RTC time:  1:07:18, date: 09/12/22
Sep 11 21:07:18 issabel kernel: NET: Registered protocol family 16
Sep 11 21:07:18 issabel kernel: cpuidle: using governor haltpoll
Sep 11 21:07:18 issabel kernel: ACPI: bus type PCI registered
Sep 11 21:07:18 issabel kernel: acpiphp: ACPI Hot Plug PCI Controller Driver version: 0.5
Sep 11 21:07:18 issabel kernel: PCI: Using configuration type 1 for base access
Sep 11 21:07:18 issabel kernel: ACPI: Added _OSI(Module Device)
Sep 11 21:07:18 issabel kernel: ACPI: Added _OSI(Processor Device)
Sep 11 21:07:18 issabel kernel: ACPI: Added _OSI(3.0 _SCP Extensions)
Sep 11 21:07:18 issabel kernel: ACPI: Added _OSI(Processor Aggregator Device)
Sep 11 21:07:18 issabel kernel: ACPI: Added _OSI(Linux-Dell-Video)
Sep 11 21:07:18 issabel kernel: ACPI: Executed 1 blocks of module-level executable AML code
Sep 11 21:07:18 issabel kernel: ACPI: Interpreter enabled
Sep 11 21:07:18 issabel kernel: ACPI: (supports S0 S5)
Sep 11 21:07:18 issabel kernel: ACPI: Using IOAPIC for interrupt routing
Sep 11 21:07:18 issabel kernel: PCI: Using host bridge windows from ACPI; if necessary, use "pci=nocrs" and report a bug
Sep 11 21:07:18 issabel kernel: ACPI: Enabled 2 GPEs in block 00 to 07
Sep 11 21:07:18 issabel kernel: ACPI: PCI Root Bridge [PCI0] (domain 0000 [bus 00-ff])
Sep 11 21:07:18 issabel kernel: acpi PNP0A03:00: _OSC: OS supports [ASPM ClockPM Segments MSI]
Sep 11 21:07:18 issabel kernel: acpi PNP0A03:00: _OSC: not requesting OS control; OS requires [ExtendedConfig ASPM ClockPM MSI]
Sep 11 21:07:18 issabel kernel: acpi PNP0A03:00: fail to add MMCONFIG information, can't access extended PCI configuration space under this bridge.
Sep 11 21:07:18 issabel kernel: PCI host bridge to bus 0000:00
Sep 11 21:07:18 issabel kernel: pci_bus 0000:00: root bus resource [io  0x0000-0x0cf7 window]
Sep 11 21:07:18 issabel kernel: pci_bus 0000:00: root bus resource [io  0x0d00-0xffff window]
Sep 11 21:07:18 issabel kernel: pci_bus 0000:00: root bus resource [mem 0x000a0000-0x000bffff window]
Sep 11 21:07:18 issabel kernel: pci_bus 0000:00: root bus resource [mem 0xe0000000-0xfdffffff window]
Sep 11 21:07:18 issabel kernel: pci_bus 0000:00: root bus resource [bus 00-ff]
Sep 11 21:07:18 issabel kernel: pci 0000:00:01.1: legacy IDE quirk: reg 0x10: [io  0x01f0-0x01f7]
Sep 11 21:07:18 issabel kernel: pci 0000:00:01.1: legacy IDE quirk: reg 0x14: [io  0x03f6]
Sep 11 21:07:18 issabel kernel: pci 0000:00:01.1: legacy IDE quirk: reg 0x18: [io  0x0170-0x0177]
Sep 11 21:07:18 issabel kernel: pci 0000:00:01.1: legacy IDE quirk: reg 0x1c: [io  0x0376]
Sep 11 21:07:18 issabel kernel: pci 0000:00:07.0: quirk: [io  0x4000-0x403f] claimed by PIIX4 ACPI
Sep 11 21:07:18 issabel kernel: pci 0000:00:07.0: quirk: [io  0x4100-0x410f] claimed by PIIX4 SMB
Sep 11 21:07:18 issabel kernel: ACPI: PCI Interrupt Link [LNKA] (IRQs 5 9 10 *11)
Sep 11 21:07:18 issabel kernel: ACPI: PCI Interrupt Link [LNKB] (IRQs 5 9 *10 11)
Sep 11 21:07:18 issabel kernel: ACPI: PCI Interrupt Link [LNKC] (IRQs 5 *9 10 11)
Sep 11 21:07:18 issabel kernel: ACPI: PCI Interrupt Link [LNKD] (IRQs 5 9 10 *11)
Sep 11 21:07:18 issabel kernel: vgaarb: device added: PCI:0000:00:02.0,decodes=io+mem,owns=io+mem,locks=none
Sep 11 21:07:18 issabel kernel: vgaarb: loaded
Sep 11 21:07:18 issabel kernel: vgaarb: bridge control possible 0000:00:02.0
Sep 11 21:07:18 issabel kernel: SCSI subsystem initialized
Sep 11 21:07:18 issabel kernel: ACPI: bus type USB registered
Sep 11 21:07:18 issabel kernel: usbcore: registered new interface driver usbfs
Sep 11 21:07:18 issabel kernel: usbcore: registered new interface driver hub
Sep 11 21:07:18 issabel kernel: usbcore: registered new device driver usb
Sep 11 21:07:18 issabel kernel: EDAC MC: Ver: 3.0.0
Sep 11 21:07:18 issabel kernel: PCI: Using ACPI for IRQ routing
Sep 11 21:07:18 issabel kernel: NetLabel: Initializing
Sep 11 21:07:18 issabel kernel: NetLabel:  domain hash size = 128
Sep 11 21:07:18 issabel kernel: NetLabel:  protocols = UNLABELED CIPSOv4
Sep 11 21:07:18 issabel kernel: NetLabel:  unlabeled traffic allowed by default
Sep 11 21:07:18 issabel kernel: amd_nb: Cannot enumerate AMD northbridges
Sep 11 21:07:18 issabel kernel: Switched to clocksource kvm-clock
Sep 11 21:07:18 issabel kernel: pnp: PnP ACPI init
Sep 11 21:07:18 issabel kernel: ACPI: bus type PNP registered
Sep 11 21:07:18 issabel kernel: pnp: PnP ACPI: found 2 devices
Sep 11 21:07:18 issabel kernel: ACPI: bus type PNP unregistered
Sep 11 21:07:18 issabel kernel: NET: Registered protocol family 2
Sep 11 21:07:18 issabel kernel: TCP established hash table entries: 32768 (order: 6, 262144 bytes)
Sep 11 21:07:18 issabel kernel: TCP bind hash table entries: 32768 (order: 7, 524288 bytes)
Sep 11 21:07:18 issabel kernel: TCP: Hash tables configured (established 32768 bind 32768)
Sep 11 21:07:18 issabel kernel: TCP: reno registered
Sep 11 21:07:18 issabel kernel: UDP hash table entries: 2048 (order: 4, 65536 bytes)
Sep 11 21:07:18 issabel kernel: UDP-Lite hash table entries: 2048 (order: 4, 65536 bytes)
Sep 11 21:07:18 issabel kernel: NET: Registered protocol family 1
Sep 11 21:07:18 issabel kernel: pci 0000:00:00.0: Limiting direct PCI/PCI transfers
Sep 11 21:07:18 issabel kernel: pci 0000:00:01.0: Activating ISA DMA hang workarounds
Sep 11 21:07:18 issabel kernel: Unpacking initramfs...
Sep 11 21:07:18 issabel kernel: Freeing initrd memory: 18100k freed
Sep 11 21:07:18 issabel kernel: PCI-DMA: Using software bounce buffering for IO (SWIOTLB)
Sep 11 21:07:18 issabel kernel: software IO TLB [mem 0xd9400000-0xdd400000] (64MB) mapped at [ffff9b0a99400000-ffff9b0a9d3fffff]
Sep 11 21:07:18 issabel kernel: platform rtc_cmos: registered platform RTC device (no PNP device found)
Sep 11 21:07:18 issabel kernel: sha1_ssse3: Using AVX optimized SHA-1 implementation
Sep 11 21:07:18 issabel kernel: sha256_ssse3: Using AVX optimized SHA-256 implementation
Sep 11 21:07:18 issabel kernel: futex hash table entries: 256 (order: 2, 16384 bytes)
Sep 11 21:07:18 issabel kernel: Initialise system trusted keyring
Sep 11 21:07:18 issabel kernel: audit: initializing netlink socket (disabled)
Sep 11 21:07:18 issabel kernel: type=2000 audit(1662944843.932:1): initialized
Sep 11 21:07:18 issabel kernel: HugeTLB registered 2 MB page size, pre-allocated 0 pages
Sep 11 21:07:18 issabel kernel: zpool: loaded
Sep 11 21:07:18 issabel kernel: zbud: loaded
Sep 11 21:07:18 issabel kernel: VFS: Disk quotas dquot_6.5.2
Sep 11 21:07:18 issabel kernel: Dquot-cache hash table entries: 512 (order 0, 4096 bytes)
Sep 11 21:07:18 issabel kernel: Key type big_key registered
Sep 11 21:07:18 issabel kernel: NET: Registered protocol family 38
Sep 11 21:07:18 issabel kernel: Key type asymmetric registered
Sep 11 21:07:18 issabel kernel: Asymmetric key parser 'x509' registered
Sep 11 21:07:18 issabel kernel: Block layer SCSI generic (bsg) driver version 0.4 loaded (major 248)
Sep 11 21:07:18 issabel kernel: io scheduler noop registered
Sep 11 21:07:18 issabel kernel: io scheduler deadline registered (default)
Sep 11 21:07:18 issabel kernel: io scheduler cfq registered
Sep 11 21:07:18 issabel kernel: io scheduler mq-deadline registered
Sep 11 21:07:18 issabel kernel: io scheduler kyber registered
Sep 11 21:07:18 issabel kernel: pci_hotplug: PCI Hot Plug PCI Core version: 0.5
Sep 11 21:07:18 issabel kernel: pciehp: PCI Express Hot Plug Controller Driver version: 0.4
Sep 11 21:07:18 issabel kernel: shpchp: Standard Hot Plug PCI Controller Driver version: 0.4
Sep 11 21:07:18 issabel kernel: ACPI: AC Adapter [AC] (off-line)
Sep 11 21:07:18 issabel kernel: input: Power Button as /devices/LNXSYSTM:00/LNXPWRBN:00/input/input0
Sep 11 21:07:18 issabel kernel: ACPI: Power Button [PWRF]
Sep 11 21:07:18 issabel kernel: input: Sleep Button as /devices/LNXSYSTM:00/LNXSLPBN:00/input/input1
Sep 11 21:07:18 issabel kernel: ACPI: Sleep Button [SLPF]
Sep 11 21:07:18 issabel kernel: GHES: HEST is not enabled!
Sep 11 21:07:18 issabel kernel: Serial: 8250/16550 driver, 4 ports, IRQ sharing enabled
Sep 11 21:07:18 issabel kernel: Non-volatile memory driver v1.3
Sep 11 21:07:18 issabel kernel: Linux agpgart interface v0.103
Sep 11 21:07:18 issabel kernel: crash memory driver: version 1.1
Sep 11 21:07:18 issabel kernel: rdac: device handler registered
Sep 11 21:07:18 issabel kernel: ACPI: Battery Slot [BAT0] (battery present)
Sep 11 21:07:18 issabel kernel: hp_sw: device handler registered
Sep 11 21:07:18 issabel kernel: emc: device handler registered
Sep 11 21:07:18 issabel kernel: alua: device handler registered
Sep 11 21:07:18 issabel kernel: libphy: Fixed MDIO Bus: probed
Sep 11 21:07:18 issabel kernel: ehci_hcd: USB 2.0 'Enhanced' Host Controller (EHCI) Driver
Sep 11 21:07:18 issabel kernel: ehci-pci: EHCI PCI platform driver
Sep 11 21:07:18 issabel kernel: ohci_hcd: USB 1.1 'Open' Host Controller (OHCI) Driver
Sep 11 21:07:18 issabel kernel: ohci-pci: OHCI PCI platform driver
Sep 11 21:07:18 issabel kernel: ohci-pci 0000:00:06.0: OHCI PCI host controller
Sep 11 21:07:18 issabel kernel: ohci-pci 0000:00:06.0: new USB bus registered, assigned bus number 1
Sep 11 21:07:18 issabel kernel: ohci-pci 0000:00:06.0: irq 22, io mem 0xf0804000
Sep 11 21:07:18 issabel kernel: usb usb1: New USB device found, idVendor=1d6b, idProduct=0001, bcdDevice= 3.10
Sep 11 21:07:18 issabel kernel: usb usb1: New USB device strings: Mfr=3, Product=2, SerialNumber=1
Sep 11 21:07:18 issabel kernel: usb usb1: Product: OHCI PCI host controller
Sep 11 21:07:18 issabel kernel: usb usb1: Manufacturer: Linux 3.10.0-1160.el7.x86_64 ohci_hcd
Sep 11 21:07:18 issabel kernel: usb usb1: SerialNumber: 0000:00:06.0
Sep 11 21:07:18 issabel kernel: hub 1-0:1.0: USB hub found
Sep 11 21:07:18 issabel kernel: hub 1-0:1.0: 12 ports detected
Sep 11 21:07:18 issabel kernel: uhci_hcd: USB Universal Host Controller Interface driver
Sep 11 21:07:18 issabel kernel: usbcore: registered new interface driver usbserial_generic
Sep 11 21:07:18 issabel kernel: usbserial: USB Serial support registered for generic
Sep 11 21:07:18 issabel kernel: i8042: PNP: PS/2 Controller [PNP0303:PS2K,PNP0f03:PS2M] at 0x60,0x64 irq 1,12
Sep 11 21:07:18 issabel kernel: serio: i8042 KBD port at 0x60,0x64 irq 1
Sep 11 21:07:18 issabel kernel: serio: i8042 AUX port at 0x60,0x64 irq 12
Sep 11 21:07:18 issabel kernel: mousedev: PS/2 mouse device common for all mice
Sep 11 21:07:18 issabel kernel: input: AT Translated Set 2 keyboard as /devices/platform/i8042/serio0/input/input2
Sep 11 21:07:18 issabel kernel: rtc_cmos rtc_cmos: rtc core: registered rtc_cmos as rtc0
Sep 11 21:07:18 issabel kernel: rtc_cmos rtc_cmos: alarms up to one day, 114 bytes nvram
Sep 11 21:07:18 issabel kernel: hidraw: raw HID events driver (C) Jiri Kosina
Sep 11 21:07:18 issabel kernel: usbcore: registered new interface driver usbhid
Sep 11 21:07:18 issabel kernel: usbhid: USB HID core driver
Sep 11 21:07:18 issabel kernel: drop_monitor: Initializing network drop monitor service
Sep 11 21:07:18 issabel kernel: TCP: cubic registered
Sep 11 21:07:18 issabel kernel: Initializing XFRM netlink socket
Sep 11 21:07:18 issabel kernel: NET: Registered protocol family 10
Sep 11 21:07:18 issabel kernel: NET: Registered protocol family 17
Sep 11 21:07:18 issabel kernel: mpls_gso: MPLS GSO support
Sep 11 21:07:18 issabel kernel: mce: Using 0 MCE banks
Sep 11 21:07:18 issabel kernel: Loading compiled-in X.509 certificates
Sep 11 21:07:18 issabel kernel: Loaded X.509 cert 'CentOS Linux kpatch signing key: ea0413152cde1d98ebdca3fe6f0230904c9ef717'
Sep 11 21:07:18 issabel kernel: Loaded X.509 cert 'CentOS Linux Driver update signing key: 7f421ee0ab69461574bb358861dbe77762a4201b'
Sep 11 21:07:18 issabel kernel: Loaded X.509 cert 'CentOS Linux kernel signing key: e1fdb0e2a7e861a1d1ca80a23dcf0dba3aa4adf5'
Sep 11 21:07:18 issabel kernel: registered taskstats version 1
Sep 11 21:07:18 issabel kernel: page_owner is disabled
Sep 11 21:07:18 issabel kernel: Key type trusted registered
Sep 11 21:07:18 issabel kernel: Key type encrypted registered
Sep 11 21:07:18 issabel kernel: IMA: No TPM chip found, activating TPM-bypass! (rc=-19)
Sep 11 21:07:18 issabel kernel: BERT: Boot Error Record Table support is disabled. Enable it by using bert_enable as kernel parameter.
Sep 11 21:07:18 issabel kernel:  Magic number: 6:88:104
Sep 11 21:07:18 issabel kernel: usbmon usbmon0: hash matches
Sep 11 21:07:18 issabel kernel: rtc_cmos rtc_cmos: setting system clock to 2022-09-12 01:07:18 UTC (1662944838)
Sep 11 21:07:18 issabel kernel: Freeing unused kernel memory: 1984k freed
Sep 11 21:07:18 issabel kernel: Write protecting the kernel read-only data: 12288k
Sep 11 21:07:18 issabel kernel: Freeing unused kernel memory: 392k freed
Sep 11 21:07:18 issabel kernel: Freeing unused kernel memory: 536k freed
Sep 11 21:07:18 issabel kernel: random: systemd: uninitialized urandom read (16 bytes read)
Sep 11 21:07:18 issabel kernel: random: systemd: uninitialized urandom read (16 bytes read)
Sep 11 21:07:18 issabel kernel: random: systemd: uninitialized urandom read (16 bytes read)
Sep 11 21:07:18 issabel systemd[1]: systemd 219 running in system mode. (+PAM +AUDIT +SELINUX +IMA -APPARMOR +SMACK +SYSVINIT +UTMP +LIBCRYPTSETUP +GCRYPT +GNUTLS +ACL +XZ +LZ4 -SECCOMP +BLKID +ELFUTILS +KMOD +IDN)
Sep 11 21:07:18 issabel systemd[1]: Detected virtualization kvm.
Sep 11 21:07:18 issabel systemd[1]: Detected architecture x86-64.
Sep 11 21:07:18 issabel systemd[1]: Running in initial RAM disk.
Sep 11 21:07:18 issabel systemd[1]: Set hostname to <issabel.local>.
Sep 11 21:07:18 issabel kernel: random: systemd: uninitialized urandom read (16 bytes read)
Sep 11 21:07:18 issabel kernel: random: systemd: uninitialized urandom read (16 bytes read)
Sep 11 21:07:18 issabel kernel: random: systemd: uninitialized urandom read (16 bytes read)
Sep 11 21:07:18 issabel kernel: random: systemd: uninitialized urandom read (16 bytes read)
Sep 11 21:07:18 issabel kernel: random: systemd: uninitialized urandom read (16 bytes read)
Sep 11 21:07:18 issabel kernel: random: systemd: uninitialized urandom read (16 bytes read)
Sep 11 21:07:18 issabel kernel: random: systemd: uninitialized urandom read (16 bytes read)
Sep 11 21:07:18 issabel systemd[1]: Reached target Local File Systems.
Sep 11 21:07:18 issabel systemd[1]: Reached target Timers.
Sep 11 21:07:18 issabel systemd[1]: Created slice Root Slice.
Sep 11 21:07:18 issabel systemd[1]: Listening on udev Control Socket.
Sep 11 21:07:18 issabel systemd[1]: Listening on Journal Socket.
Sep 11 21:07:18 issabel systemd[1]: Listening on udev Kernel Socket.
Sep 11 21:07:18 issabel systemd[1]: Reached target Sockets.
Sep 11 21:07:18 issabel systemd[1]: Reached target Swap.
Sep 11 21:07:18 issabel systemd[1]: Created slice System Slice.
Sep 11 21:07:18 issabel systemd[1]: Starting Apply Kernel Variables...
Sep 11 21:07:18 issabel systemd[1]: Starting Setup Virtual Console...
Sep 11 21:07:18 issabel systemd[1]: Reached target Slices.
Sep 11 21:07:18 issabel systemd[1]: Starting Journal Service...
Sep 11 21:07:18 issabel systemd[1]: Starting Create list of required static device nodes for the current kernel...
Sep 11 21:07:18 issabel systemd[1]: Starting dracut cmdline hook...
Sep 11 21:07:18 issabel systemd[1]: Started Create list of required static device nodes for the current kernel.
Sep 11 21:07:18 issabel systemd[1]: Starting Create Static Device Nodes in /dev...
Sep 11 21:07:18 issabel systemd[1]: Started Apply Kernel Variables.
Sep 11 21:07:18 issabel systemd[1]: Started Create Static Device Nodes in /dev.
Sep 11 21:07:18 issabel journal: Journal started
Sep 11 21:07:18 issabel systemd[1]: Started Journal Service.
Sep 11 21:07:18 issabel systemd: Started Setup Virtual Console.
Sep 11 21:07:18 issabel kernel: psmouse serio1: alps: Unknown ALPS touchpad: E7=10 00 64, EC=10 00 64
Sep 11 21:07:18 issabel kernel: input: ImExPS/2 Generic Explorer Mouse as /devices/platform/i8042/serio1/input/input3
Sep 11 21:07:18 issabel systemd: Started dracut cmdline hook.
Sep 11 21:07:18 issabel systemd: Starting dracut pre-udev hook...
Sep 11 21:07:18 issabel systemd: Started dracut pre-udev hook.
Sep 11 21:07:18 issabel systemd: Starting udev Kernel Device Manager...
Sep 11 21:07:18 issabel systemd-udevd: starting version 219
Sep 11 21:07:18 issabel systemd-udevd: Network interface NamePolicy= disabled on kernel command line, ignoring.
Sep 11 21:07:18 issabel systemd: Started udev Kernel Device Manager.
Sep 11 21:07:18 issabel systemd: Starting udev Coldplug all Devices...
Sep 11 21:07:18 issabel systemd: Mounting Configuration File System...
Sep 11 21:07:18 issabel systemd: Mounted Configuration File System.
Sep 11 21:07:18 issabel systemd: Started udev Coldplug all Devices.
Sep 11 21:07:18 issabel systemd: Reached target System Initialization.
Sep 11 21:07:18 issabel systemd: Starting Show Plymouth Boot Screen...
Sep 11 21:07:18 issabel systemd: Starting dracut initqueue hook...
Sep 11 21:07:18 issabel kernel: usb 1-1: new full-speed USB device number 2 using ohci-pci
Sep 11 21:07:18 issabel kernel: e1000: Intel(R) PRO/1000 Network Driver - version 7.3.21-k8-NAPI
Sep 11 21:07:18 issabel kernel: e1000: Copyright (c) 1999-2006 Intel Corporation.
Sep 11 21:07:18 issabel systemd: Started Show Plymouth Boot Screen.
Sep 11 21:07:18 issabel systemd: Reached target Paths.
Sep 11 21:07:18 issabel systemd: Started Forward Password Requests to Plymouth Directory Watch.
Sep 11 21:07:18 issabel systemd: Reached target Basic System.
Sep 11 21:07:19 issabel kernel: usb 1-1: New USB device found, idVendor=80ee, idProduct=0021, bcdDevice= 1.00
Sep 11 21:07:19 issabel kernel: usb 1-1: New USB device strings: Mfr=1, Product=3, SerialNumber=0
Sep 11 21:07:19 issabel kernel: usb 1-1: Product: USB Tablet
Sep 11 21:07:19 issabel kernel: usb 1-1: Manufacturer: VirtualBox
Sep 11 21:07:19 issabel kernel: tsc: Refined TSC clocksource calibration: 2419.631 MHz
Sep 11 21:07:19 issabel kernel: input: VirtualBox USB Tablet as /devices/pci0000:00/0000:00:06.0/usb1/1-1/1-1:1.0/input/input4
Sep 11 21:07:19 issabel kernel: hid-generic 0003:80EE:0021.0001: input,hidraw0: USB HID v1.10 Mouse [VirtualBox USB Tablet] on usb-0000:00:06.0-1/input0
Sep 11 21:07:19 issabel kernel: e1000 0000:00:03.0 eth0: (PCI:33MHz:32-bit) 08:00:27:08:2a:49
Sep 11 21:07:19 issabel kernel: e1000 0000:00:03.0 eth0: Intel(R) PRO/1000 Network Connection
Sep 11 21:07:19 issabel kernel: scsi host0: ata_piix
Sep 11 21:07:19 issabel kernel: scsi host1: ata_piix
Sep 11 21:07:19 issabel kernel: ata1: PATA max UDMA/33 cmd 0x1f0 ctl 0x3f6 bmdma 0xd000 irq 14
Sep 11 21:07:19 issabel kernel: ata2: PATA max UDMA/33 cmd 0x170 ctl 0x376 bmdma 0xd008 irq 15
Sep 11 21:07:19 issabel kernel: [drm] DMA map mode: Keeping DMA mappings.
Sep 11 21:07:19 issabel kernel: [drm] Capabilities:
Sep 11 21:07:19 issabel kernel: [drm]   Cursor.
Sep 11 21:07:19 issabel kernel: [drm]   Cursor bypass 2.
Sep 11 21:07:19 issabel kernel: [drm]   Alpha cursor.
Sep 11 21:07:19 issabel kernel: [drm]   3D.
Sep 11 21:07:19 issabel kernel: [drm]   Extended Fifo.
Sep 11 21:07:19 issabel kernel: [drm]   Pitchlock.
Sep 11 21:07:19 issabel kernel: [drm]   Irq mask.
Sep 11 21:07:19 issabel kernel: [drm]   GMR.
Sep 11 21:07:19 issabel kernel: [drm]   Traces.
Sep 11 21:07:19 issabel kernel: [drm]   GMR2.
Sep 11 21:07:19 issabel kernel: [drm]   Screen Object 2.
Sep 11 21:07:19 issabel kernel: [drm] Max GMR ids is 8192
Sep 11 21:07:19 issabel kernel: [drm] Max number of GMR pages is 1048576
Sep 11 21:07:19 issabel kernel: [drm] Max dedicated hypervisor surface memory is 507904 kiB
Sep 11 21:07:19 issabel kernel: [drm] Maximum display memory size is 16384 kiB
Sep 11 21:07:19 issabel kernel: [drm] VRAM at 0xe0000000 size is 16384 kiB
Sep 11 21:07:19 issabel kernel: [drm] MMIO at 0xf0000000 size is 2048 kiB
Sep 11 21:07:19 issabel kernel: [TTM] Zone  kernel: Available graphics memory: 2022634 kiB
Sep 11 21:07:19 issabel kernel: [TTM] Initializing pool allocator
Sep 11 21:07:19 issabel kernel: [TTM] Initializing DMA pool allocator
Sep 11 21:07:19 issabel kernel: [drm] Supports vblank timestamp caching Rev 2 (21.10.2013).
Sep 11 21:07:19 issabel kernel: [drm] No driver support for vblank timestamp query.
Sep 11 21:07:19 issabel kernel: [drm] Screen Objects Display Unit initialized
Sep 11 21:07:19 issabel kernel: [drm] width 720
Sep 11 21:07:19 issabel kernel: [drm] height 400
Sep 11 21:07:19 issabel kernel: [drm] bpp 32
Sep 11 21:07:19 issabel kernel: [drm] Fifo max 0x00200000 min 0x00001000 cap 0x00000355
Sep 11 21:07:19 issabel kernel: [drm] DX: no.
Sep 11 21:07:19 issabel kernel: [drm] Atomic: yes.
Sep 11 21:07:19 issabel kernel: [drm] SM4_1: no.
Sep 11 21:07:19 issabel kernel: [drm:vmw_host_log [vmwgfx]] *ERROR* Failed to send host log message.
Sep 11 21:07:19 issabel kernel: [drm:vmw_host_log [vmwgfx]] *ERROR* Failed to send host log message.
Sep 11 21:07:19 issabel kernel: fbcon: svgadrmfb (fb0) is primary device
Sep 11 21:07:19 issabel kernel: Console: switching to colour frame buffer device 100x37
Sep 11 21:07:19 issabel kernel: [drm] Initialized vmwgfx 2.15.0 20180704 for 0000:00:02.0 on minor 0
Sep 11 21:07:19 issabel kernel: ata2.00: ATAPI: VBOX CD-ROM, 1.0, max UDMA/133
Sep 11 21:07:19 issabel kernel: ata2.00: configured for UDMA/33
Sep 11 21:07:19 issabel kernel: ata1.00: ATA-6: VBOX HARDDISK, 1.0, max UDMA/133
Sep 11 21:07:19 issabel kernel: ata1.00: 32145968 sectors, multi 128: LBA 
Sep 11 21:07:19 issabel kernel: ata1.00: configured for UDMA/33
Sep 11 21:07:19 issabel kernel: scsi 0:0:0:0: Direct-Access     ATA      VBOX HARDDISK    1.0  PQ: 0 ANSI: 5
Sep 11 21:07:19 issabel kernel: scsi 1:0:0:0: CD-ROM            VBOX     CD-ROM           1.0  PQ: 0 ANSI: 5
Sep 11 21:07:19 issabel kernel: e1000 0000:00:08.0 eth1: (PCI:33MHz:32-bit) 08:00:27:38:f5:9d
Sep 11 21:07:19 issabel kernel: e1000 0000:00:08.0 eth1: Intel(R) PRO/1000 Network Connection
Sep 11 21:07:19 issabel kernel: sd 0:0:0:0: [sda] 32145968 512-byte logical blocks: (16.4 GB/15.3 GiB)
Sep 11 21:07:19 issabel kernel: sd 0:0:0:0: [sda] Write Protect is off
Sep 11 21:07:19 issabel kernel: sd 0:0:0:0: [sda] Write cache: enabled, read cache: enabled, doesn't support DPO or FUA
Sep 11 21:07:20 issabel kernel: sda: sda1 sda2 sda3
Sep 11 21:07:20 issabel kernel: sd 0:0:0:0: [sda] Attached SCSI disk
Sep 11 21:07:20 issabel kernel: sr 1:0:0:0: [sr0] scsi3-mmc drive: 32x/32x xa/form2 tray
Sep 11 21:07:20 issabel kernel: cdrom: Uniform CD-ROM driver Revision: 3.20
Sep 11 21:07:20 issabel kernel: random: fast init done
Sep 11 21:07:20 issabel systemd: Found device VBOX_HARDDISK 3.
Sep 11 21:07:20 issabel systemd: Starting File System Check on /dev/disk/by-uuid/0d5851af-702b-448a-bbfa-6a361f879e66...
Sep 11 21:07:20 issabel systemd-fsck: /dev/sda3: recovering journal
Sep 11 21:07:20 issabel systemd: Started dracut initqueue hook.
Sep 11 21:07:20 issabel systemd: Reached target Remote File Systems (Pre).
Sep 11 21:07:20 issabel systemd: Reached target Remote File Systems.
Sep 11 21:07:20 issabel systemd-fsck: /dev/sda3: Clearing orphaned inode 795804 (uid=997, gid=993, mode=0100600, size=0)
Sep 11 21:07:20 issabel systemd-fsck: /dev/sda3: Clearing orphaned inode 795799 (uid=27, gid=27, mode=0100600, size=0)
Sep 11 21:07:20 issabel systemd-fsck: /dev/sda3: Clearing orphaned inode 795798 (uid=27, gid=27, mode=0100600, size=0)
Sep 11 21:07:20 issabel systemd-fsck: /dev/sda3: Clearing orphaned inode 795797 (uid=27, gid=27, mode=0100600, size=0)
Sep 11 21:07:20 issabel systemd-fsck: /dev/sda3: Clearing orphaned inode 795796 (uid=27, gid=27, mode=0100600, size=0)
Sep 11 21:07:20 issabel systemd-fsck: /dev/sda3: Clearing orphaned inode 795795 (uid=27, gid=27, mode=0100600, size=0)
Sep 11 21:07:20 issabel systemd-fsck: /dev/sda3: clean, 107016/886464 files, 979777/3538944 blocks
Sep 11 21:07:20 issabel systemd: Started File System Check on /dev/disk/by-uuid/0d5851af-702b-448a-bbfa-6a361f879e66.
Sep 11 21:07:20 issabel systemd: Mounting /sysroot...
Sep 11 21:07:20 issabel kernel: EXT4-fs (sda3): mounted filesystem with ordered data mode. Opts: (null)
Sep 11 21:07:20 issabel systemd: Mounted /sysroot.
Sep 11 21:07:20 issabel systemd: Reached target Initrd Root File System.
Sep 11 21:07:20 issabel systemd: Starting Reload Configuration from the Real Root...
Sep 11 21:07:20 issabel systemd: Reloading.
Sep 11 21:07:20 issabel systemd: Started Reload Configuration from the Real Root.
Sep 11 21:07:20 issabel systemd: Reached target Initrd File Systems.
Sep 11 21:07:20 issabel systemd: Reached target Initrd Default Target.
Sep 11 21:07:20 issabel systemd: Starting dracut pre-pivot and cleanup hook...
Sep 11 21:07:21 issabel systemd: Started dracut pre-pivot and cleanup hook.
Sep 11 21:07:21 issabel systemd: Starting Cleaning Up and Shutting Down Daemons...
Sep 11 21:07:21 issabel systemd: Stopped dracut pre-pivot and cleanup hook.
Sep 11 21:07:21 issabel systemd: Stopped target Initrd Default Target.
Sep 11 21:07:21 issabel systemd: Stopped target Basic System.
Sep 11 21:07:21 issabel systemd: Stopped target Sockets.
Sep 11 21:07:21 issabel systemd: Stopped target Paths.
Sep 11 21:07:21 issabel systemd: Stopped target Timers.
Sep 11 21:07:21 issabel systemd: Starting Plymouth switch root service...
Sep 11 21:07:21 issabel systemd: Stopped target Slices.
Sep 11 21:07:21 issabel systemd: Stopped target System Initialization.
Sep 11 21:07:21 issabel systemd: Stopping udev Kernel Device Manager...
Sep 11 21:07:21 issabel systemd: Stopped Apply Kernel Variables.
Sep 11 21:07:21 issabel systemd: Stopped target Swap.
Sep 11 21:07:21 issabel systemd: Stopped target Local File Systems.
Sep 11 21:07:21 issabel systemd: Stopped target Remote File Systems.
Sep 11 21:07:21 issabel systemd: Stopped target Remote File Systems (Pre).
Sep 11 21:07:21 issabel systemd: Stopped dracut initqueue hook.
Sep 11 21:07:21 issabel systemd: Stopped udev Coldplug all Devices.
Sep 11 21:07:21 issabel systemd: Stopped udev Kernel Device Manager.
Sep 11 21:07:21 issabel systemd: Started Cleaning Up and Shutting Down Daemons.
Sep 11 21:07:21 issabel systemd: Stopped Create Static Device Nodes in /dev.
Sep 11 21:07:21 issabel systemd: Stopped Create list of required static device nodes for the current kernel.
Sep 11 21:07:21 issabel systemd: Stopped dracut pre-udev hook.
Sep 11 21:07:21 issabel systemd: Stopped dracut cmdline hook.
Sep 11 21:07:21 issabel systemd: Closed udev Control Socket.
Sep 11 21:07:21 issabel systemd: Closed udev Kernel Socket.
Sep 11 21:07:21 issabel systemd: Starting Cleanup udevd DB...
Sep 11 21:07:21 issabel systemd: Started Cleanup udevd DB.
Sep 11 21:07:21 issabel systemd: Reached target Switch Root.
Sep 11 21:07:21 issabel systemd: Started Plymouth switch root service.
Sep 11 21:07:21 issabel systemd: Starting Switch Root...
Sep 11 21:07:21 issabel systemd: Switching root.
Sep 11 21:07:21 issabel journal: Journal stopped
Sep 11 21:07:21 issabel journal: Runtime journal is using 8.0M (max allowed 197.5M, trying to leave 296.2M free of 1.9G available  current limit 197.5M).
Sep 11 21:07:21 issabel systemd-journald[91]: Received SIGTERM from PID 1 (systemd).
Sep 11 21:07:21 issabel kernel: SELinux:  Disabled at runtime.
Sep 11 21:07:21 issabel kernel: type=1404 audit(1662944841.213:2): selinux=0 auid=4294967295 ses=4294967295
Sep 11 21:07:21 issabel kernel: ip_tables: (C) 2000-2006 Netfilter Core Team
Sep 11 21:07:21 issabel systemd[1]: Inserted module 'ip_tables'
Sep 11 21:07:21 issabel kernel: random: crng init done
Sep 11 21:07:21 issabel journal: Journal started
Sep 11 21:07:21 issabel systemd: systemd 219 running in system mode. (+PAM +AUDIT +SELINUX +IMA -APPARMOR +SMACK +SYSVINIT +UTMP +LIBCRYPTSETUP +GCRYPT +GNUTLS +ACL +XZ +LZ4 -SECCOMP +BLKID +ELFUTILS +KMOD +IDN)
Sep 11 21:07:21 issabel kernel: EXT4-fs (sda3): re-mounted. Opts: (null)
Sep 11 21:07:21 issabel systemd: Detected virtualization kvm.
Sep 11 21:07:21 issabel systemd: Detected architecture x86-64.
Sep 11 21:07:21 issabel systemd: Set hostname to <issabel.local>.
Sep 11 21:07:21 issabel systemd: Started Create list of required static device nodes for the current kernel.
Sep 11 21:07:21 issabel systemd: Started Read and set NIS domainname from /etc/sysconfig/network.
Sep 11 21:07:21 issabel systemd: Started Remount Root and Kernel File Systems.
Sep 11 21:07:21 issabel systemd: Mounted Debug File System.
Sep 11 21:07:21 issabel systemd: Starting Configure read-only root support...
Sep 11 21:07:21 issabel systemd: Starting udev Coldplug all Devices...
Sep 11 21:07:21 issabel systemd: Starting Create Static Device Nodes in /dev...
Sep 11 21:07:21 issabel systemd: Starting Flush Journal to Persistent Storage...
Sep 11 21:07:21 issabel systemd: Started Apply Kernel Variables.
Sep 11 21:07:21 issabel systemd: Started LVM2 metadata daemon.
Sep 11 21:07:21 issabel systemd: Started Flush Journal to Persistent Storage.
Sep 11 21:07:21 issabel systemd: Started Create Static Device Nodes in /dev.
Sep 11 21:07:21 issabel systemd: Starting udev Kernel Device Manager...
Sep 11 21:07:21 issabel systemd: Started Configure read-only root support.
Sep 11 21:07:21 issabel systemd: Starting Load/Save Random Seed...
Sep 11 21:07:21 issabel systemd-udevd: starting version 219
Sep 11 21:07:21 issabel systemd-udevd: Network interface NamePolicy= disabled on kernel command line, ignoring.
Sep 11 21:07:21 issabel systemd: Started Load/Save Random Seed.
Sep 11 21:07:21 issabel systemd: Started udev Coldplug all Devices.
Sep 11 21:07:21 issabel systemd: Starting udev Wait for Complete Device Initialization...
Sep 11 21:07:21 issabel systemd: Started udev Kernel Device Manager.
Sep 11 21:07:21 issabel kernel: piix4_smbus 0000:00:07.0: SMBus Host Controller at 0x4100, revision 0
Sep 11 21:07:21 issabel kernel: ACPI: Video Device [GFX0] (multi-head: yes  rom: no  post: no)
Sep 11 21:07:21 issabel kernel: input: Video Bus as /devices/LNXSYSTM:00/device:00/PNP0A03:00/LNXVIDEO:00/input/input5
Sep 11 21:07:21 issabel kernel: sd 0:0:0:0: Attached scsi generic sg0 type 0
Sep 11 21:07:21 issabel kernel: sr 1:0:0:0: Attached scsi generic sg1 type 5
Sep 11 21:07:21 issabel kernel: input: PC Speaker as /devices/platform/pcspkr/input/input6
Sep 11 21:07:21 issabel kernel: cryptd: max_cpu_qlen set to 1000
Sep 11 21:07:21 issabel systemd: Found device VBOX_HARDDISK 2.
Sep 11 21:07:21 issabel systemd: Activating swap /dev/disk/by-uuid/87ac1411-239b-438e-ab03-5b6cc4778cbd...
Sep 11 21:07:22 issabel systemd: Found device VBOX_HARDDISK 1.
Sep 11 21:07:22 issabel kernel: AVX2 version of gcm_enc/dec engaged.
Sep 11 21:07:22 issabel kernel: AES CTR mode by8 optimization enabled
Sep 11 21:07:22 issabel kernel: ppdev: user-space parallel port driver
Sep 11 21:07:22 issabel kernel: Adding 1607676k swap on /dev/sda2.  Priority:-2 extents:1 across:1607676k FS
Sep 11 21:07:22 issabel systemd: Activated swap /dev/disk/by-uuid/87ac1411-239b-438e-ab03-5b6cc4778cbd.
Sep 11 21:07:22 issabel systemd: Reached target Swap.
Sep 11 21:07:22 issabel kernel: alg: No test for __gcm-aes-aesni (__driver-gcm-aes-aesni)
Sep 11 21:07:22 issabel kernel: alg: No test for __generic-gcm-aes-aesni (__driver-generic-gcm-aes-aesni)
Sep 11 21:07:22 issabel systemd: Started Monitoring of LVM2 mirrors, snapshots etc. using dmeventd or progress polling.
Sep 11 21:07:22 issabel systemd: Reached target Local File Systems (Pre).
Sep 11 21:07:22 issabel systemd: Starting File System Check on /dev/disk/by-uuid/670a1af8-ca29-4cc7-ae4e-8f93ce836c75...
Sep 11 21:07:22 issabel systemd-fsck: /dev/sda1: recovering journal
Sep 11 21:07:22 issabel systemd-fsck: /dev/sda1: clean, 351/76912 files, 136604/307200 blocks
Sep 11 21:07:22 issabel systemd: Started File System Check on /dev/disk/by-uuid/670a1af8-ca29-4cc7-ae4e-8f93ce836c75.
Sep 11 21:07:22 issabel systemd: Mounting /boot...
Sep 11 21:07:22 issabel systemd: Mounted /boot.
Sep 11 21:07:22 issabel kernel: EXT4-fs (sda1): mounted filesystem with ordered data mode. Opts: (null)
Sep 11 21:07:22 issabel kernel: snd_intel8x0 0000:00:05.0: intel8x0_measure_ac97_clock: measured 50473 usecs (2400 samples)
Sep 11 21:07:22 issabel kernel: snd_intel8x0 0000:00:05.0: clocking to 48000
Sep 11 21:07:22 issabel systemd: Reached target Sound Card.
Sep 11 21:07:23 issabel systemd: Received SIGRTMIN+20 from PID 225 (plymouthd).
Sep 11 21:07:24 issabel kernel: floppy0: no floppy controllers found
Sep 11 21:07:24 issabel kernel: work still pending
Sep 11 21:07:24 issabel systemd: Started udev Wait for Complete Device Initialization.
Sep 11 21:07:24 issabel systemd: Starting Activation of DM RAID sets...
Sep 11 21:07:24 issabel kernel: device-mapper: uevent: version 1.0.3
Sep 11 21:07:24 issabel kernel: device-mapper: ioctl: 4.37.1-ioctl (2018-04-03) initialised: dm-devel@redhat.com
Sep 11 21:07:24 issabel systemd: Started Activation of DM RAID sets.
Sep 11 21:07:24 issabel systemd: Reached target Local File Systems.
Sep 11 21:07:24 issabel systemd: Starting Import network configuration from initramfs...
Sep 11 21:07:24 issabel systemd: Starting Tell Plymouth To Write Out Runtime Data...
Sep 11 21:07:24 issabel systemd: Reached target Local Encrypted Volumes.
Sep 11 21:07:24 issabel systemd: Started Tell Plymouth To Write Out Runtime Data.
Sep 11 21:07:24 issabel systemd: Started Import network configuration from initramfs.
Sep 11 21:07:24 issabel systemd: Starting Create Volatile Files and Directories...
Sep 11 21:07:25 issabel systemd: Started Create Volatile Files and Directories.
Sep 11 21:07:25 issabel systemd: Starting Security Auditing Service...
Sep 11 21:07:25 issabel auditd[497]: Started dispatcher: /sbin/audispd pid: 499
Sep 11 21:07:25 issabel kernel: type=1305 audit(1662944845.025:3): audit_pid=497 old=0 auid=4294967295 ses=4294967295 res=1
Sep 11 21:07:25 issabel audispd: No plugins found, exiting
Sep 11 21:07:25 issabel auditd[497]: Init complete, auditd 2.8.5 listening for events (startup state enable)
Sep 11 21:07:25 issabel augenrules: /sbin/augenrules: No change
Sep 11 21:07:25 issabel augenrules: No rules
Sep 11 21:07:25 issabel augenrules: enabled 1
Sep 11 21:07:25 issabel augenrules: failure 1
Sep 11 21:07:25 issabel augenrules: pid 497
Sep 11 21:07:25 issabel augenrules: rate_limit 0
Sep 11 21:07:25 issabel augenrules: backlog_limit 8192
Sep 11 21:07:25 issabel augenrules: lost 0
Sep 11 21:07:25 issabel augenrules: backlog 1
Sep 11 21:07:25 issabel augenrules: enabled 1
Sep 11 21:07:25 issabel augenrules: failure 1
Sep 11 21:07:25 issabel augenrules: pid 497
Sep 11 21:07:25 issabel augenrules: rate_limit 0
Sep 11 21:07:25 issabel augenrules: backlog_limit 8192
Sep 11 21:07:25 issabel augenrules: lost 0
Sep 11 21:07:25 issabel augenrules: backlog 1
Sep 11 21:07:25 issabel systemd: Started Security Auditing Service.
Sep 11 21:07:25 issabel systemd: Starting Update UTMP about System Boot/Shutdown...
Sep 11 21:07:25 issabel systemd: Started Update UTMP about System Boot/Shutdown.
Sep 11 21:07:25 issabel systemd: Reached target System Initialization.
Sep 11 21:07:25 issabel systemd: Listening on D-Bus System Message Bus Socket.
Sep 11 21:07:25 issabel systemd: Listening on Avahi mDNS/DNS-SD Stack Activation Socket.
Sep 11 21:07:25 issabel systemd: Reached target Sockets.
Sep 11 21:07:25 issabel systemd: Reached target Basic System.
Sep 11 21:07:25 issabel systemd: Starting Login Service...
Sep 11 21:07:25 issabel systemd: Started irqbalance daemon.
Sep 11 21:07:25 issabel systemd: Starting Permit User Sessions...
Sep 11 21:07:25 issabel systemd: Started D-Bus System Message Bus.
Sep 11 21:07:25 issabel /usr/sbin/irqbalance: Balancing is ineffective on systems with a single cpu.  Shutting down
Sep 11 21:07:25 issabel systemd: Starting Network Manager...
Sep 11 21:07:25 issabel systemd: Starting Dump dmesg to /var/log/dmesg...
Sep 11 21:07:25 issabel systemd: Starting SASL authentication daemon....
Sep 11 21:07:25 issabel systemd: Starting Authorization Manager...
Sep 11 21:07:25 issabel systemd: Starting IP sets for iptables...
Sep 11 21:07:25 issabel systemd: Starting Avahi mDNS/DNS-SD Stack...
Sep 11 21:07:25 issabel systemd: Started Daily Cleanup of Temporary Directories.
Sep 11 21:07:25 issabel systemd: Reached target Timers.
Sep 11 21:07:25 issabel systemd: Started Permit User Sessions.
Sep 11 21:07:25 issabel systemd-logind: New seat seat0.
Sep 11 21:07:25 issabel systemd-logind: Watching system buttons on /dev/input/event0 (Power Button)
Sep 11 21:07:25 issabel systemd-logind: Watching system buttons on /dev/input/event1 (Sleep Button)
Sep 11 21:07:25 issabel systemd-logind: Watching system buttons on /dev/input/event5 (Video Bus)
Sep 11 21:07:25 issabel systemd: Started Login Service.
Sep 11 21:07:25 issabel systemd: Started Job spooling tools.
Sep 11 21:07:25 issabel systemd: Started Dump dmesg to /var/log/dmesg.
Sep 11 21:07:25 issabel avahi-daemon[531]: Found user 'avahi' (UID 70) and group 'avahi' (GID 70).
Sep 11 21:07:25 issabel avahi-daemon[531]: Successfully dropped root privileges.
Sep 11 21:07:25 issabel avahi-daemon[531]: avahi-daemon 0.6.31 starting up.
Sep 11 21:07:25 issabel avahi-daemon[531]: WARNING: No NSS support for mDNS detected, consider installing nss-mdns!
Sep 11 21:07:25 issabel systemd: Started Avahi mDNS/DNS-SD Stack.
Sep 11 21:07:25 issabel avahi-daemon[531]: Successfully called chroot().
Sep 11 21:07:25 issabel avahi-daemon[531]: Successfully dropped remaining capabilities.
Sep 11 21:07:25 issabel avahi-daemon[531]: No service file found in /etc/avahi/services.
Sep 11 21:07:25 issabel saslauthd[541]: detach_tty      : master pid is: 541
Sep 11 21:07:25 issabel saslauthd[541]: ipc_init        : listening on socket: /run/saslauthd/mux
Sep 11 21:07:25 issabel avahi-daemon[531]: Network interface enumeration completed.
Sep 11 21:07:25 issabel avahi-daemon[531]: Registering HINFO record with values 'X86_64'/'LINUX'.
Sep 11 21:07:25 issabel avahi-daemon[531]: Server startup complete. Host name is issabel.local. Local service cookie is 468914625.
Sep 11 21:07:25 issabel systemd: Started SASL authentication daemon..
Sep 11 21:07:25 issabel polkitd[528]: Started polkitd version 0.112
Sep 11 21:07:25 issabel kernel: Netfilter messages via NETLINK v0.30.
Sep 11 21:07:25 issabel NetworkManager[525]: <info>  [1662944845.4353] NetworkManager (version 1.18.8-1.el7) is starting... (for the first time)
Sep 11 21:07:25 issabel NetworkManager[525]: <info>  [1662944845.4354] Read config: /etc/NetworkManager/NetworkManager.conf (lib: 10-slaves-order.conf)
Sep 11 21:07:25 issabel kernel: ip_set: protocol 7
Sep 11 21:07:25 issabel systemd: Started Network Manager.
Sep 11 21:07:25 issabel systemd: Starting Network Manager Wait Online...
Sep 11 21:07:25 issabel NetworkManager[525]: <info>  [1662944845.4452] bus-manager: acquired D-Bus service "org.freedesktop.NetworkManager"
Sep 11 21:07:25 issabel NetworkManager[525]: <info>  [1662944845.4473] manager[0x55e900f46030]: monitoring kernel firmware directory '/lib/firmware'.
Sep 11 21:07:25 issabel dbus[522]: [system] Activating via systemd: service name='org.freedesktop.hostname1' unit='dbus-org.freedesktop.hostname1.service'
Sep 11 21:07:25 issabel systemd: Starting Hostname Service...
Sep 11 21:07:25 issabel dbus[522]: [system] Successfully activated service 'org.freedesktop.hostname1'
Sep 11 21:07:25 issabel NetworkManager[525]: <info>  [1662944845.5201] hostname: hostname: using hostnamed
Sep 11 21:07:25 issabel NetworkManager[525]: <info>  [1662944845.5202] hostname: hostname changed from (none) to "issabel.local"
Sep 11 21:07:25 issabel NetworkManager[525]: <info>  [1662944845.5205] dns-mgr[0x55e900f2b220]: init: dns=default,systemd-resolved rc-manager=file
Sep 11 21:07:25 issabel dbus[522]: [system] Activating via systemd: service name='org.freedesktop.nm_dispatcher' unit='dbus-org.freedesktop.nm-dispatcher.service'
Sep 11 21:07:25 issabel systemd: Started IP sets for iptables.
Sep 11 21:07:25 issabel systemd: Started Hostname Service.
Sep 11 21:07:25 issabel systemd: Started Authorization Manager.
Sep 11 21:07:25 issabel systemd: Starting Network Manager Script Dispatcher Service...
