Oct  5 04:02:35 issabel rsyslogd: [origin software="rsyslogd" swVersion="8.24.0-55.el7" x-pid="802" x-info="http://www.rsyslog.com"] rsyslogd was HUPed
Oct  5 04:02:35 issabel logrotate: ALERT exited abnormally with [1]
Oct  5 04:02:49 issabel systemd: Started Session c233 of user root.
Oct  5 04:03:49 issabel systemd: Started Session c234 of user root.
Oct  5 04:04:49 issabel systemd: Started Session c235 of user root.
Oct  5 04:05:01 issabel systemd: Started Session 54 of user root.
Oct  5 04:05:32 issabel dhclient[2603]: DHCPREQUEST on eth1 to 192.168.56.100 port 67 (xid=0x57b83cc8)
Oct  5 04:05:32 issabel dhclient[2603]: DHCPACK from 192.168.56.100 (xid=0x57b83cc8)
Oct  5 04:05:34 issabel dhclient[2603]: bound to 192.168.56.102 -- renewal in 229 seconds.
Oct  5 04:05:49 issabel systemd: Started Session c236 of user root.
Oct  5 04:06:49 issabel systemd: Started Session c237 of user root.
Oct  5 04:07:49 issabel systemd: Started Session c238 of user root.
Oct  5 04:08:49 issabel systemd: Started Session c239 of user root.
Oct  5 04:09:24 issabel dhclient[2603]: DHCPREQUEST on eth1 to 192.168.56.100 port 67 (xid=0x57b83cc8)
Oct  5 04:09:24 issabel dhclient[2603]: DHCPACK from 192.168.56.100 (xid=0x57b83cc8)
Oct  5 04:09:26 issabel dhclient[2603]: bound to 192.168.56.102 -- renewal in 279 seconds.
Oct  5 04:09:49 issabel systemd: Started Session c240 of user root.
Oct  5 04:10:01 issabel systemd: Started Session 56 of user root.
Oct  5 04:10:01 issabel systemd: Started Session 55 of user root.
Oct  5 04:10:49 issabel systemd: Started Session c241 of user root.
Oct  5 04:11:49 issabel systemd: Started Session c242 of user root.
Oct  5 04:12:49 issabel systemd: Started Session c243 of user root.
Oct  5 04:13:49 issabel systemd: Started Session c244 of user root.
Oct  5 04:14:05 issabel dhclient[2603]: DHCPREQUEST on eth1 to 192.168.56.100 port 67 (xid=0x57b83cc8)
Oct  5 04:14:05 issabel dhclient[2603]: DHCPACK from 192.168.56.100 (xid=0x57b83cc8)
Oct  5 04:14:07 issabel dhclient[2603]: bound to 192.168.56.102 -- renewal in 260 seconds.
Oct  5 04:14:49 issabel systemd: Started Session c245 of user root.
Oct  5 04:15:01 issabel systemd: Started Session 57 of user root.
Oct  5 04:15:49 issabel systemd: Started Session c246 of user root.
Oct  5 04:16:01 issabel systemd: Started Session 58 of user asterisk.
Oct  5 04:16:49 issabel systemd: Started Session c247 of user root.
Oct  5 04:17:49 issabel systemd: Started Session c248 of user root.
Oct  5 04:18:27 issabel dhclient[2603]: DHCPREQUEST on eth1 to 192.168.56.100 port 67 (xid=0x57b83cc8)
Oct  5 04:18:27 issabel dhclient[2603]: DHCPACK from 192.168.56.100 (xid=0x57b83cc8)
Oct  5 04:18:30 issabel dhclient[2603]: bound to 192.168.56.102 -- renewal in 270 seconds.
Oct  5 04:18:49 issabel systemd: Started Session c249 of user root.
Oct  5 04:19:49 issabel systemd: Started Session c250 of user root.
Oct  5 04:20:01 issabel systemd: Started Session 59 of user root.
Oct  5 04:20:49 issabel systemd: Started Session c251 of user root.
Oct  5 04:21:49 issabel systemd: Started Session c252 of user root.
Oct  5 04:22:49 issabel systemd: Started Session c253 of user root.
Oct  5 04:23:00 issabel dhclient[2603]: DHCPREQUEST on eth1 to 192.168.56.100 port 67 (xid=0x57b83cc8)
Oct  5 04:23:00 issabel dhclient[2603]: DHCPACK from 192.168.56.100 (xid=0x57b83cc8)
Oct  5 04:23:02 issabel dhclient[2603]: bound to 192.168.56.102 -- renewal in 249 seconds.
Oct  5 04:23:49 issabel systemd: Started Session c254 of user root.
Oct  5 04:24:49 issabel systemd: Started Session c255 of user root.
Oct  5 04:25:01 issabel systemd: Started Session 60 of user root.
Oct  5 04:25:49 issabel systemd: Started Session c256 of user root.
Oct  5 04:26:49 issabel systemd: Started Session c257 of user root.
Oct  5 04:27:11 issabel dhclient[2603]: DHCPREQUEST on eth1 to 192.168.56.100 port 67 (xid=0x57b83cc8)
Oct  5 04:27:12 issabel dhclient[2603]: DHCPACK from 192.168.56.100 (xid=0x57b83cc8)
Oct  5 04:27:14 issabel dhclient[2603]: bound to 192.168.56.102 -- renewal in 247 seconds.
Oct  5 04:27:49 issabel systemd: Started Session c258 of user root.
Oct  5 04:28:49 issabel systemd: Started Session c259 of user root.
Oct  5 04:29:49 issabel systemd: Started Session c260 of user root.
Oct  5 04:30:01 issabel systemd: Started Session 61 of user root.
Oct  5 04:30:49 issabel systemd: Started Session c261 of user root.
Oct  5 04:31:21 issabel dhclient[2603]: DHCPREQUEST on eth1 to 192.168.56.100 port 67 (xid=0x57b83cc8)
Oct  5 04:31:21 issabel dhclient[2603]: DHCPACK from 192.168.56.100 (xid=0x57b83cc8)
Oct  5 04:31:23 issabel dhclient[2603]: bound to 192.168.56.102 -- renewal in 287 seconds.
Oct  5 04:31:49 issabel systemd: Started Session c262 of user root.
Oct  5 04:32:49 issabel systemd: Started Session c263 of user root.
Oct  5 04:33:49 issabel systemd: Started Session c264 of user root.
Oct  5 04:34:49 issabel systemd: Started Session c265 of user root.
Oct  5 04:35:01 issabel systemd: Started Session 62 of user root.
Oct  5 04:35:49 issabel systemd: Started Session c266 of user root.
Oct  5 04:36:10 issabel dhclient[2603]: DHCPREQUEST on eth1 to 192.168.56.100 port 67 (xid=0x57b83cc8)
Oct  5 04:36:10 issabel dhclient[2603]: DHCPACK from 192.168.56.100 (xid=0x57b83cc8)
Oct  5 04:36:13 issabel dhclient[2603]: bound to 192.168.56.102 -- renewal in 290 seconds.
Oct  5 04:36:49 issabel systemd: Started Session c267 of user root.
Oct  5 04:37:49 issabel systemd: Started Session c268 of user root.
Oct  5 04:38:49 issabel systemd: Started Session c269 of user root.
Oct  5 04:39:49 issabel systemd: Started Session c270 of user root.
Oct  5 04:40:01 issabel systemd: Started Session 63 of user root.
Oct  5 04:40:49 issabel systemd: Started Session c271 of user root.
Oct  5 04:41:03 issabel dhclient[2603]: DHCPREQUEST on eth1 to 192.168.56.100 port 67 (xid=0x57b83cc8)
Oct  5 04:41:03 issabel dhclient[2603]: DHCPACK from 192.168.56.100 (xid=0x57b83cc8)
Oct  5 04:41:05 issabel dhclient[2603]: bound to 192.168.56.102 -- renewal in 242 seconds.
Oct  5 04:41:49 issabel systemd: Started Session c272 of user root.
Oct  5 04:42:49 issabel systemd: Started Session c273 of user root.
Oct  5 04:43:49 issabel systemd: Started Session c274 of user root.
Oct  5 04:44:49 issabel systemd: Started Session c275 of user root.
Oct  5 04:45:01 issabel systemd: Started Session 64 of user root.
Oct  5 04:45:07 issabel dhclient[2603]: DHCPREQUEST on eth1 to 192.168.56.100 port 67 (xid=0x57b83cc8)
Oct  5 04:45:07 issabel dhclient[2603]: DHCPACK from 192.168.56.100 (xid=0x57b83cc8)
Oct  5 04:45:09 issabel dhclient[2603]: bound to 192.168.56.102 -- renewal in 269 seconds.
Oct  5 04:45:49 issabel systemd: Started Session c276 of user root.
Oct  5 04:46:01 issabel systemd: Started Session 65 of user root.
Oct  5 04:46:49 issabel systemd: Started Session c277 of user root.
Oct  5 04:47:49 issabel systemd: Started Session c278 of user root.
Oct  5 04:48:49 issabel systemd: Started Session c279 of user root.
Oct  5 04:49:38 issabel dhclient[2603]: DHCPREQUEST on eth1 to 192.168.56.100 port 67 (xid=0x57b83cc8)
Oct  5 04:49:38 issabel dhclient[2603]: DHCPACK from 192.168.56.100 (xid=0x57b83cc8)
Oct  5 04:49:40 issabel dhclient[2603]: bound to 192.168.56.102 -- renewal in 258 seconds.
Oct  5 04:49:49 issabel systemd: Started Session c280 of user root.
Oct  5 04:50:01 issabel systemd: Started Session 66 of user root.
Oct  5 04:50:49 issabel systemd: Started Session c281 of user root.
Oct  5 04:51:49 issabel systemd: Started Session c282 of user root.
Oct  5 04:52:49 issabel systemd: Started Session c283 of user root.
Oct  5 04:53:49 issabel systemd: Started Session c284 of user root.
Oct  5 04:53:58 issabel dhclient[2603]: DHCPREQUEST on eth1 to 192.168.56.100 port 67 (xid=0x57b83cc8)
Oct  5 04:53:58 issabel dhclient[2603]: DHCPACK from 192.168.56.100 (xid=0x57b83cc8)
Oct  5 04:54:01 issabel dhclient[2603]: bound to 192.168.56.102 -- renewal in 224 seconds.
Oct  5 04:54:49 issabel systemd: Started Session c285 of user root.
Oct  5 04:55:01 issabel systemd: Started Session 67 of user root.
Oct  5 04:55:49 issabel systemd: Started Session c286 of user root.
Oct  5 04:56:49 issabel systemd: Started Session c287 of user root.
Oct  5 04:57:45 issabel dhclient[2603]: DHCPREQUEST on eth1 to 192.168.56.100 port 67 (xid=0x57b83cc8)
Oct  5 04:57:46 issabel dhclient[2603]: DHCPACK from 192.168.56.100 (xid=0x57b83cc8)
Oct  5 04:57:48 issabel dhclient[2603]: bound to 192.168.56.102 -- renewal in 248 seconds.
Oct  5 04:57:49 issabel systemd: Started Session c288 of user root.
Oct  5 04:58:49 issabel systemd: Started Session c289 of user root.
Oct  5 04:59:49 issabel systemd: Started Session c290 of user root.
Oct  5 05:00:01 issabel systemd: Started Session 68 of user root.
Oct  5 05:00:49 issabel systemd: Started Session c291 of user root.
Oct  5 05:01:01 issabel systemd: Started Session 70 of user root.
Oct  5 05:01:01 issabel systemd: Started Session 69 of user root.
Oct  5 05:01:49 issabel systemd: Started Session c292 of user root.
Oct  5 05:01:56 issabel dhclient[2603]: DHCPREQUEST on eth1 to 192.168.56.100 port 67 (xid=0x57b83cc8)
Oct  5 05:01:56 issabel dhclient[2603]: DHCPACK from 192.168.56.100 (xid=0x57b83cc8)
Oct  5 05:01:58 issabel dhclient[2603]: bound to 192.168.56.102 -- renewal in 274 seconds.
Oct  5 05:02:49 issabel systemd: Started Session c293 of user root.
Oct  5 05:03:49 issabel systemd: Started Session c294 of user root.
Oct  5 05:04:49 issabel systemd: Started Session c295 of user root.
Oct  5 05:05:01 issabel systemd: Started Session 71 of user root.
Oct  5 05:05:49 issabel systemd: Started Session c296 of user root.
Oct  5 05:06:32 issabel dhclient[2603]: DHCPREQUEST on eth1 to 192.168.56.100 port 67 (xid=0x57b83cc8)
Oct  5 05:06:32 issabel dhclient[2603]: DHCPACK from 192.168.56.100 (xid=0x57b83cc8)
Oct  5 05:06:34 issabel dhclient[2603]: bound to 192.168.56.102 -- renewal in 247 seconds.
Oct  5 05:06:43 issabel systemd: Started Session c297 of user root.
Oct  5 05:06:57 issabel systemd: Started Session c298 of user root.
Oct  5 05:07:13 issabel systemd: Started Session c299 of user root.
Oct  5 05:07:29 issabel systemd: Started Session c300 of user root.
Oct  5 05:07:45 issabel systemd: Started Session c301 of user root.
Oct  5 05:08:01 issabel systemd: Started Session c302 of user root.
Oct  5 05:08:17 issabel systemd: Started Session c303 of user root.
Oct  5 05:08:33 issabel systemd: Started Session c304 of user root.
Oct  5 05:08:49 issabel systemd: Started Session c305 of user root.
Oct  5 05:09:05 issabel systemd: Started Session c306 of user root.
Oct  5 05:09:21 issabel systemd: Started Session c307 of user root.
Oct  5 05:09:37 issabel systemd: Started Session c308 of user root.
Oct  5 05:09:53 issabel systemd: Started Session c309 of user root.
Oct  5 05:10:01 issabel systemd: Started Session 72 of user root.
Oct  5 05:10:09 issabel systemd: Started Session c310 of user root.
Oct  5 05:10:25 issabel systemd: Started Session c311 of user root.
Oct  5 05:10:41 issabel systemd: Started Session c312 of user root.
Oct  5 05:10:42 issabel dhclient[2603]: DHCPREQUEST on eth1 to 192.168.56.100 port 67 (xid=0x57b83cc8)
Oct  5 05:10:42 issabel dhclient[2603]: DHCPACK from 192.168.56.100 (xid=0x57b83cc8)
Oct  5 05:10:44 issabel dhclient[2603]: bound to 192.168.56.102 -- renewal in 282 seconds.
Oct  5 05:10:57 issabel systemd: Started Session c313 of user root.
Oct  5 05:11:13 issabel systemd: Started Session c314 of user root.
Oct  5 05:11:29 issabel systemd: Started Session c315 of user root.
Oct  5 05:11:45 issabel systemd: Started Session c316 of user root.
Oct  5 05:12:49 issabel systemd: Started Session c317 of user root.
Oct  5 05:13:49 issabel systemd: Started Session c318 of user root.
Oct  5 05:14:49 issabel systemd: Started Session c319 of user root.
Oct  5 05:15:01 issabel systemd: Started Session 73 of user root.
Oct  5 05:15:26 issabel dhclient[2603]: DHCPREQUEST on eth1 to 192.168.56.100 port 67 (xid=0x57b83cc8)
Oct  5 05:15:26 issabel dhclient[2603]: DHCPACK from 192.168.56.100 (xid=0x57b83cc8)
Oct  5 05:15:28 issabel dhclient[2603]: bound to 192.168.56.102 -- renewal in 277 seconds.
Oct  5 05:15:49 issabel systemd: Started Session c320 of user root.
Oct  5 05:16:01 issabel systemd: Started Session 74 of user asterisk.
Oct  5 05:16:49 issabel systemd: Started Session c321 of user root.
Oct  5 05:17:49 issabel systemd: Started Session c322 of user root.
Oct  5 05:18:49 issabel systemd: Started Session c323 of user root.
Oct  5 05:19:49 issabel systemd: Started Session c324 of user root.
Oct  5 05:20:01 issabel systemd: Started Session 75 of user root.
Oct  5 05:20:05 issabel dhclient[2603]: DHCPREQUEST on eth1 to 192.168.56.100 port 67 (xid=0x57b83cc8)
Oct  5 05:20:05 issabel dhclient[2603]: DHCPACK from 192.168.56.100 (xid=0x57b83cc8)
Oct  5 05:20:07 issabel dhclient[2603]: bound to 192.168.56.102 -- renewal in 284 seconds.
Oct  5 05:20:49 issabel systemd: Started Session c325 of user root.
Oct  5 05:21:49 issabel systemd: Started Session c326 of user root.
Oct  5 05:22:49 issabel systemd: Started Session c327 of user root.
Oct  5 05:23:49 issabel systemd: Started Session c328 of user root.
Oct  5 05:24:49 issabel systemd: Started Session c329 of user root.
Oct  5 05:24:51 issabel dhclient[2603]: DHCPREQUEST on eth1 to 192.168.56.100 port 67 (xid=0x57b83cc8)
Oct  5 05:24:51 issabel dhclient[2603]: DHCPACK from 192.168.56.100 (xid=0x57b83cc8)
Oct  5 05:24:53 issabel dhclient[2603]: bound to 192.168.56.102 -- renewal in 292 seconds.
Oct  5 05:25:01 issabel systemd: Started Session 76 of user root.
Oct  5 05:25:49 issabel systemd: Started Session c330 of user root.
Oct  5 05:26:49 issabel systemd: Started Session c331 of user root.
Oct  5 05:27:49 issabel systemd: Started Session c332 of user root.
Oct  5 05:28:49 issabel systemd: Started Session c333 of user root.
Oct  5 05:29:45 issabel dhclient[2603]: DHCPREQUEST on eth1 to 192.168.56.100 port 67 (xid=0x57b83cc8)
Oct  5 05:29:45 issabel dhclient[2603]: DHCPACK from 192.168.56.100 (xid=0x57b83cc8)
Oct  5 05:29:47 issabel dhclient[2603]: bound to 192.168.56.102 -- renewal in 244 seconds.
Oct  5 05:29:49 issabel systemd: Started Session c334 of user root.
Oct  5 05:30:01 issabel systemd: Started Session 77 of user root.
Oct  5 05:30:49 issabel systemd: Started Session c335 of user root.
Oct  5 05:31:49 issabel systemd: Started Session c336 of user root.
Oct  5 05:32:49 issabel systemd: Started Session c337 of user root.
Oct  5 05:33:49 issabel systemd: Started Session c338 of user root.
Oct  5 05:33:51 issabel dhclient[2603]: DHCPREQUEST on eth1 to 192.168.56.100 port 67 (xid=0x57b83cc8)
Oct  5 05:33:51 issabel dhclient[2603]: DHCPACK from 192.168.56.100 (xid=0x57b83cc8)
Oct  5 05:33:53 issabel dhclient[2603]: bound to 192.168.56.102 -- renewal in 263 seconds.
Oct  5 05:34:49 issabel systemd: Started Session c339 of user root.
Oct  5 05:35:01 issabel systemd: Started Session 78 of user root.
Oct  5 05:35:49 issabel systemd: Started Session c340 of user root.
Oct  5 05:36:49 issabel systemd: Started Session c341 of user root.
Oct  5 05:37:49 issabel systemd: Started Session c342 of user root.
Oct  5 05:38:16 issabel dhclient[2603]: DHCPREQUEST on eth1 to 192.168.56.100 port 67 (xid=0x57b83cc8)
Oct  5 05:38:16 issabel dhclient[2603]: DHCPACK from 192.168.56.100 (xid=0x57b83cc8)
Oct  5 05:38:19 issabel dhclient[2603]: bound to 192.168.56.102 -- renewal in 294 seconds.
Oct  5 05:38:49 issabel systemd: Started Session c343 of user root.
Oct  5 05:39:49 issabel systemd: Started Session c344 of user root.
Oct  5 05:40:01 issabel systemd: Started Session 79 of user root.
Oct  5 05:40:49 issabel systemd: Started Session c345 of user root.
Oct  5 05:41:49 issabel systemd: Started Session c346 of user root.
Oct  5 05:42:49 issabel systemd: Started Session c347 of user root.
Oct  5 05:43:13 issabel dhclient[2603]: DHCPREQUEST on eth1 to 192.168.56.100 port 67 (xid=0x57b83cc8)
Oct  5 05:43:13 issabel dhclient[2603]: DHCPACK from 192.168.56.100 (xid=0x57b83cc8)
Oct  5 05:43:15 issabel dhclient[2603]: bound to 192.168.56.102 -- renewal in 288 seconds.
Oct  5 05:43:49 issabel systemd: Started Session c348 of user root.
Oct  5 05:44:49 issabel systemd: Started Session c349 of user root.
Oct  5 05:45:01 issabel systemd: Started Session 80 of user root.
Oct  5 05:45:49 issabel systemd: Started Session c350 of user root.
Oct  5 05:46:01 issabel systemd: Started Session 81 of user root.
Oct  5 05:46:49 issabel systemd: Started Session c351 of user root.
Oct  5 05:47:49 issabel systemd: Started Session c352 of user root.
Oct  5 05:48:03 issabel dhclient[2603]: DHCPREQUEST on eth1 to 192.168.56.100 port 67 (xid=0x57b83cc8)
Oct  5 05:48:04 issabel dhclient[2603]: DHCPACK from 192.168.56.100 (xid=0x57b83cc8)
Oct  5 05:48:06 issabel dhclient[2603]: bound to 192.168.56.102 -- renewal in 284 seconds.
Oct  5 05:48:49 issabel systemd: Started Session c353 of user root.
Oct  5 05:49:49 issabel systemd: Started Session c354 of user root.
Oct  5 05:50:01 issabel systemd: Started Session 82 of user root.
Oct  5 05:50:49 issabel systemd: Started Session c355 of user root.
Oct  5 05:51:49 issabel systemd: Started Session c356 of user root.
Oct  5 05:52:49 issabel systemd: Started Session c357 of user root.
Oct  5 05:52:50 issabel dhclient[2603]: DHCPREQUEST on eth1 to 192.168.56.100 port 67 (xid=0x57b83cc8)
Oct  5 05:52:50 issabel dhclient[2603]: DHCPACK from 192.168.56.100 (xid=0x57b83cc8)
Oct  5 05:52:53 issabel dhclient[2603]: bound to 192.168.56.102 -- renewal in 297 seconds.
Oct  5 05:53:49 issabel systemd: Started Session c358 of user root.
Oct  5 05:54:49 issabel systemd: Started Session c359 of user root.
Oct  5 05:55:01 issabel systemd: Started Session 83 of user root.
Oct  5 05:55:49 issabel systemd: Started Session c360 of user root.
Oct  5 05:56:49 issabel systemd: Started Session c361 of user root.
Oct  5 05:57:49 issabel systemd: Started Session c362 of user root.
Oct  5 05:57:50 issabel dhclient[2603]: DHCPREQUEST on eth1 to 192.168.56.100 port 67 (xid=0x57b83cc8)
Oct  5 05:57:50 issabel dhclient[2603]: DHCPACK from 192.168.56.100 (xid=0x57b83cc8)
Oct  5 05:57:52 issabel dhclient[2603]: bound to 192.168.56.102 -- renewal in 258 seconds.
Oct  5 05:58:49 issabel systemd: Started Session c363 of user root.
Oct  5 05:59:49 issabel systemd: Started Session c364 of user root.
Oct  5 06:00:01 issabel systemd: Started Session 84 of user root.
Oct  5 06:00:49 issabel systemd: Started Session c365 of user root.
Oct  5 06:01:01 issabel systemd: Started Session 86 of user root.
Oct  5 06:01:01 issabel systemd: Started Session 85 of user root.
Oct  5 06:01:49 issabel systemd: Started Session c366 of user root.
Oct  5 06:02:10 issabel dhclient[2603]: DHCPREQUEST on eth1 to 192.168.56.100 port 67 (xid=0x57b83cc8)
Oct  5 06:02:10 issabel dhclient[2603]: DHCPACK from 192.168.56.100 (xid=0x57b83cc8)
Oct  5 06:02:12 issabel dhclient[2603]: bound to 192.168.56.102 -- renewal in 298 seconds.
Oct  5 06:02:49 issabel systemd: Started Session c367 of user root.
Oct  5 06:03:49 issabel systemd: Started Session c368 of user root.
Oct  5 06:04:49 issabel systemd: Started Session c369 of user root.
Oct  5 06:05:01 issabel systemd: Started Session 87 of user root.
Oct  5 06:05:49 issabel systemd: Started Session c370 of user root.
Oct  5 06:06:49 issabel systemd: Started Session c371 of user root.
Oct  5 06:07:10 issabel dhclient[2603]: DHCPREQUEST on eth1 to 192.168.56.100 port 67 (xid=0x57b83cc8)
Oct  5 06:07:10 issabel dhclient[2603]: DHCPACK from 192.168.56.100 (xid=0x57b83cc8)
Oct  5 06:07:13 issabel dhclient[2603]: bound to 192.168.56.102 -- renewal in 228 seconds.
Oct  5 06:07:49 issabel systemd: Started Session c372 of user root.
Oct  5 06:08:49 issabel systemd: Started Session c373 of user root.
Oct  5 06:09:49 issabel systemd: Started Session c374 of user root.
Oct  5 06:10:01 issabel systemd: Started Session 88 of user root.
Oct  5 06:10:49 issabel systemd: Started Session c375 of user root.
Oct  5 06:11:01 issabel dhclient[2603]: DHCPREQUEST on eth1 to 192.168.56.100 port 67 (xid=0x57b83cc8)
Oct  5 06:11:01 issabel dhclient[2603]: DHCPACK from 192.168.56.100 (xid=0x57b83cc8)
Oct  5 06:11:03 issabel dhclient[2603]: bound to 192.168.56.102 -- renewal in 235 seconds.
Oct  5 06:11:49 issabel systemd: Started Session c376 of user root.
Oct  5 06:12:49 issabel systemd: Started Session c377 of user root.
Oct  5 06:13:49 issabel systemd: Started Session c378 of user root.
Oct  5 06:14:49 issabel systemd: Started Session c379 of user root.
Oct  5 06:14:58 issabel dhclient[2603]: DHCPREQUEST on eth1 to 192.168.56.100 port 67 (xid=0x57b83cc8)
Oct  5 06:14:58 issabel dhclient[2603]: DHCPACK from 192.168.56.100 (xid=0x57b83cc8)
Oct  5 06:15:00 issabel dhclient[2603]: bound to 192.168.56.102 -- renewal in 280 seconds.
Oct  5 06:15:01 issabel systemd: Started Session 89 of user root.
Oct  5 06:15:49 issabel systemd: Started Session c380 of user root.
Oct  5 06:16:01 issabel systemd: Started Session 90 of user asterisk.
Oct  5 06:16:49 issabel systemd: Started Session c381 of user root.
Oct  5 06:17:49 issabel systemd: Started Session c382 of user root.
Oct  5 06:18:14 issabel kernel: hrtimer: interrupt took 258606 ns
Oct  5 06:18:49 issabel systemd: Started Session c383 of user root.
Oct  5 06:19:40 issabel dhclient[2603]: DHCPREQUEST on eth1 to 192.168.56.100 port 67 (xid=0x57b83cc8)
Oct  5 06:19:40 issabel dhclient[2603]: DHCPACK from 192.168.56.100 (xid=0x57b83cc8)
Oct  5 06:19:42 issabel dhclient[2603]: bound to 192.168.56.102 -- renewal in 226 seconds.
Oct  5 06:19:49 issabel systemd: Started Session c384 of user root.
Oct  5 06:20:01 issabel systemd: Started Session 91 of user root.
Oct  5 06:20:49 issabel systemd: Started Session c385 of user root.
Oct  5 06:21:49 issabel systemd: Started Session c386 of user root.
Oct  5 06:22:49 issabel systemd: Started Session c387 of user root.
Oct  5 06:23:28 issabel dhclient[2603]: DHCPREQUEST on eth1 to 192.168.56.100 port 67 (xid=0x57b83cc8)
Oct  5 06:23:28 issabel dhclient[2603]: DHCPACK from 192.168.56.100 (xid=0x57b83cc8)
Oct  5 06:23:30 issabel dhclient[2603]: bound to 192.168.56.102 -- renewal in 298 seconds.
Oct  5 06:23:49 issabel systemd: Started Session c388 of user root.
Oct  5 06:24:49 issabel systemd: Started Session c389 of user root.
Oct  5 06:25:01 issabel systemd: Started Session 92 of user root.
Oct  5 06:25:49 issabel systemd: Started Session c390 of user root.
Oct  5 06:26:49 issabel systemd: Started Session c391 of user root.
Oct  5 06:27:49 issabel systemd: Started Session c392 of user root.
Oct  5 06:28:28 issabel dhclient[2603]: DHCPREQUEST on eth1 to 192.168.56.100 port 67 (xid=0x57b83cc8)
Oct  5 06:28:28 issabel dhclient[2603]: DHCPACK from 192.168.56.100 (xid=0x57b83cc8)
Oct  5 06:28:30 issabel dhclient[2603]: bound to 192.168.56.102 -- renewal in 254 seconds.
Oct  5 06:28:49 issabel systemd: Started Session c393 of user root.
Oct  5 06:29:49 issabel systemd: Started Session c394 of user root.
Oct  5 06:30:01 issabel systemd: Started Session 93 of user root.
Oct  5 06:30:49 issabel systemd: Started Session c395 of user root.
Oct  5 06:31:49 issabel systemd: Started Session c396 of user root.
Oct  5 06:32:44 issabel dhclient[2603]: DHCPREQUEST on eth1 to 192.168.56.100 port 67 (xid=0x57b83cc8)
Oct  5 06:32:44 issabel dhclient[2603]: DHCPACK from 192.168.56.100 (xid=0x57b83cc8)
Oct  5 06:32:46 issabel dhclient[2603]: bound to 192.168.56.102 -- renewal in 228 seconds.
Oct  5 06:32:49 issabel systemd: Started Session c397 of user root.
Oct  5 06:33:49 issabel systemd: Started Session c398 of user root.
                                                                    Oct  7 01:56:55 issabel journal: Runtime journal is using 8.0M (max allowed 197.5M, trying to leave 296.2M free of 1.9G available â†’ current limit 197.5M).
Oct  7 01:56:55 issabel kernel: Initializing cgroup subsys cpuset
Oct  7 01:56:55 issabel kernel: Initializing cgroup subsys cpu
Oct  7 01:56:55 issabel kernel: Initializing cgroup subsys cpuacct
Oct  7 01:56:55 issabel kernel: Linux version 3.10.0-1160.el7.x86_64 (mockbuild@kbuilder.bsys.centos.org) (gcc version 4.8.5 20150623 (Red Hat 4.8.5-44) (GCC) ) #1 SMP Mon Oct 19 16:18:59 UTC 2020
Oct  7 01:56:55 issabel kernel: Command line: BOOT_IMAGE=/vmlinuz-3.10.0-1160.el7.x86_64 root=UUID=0d5851af-702b-448a-bbfa-6a361f879e66 ro net.ifnames=0 rhgb quiet LANG=en_US.UTF-8
Oct  7 01:56:55 issabel kernel: e820: BIOS-provided physical RAM map:
Oct  7 01:56:55 issabel kernel: BIOS-e820: [mem 0x0000000000000000-0x000000000009fbff] usable
Oct  7 01:56:55 issabel kernel: BIOS-e820: [mem 0x000000000009fc00-0x000000000009ffff] reserved
Oct  7 01:56:55 issabel kernel: BIOS-e820: [mem 0x00000000000f0000-0x00000000000fffff] reserved
Oct  7 01:56:55 issabel kernel: BIOS-e820: [mem 0x0000000000100000-0x00000000dffeffff] usable
Oct  7 01:56:55 issabel kernel: BIOS-e820: [mem 0x00000000dfff0000-0x00000000dfffffff] ACPI data
Oct  7 01:56:55 issabel kernel: BIOS-e820: [mem 0x00000000fec00000-0x00000000fec00fff] reserved
Oct  7 01:56:55 issabel kernel: BIOS-e820: [mem 0x00000000fee00000-0x00000000fee00fff] reserved
Oct  7 01:56:55 issabel kernel: BIOS-e820: [mem 0x00000000fffc0000-0x00000000ffffffff] reserved
Oct  7 01:56:55 issabel kernel: BIOS-e820: [mem 0x0000000100000000-0x000000011fffffff] usable
Oct  7 01:56:55 issabel kernel: NX (Execute Disable) protection: active
Oct  7 01:56:55 issabel kernel: SMBIOS 2.5 present.
Oct  7 01:56:55 issabel kernel: DMI: innotek GmbH VirtualBox/VirtualBox, BIOS VirtualBox 12/01/2006
Oct  7 01:56:55 issabel kernel: Hypervisor detected: KVM
Oct  7 01:56:55 issabel kernel: e820: last_pfn = 0x120000 max_arch_pfn = 0x400000000
Oct  7 01:56:55 issabel kernel: PAT configuration [0-7]: WB  WC  UC- UC  WB  WP  UC- UC  
Oct  7 01:56:55 issabel kernel: CPU MTRRs all blank - virtualized system.
Oct  7 01:56:55 issabel kernel: e820: last_pfn = 0xdfff0 max_arch_pfn = 0x400000000
Oct  7 01:56:55 issabel kernel: found SMP MP-table at [mem 0x0009fff0-0x0009ffff] mapped at [ffffffffff200ff0]
Oct  7 01:56:55 issabel kernel: RAMDISK: [mem 0x35c96000-0x36e42fff]
Oct  7 01:56:55 issabel kernel: Early table checksum verification disabled
Oct  7 01:56:55 issabel kernel: ACPI: RSDP 00000000000e0000 00024 (v02 VBOX  )
Oct  7 01:56:55 issabel kernel: ACPI: XSDT 00000000dfff0030 0003C (v01 VBOX   VBOXXSDT 00000001 ASL  00000061)
Oct  7 01:56:55 issabel kernel: ACPI: FACP 00000000dfff00f0 000F4 (v04 VBOX   VBOXFACP 00000001 ASL  00000061)
Oct  7 01:56:55 issabel kernel: ACPI: DSDT 00000000dfff0470 02325 (v02 VBOX   VBOXBIOS 00000002 INTL 20100528)
Oct  7 01:56:55 issabel kernel: ACPI: FACS 00000000dfff0200 00040
Oct  7 01:56:55 issabel kernel: ACPI: APIC 00000000dfff0240 00054 (v02 VBOX   VBOXAPIC 00000001 ASL  00000061)
Oct  7 01:56:55 issabel kernel: ACPI: SSDT 00000000dfff02a0 001CC (v01 VBOX   VBOXCPUT 00000002 INTL 20100528)
Oct  7 01:56:55 issabel kernel: No NUMA configuration found
Oct  7 01:56:55 issabel kernel: Faking a node at [mem 0x0000000000000000-0x000000011fffffff]
Oct  7 01:56:55 issabel kernel: NODE_DATA(0) allocated [mem 0x11ffd5000-0x11fffbfff]
Oct  7 01:56:55 issabel kernel: kvm-clock: cpu 0, msr 1:1ff84001, primary cpu clock
Oct  7 01:56:55 issabel kernel: kvm-clock: Using msrs 4b564d01 and 4b564d00
Oct  7 01:56:55 issabel kernel: kvm-clock: using sched offset of 5247509072 cycles
Oct  7 01:56:55 issabel kernel: Zone ranges:
Oct  7 01:56:55 issabel kernel:  DMA      [mem 0x00001000-0x00ffffff]
Oct  7 01:56:55 issabel kernel:  DMA32    [mem 0x01000000-0xffffffff]
Oct  7 01:56:55 issabel kernel:  Normal   [mem 0x100000000-0x11fffffff]
Oct  7 01:56:55 issabel kernel: Movable zone start for each node
Oct  7 01:56:55 issabel kernel: Early memory node ranges
Oct  7 01:56:55 issabel kernel:  node   0: [mem 0x00001000-0x0009efff]
Oct  7 01:56:55 issabel kernel:  node   0: [mem 0x00100000-0xdffeffff]
Oct  7 01:56:55 issabel kernel:  node   0: [mem 0x100000000-0x11fffffff]
Oct  7 01:56:55 issabel kernel: Initmem setup node 0 [mem 0x00001000-0x11fffffff]
Oct  7 01:56:55 issabel kernel: ACPI: PM-Timer IO Port: 0x4008
Oct  7 01:56:55 issabel kernel: ACPI: LAPIC (acpi_id[0x00] lapic_id[0x00] enabled)
Oct  7 01:56:55 issabel kernel: ACPI: IOAPIC (id[0x01] address[0xfec00000] gsi_base[0])
Oct  7 01:56:55 issabel kernel: IOAPIC[0]: apic_id 1, version 32, address 0xfec00000, GSI 0-23
Oct  7 01:56:55 issabel kernel: ACPI: INT_SRC_OVR (bus 0 bus_irq 0 global_irq 2 dfl dfl)
Oct  7 01:56:55 issabel kernel: ACPI: INT_SRC_OVR (bus 0 bus_irq 9 global_irq 9 low level)
Oct  7 01:56:55 issabel kernel: Using ACPI (MADT) for SMP configuration information
Oct  7 01:56:55 issabel kernel: smpboot: Allowing 1 CPUs, 0 hotplug CPUs
Oct  7 01:56:55 issabel kernel: PM: Registered nosave memory: [mem 0x0009f000-0x0009ffff]
Oct  7 01:56:55 issabel kernel: PM: Registered nosave memory: [mem 0x000a0000-0x000effff]
Oct  7 01:56:55 issabel kernel: PM: Registered nosave memory: [mem 0x000f0000-0x000fffff]
Oct  7 01:56:55 issabel kernel: PM: Registered nosave memory: [mem 0xdfff0000-0xdfffffff]
Oct  7 01:56:55 issabel kernel: PM: Registered nosave memory: [mem 0xe0000000-0xfebfffff]
Oct  7 01:56:55 issabel kernel: PM: Registered nosave memory: [mem 0xfec00000-0xfec00fff]
Oct  7 01:56:55 issabel kernel: PM: Registered nosave memory: [mem 0xfec01000-0xfedfffff]
Oct  7 01:56:55 issabel kernel: PM: Registered nosave memory: [mem 0xfee00000-0xfee00fff]
Oct  7 01:56:55 issabel kernel: PM: Registered nosave memory: [mem 0xfee01000-0xfffbffff]
Oct  7 01:56:55 issabel kernel: PM: Registered nosave memory: [mem 0xfffc0000-0xffffffff]
Oct  7 01:56:55 issabel kernel: e820: [mem 0xe0000000-0xfebfffff] available for PCI devices
Oct  7 01:56:55 issabel kernel: Booting paravirtualized kernel on KVM
Oct  7 01:56:55 issabel kernel: Detected CPU family 6 model 140 stepping 1
Oct  7 01:56:55 issabel kernel: Warning: Intel Processor - this hardware has not undergone upstream testing. Please consult http://wiki.centos.org/FAQ for more information
Oct  7 01:56:55 issabel kernel: setup_percpu: NR_CPUS:5120 nr_cpumask_bits:1 nr_cpu_ids:1 nr_node_ids:1
Oct  7 01:56:55 issabel kernel: percpu: Embedded 38 pages/cpu s118784 r8192 d28672 u2097152
Oct  7 01:56:55 issabel kernel: Built 1 zonelists in Node order, mobility grouping on.  Total pages: 1032057
Oct  7 01:56:55 issabel kernel: Policy zone: Normal
Oct  7 01:56:55 issabel kernel: Kernel command line: BOOT_IMAGE=/vmlinuz-3.10.0-1160.el7.x86_64 root=UUID=0d5851af-702b-448a-bbfa-6a361f879e66 ro net.ifnames=0 rhgb quiet LANG=en_US.UTF-8
Oct  7 01:56:55 issabel kernel: PID hash table entries: 4096 (order: 3, 32768 bytes)
Oct  7 01:56:55 issabel kernel: x86/fpu: xstate_offset[2]: 0240, xstate_sizes[2]: 0100
Oct  7 01:56:55 issabel kernel: xsave: enabled xstate_bv 0x7, cntxt size 0x340 using standard form
Oct  7 01:56:55 issabel kernel: Memory: 4024228k/4718592k available (7788k kernel code, 524744k absent, 169620k reserved, 5954k data, 1984k init)
Oct  7 01:56:55 issabel kernel: SLUB: HWalign=64, Order=0-3, MinObjects=0, CPUs=1, Nodes=1
Oct  7 01:56:55 issabel kernel: Hierarchical RCU implementation.
Oct  7 01:56:55 issabel kernel: #011RCU restricting CPUs from NR_CPUS=5120 to nr_cpu_ids=1.
Oct  7 01:56:55 issabel kernel: NR_IRQS:327936 nr_irqs:256 0
Oct  7 01:56:55 issabel kernel: Console: colour VGA+ 80x25
Oct  7 01:56:55 issabel kernel: console [tty0] enabled
Oct  7 01:56:55 issabel kernel: allocated 109051904 bytes of page_cgroup
Oct  7 01:56:55 issabel kernel: please try 'cgroup_disable=memory' option if you don't want memory cgroups
Oct  7 01:56:55 issabel kernel: tsc: Detected 2419.200 MHz processor
Oct  7 01:56:55 issabel kernel: Calibrating delay loop (skipped) preset value.. 4838.40 BogoMIPS (lpj=2419200)
Oct  7 01:56:55 issabel kernel: pid_max: default: 32768 minimum: 301
Oct  7 01:56:55 issabel kernel: Security Framework initialized
Oct  7 01:56:55 issabel kernel: SELinux:  Initializing.
Oct  7 01:56:55 issabel kernel: Yama: becoming mindful.
Oct  7 01:56:55 issabel kernel: Dentry cache hash table entries: 524288 (order: 10, 4194304 bytes)
Oct  7 01:56:55 issabel kernel: Inode-cache hash table entries: 262144 (order: 9, 2097152 bytes)
Oct  7 01:56:55 issabel kernel: Mount-cache hash table entries: 8192 (order: 4, 65536 bytes)
Oct  7 01:56:55 issabel kernel: Mountpoint-cache hash table entries: 8192 (order: 4, 65536 bytes)
Oct  7 01:56:55 issabel kernel: Initializing cgroup subsys memory
Oct  7 01:56:55 issabel kernel: Initializing cgroup subsys devices
Oct  7 01:56:55 issabel kernel: Initializing cgroup subsys freezer
Oct  7 01:56:55 issabel kernel: Initializing cgroup subsys net_cls
Oct  7 01:56:55 issabel kernel: Initializing cgroup subsys blkio
Oct  7 01:56:55 issabel kernel: Initializing cgroup subsys perf_event
Oct  7 01:56:55 issabel kernel: Initializing cgroup subsys hugetlb
Oct  7 01:56:55 issabel kernel: Initializing cgroup subsys pids
Oct  7 01:56:55 issabel kernel: Initializing cgroup subsys net_prio
Oct  7 01:56:55 issabel kernel: Last level iTLB entries: 4KB 0, 2MB 0, 4MB 0
Oct  7 01:56:55 issabel kernel: Last level dTLB entries: 4KB 0, 2MB 0, 4MB 0
Oct  7 01:56:55 issabel kernel: tlb_flushall_shift: 6
Oct  7 01:56:55 issabel kernel: FEATURE SPEC_CTRL Not Present
Oct  7 01:56:55 issabel kernel: FEATURE IBPB_SUPPORT Not Present
Oct  7 01:56:55 issabel kernel: Spectre V1 : Mitigation: Load fences, usercopy/swapgs barriers and __user pointer sanitization
Oct  7 01:56:55 issabel kernel: Spectre V2 : Vulnerable: Retpoline without IBPB
Oct  7 01:56:55 issabel kernel: Speculative Store Bypass: Vulnerable
Oct  7 01:56:55 issabel kernel: Freeing SMP alternatives: 28k freed
Oct  7 01:56:55 issabel kernel: ACPI: Core revision 20130517
Oct  7 01:56:55 issabel kernel: ACPI: All ACPI Tables successfully acquired
Oct  7 01:56:55 issabel kernel: ftrace: allocating 29651 entries in 116 pages
Oct  7 01:56:55 issabel kernel: Enabling x2apic
Oct  7 01:56:55 issabel kernel: Enabled x2apic
Oct  7 01:56:55 issabel kernel: Switched APIC routing to physical x2apic.
Oct  7 01:56:55 issabel kernel: ..TIMER: vector=0x30 apic1=0 pin1=2 apic2=-1 pin2=-1
Oct  7 01:56:55 issabel kernel: smpboot: CPU0: 11th Gen Intel(R) Core(TM) i5-1135G7 @ 2.40GHz (fam: 06, model: 8c, stepping: 01)
Oct  7 01:56:55 issabel kernel: APIC calibration not consistent with PM-Timer: 104ms instead of 100ms
Oct  7 01:56:55 issabel kernel: APIC delta adjusted to PM-Timer: 6369851 (6624696)
Oct  7 01:56:55 issabel kernel: Performance Events: unsupported p6 CPU model 140 no PMU driver, software events only.
Oct  7 01:56:55 issabel kernel: KVM setup paravirtual spinlock
Oct  7 01:56:55 issabel kernel: Brought up 1 CPUs
Oct  7 01:56:55 issabel kernel: smpboot: Max logical packages: 1
Oct  7 01:56:55 issabel kernel: smpboot: Total of 1 processors activated (4838.40 BogoMIPS)
Oct  7 01:56:55 issabel kernel: devtmpfs: initialized
Oct  7 01:56:55 issabel kernel: x86/mm: Memory block size: 128MB
Oct  7 01:56:55 issabel kernel: EVM: security.selinux
Oct  7 01:56:55 issabel kernel: EVM: security.ima
Oct  7 01:56:55 issabel kernel: EVM: security.capability
Oct  7 01:56:55 issabel kernel: atomic64 test passed for x86-64 platform with CX8 and with SSE
Oct  7 01:56:55 issabel kernel: pinctrl core: initialized pinctrl subsystem
Oct  7 01:56:55 issabel kernel: RTC time:  5:56:54, date: 10/07/22
Oct  7 01:56:55 issabel kernel: NET: Registered protocol family 16
Oct  7 01:56:55 issabel kernel: cpuidle: using governor haltpoll
Oct  7 01:56:55 issabel kernel: ACPI: bus type PCI registered
Oct  7 01:56:55 issabel kernel: acpiphp: ACPI Hot Plug PCI Controller Driver version: 0.5
Oct  7 01:56:55 issabel kernel: PCI: Using configuration type 1 for base access
Oct  7 01:56:55 issabel kernel: ACPI: Added _OSI(Module Device)
Oct  7 01:56:55 issabel kernel: ACPI: Added _OSI(Processor Device)
Oct  7 01:56:55 issabel kernel: ACPI: Added _OSI(3.0 _SCP Extensions)
Oct  7 01:56:55 issabel kernel: ACPI: Added _OSI(Processor Aggregator Device)
Oct  7 01:56:55 issabel kernel: ACPI: Added _OSI(Linux-Dell-Video)
Oct  7 01:56:55 issabel kernel: ACPI: Executed 1 blocks of module-level executable AML code
Oct  7 01:56:55 issabel kernel: ACPI: Interpreter enabled
Oct  7 01:56:55 issabel kernel: ACPI: (supports S0 S5)
Oct  7 01:56:55 issabel kernel: ACPI: Using IOAPIC for interrupt routing
Oct  7 01:56:55 issabel kernel: PCI: Using host bridge windows from ACPI; if necessary, use "pci=nocrs" and report a bug
Oct  7 01:56:55 issabel kernel: ACPI: Enabled 2 GPEs in block 00 to 07
Oct  7 01:56:55 issabel kernel: ACPI: PCI Root Bridge [PCI0] (domain 0000 [bus 00-ff])
Oct  7 01:56:55 issabel kernel: acpi PNP0A03:00: _OSC: OS supports [ASPM ClockPM Segments MSI]
Oct  7 01:56:55 issabel kernel: acpi PNP0A03:00: _OSC: not requesting OS control; OS requires [ExtendedConfig ASPM ClockPM MSI]
Oct  7 01:56:55 issabel kernel: acpi PNP0A03:00: fail to add MMCONFIG information, can't access extended PCI configuration space under this bridge.
Oct  7 01:56:55 issabel kernel: PCI host bridge to bus 0000:00
Oct  7 01:56:55 issabel kernel: pci_bus 0000:00: root bus resource [io  0x0000-0x0cf7 window]
Oct  7 01:56:55 issabel kernel: pci_bus 0000:00: root bus resource [io  0x0d00-0xffff window]
Oct  7 01:56:55 issabel kernel: pci_bus 0000:00: root bus resource [mem 0x000a0000-0x000bffff window]
Oct  7 01:56:55 issabel kernel: pci_bus 0000:00: root bus resource [mem 0xe0000000-0xfdffffff window]
Oct  7 01:56:55 issabel kernel: pci_bus 0000:00: root bus resource [bus 00-ff]
Oct  7 01:56:55 issabel kernel: pci 0000:00:01.1: legacy IDE quirk: reg 0x10: [io  0x01f0-0x01f7]
Oct  7 01:56:55 issabel kernel: pci 0000:00:01.1: legacy IDE quirk: reg 0x14: [io  0x03f6]
Oct  7 01:56:55 issabel kernel: pci 0000:00:01.1: legacy IDE quirk: reg 0x18: [io  0x0170-0x0177]
Oct  7 01:56:55 issabel kernel: pci 0000:00:01.1: legacy IDE quirk: reg 0x1c: [io  0x0376]
Oct  7 01:56:55 issabel kernel: pci 0000:00:07.0: quirk: [io  0x4000-0x403f] claimed by PIIX4 ACPI
Oct  7 01:56:55 issabel kernel: pci 0000:00:07.0: quirk: [io  0x4100-0x410f] claimed by PIIX4 SMB
Oct  7 01:56:55 issabel kernel: ACPI: PCI Interrupt Link [LNKA] (IRQs 5 9 10 *11)
Oct  7 01:56:55 issabel kernel: ACPI: PCI Interrupt Link [LNKB] (IRQs 5 9 *10 11)
Oct  7 01:56:55 issabel kernel: ACPI: PCI Interrupt Link [LNKC] (IRQs 5 *9 10 11)
Oct  7 01:56:55 issabel kernel: ACPI: PCI Interrupt Link [LNKD] (IRQs 5 9 10 *11)
Oct  7 01:56:55 issabel kernel: vgaarb: device added: PCI:0000:00:02.0,decodes=io+mem,owns=io+mem,locks=none
Oct  7 01:56:55 issabel kernel: vgaarb: loaded
Oct  7 01:56:55 issabel kernel: vgaarb: bridge control possible 0000:00:02.0
Oct  7 01:56:55 issabel kernel: SCSI subsystem initialized
Oct  7 01:56:55 issabel kernel: ACPI: bus type USB registered
Oct  7 01:56:55 issabel kernel: usbcore: registered new interface driver usbfs
Oct  7 01:56:55 issabel kernel: usbcore: registered new interface driver hub
Oct  7 01:56:55 issabel kernel: usbcore: registered new device driver usb
Oct  7 01:56:55 issabel kernel: EDAC MC: Ver: 3.0.0
Oct  7 01:56:55 issabel kernel: PCI: Using ACPI for IRQ routing
Oct  7 01:56:55 issabel kernel: NetLabel: Initializing
Oct  7 01:56:55 issabel kernel: NetLabel:  domain hash size = 128
Oct  7 01:56:55 issabel kernel: NetLabel:  protocols = UNLABELED CIPSOv4
Oct  7 01:56:55 issabel kernel: NetLabel:  unlabeled traffic allowed by default
Oct  7 01:56:55 issabel kernel: amd_nb: Cannot enumerate AMD northbridges
Oct  7 01:56:55 issabel kernel: Switched to clocksource kvm-clock
Oct  7 01:56:55 issabel kernel: pnp: PnP ACPI init
Oct  7 01:56:55 issabel kernel: ACPI: bus type PNP registered
Oct  7 01:56:55 issabel kernel: pnp: PnP ACPI: found 2 devices
Oct  7 01:56:55 issabel kernel: ACPI: bus type PNP unregistered
Oct  7 01:56:55 issabel kernel: NET: Registered protocol family 2
Oct  7 01:56:55 issabel kernel: TCP established hash table entries: 32768 (order: 6, 262144 bytes)
Oct  7 01:56:55 issabel kernel: TCP bind hash table entries: 32768 (order: 7, 524288 bytes)
Oct  7 01:56:55 issabel kernel: TCP: Hash tables configured (established 32768 bind 32768)
Oct  7 01:56:55 issabel kernel: TCP: reno registered
Oct  7 01:56:55 issabel kernel: UDP hash table entries: 2048 (order: 4, 65536 bytes)
Oct  7 01:56:55 issabel kernel: UDP-Lite hash table entries: 2048 (order: 4, 65536 bytes)
Oct  7 01:56:55 issabel kernel: NET: Registered protocol family 1
Oct  7 01:56:55 issabel kernel: pci 0000:00:00.0: Limiting direct PCI/PCI transfers
Oct  7 01:56:55 issabel kernel: pci 0000:00:01.0: Activating ISA DMA hang workarounds
Oct  7 01:56:55 issabel kernel: Unpacking initramfs...
Oct  7 01:56:55 issabel kernel: Freeing initrd memory: 18100k freed
Oct  7 01:56:55 issabel kernel: PCI-DMA: Using software bounce buffering for IO (SWIOTLB)
Oct  7 01:56:55 issabel kernel: software IO TLB [mem 0xdbff0000-0xdfff0000] (64MB) mapped at [ffff9f0b1bff0000-ffff9f0b1ffeffff]
Oct  7 01:56:55 issabel kernel: platform rtc_cmos: registered platform RTC device (no PNP device found)
Oct  7 01:56:55 issabel kernel: sha1_ssse3: Using AVX optimized SHA-1 implementation
Oct  7 01:56:55 issabel kernel: sha256_ssse3: Using AVX optimized SHA-256 implementation
Oct  7 01:56:55 issabel kernel: futex hash table entries: 256 (order: 2, 16384 bytes)
Oct  7 01:56:55 issabel kernel: Initialise system trusted keyring
Oct  7 01:56:55 issabel kernel: audit: initializing netlink socket (disabled)
Oct  7 01:56:55 issabel kernel: type=2000 audit(1665122221.788:1): initialized
Oct  7 01:56:55 issabel kernel: HugeTLB registered 2 MB page size, pre-allocated 0 pages
Oct  7 01:56:55 issabel kernel: zpool: loaded
Oct  7 01:56:55 issabel kernel: zbud: loaded
Oct  7 01:56:55 issabel kernel: VFS: Disk quotas dquot_6.5.2
Oct  7 01:56:55 issabel kernel: Dquot-cache hash table entries: 512 (order 0, 4096 bytes)
Oct  7 01:56:55 issabel kernel: Key type big_key registered
Oct  7 01:56:55 issabel kernel: NET: Registered protocol family 38
Oct  7 01:56:55 issabel kernel: Key type asymmetric registered
Oct  7 01:56:55 issabel kernel: Asymmetric key parser 'x509' registered
Oct  7 01:56:55 issabel kernel: Block layer SCSI generic (bsg) driver version 0.4 loaded (major 248)
Oct  7 01:56:55 issabel kernel: io scheduler noop registered
Oct  7 01:56:55 issabel kernel: io scheduler deadline registered (default)
Oct  7 01:56:55 issabel kernel: io scheduler cfq registered
Oct  7 01:56:55 issabel kernel: io scheduler mq-deadline registered
Oct  7 01:56:55 issabel kernel: io scheduler kyber registered
Oct  7 01:56:55 issabel kernel: pci_hotplug: PCI Hot Plug PCI Core version: 0.5
Oct  7 01:56:55 issabel kernel: pciehp: PCI Express Hot Plug Controller Driver version: 0.4
Oct  7 01:56:55 issabel kernel: shpchp: Standard Hot Plug PCI Controller Driver version: 0.4
Oct  7 01:56:55 issabel kernel: ACPI: AC Adapter [AC] (off-line)
Oct  7 01:56:55 issabel kernel: input: Power Button as /devices/LNXSYSTM:00/LNXPWRBN:00/input/input0
Oct  7 01:56:55 issabel kernel: ACPI: Power Button [PWRF]
Oct  7 01:56:55 issabel kernel: input: Sleep Button as /devices/LNXSYSTM:00/LNXSLPBN:00/input/input1
Oct  7 01:56:55 issabel kernel: ACPI: Sleep Button [SLPF]
Oct  7 01:56:55 issabel kernel: GHES: HEST is not enabled!
Oct  7 01:56:55 issabel kernel: Serial: 8250/16550 driver, 4 ports, IRQ sharing enabled
Oct  7 01:56:55 issabel kernel: Non-volatile memory driver v1.3
Oct  7 01:56:55 issabel kernel: Linux agpgart interface v0.103
Oct  7 01:56:55 issabel kernel: crash memory driver: version 1.1
Oct  7 01:56:55 issabel kernel: rdac: device handler registered
Oct  7 01:56:55 issabel kernel: ACPI: Battery Slot [BAT0] (battery present)
Oct  7 01:56:55 issabel kernel: hp_sw: device handler registered
Oct  7 01:56:55 issabel kernel: emc: device handler registered
Oct  7 01:56:55 issabel kernel: alua: device handler registered
Oct  7 01:56:55 issabel kernel: libphy: Fixed MDIO Bus: probed
Oct  7 01:56:55 issabel kernel: ehci_hcd: USB 2.0 'Enhanced' Host Controller (EHCI) Driver
Oct  7 01:56:55 issabel kernel: ehci-pci: EHCI PCI platform driver
Oct  7 01:56:55 issabel kernel: ohci_hcd: USB 1.1 'Open' Host Controller (OHCI) Driver
Oct  7 01:56:55 issabel kernel: ohci-pci: OHCI PCI platform driver
Oct  7 01:56:55 issabel kernel: ohci-pci 0000:00:06.0: OHCI PCI host controller
Oct  7 01:56:55 issabel kernel: ohci-pci 0000:00:06.0: new USB bus registered, assigned bus number 1
Oct  7 01:56:55 issabel kernel: ohci-pci 0000:00:06.0: irq 22, io mem 0xf0804000
Oct  7 01:56:55 issabel kernel: usb usb1: New USB device found, idVendor=1d6b, idProduct=0001, bcdDevice= 3.10
Oct  7 01:56:55 issabel kernel: usb usb1: New USB device strings: Mfr=3, Product=2, SerialNumber=1
Oct  7 01:56:55 issabel kernel: usb usb1: Product: OHCI PCI host controller
Oct  7 01:56:55 issabel kernel: usb usb1: Manufacturer: Linux 3.10.0-1160.el7.x86_64 ohci_hcd
Oct  7 01:56:55 issabel kernel: usb usb1: SerialNumber: 0000:00:06.0
Oct  7 01:56:55 issabel kernel: hub 1-0:1.0: USB hub found
Oct  7 01:56:55 issabel kernel: hub 1-0:1.0: 12 ports detected
Oct  7 01:56:55 issabel kernel: uhci_hcd: USB Universal Host Controller Interface driver
Oct  7 01:56:55 issabel kernel: usbcore: registered new interface driver usbserial_generic
Oct  7 01:56:55 issabel kernel: usbserial: USB Serial support registered for generic
Oct  7 01:56:55 issabel kernel: i8042: PNP: PS/2 Controller [PNP0303:PS2K,PNP0f03:PS2M] at 0x60,0x64 irq 1,12
Oct  7 01:56:55 issabel kernel: serio: i8042 KBD port at 0x60,0x64 irq 1
Oct  7 01:56:55 issabel kernel: serio: i8042 AUX port at 0x60,0x64 irq 12
Oct  7 01:56:55 issabel kernel: mousedev: PS/2 mouse device common for all mice
Oct  7 01:56:55 issabel kernel: input: AT Translated Set 2 keyboard as /devices/platform/i8042/serio0/input/input2
Oct  7 01:56:55 issabel kernel: rtc_cmos rtc_cmos: rtc core: registered rtc_cmos as rtc0
Oct  7 01:56:55 issabel kernel: rtc_cmos rtc_cmos: alarms up to one day, 114 bytes nvram
Oct  7 01:56:55 issabel kernel: hidraw: raw HID events driver (C) Jiri Kosina
Oct  7 01:56:55 issabel kernel: usbcore: registered new interface driver usbhid
Oct  7 01:56:55 issabel kernel: usbhid: USB HID core driver
Oct  7 01:56:55 issabel kernel: drop_monitor: Initializing network drop monitor service
Oct  7 01:56:55 issabel kernel: TCP: cubic registered
Oct  7 01:56:55 issabel kernel: Initializing XFRM netlink socket
Oct  7 01:56:55 issabel kernel: NET: Registered protocol family 10
Oct  7 01:56:55 issabel kernel: NET: Registered protocol family 17
Oct  7 01:56:55 issabel kernel: mpls_gso: MPLS GSO support
Oct  7 01:56:55 issabel kernel: mce: Using 0 MCE banks
Oct  7 01:56:55 issabel kernel: Loading compiled-in X.509 certificates
Oct  7 01:56:55 issabel kernel: Loaded X.509 cert 'CentOS Linux kpatch signing key: ea0413152cde1d98ebdca3fe6f0230904c9ef717'
Oct  7 01:56:55 issabel kernel: Loaded X.509 cert 'CentOS Linux Driver update signing key: 7f421ee0ab69461574bb358861dbe77762a4201b'
Oct  7 01:56:55 issabel kernel: Loaded X.509 cert 'CentOS Linux kernel signing key: e1fdb0e2a7e861a1d1ca80a23dcf0dba3aa4adf5'
Oct  7 01:56:55 issabel kernel: registered taskstats version 1
Oct  7 01:56:55 issabel kernel: page_owner is disabled
Oct  7 01:56:55 issabel kernel: Key type trusted registered
Oct  7 01:56:55 issabel kernel: Key type encrypted registered
Oct  7 01:56:55 issabel kernel: IMA: No TPM chip found, activating TPM-bypass! (rc=-19)
Oct  7 01:56:55 issabel kernel: BERT: Boot Error Record Table support is disabled. Enable it by using bert_enable as kernel parameter.
Oct  7 01:56:55 issabel kernel:  Magic number: 10:967:920
Oct  7 01:56:55 issabel kernel: rtc_cmos rtc_cmos: setting system clock to 2022-10-07 05:56:55 UTC (1665122215)
Oct  7 01:56:55 issabel kernel: Freeing unused kernel memory: 1984k freed
Oct  7 01:56:55 issabel kernel: Write protecting the kernel read-only data: 12288k
Oct  7 01:56:55 issabel kernel: Freeing unused kernel memory: 392k freed
Oct  7 01:56:55 issabel kernel: Freeing unused kernel memory: 536k freed
Oct  7 01:56:55 issabel kernel: random: systemd: uninitialized urandom read (16 bytes read)
Oct  7 01:56:55 issabel kernel: random: systemd: uninitialized urandom read (16 bytes read)
Oct  7 01:56:55 issabel kernel: random: systemd: uninitialized urandom read (16 bytes read)
Oct  7 01:56:55 issabel systemd[1]: systemd 219 running in system mode. (+PAM +AUDIT +SELINUX +IMA -APPARMOR +SMACK +SYSVINIT +UTMP +LIBCRYPTSETUP +GCRYPT +GNUTLS +ACL +XZ +LZ4 -SECCOMP +BLKID +ELFUTILS +KMOD +IDN)
Oct  7 01:56:55 issabel systemd[1]: Detected virtualization kvm.
Oct  7 01:56:55 issabel systemd[1]: Detected architecture x86-64.
Oct  7 01:56:55 issabel systemd[1]: Running in initial RAM disk.
Oct  7 01:56:55 issabel systemd[1]: Set hostname to <issabel.local>.
Oct  7 01:56:55 issabel kernel: random: systemd: uninitialized urandom read (16 bytes read)
Oct  7 01:56:55 issabel kernel: random: systemd: uninitialized urandom read (16 bytes read)
Oct  7 01:56:55 issabel kernel: random: systemd: uninitialized urandom read (16 bytes read)
Oct  7 01:56:55 issabel kernel: random: systemd: uninitialized urandom read (16 bytes read)
Oct  7 01:56:55 issabel kernel: random: systemd: uninitialized urandom read (16 bytes read)
Oct  7 01:56:55 issabel kernel: random: systemd: uninitialized urandom read (16 bytes read)
Oct  7 01:56:55 issabel kernel: random: systemd: uninitialized urandom read (16 bytes read)
Oct  7 01:56:55 issabel systemd[1]: Reached target Local File Systems.
Oct  7 01:56:55 issabel systemd[1]: Reached target Timers.
Oct  7 01:56:55 issabel systemd[1]: Created slice Root Slice.
Oct  7 01:56:55 issabel systemd[1]: Created slice System Slice.
Oct  7 01:56:55 issabel systemd[1]: Listening on Journal Socket.
Oct  7 01:56:55 issabel systemd[1]: Starting Create list of required static device nodes for the current kernel...
Oct  7 01:56:55 issabel systemd[1]: Starting Journal Service...
Oct  7 01:56:55 issabel systemd[1]: Listening on udev Kernel Socket.
Oct  7 01:56:55 issabel systemd[1]: Listening on udev Control Socket.
Oct  7 01:56:55 issabel systemd[1]: Starting dracut cmdline hook...
Oct  7 01:56:55 issabel systemd[1]: Starting Setup Virtual Console...
Oct  7 01:56:55 issabel systemd[1]: Reached target Slices.
Oct  7 01:56:55 issabel systemd[1]: Reached target Sockets.
Oct  7 01:56:55 issabel systemd[1]: Starting Apply Kernel Variables...
Oct  7 01:56:55 issabel systemd[1]: Reached target Swap.
Oct  7 01:56:55 issabel systemd[1]: Started Create list of required static device nodes for the current kernel.
Oct  7 01:56:55 issabel systemd[1]: Starting Create Static Device Nodes in /dev...
Oct  7 01:56:55 issabel systemd[1]: Started Apply Kernel Variables.
Oct  7 01:56:55 issabel systemd[1]: Started Create Static Device Nodes in /dev.
Oct  7 01:56:55 issabel kernel: psmouse serio1: alps: Unknown ALPS touchpad: E7=10 00 64, EC=10 00 64
Oct  7 01:56:55 issabel kernel: input: ImExPS/2 Generic Explorer Mouse as /devices/platform/i8042/serio1/input/input3
Oct  7 01:56:55 issabel journal: Journal started
Oct  7 01:56:55 issabel systemd[1]: Started Journal Service.
Oct  7 01:56:55 issabel systemd: Started Setup Virtual Console.
Oct  7 01:56:55 issabel systemd: Started dracut cmdline hook.
Oct  7 01:56:55 issabel systemd: Starting dracut pre-udev hook...
Oct  7 01:56:55 issabel systemd: Started dracut pre-udev hook.
Oct  7 01:56:55 issabel systemd: Starting udev Kernel Device Manager...
Oct  7 01:56:55 issabel systemd-udevd: starting version 219
Oct  7 01:56:55 issabel systemd-udevd: Network interface NamePolicy= disabled on kernel command line, ignoring.
Oct  7 01:56:55 issabel systemd: Started udev Kernel Device Manager.
Oct  7 01:56:55 issabel systemd: Starting udev Coldplug all Devices...
Oct  7 01:56:55 issabel kernel: usb 1-1: new full-speed USB device number 2 using ohci-pci
Oct  7 01:56:55 issabel systemd: Mounting Configuration File System...
Oct  7 01:56:55 issabel systemd: Mounted Configuration File System.
Oct  7 01:56:55 issabel systemd: Started udev Coldplug all Devices.
Oct  7 01:56:55 issabel systemd: Starting Show Plymouth Boot Screen...
Oct  7 01:56:55 issabel systemd: Starting dracut initqueue hook...
Oct  7 01:56:55 issabel systemd: Reached target System Initialization.
Oct  7 01:56:55 issabel systemd: Started Show Plymouth Boot Screen.
Oct  7 01:56:55 issabel systemd: Reached target Paths.
Oct  7 01:56:55 issabel systemd: Started Forward Password Requests to Plymouth Directory Watch.
Oct  7 01:56:55 issabel systemd: Reached target Basic System.
Oct  7 01:56:55 issabel kernel: e1000: Intel(R) PRO/1000 Network Driver - version 7.3.21-k8-NAPI
Oct  7 01:56:55 issabel kernel: e1000: Copyright (c) 1999-2006 Intel Corporation.
Oct  7 01:56:56 issabel kernel: usb 1-1: New USB device found, idVendor=80ee, idProduct=0021, bcdDevice= 1.00
Oct  7 01:56:56 issabel kernel: usb 1-1: New USB device strings: Mfr=1, Product=3, SerialNumber=0
Oct  7 01:56:56 issabel kernel: usb 1-1: Product: USB Tablet
Oct  7 01:56:56 issabel kernel: usb 1-1: Manufacturer: VirtualBox
Oct  7 01:56:56 issabel kernel: input: VirtualBox USB Tablet as /devices/pci0000:00/0000:00:06.0/usb1/1-1/1-1:1.0/input/input4
Oct  7 01:56:56 issabel kernel: hid-generic 0003:80EE:0021.0001: input,hidraw0: USB HID v1.10 Mouse [VirtualBox USB Tablet] on usb-0000:00:06.0-1/input0
Oct  7 01:56:56 issabel kernel: tsc: Refined TSC clocksource calibration: 2417.103 MHz
Oct  7 01:56:56 issabel kernel: e1000 0000:00:03.0 eth0: (PCI:33MHz:32-bit) 08:00:27:08:2a:49
Oct  7 01:56:56 issabel kernel: e1000 0000:00:03.0 eth0: Intel(R) PRO/1000 Network Connection
Oct  7 01:56:56 issabel kernel: scsi host0: ata_piix
Oct  7 01:56:56 issabel kernel: scsi host1: ata_piix
Oct  7 01:56:56 issabel kernel: ata1: PATA max UDMA/33 cmd 0x1f0 ctl 0x3f6 bmdma 0xd000 irq 14
Oct  7 01:56:56 issabel kernel: ata2: PATA max UDMA/33 cmd 0x170 ctl 0x376 bmdma 0xd008 irq 15
Oct  7 01:56:56 issabel kernel: [drm] DMA map mode: Keeping DMA mappings.
Oct  7 01:56:56 issabel kernel: [drm] Capabilities:
Oct  7 01:56:56 issabel kernel: [drm]   Cursor.
Oct  7 01:56:56 issabel kernel: [drm]   Cursor bypass 2.
Oct  7 01:56:56 issabel kernel: [drm]   Alpha cursor.
Oct  7 01:56:56 issabel kernel: [drm]   3D.
Oct  7 01:56:56 issabel kernel: [drm]   Extended Fifo.
Oct  7 01:56:56 issabel kernel: [drm]   Pitchlock.
Oct  7 01:56:56 issabel kernel: [drm]   Irq mask.
Oct  7 01:56:56 issabel kernel: [drm]   GMR.
Oct  7 01:56:56 issabel kernel: [drm]   Traces.
Oct  7 01:56:56 issabel kernel: [drm]   GMR2.
Oct  7 01:56:56 issabel kernel: [drm]   Screen Object 2.
Oct  7 01:56:56 issabel kernel: [drm] Max GMR ids is 8192
Oct  7 01:56:56 issabel kernel: [drm] Max number of GMR pages is 1048576
Oct  7 01:56:56 issabel kernel: [drm] Max dedicated hypervisor surface memory is 507904 kiB
Oct  7 01:56:56 issabel kernel: [drm] Maximum display memory size is 16384 kiB
Oct  7 01:56:56 issabel kernel: [drm] VRAM at 0xe0000000 size is 16384 kiB
Oct  7 01:56:56 issabel kernel: [drm] MMIO at 0xf0000000 size is 2048 kiB
Oct  7 01:56:56 issabel kernel: [TTM] Zone  kernel: Available graphics memory: 2022634 kiB
Oct  7 01:56:56 issabel kernel: [TTM] Initializing pool allocator
Oct  7 01:56:56 issabel kernel: [TTM] Initializing DMA pool allocator
Oct  7 01:56:56 issabel kernel: [drm] Supports vblank timestamp caching Rev 2 (21.10.2013).
Oct  7 01:56:56 issabel kernel: [drm] No driver support for vblank timestamp query.
Oct  7 01:56:56 issabel kernel: [drm] Screen Objects Display Unit initialized
Oct  7 01:56:56 issabel kernel: [drm] width 720
Oct  7 01:56:56 issabel kernel: [drm] height 400
Oct  7 01:56:56 issabel kernel: [drm] bpp 32
Oct  7 01:56:56 issabel kernel: [drm] Fifo max 0x00200000 min 0x00001000 cap 0x00000355
Oct  7 01:56:56 issabel kernel: [drm] DX: no.
Oct  7 01:56:56 issabel kernel: [drm] Atomic: yes.
Oct  7 01:56:56 issabel kernel: [drm] SM4_1: no.
Oct  7 01:56:56 issabel kernel: [drm:vmw_host_log [vmwgfx]] *ERROR* Failed to send host log message.
Oct  7 01:56:56 issabel kernel: [drm:vmw_host_log [vmwgfx]] *ERROR* Failed to send host log message.
Oct  7 01:56:56 issabel kernel: fbcon: svgadrmfb (fb0) is primary device
Oct  7 01:56:56 issabel kernel: Console: switching to colour frame buffer device 100x37
Oct  7 01:56:56 issabel kernel: [drm] Initialized vmwgfx 2.15.0 20180704 for 0000:00:02.0 on minor 0
Oct  7 01:56:56 issabel kernel: ata2.00: ATAPI: VBOX CD-ROM, 1.0, max UDMA/133
Oct  7 01:56:56 issabel kernel: ata1.00: ATA-6: VBOX HARDDISK, 1.0, max UDMA/133
Oct  7 01:56:56 issabel kernel: ata1.00: 32145968 sectors, multi 128: LBA 
Oct  7 01:56:56 issabel kernel: ata1.00: configured for UDMA/33
Oct  7 01:56:56 issabel kernel: scsi 0:0:0:0: Direct-Access     ATA      VBOX HARDDISK    1.0  PQ: 0 ANSI: 5
Oct  7 01:56:56 issabel kernel: ata2.00: configured for UDMA/33
Oct  7 01:56:56 issabel kernel: scsi 1:0:0:0: CD-ROM            VBOX     CD-ROM           1.0  PQ: 0 ANSI: 5
Oct  7 01:56:57 issabel kernel: e1000 0000:00:08.0 eth1: (PCI:33MHz:32-bit) 08:00:27:38:f5:9d
Oct  7 01:56:57 issabel kernel: e1000 0000:00:08.0 eth1: Intel(R) PRO/1000 Network Connection
Oct  7 01:56:57 issabel kernel: sd 0:0:0:0: [sda] 32145968 512-byte logical blocks: (16.4 GB/15.3 GiB)
Oct  7 01:56:57 issabel kernel: sd 0:0:0:0: [sda] Write Protect is off
Oct  7 01:56:57 issabel kernel: sd 0:0:0:0: [sda] Write cache: enabled, read cache: enabled, doesn't support DPO or FUA
Oct  7 01:56:57 issabel kernel: sr 1:0:0:0: [sr0] scsi3-mmc drive: 32x/32x xa/form2 tray
Oct  7 01:56:57 issabel kernel: cdrom: Uniform CD-ROM driver Revision: 3.20
Oct  7 01:56:57 issabel kernel: sda: sda1 sda2 sda3
Oct  7 01:56:57 issabel kernel: sd 0:0:0:0: [sda] Attached SCSI disk
Oct  7 01:56:57 issabel kernel: random: fast init done
Oct  7 01:56:57 issabel systemd: Found device VBOX_HARDDISK 3.
Oct  7 01:56:57 issabel systemd: Starting File System Check on /dev/disk/by-uuid/0d5851af-702b-448a-bbfa-6a361f879e66...
Oct  7 01:56:57 issabel systemd-fsck: /dev/sda3: recovering journal
Oct  7 01:56:57 issabel systemd: Started dracut initqueue hook.
Oct  7 01:56:57 issabel systemd: Reached target Remote File Systems (Pre).
Oct  7 01:56:57 issabel systemd: Reached target Remote File Systems.
Oct  7 01:56:57 issabel systemd-fsck: /dev/sda3: Clearing orphaned inode 680848 (uid=997, gid=993, mode=0100600, size=0)
Oct  7 01:56:57 issabel systemd-fsck: /dev/sda3: Clearing orphaned inode 680840 (uid=27, gid=27, mode=0100600, size=0)
Oct  7 01:56:57 issabel systemd-fsck: /dev/sda3: Clearing orphaned inode 680758 (uid=27, gid=27, mode=0100600, size=0)
Oct  7 01:56:57 issabel systemd-fsck: /dev/sda3: Clearing orphaned inode 680838 (uid=27, gid=27, mode=0100600, size=0)
Oct  7 01:56:57 issabel systemd-fsck: /dev/sda3: Clearing orphaned inode 680837 (uid=27, gid=27, mode=0100600, size=0)
Oct  7 01:56:57 issabel systemd-fsck: /dev/sda3: Clearing orphaned inode 680833 (uid=27, gid=27, mode=0100600, size=0)
Oct  7 01:56:57 issabel systemd-fsck: /dev/sda3: clean, 138707/886464 files, 1240196/3538944 blocks
Oct  7 01:56:57 issabel systemd: Started File System Check on /dev/disk/by-uuid/0d5851af-702b-448a-bbfa-6a361f879e66.
Oct  7 01:56:57 issabel systemd: Mounting /sysroot...
Oct  7 01:56:57 issabel kernel: EXT4-fs (sda3): mounted filesystem with ordered data mode. Opts: (null)
Oct  7 01:56:57 issabel systemd: Mounted /sysroot.
Oct  7 01:56:57 issabel systemd: Reached target Initrd Root File System.
Oct  7 01:56:57 issabel systemd: Starting Reload Configuration from the Real Root...
Oct  7 01:56:57 issabel systemd: Reloading.
Oct  7 01:56:58 issabel systemd: Started Reload Configuration from the Real Root.
Oct  7 01:56:58 issabel systemd: Reached target Initrd File Systems.
Oct  7 01:56:58 issabel systemd: Reached target Initrd Default Target.
Oct  7 01:56:58 issabel systemd: Starting dracut pre-pivot and cleanup hook...
Oct  7 01:56:58 issabel systemd: Started dracut pre-pivot and cleanup hook.
Oct  7 01:56:58 issabel systemd: Starting Cleaning Up and Shutting Down Daemons...
Oct  7 01:56:58 issabel systemd: Stopped target Timers.
Oct  7 01:56:58 issabel systemd: Starting Plymouth switch root service...
Oct  7 01:56:58 issabel systemd: Stopped dracut pre-pivot and cleanup hook.
Oct  7 01:56:58 issabel systemd: Stopped target Remote File Systems.
Oct  7 01:56:58 issabel systemd: Stopped target Remote File Systems (Pre).
Oct  7 01:56:58 issabel systemd: Stopped dracut initqueue hook.
Oct  7 01:56:58 issabel systemd: Stopped target Initrd Default Target.
Oct  7 01:56:58 issabel systemd: Stopped target Basic System.
Oct  7 01:56:58 issabel systemd: Stopped target System Initialization.
Oct  7 01:56:58 issabel systemd: Stopped Apply Kernel Variables.
Oct  7 01:56:58 issabel systemd: Stopping udev Kernel Device Manager...
Oct  7 01:56:58 issabel systemd: Stopped target Local File Systems.
Oct  7 01:56:58 issabel systemd: Stopped udev Coldplug all Devices.
Oct  7 01:56:58 issabel systemd: Stopped target Swap.
Oct  7 01:56:58 issabel systemd: Stopped target Paths.
Oct  7 01:56:58 issabel systemd: Stopped target Sockets.
Oct  7 01:56:58 issabel systemd: Stopped target Slices.
Oct  7 01:56:58 issabel systemd: Stopped udev Kernel Device Manager.
Oct  7 01:56:58 issabel systemd: Started Cleaning Up and Shutting Down Daemons.
Oct  7 01:56:58 issabel systemd: Stopped Create Static Device Nodes in /dev.
Oct  7 01:56:58 issabel systemd: Stopped Create list of required static device nodes for the current kernel.
Oct  7 01:56:58 issabel systemd: Stopped dracut pre-udev hook.
Oct  7 01:56:58 issabel systemd: Stopped dracut cmdline hook.
Oct  7 01:56:58 issabel systemd: Closed udev Kernel Socket.
Oct  7 01:56:58 issabel systemd: Closed udev Control Socket.
Oct  7 01:56:58 issabel systemd: Starting Cleanup udevd DB...
Oct  7 01:56:58 issabel systemd: Started Cleanup udevd DB.
Oct  7 01:56:58 issabel systemd: Reached target Switch Root.
Oct  7 01:56:58 issabel systemd: Started Plymouth switch root service.
Oct  7 01:56:58 issabel systemd: Starting Switch Root...
Oct  7 01:56:58 issabel systemd: Switching root.
Oct  7 01:56:58 issabel journal: Journal stopped
Oct  7 01:56:58 issabel journal: Runtime journal is using 8.0M (max allowed 197.5M, trying to leave 296.2M free of 1.9G available â†’ current limit 197.5M).
Oct  7 01:56:58 issabel systemd-journald[90]: Received SIGTERM from PID 1 (systemd).
Oct  7 01:56:58 issabel kernel: SELinux:  Disabled at runtime.
Oct  7 01:56:58 issabel kernel: type=1404 audit(1665122218.431:2): selinux=0 auid=4294967295 ses=4294967295
Oct  7 01:56:58 issabel kernel: ip_tables: (C) 2000-2006 Netfilter Core Team
Oct  7 01:56:58 issabel systemd[1]: Inserted module 'ip_tables'
Oct  7 01:56:58 issabel journal: Journal started
Oct  7 01:56:58 issabel systemd: systemd 219 running in system mode. (+PAM +AUDIT +SELINUX +IMA -APPARMOR +SMACK +SYSVINIT +UTMP +LIBCRYPTSETUP +GCRYPT +GNUTLS +ACL +XZ +LZ4 -SECCOMP +BLKID +ELFUTILS +KMOD +IDN)
Oct  7 01:56:58 issabel kernel: random: crng init done
Oct  7 01:56:58 issabel systemd: Detected virtualization kvm.
Oct  7 01:56:58 issabel systemd: Detected architecture x86-64.
Oct  7 01:56:58 issabel systemd: Set hostname to <issabel.local>.
Oct  7 01:56:58 issabel systemd: Started Read and set NIS domainname from /etc/sysconfig/network.
Oct  7 01:56:58 issabel systemd: Started Create list of required static device nodes for the current kernel.
Oct  7 01:56:58 issabel systemd: Started Apply Kernel Variables.
Oct  7 01:56:58 issabel systemd: Starting Create Static Device Nodes in /dev...
Oct  7 01:56:58 issabel kernel: EXT4-fs (sda3): re-mounted. Opts: (null)
Oct  7 01:56:58 issabel systemd: Started Remount Root and Kernel File Systems.
Oct  7 01:56:58 issabel systemd: Starting Configure read-only root support...
Oct  7 01:56:58 issabel systemd: Starting Flush Journal to Persistent Storage...
Oct  7 01:56:58 issabel systemd: Starting udev Coldplug all Devices...
Oct  7 01:56:58 issabel systemd: Started LVM2 metadata daemon.
Oct  7 01:56:58 issabel systemd: Started Flush Journal to Persistent Storage.
Oct  7 01:56:58 issabel systemd: Started Create Static Device Nodes in /dev.
Oct  7 01:56:58 issabel systemd: Starting udev Kernel Device Manager...
Oct  7 01:56:58 issabel systemd-udevd: starting version 219
Oct  7 01:56:58 issabel systemd-udevd: Network interface NamePolicy= disabled on kernel command line, ignoring.
Oct  7 01:56:58 issabel systemd: Started Configure read-only root support.
Oct  7 01:56:58 issabel systemd: Starting Load/Save Random Seed...
Oct  7 01:56:58 issabel systemd: Started udev Coldplug all Devices.
Oct  7 01:56:58 issabel systemd: Starting udev Wait for Complete Device Initialization...
Oct  7 01:56:58 issabel systemd: Started Load/Save Random Seed.
Oct  7 01:56:58 issabel systemd: Started udev Kernel Device Manager.
Oct  7 01:56:59 issabel kernel: ACPI: Video Device [GFX0] (multi-head: yes  rom: no  post: no)
Oct  7 01:56:59 issabel kernel: input: Video Bus as /devices/LNXSYSTM:00/device:00/PNP0A03:00/LNXVIDEO:00/input/input5
Oct  7 01:56:59 issabel kernel: piix4_smbus 0000:00:07.0: SMBus Host Controller at 0x4100, revision 0
Oct  7 01:56:59 issabel kernel: sd 0:0:0:0: Attached scsi generic sg0 type 0
Oct  7 01:56:59 issabel kernel: input: PC Speaker as /devices/platform/pcspkr/input/input6
Oct  7 01:56:59 issabel kernel: sr 1:0:0:0: Attached scsi generic sg1 type 5
Oct  7 01:56:59 issabel kernel: cryptd: max_cpu_qlen set to 1000
Oct  7 01:56:59 issabel systemd: Found device VBOX_HARDDISK 2.
Oct  7 01:56:59 issabel systemd: Activating swap /dev/disk/by-uuid/87ac1411-239b-438e-ab03-5b6cc4778cbd...
Oct  7 01:56:59 issabel systemd: Found device VBOX_HARDDISK 1.
Oct  7 01:56:59 issabel kernel: Adding 1607676k swap on /dev/sda2.  Priority:-2 extents:1 across:1607676k FS
Oct  7 01:56:59 issabel systemd: Activated swap /dev/disk/by-uuid/87ac1411-239b-438e-ab03-5b6cc4778cbd.
Oct  7 01:56:59 issabel systemd: Reached target Swap.
Oct  7 01:56:59 issabel kernel: AVX2 version of gcm_enc/dec engaged.
Oct  7 01:56:59 issabel kernel: AES CTR mode by8 optimization enabled
Oct  7 01:56:59 issabel kernel: ppdev: user-space parallel port driver
Oct  7 01:56:59 issabel systemd: Started Monitoring of LVM2 mirrors, snapshots etc. using dmeventd or progress polling.
Oct  7 01:56:59 issabel systemd: Reached target Local File Systems (Pre).
Oct  7 01:56:59 issabel systemd: Starting File System Check on /dev/disk/by-uuid/670a1af8-ca29-4cc7-ae4e-8f93ce836c75...
Oct  7 01:56:59 issabel kernel: alg: No test for __gcm-aes-aesni (__driver-gcm-aes-aesni)
Oct  7 01:56:59 issabel kernel: alg: No test for __generic-gcm-aes-aesni (__driver-generic-gcm-aes-aesni)
Oct  7 01:56:59 issabel systemd-fsck: /dev/sda1: recovering journal
Oct  7 01:56:59 issabel systemd-fsck: /dev/sda1: clean, 351/76912 files, 136604/307200 blocks
Oct  7 01:56:59 issabel systemd: Started File System Check on /dev/disk/by-uuid/670a1af8-ca29-4cc7-ae4e-8f93ce836c75.
Oct  7 01:56:59 issabel systemd: Mounting /boot...
Oct  7 01:56:59 issabel kernel: EXT4-fs (sda1): mounted filesystem with ordered data mode. Opts: (null)
Oct  7 01:56:59 issabel systemd: Mounted /boot.
Oct  7 01:56:59 issabel kernel: snd_intel8x0 0000:00:05.0: intel8x0_measure_ac97_clock: measured 50819 usecs (2400 samples)
Oct  7 01:56:59 issabel kernel: snd_intel8x0 0000:00:05.0: clocking to 48786
Oct  7 01:56:59 issabel systemd: Reached target Sound Card.
Oct  7 01:57:01 issabel systemd: Received SIGRTMIN+20 from PID 220 (plymouthd).
Oct  7 01:57:02 issabel kernel: floppy0: no floppy controllers found
Oct  7 01:57:02 issabel kernel: work still pending
Oct  7 01:57:02 issabel systemd: Started udev Wait for Complete Device Initialization.
Oct  7 01:57:02 issabel systemd: Starting Activation of DM RAID sets...
Oct  7 01:57:02 issabel kernel: device-mapper: uevent: version 1.0.3
Oct  7 01:57:02 issabel kernel: device-mapper: ioctl: 4.37.1-ioctl (2018-04-03) initialised: dm-devel@redhat.com
Oct  7 01:57:02 issabel systemd: Started Activation of DM RAID sets.
Oct  7 01:57:02 issabel systemd: Reached target Local Encrypted Volumes.
Oct  7 01:57:02 issabel systemd: Reached target Local File Systems.
Oct  7 01:57:02 issabel systemd: Starting Tell Plymouth To Write Out Runtime Data...
Oct  7 01:57:02 issabel systemd: Starting Import network configuration from initramfs...
Oct  7 01:57:02 issabel systemd: Started Import network configuration from initramfs.
Oct  7 01:57:02 issabel systemd: Starting Create Volatile Files and Directories...
Oct  7 01:57:02 issabel systemd: Started Tell Plymouth To Write Out Runtime Data.
Oct  7 01:57:02 issabel systemd: Started Create Volatile Files and Directories.
Oct  7 01:57:02 issabel systemd: Starting Security Auditing Service...
Oct  7 01:57:02 issabel auditd[498]: Started dispatcher: /sbin/audispd pid: 500
Oct  7 01:57:02 issabel kernel: type=1305 audit(1665122222.246:3): audit_pid=498 old=0 auid=4294967295 ses=4294967295 res=1
Oct  7 01:57:02 issabel audispd: No plugins found, exiting
Oct  7 01:57:02 issabel auditd[498]: Init complete, auditd 2.8.5 listening for events (startup state enable)
Oct  7 01:57:02 issabel augenrules: /sbin/augenrules: No change
Oct  7 01:57:02 issabel augenrules: No rules
Oct  7 01:57:02 issabel augenrules: enabled 1
Oct  7 01:57:02 issabel augenrules: failure 1
Oct  7 01:57:02 issabel augenrules: pid 498
Oct  7 01:57:02 issabel augenrules: rate_limit 0
Oct  7 01:57:02 issabel augenrules: backlog_limit 8192
Oct  7 01:57:02 issabel augenrules: lost 0
Oct  7 01:57:02 issabel augenrules: backlog 1
Oct  7 01:57:02 issabel augenrules: enabled 1
Oct  7 01:57:02 issabel augenrules: failure 1
Oct  7 01:57:02 issabel augenrules: pid 498
Oct  7 01:57:02 issabel augenrules: rate_limit 0
Oct  7 01:57:02 issabel augenrules: backlog_limit 8192
Oct  7 01:57:02 issabel augenrules: lost 0
Oct  7 01:57:02 issabel augenrules: backlog 1
Oct  7 01:57:02 issabel systemd: Started Security Auditing Service.
Oct  7 01:57:02 issabel systemd: Starting Update UTMP about System Boot/Shutdown...
Oct  7 01:57:02 issabel systemd: Started Update UTMP about System Boot/Shutdown.
Oct  7 01:57:02 issabel systemd: Reached target System Initialization.
Oct  7 01:57:02 issabel systemd: Listening on Avahi mDNS/DNS-SD Stack Activation Socket.
Oct  7 01:57:02 issabel systemd: Listening on D-Bus System Message Bus Socket.
Oct  7 01:57:02 issabel systemd: Reached target Sockets.
Oct  7 01:57:02 issabel systemd: Reached target Basic System.
Oct  7 01:57:02 issabel systemd: Starting SASL authentication daemon....
Oct  7 01:57:02 issabel systemd: Starting Dump dmesg to /var/log/dmesg...
Oct  7 01:57:02 issabel systemd: Starting Authorization Manager...
Oct  7 01:57:02 issabel systemd: Starting Login Service...
Oct  7 01:57:02 issabel systemd: Started irqbalance daemon.
Oct  7 01:57:02 issabel systemd: Started D-Bus System Message Bus.
Oct  7 01:57:02 issabel /usr/sbin/irqbalance: Balancing is ineffective on systems with a single cpu.  Shutting down
Oct  7 01:57:02 issabel polkitd[522]: Started polkitd version 0.112
Oct  7 01:57:02 issabel saslauthd[530]: detach_tty      : master pid is: 530
Oct  7 01:57:02 issabel saslauthd[530]: ipc_init        : listening on socket: /run/saslauthd/mux
Oct  7 01:57:02 issabel systemd: Starting Network Manager...
Oct  7 01:57:02 issabel systemd: Starting Permit User Sessions...
Oct  7 01:57:02 issabel systemd: Starting Avahi mDNS/DNS-SD Stack...
Oct  7 01:57:02 issabel systemd: Starting IP sets for iptables...
Oct  7 01:57:02 issabel systemd: Started Daily Cleanup of Temporary Directories.
Oct  7 01:57:02 issabel systemd: Reached target Timers.
Oct  7 01:57:02 issabel systemd: Started SASL authentication daemon..
Oct  7 01:57:02 issabel avahi-daemon[538]: Found user 'avahi' (UID 70) and group 'avahi' (GID 70).
Oct  7 01:57:02 issabel avahi-daemon[538]: Successfully dropped root privileges.
Oct  7 01:57:02 issabel avahi-daemon[538]: avahi-daemon 0.6.31 starting up.
Oct  7 01:57:02 issabel avahi-daemon[538]: WARNING: No NSS support for mDNS detected, consider installing nss-mdns!
Oct  7 01:57:02 issabel avahi-daemon[538]: Successfully called chroot().
Oct  7 01:57:02 issabel avahi-daemon[538]: Successfully dropped remaining capabilities.
Oct  7 01:57:02 issabel systemd: Started Dump dmesg to /var/log/dmesg.
Oct  7 01:57:02 issabel systemd: Started Permit User Sessions.
Oct  7 01:57:02 issabel systemd-logind: New seat seat0.
Oct  7 01:57:02 issabel systemd-logind: Watching system buttons on /dev/input/event0 (Power Button)
Oct  7 01:57:02 issabel systemd-logind: Watching system buttons on /dev/input/event1 (Sleep Button)
Oct  7 01:57:02 issabel systemd-logind: Watching system buttons on /dev/input/event5 (Video Bus)
Oct  7 01:57:02 issabel avahi-daemon[538]: No service file found in /etc/avahi/services.
Oct  7 01:57:02 issabel avahi-daemon[538]: Network interface enumeration completed.
Oct  7 01:57:02 issabel avahi-daemon[538]: Registering HINFO record with values 'X86_64'/'LINUX'.
Oct  7 01:57:02 issabel avahi-daemon[538]: Server startup complete. Host name is issabel.local. Local service cookie is 4138825672.
Oct  7 01:57:02 issabel systemd: Started Avahi mDNS/DNS-SD Stack.
Oct  7 01:57:02 issabel systemd: Started Login Service.
Oct  7 01:57:02 issabel systemd: Started Job spooling tools.
Oct  7 01:57:02 issabel NetworkManager[536]: <info>  [1665122222.7024] NetworkManager (version 1.18.8-1.el7) is starting... (for the first time)
Oct  7 01:57:02 issabel NetworkManager[536]: <info>  [1665122222.7026] Read config: /etc/NetworkManager/NetworkManager.conf (lib: 10-slaves-order.conf)
Oct  7 01:57:02 issabel systemd: Started Network Manager.
Oct  7 01:57:02 issabel systemd: Starting Network Manager Wait Online...
Oct  7 01:57:02 issabel NetworkManager[536]: <info>  [1665122222.7126] bus-manager: acquired D-Bus service "org.freedesktop.NetworkManager"
Oct  7 01:57:02 issabel systemd: Started Authorization Manager.
Oct  7 01:57:02 issabel NetworkManager[536]: <info>  [1665122222.7160] manager[0x561c676d9030]: monitoring kernel firmware directory '/lib/firmware'.
Oct  7 01:57:02 issabel dbus[526]: [system] Activating via systemd: service name='org.freedesktop.hostname1' unit='dbus-org.freedesktop.hostname1.service'
Oct  7 01:57:02 issabel systemd: Starting Hostname Service...
Oct  7 01:57:02 issabel kernel: Netfilter messages via NETLINK v0.30.
Oct  7 01:57:02 issabel kernel: ip_set: protocol 7
Oct  7 01:57:02 issabel dbus[526]: [system] Successfully activated service 'org.freedesktop.hostname1'
Oct  7 01:57:02 issabel NetworkManager[536]: <info>  [1665122222.7693] hostname: hostname: using hostnamed
Oct  7 01:57:02 issabel NetworkManager[536]: <info>  [1665122222.7694] hostname: hostname changed from (none) to "issabel.local"
Oct  7 01:57:02 issabel NetworkManager[536]: <info>  [1665122222.7696] dns-mgr[0x561c676be220]: init: dns=default,systemd-resolved rc-manager=file
Oct  7 01:57:02 issabel dbus[526]: [system] Activating via systemd: service name='org.freedesktop.nm_dispatcher' unit='dbus-org.freedesktop.nm-dispatcher.service'
Oct  7 01:57:02 issabel systemd: Started Hostname Service.
Oct  7 01:57:02 issabel systemd: Starting Network Manager Script Dispatcher Service...
Oct  7 01:57:02 issabel dbus[526]: [system] Successfully activated service 'org.freedesktop.nm_dispatcher'
Oct  7 01:57:02 issabel systemd: Started Network Manager Script Dispatcher Service.
Oct  7 01:57:02 issabel NetworkManager[536]: <info>  [1665122222.8038] settings: Loaded settings plugin: SettingsPluginIfcfg ("/usr/lib64/NetworkManager/1.18.8-1.el7/libnm-settings-plugin-ifcfg-rh.so")
Oct  7 01:57:02 issabel NetworkManager[536]: <info>  [1665122222.8062] settings: Loaded settings plugin: NMSIbftPlugin ("/usr/lib64/NetworkManager/1.18.8-1.el7/libnm-settings-plugin-ibft.so")
Oct  7 01:57:02 issabel NetworkManager[536]: <info>  [1665122222.8062] settings: Loaded settings plugin: NMSKeyfilePlugin (internal)
Oct  7 01:57:02 issabel NetworkManager[536]: <info>  [1665122222.8092] ifcfg-rh: new connection /etc/sysconfig/network-scripts/ifcfg-eth0 (ab616e49-a0b5-40f2-81c8-e68cbb7b9d3e,"eth0")
Oct  7 01:57:02 issabel NetworkManager[536]: <info>  [1665122222.8096] ifcfg-rh: new connection /etc/sysconfig/network-scripts/ifcfg-eth1 (8a72de83-ea3c-457e-a53c-1093feb58f0a,"eth1")
Oct  7 01:57:02 issabel NetworkManager[536]: <info>  [1665122222.8126] manager: rfkill: Wi-Fi enabled by radio killswitch; enabled by state file
Oct  7 01:57:02 issabel NetworkManager[536]: <info>  [1665122222.8126] manager: rfkill: WWAN enabled by radio killswitch; enabled by state file
Oct  7 01:57:02 issabel NetworkManager[536]: <info>  [1665122222.8127] manager: Networking is enabled by state file
Oct  7 01:57:02 issabel nm-dispatcher: find-scripts: Cannot execute '/etc/NetworkManager/dispatcher.d/12-dhcpd': not executable by owner.
Oct  7 01:57:02 issabel nm-dispatcher: req:1 'hostname': new request (3 scripts)
Oct  7 01:57:02 issabel nm-dispatcher: req:1 'hostname': start running ordered scripts...
Oct  7 01:57:02 issabel NetworkManager[536]: <info>  [1665122222.8151] dhcp-init: Using DHCP client 'dhclient'
Oct  7 01:57:02 issabel kernel: IPv6: ADDRCONF(NETDEV_UP): eth0: link is not ready
Oct  7 01:57:02 issabel NetworkManager[536]: <info>  [1665122222.8173] device (lo): carrier: link connected
Oct  7 01:57:02 issabel NetworkManager[536]: <info>  [1665122222.8176] manager: (lo): new Generic device (/org/freedesktop/NetworkManager/Devices/1)
Oct  7 01:57:02 issabel NetworkManager[536]: <info>  [1665122222.8181] manager: (eth0): new Ethernet device (/org/freedesktop/NetworkManager/Devices/2)
Oct  7 01:57:02 issabel NetworkManager[536]: <info>  [1665122222.8186] device (eth0): state change: unmanaged -> unavailable (reason 'managed', sys-iface-state: 'external')
Oct  7 01:57:02 issabel kernel: e1000: eth0 NIC Link is Up 1000 Mbps Full Duplex, Flow Control: RX
Oct  7 01:57:02 issabel systemd: Started IP sets for iptables.
Oct  7 01:57:02 issabel kernel: IPv6: ADDRCONF(NETDEV_UP): eth0: link is not ready
Oct  7 01:57:02 issabel kernel: IPv6: ADDRCONF(NETDEV_CHANGE): eth0: link becomes ready
Oct  7 01:57:02 issabel NetworkManager[536]: <info>  [1665122222.8328] device (eth0): carrier: link connected
Oct  7 01:57:02 issabel nm-dispatcher: find-scripts: Cannot execute '/etc/NetworkManager/dispatcher.d/12-dhcpd': not executable by owner.
Oct  7 01:57:02 issabel nm-dispatcher: req:2 'connectivity-change': new request (3 scripts)
Oct  7 01:57:02 issabel NetworkManager[536]: <info>  [1665122222.8399] manager: (eth1): new Ethernet device (/org/freedesktop/NetworkManager/Devices/3)
Oct  7 01:57:02 issabel NetworkManager[536]: <info>  [1665122222.8429] device (eth1): state change: unmanaged -> unavailable (reason 'managed', sys-iface-state: 'external')
Oct  7 01:57:02 issabel kernel: IPv6: ADDRCONF(NETDEV_UP): eth1: link is not ready
Oct  7 01:57:02 issabel kernel: IPv6: ADDRCONF(NETDEV_UP): eth1: link is not ready
Oct  7 01:57:02 issabel kernel: e1000: eth1 NIC Link is Up 1000 Mbps Full Duplex, Flow Control: RX
Oct  7 01:57:02 issabel kernel: IPv6: ADDRCONF(NETDEV_CHANGE): eth1: link becomes ready
Oct  7 01:57:02 issabel NetworkManager[536]: <info>  [1665122222.8782] device (eth1): carrier: link connected
Oct  7 01:57:02 issabel NetworkManager[536]: <info>  [1665122222.8804] device (eth0): state change: unavailable -> disconnected (reason 'none', sys-iface-state: 'managed')
Oct  7 01:57:02 issabel NetworkManager[536]: <info>  [1665122222.8906] device (eth1): state change: unavailable -> disconnected (reason 'carrier-changed', sys-iface-state: 'managed')
Oct  7 01:57:02 issabel NetworkManager[536]: <info>  [1665122222.9012] policy: auto-activating connection 'eth0' (ab616e49-a0b5-40f2-81c8-e68cbb7b9d3e)
Oct  7 01:57:02 issabel NetworkManager[536]: <info>  [1665122222.9076] device (eth0): Activation: starting connection 'eth0' (ab616e49-a0b5-40f2-81c8-e68cbb7b9d3e)
Oct  7 01:57:02 issabel NetworkManager[536]: <info>  [1665122222.9089] device (eth0): state change: disconnected -> prepare (reason 'none', sys-iface-state: 'managed')
Oct  7 01:57:02 issabel NetworkManager[536]: <info>  [1665122222.9137] manager: NetworkManager state is now CONNECTING
Oct  7 01:57:02 issabel NetworkManager[536]: <info>  [1665122222.9163] device (eth0): state change: prepare -> config (reason 'none', sys-iface-state: 'managed')
Oct  7 01:57:02 issabel NetworkManager[536]: <info>  [1665122222.9195] device (eth0): state change: config -> ip-config (reason 'none', sys-iface-state: 'managed')
Oct  7 01:57:02 issabel NetworkManager[536]: <info>  [1665122222.9228] dhcp4 (eth0): activation: beginning transaction (timeout in 45 seconds)
Oct  7 01:57:02 issabel NetworkManager[536]: <info>  [1665122222.9326] dhcp4 (eth0): dhclient started with pid 597
Oct  7 01:57:02 issabel avahi-daemon[538]: Registering new address record for fe80::652a:3c0e:76c6:247 on eth0.*.
Oct  7 01:57:02 issabel nm-dispatcher: req:2 'connectivity-change': start running ordered scripts...
Oct  7 01:57:03 issabel dhclient[597]: DHCPDISCOVER on eth0 to 255.255.255.255 port 67 interval 5 (xid=0x42d8ded5)
Oct  7 01:57:03 issabel dhclient[597]: DHCPREQUEST on eth0 to 255.255.255.255 port 67 (xid=0x42d8ded5)
Oct  7 01:57:03 issabel dhclient[597]: DHCPOFFER from 10.0.2.2
Oct  7 01:57:03 issabel dhclient[597]: DHCPACK from 10.0.2.2 (xid=0x42d8ded5)
Oct  7 01:57:03 issabel NetworkManager[536]: <info>  [1665122223.0424] dhcp4 (eth0):   address 10.0.2.15
Oct  7 01:57:03 issabel NetworkManager[536]: <info>  [1665122223.0424] dhcp4 (eth0):   plen 24 (255.255.255.0)
Oct  7 01:57:03 issabel NetworkManager[536]: <info>  [1665122223.0424] dhcp4 (eth0):   gateway 10.0.2.2
Oct  7 01:57:03 issabel NetworkManager[536]: <info>  [1665122223.0425] dhcp4 (eth0):   lease time 86400
Oct  7 01:57:03 issabel NetworkManager[536]: <info>  [1665122223.0425] dhcp4 (eth0):   nameserver '192.168.174.2'
Oct  7 01:57:03 issabel NetworkManager[536]: <info>  [1665122223.0426] dhcp4 (eth0): state changed unknown -> bound
Oct  7 01:57:03 issabel avahi-daemon[538]: Joining mDNS multicast group on interface eth0.IPv4 with address 10.0.2.15.
Oct  7 01:57:03 issabel avahi-daemon[538]: New relevant interface eth0.IPv4 for mDNS.
Oct  7 01:57:03 issabel avahi-daemon[538]: Registering new address record for 10.0.2.15 on eth0.IPv4.
Oct  7 01:57:03 issabel NetworkManager[536]: <info>  [1665122223.0488] device (eth0): state change: ip-config -> ip-check (reason 'none', sys-iface-state: 'managed')
Oct  7 01:57:03 issabel NetworkManager[536]: <info>  [1665122223.0572] device (eth0): state change: ip-check -> secondaries (reason 'none', sys-iface-state: 'managed')
Oct  7 01:57:03 issabel NetworkManager[536]: <info>  [1665122223.0608] device (eth0): state change: secondaries -> activated (reason 'none', sys-iface-state: 'managed')
Oct  7 01:57:03 issabel NetworkManager[536]: <info>  [1665122223.0657] manager: NetworkManager state is now CONNECTED_LOCAL
Oct  7 01:57:03 issabel dhclient[597]: bound to 10.0.2.15 -- renewal in 32745 seconds.
Oct  7 01:57:03 issabel NetworkManager[536]: <info>  [1665122223.0742] manager: NetworkManager state is now CONNECTED_SITE
Oct  7 01:57:03 issabel NetworkManager[536]: <info>  [1665122223.0759] policy: set 'eth0' (eth0) as default for IPv4 routing and DNS
Oct  7 01:57:03 issabel NetworkManager[536]: <info>  [1665122223.0806] device (eth0): Activation: successful, device activated.
Oct  7 01:57:03 issabel nm-dispatcher: find-scripts: Cannot execute '/etc/NetworkManager/dispatcher.d/12-dhcpd': not executable by owner.
Oct  7 01:57:03 issabel nm-dispatcher: req:3 'up' [eth0]: new request (3 scripts)
Oct  7 01:57:03 issabel nm-dispatcher: req:3 'up' [eth0]: start running ordered scripts...
Oct  7 01:57:03 issabel NetworkManager[536]: <info>  [1665122223.0870] manager: NetworkManager state is now CONNECTED_GLOBAL
Oct  7 01:57:03 issabel NetworkManager[536]: <info>  [1665122223.0918] manager: startup complete
Oct  7 01:57:03 issabel nm-dispatcher: find-scripts: Cannot execute '/etc/NetworkManager/dispatcher.d/12-dhcpd': not executable by owner.
Oct  7 01:57:03 issabel nm-dispatcher: req:4 'connectivity-change': new request (3 scripts)
Oct  7 01:57:03 issabel systemd: Started Network Manager Wait Online.
Oct  7 01:57:03 issabel systemd: Starting LSB: Bring up/down networking...
Oct  7 01:57:03 issabel nm-dispatcher: req:4 'connectivity-change': start running ordered scripts...
Oct  7 01:57:03 issabel network: Bringing up loopback interface:  [  OK  ]
Oct  7 01:57:03 issabel network: Bringing up interface eth0:  [  OK  ]
Oct  7 01:57:03 issabel systemd: Started LSB: Bring up/down networking.
Oct  7 01:57:03 issabel systemd: Reached target Network.
Oct  7 01:57:03 issabel systemd: Starting Dynamic System Tuning Daemon...
Oct  7 01:57:03 issabel systemd: Starting Xinetd A Powerful Replacement For Inetd...
Oct  7 01:57:03 issabel systemd: Starting MariaDB database server...
Oct  7 01:57:03 issabel systemd: Started Web Console.
Oct  7 01:57:03 issabel systemd: Starting The Apache HTTP Server...
Oct  7 01:57:03 issabel systemd: Starting Fix Ghostscript Fonts...
Oct  7 01:57:03 issabel systemd: Starting /etc/rc.d/rc.local Compatibility...
Oct  7 01:57:03 issabel xinetd[807]: xinetd Version 2.3.15 started with libwrap loadavg labeled-networking options compiled in.
Oct  7 01:57:03 issabel systemd: Starting OpenSSH server daemon...
Oct  7 01:57:03 issabel sh: sed: can't read /usr/share/ghostscript/9.07/Resource/Init/Fontmap.GS: No such file or directory
Oct  7 01:57:03 issabel xinetd[807]: Started working: 1 available service
Oct  7 01:57:03 issabel systemd: Starting Cyrus-imapd IMAP/POP3 email server...
Oct  7 01:57:03 issabel systemd: Starting Postfix Mail Transport Agent...
Oct  7 01:57:03 issabel systemd: Reached target Network is Online.
Oct  7 01:57:03 issabel systemd: Starting System Logging Service...
Oct  7 01:57:03 issabel systemd: Starting LSB: DAHDI kernel modules...
Oct  7 01:57:03 issabel systemd: Starting Set time via NTP...
Oct  7 01:57:03 issabel systemd: Started Xinetd A Powerful Replacement For Inetd.
Oct  7 01:57:03 issabel systemd: fixfonts.service: main process exited, code=exited, status=2/INVALIDARGUMENT
Oct  7 01:57:03 issabel systemd: Failed to start Fix Ghostscript Fonts.
Oct  7 01:57:03 issabel systemd: Unit fixfonts.service entered failed state.
Oct  7 01:57:03 issabel systemd: fixfonts.service failed.
Oct  7 01:57:03 issabel rsyslogd: [origin software="rsyslogd" swVersion="8.24.0-55.el7" x-pid="818" x-info="http://www.rsyslog.com"] start
Oct  7 01:57:03 issabel systemd: Started System Logging Service.
Oct  7 01:57:03 issabel rsyslogd: imjournal: fscanf on state file `/var/lib/rsyslog/imjournal.state' failed  [v8.24.0-55.el7 try http://www.rsyslog.com/e/2027 ]
Oct  7 01:57:03 issabel rsyslogd: imjournal: ignoring invalid state file [v8.24.0-55.el7]
Oct  7 01:57:03 issabel systemd: Started OpenSSH server daemon.
Oct  7 01:57:03 issabel systemd: Created slice User Slice of cyrus.
Oct  7 01:57:03 issabel systemd: Started Session c1 of user cyrus.
Oct  7 01:57:03 issabel webconsole: 2022/10/07 01:57:03 GoTTY is starting with command: ssh root@localhost
Oct  7 01:57:03 issabel webconsole: 2022/10/07 01:57:03 Using Basic Authentication
Oct  7 01:57:03 issabel webconsole: 2022/10/07 01:57:03 Permitting clients to write input to the PTY.
Oct  7 01:57:03 issabel webconsole: 2022/10/07 01:57:03 HTTP server is listening at: http://127.0.0.1:8075/
Oct  7 01:57:03 issabel systemd: Started /etc/rc.d/rc.local Compatibility.
Oct  7 01:57:03 issabel systemd: Starting Terminate Plymouth Boot Screen...
Oct  7 01:57:03 issabel systemd: Starting Wait for Plymouth Boot Screen to Quit...
Oct  7 01:57:03 issabel systemd: Received SIGRTMIN+21 from PID 220 (plymouthd).
Oct  7 01:57:03 issabel systemd: Started Wait for Plymouth Boot Screen to Quit.
Oct  7 01:57:03 issabel systemd: Started Getty on tty1.
Oct  7 01:57:03 issabel systemd: Reached target Login Prompts.
Oct  7 01:57:03 issabel systemd: Started Terminate Plymouth Boot Screen.
Oct  7 01:57:03 issabel dahdi: Loading DAHDI hardware modules:
Oct  7 01:57:03 issabel kernel: dahdi: loading out-of-tree module taints kernel.
Oct  7 01:57:03 issabel kernel: dahdi: module verification failed: signature and/or required key missing - tainting kernel
Oct  7 01:57:04 issabel kernel: dahdi: Version: 2.11.1
Oct  7 01:57:04 issabel kernel: dahdi: Telephony Interface Registered on major 196
Oct  7 01:57:04 issabel mariadb-prepare-db-dir: Database MariaDB is probably initialized in /var/lib/mysql already, nothing is done.
Oct  7 01:57:04 issabel mariadb-prepare-db-dir: If this is not the case, make sure the /var/lib/mysql is empty before running mariadb-prepare-db-dir.
Oct  7 01:57:04 issabel httpd: AH00558: httpd: Could not reliably determine the server's fully qualified domain name, using issabel.local. Set the 'ServerName' directive globally to suppress this message
Oct  7 01:57:04 issabel dahdi: Running dahdi_cfg:  [  OK  ]
Oct  7 01:57:04 issabel systemd: Started LSB: DAHDI kernel modules.
Oct  7 01:57:04 issabel systemd: Starting SYSV: IssabelDialer...
Oct  7 01:57:04 issabel su: (to asterisk) root on none
Oct  7 01:57:04 issabel systemd: Created slice User Slice of asterisk.
Oct  7 01:57:04 issabel mysqld_safe: 221007 01:57:04 mysqld_safe Logging to '/var/log/mariadb/mariadb.log'.
Oct  7 01:57:04 issabel systemd: Started Session c2 of user asterisk.
Oct  7 01:57:04 issabel systemd: Started The Apache HTTP Server.
Oct  7 01:57:05 issabel mysqld_safe: 221007 01:57:05 mysqld_safe Starting mysqld daemon with databases from /var/lib/mysql
Oct  7 01:57:05 issabel issabeldialer: Starting Issabel Dialer: [  OK  ]
Oct  7 01:57:05 issabel systemd: Started SYSV: IssabelDialer.
Oct  7 01:57:05 issabel systemd: Started Dynamic System Tuning Daemon.
Oct  7 01:57:05 issabel systemd: Started Postfix Mail Transport Agent.
Oct  7 01:57:08 issabel ntpdate[867]: step time server 192.46.211.253 offset 1.339794 sec
Oct  7 01:57:08 issabel systemd: Time has been changed
Oct  7 01:57:08 issabel systemd: Started Set time via NTP.
Oct  7 01:57:08 issabel systemd: Starting NTP client/server...
Oct  7 01:57:08 issabel systemd: Reached target System Time Synchronized.
Oct  7 01:57:08 issabel systemd: Started Command Scheduler.
Oct  7 01:57:08 issabel chronyd[2141]: chronyd version 3.4 starting (+CMDMON +NTP +REFCLOCK +RTC +PRIVDROP +SCFILTER +SIGND +ASYNCDNS +SECHASH +IPV6 +DEBUG)
Oct  7 01:57:08 issabel chronyd[2141]: Frequency -0.792 +/- 0.132 ppm read from /var/lib/chrony/drift
Oct  7 01:57:08 issabel systemd: Started NTP client/server.
Oct  7 01:57:08 issabel systemd: Started MariaDB database server.
Oct  7 01:57:08 issabel systemd: Starting issabel-firstboot.service...
Oct  7 01:57:08 issabel systemd: Started issabel-firstboot.service.
Oct  7 01:57:08 issabel systemd: Started LSB: Asterisk PBX.
Oct  7 01:57:08 issabel systemd: Starting SYSV: Issabel Update Helper...
Oct  7 01:57:08 issabel systemd: Starting amportal-reload.service...
Oct  7 01:57:08 issabel systemd: Starting SYSV: Issabel Port Knocking...
Oct  7 01:57:08 issabel amportal: Please wait...
Oct  7 01:57:08 issabel su: (to root) root on none
Oct  7 01:57:08 issabel systemd: Created slice User Slice of root.
Oct  7 01:57:09 issabel systemd: Started Session c3 of user root.
Oct  7 01:57:09 issabel issabel-portknock: Starting Issabel Port Knocking: [  OK  ]
Oct  7 01:57:09 issabel systemd: Started SYSV: Issabel Port Knocking.
Oct  7 01:57:09 issabel issabel-updaterd: Starting Issabel Update Helper: [  OK  ]
Oct  7 01:57:09 issabel systemd: Started SYSV: Issabel Update Helper.
Oct  7 01:57:09 issabel systemd: Starting SYSV: IAXModem for asterisk <-> Hylafax gateway...
Oct  7 01:57:09 issabel systemd: Starting LSB: Starts and stops the HylaFAX...
Oct  7 01:57:09 issabel iaxmodem: Starting IAXmodem: [  OK  ]
Oct  7 01:57:09 issabel systemd: Started SYSV: IAXModem for asterisk <-> Hylafax gateway.
Oct  7 01:57:09 issabel hylafax: Starting HylaFAX queue manager (faxq): [  OK  ]
Oct  7 01:57:09 issabel FaxQueuer[2231]: HylaFAX (tm) Version 4.3.11
Oct  7 01:57:09 issabel FaxQueuer[2231]: Copyright (c) 1990-1996 Sam Leffler
Oct  7 01:57:09 issabel FaxQueuer[2231]: Copyright (c) 1991-1996 Silicon Graphics, Inc.
Oct  7 01:57:09 issabel hylafax: Starting HylaFAX server (hfaxd): [  OK  ]
Oct  7 01:57:09 issabel HylaFAX[2237]: HylaFAX INET Protocol Server: restarted.
Oct  7 01:57:09 issabel systemd: Started LSB: Starts and stops the HylaFAX.
Oct  7 01:57:10 issabel kernel: Bluetooth: Core ver 2.22
Oct  7 01:57:10 issabel kernel: NET: Registered protocol family 31
Oct  7 01:57:10 issabel kernel: Bluetooth: HCI device and connection manager initialized
Oct  7 01:57:10 issabel kernel: Bluetooth: HCI socket layer initialized
Oct  7 01:57:10 issabel kernel: Bluetooth: L2CAP socket layer initialized
Oct  7 01:57:10 issabel kernel: Bluetooth: SCO socket layer initialized
Oct  7 01:57:12 issabel systemd: Started Cyrus-imapd IMAP/POP3 email server.
Oct  7 01:57:12 issabel systemd: Removed slice User Slice of cyrus.
Oct  7 01:57:12 issabel amportal: Successfully reloaded
Oct  7 01:57:12 issabel systemd: Started amportal-reload.service.
Oct  7 01:57:12 issabel systemd: Reached target Multi-User System.
Oct  7 01:57:12 issabel systemd: Starting Update UTMP about System Runlevel Changes...
Oct  7 01:57:12 issabel systemd: Started Update UTMP about System Runlevel Changes.
Oct  7 01:57:12 issabel systemd: Startup finished in 557ms (kernel) + 2.915s (initrd) + 13.110s (userspace) = 16.584s.
Oct  7 01:57:14 issabel chronyd[2141]: Selected source 143.244.134.227
Oct  7 01:57:16 issabel chronyd[2141]: Source 194.0.5.123 replaced with 192.46.211.253
Oct  7 01:57:18 issabel systemd: Started Session 1 of user root.
Oct  7 01:57:18 issabel systemd-logind: New session 1 of user root.
Oct  7 01:57:22 issabel dhclient[2535]: DHCPDISCOVER on eth1 to 255.255.255.255 port 67 interval 8 (xid=0x539c9a8f)
Oct  7 01:57:22 issabel dhclient[2535]: DHCPDISCOVER on eth0 to 255.255.255.255 port 67 interval 8 (xid=0x1a7e1cc9)
Oct  7 01:57:22 issabel dhclient[2535]: DHCPREQUEST on eth1 to 255.255.255.255 port 67 (xid=0x539c9a8f)
Oct  7 01:57:22 issabel dhclient[2535]: DHCPOFFER from 192.168.56.100
Oct  7 01:57:22 issabel dhclient[2535]: DHCPREQUEST on eth0 to 255.255.255.255 port 67 (xid=0x1a7e1cc9)
Oct  7 01:57:22 issabel dhclient[2535]: DHCPOFFER from 10.0.2.2
Oct  7 01:57:22 issabel dhclient[2535]: DHCPACK from 10.0.2.2 (xid=0x1a7e1cc9)
Oct  7 01:57:24 issabel NET[2610]: /usr/sbin/dhclient-script : updated /etc/resolv.conf
Oct  7 01:57:24 issabel dhclient[2535]: bound to 10.0.2.15 -- renewal in 37278 seconds.
Oct  7 01:57:24 issabel dhclient[2614]: DHCPACK from 192.168.56.100 (xid=0x539c9a8f)
Oct  7 01:57:26 issabel dhclient[2635]: dhclient(2614) is already running - exiting.
Oct  7 01:57:26 issabel dhclient[2635]: 
Oct  7 01:57:26 issabel dhclient[2635]: This version of ISC DHCP is based on the release available
Oct  7 01:57:26 issabel dhclient[2635]: on ftp.isc.org.  Features have been added and other changes
Oct  7 01:57:26 issabel dhclient[2635]: have been made to the base software release in order to make
Oct  7 01:57:26 issabel dhclient[2635]: it work better with this distribution.
Oct  7 01:57:26 issabel dhclient[2635]: 
Oct  7 01:57:26 issabel dhclient[2635]: Please report for this software via the CentOS Bugs Database:
Oct  7 01:57:26 issabel dhclient[2635]:    http://bugs.centos.org/
Oct  7 01:57:26 issabel dhclient[2635]: 
Oct  7 01:57:26 issabel dhclient[2635]: exiting.
Oct  7 01:57:26 issabel NetworkManager[536]: <info>  [1665122246.4185] ifcfg-rh: add connection in-memory (426297da-a156-40c9-ab95-dbc00b929166,"eth1")
Oct  7 01:57:26 issabel NetworkManager[536]: <info>  [1665122246.4198] device (eth1): Activation: starting connection 'eth1' (426297da-a156-40c9-ab95-dbc00b929166)
Oct  7 01:57:26 issabel NetworkManager[536]: <info>  [1665122246.4199] device (eth1): state change: disconnected -> prepare (reason 'none', sys-iface-state: 'external')
Oct  7 01:57:26 issabel NetworkManager[536]: <info>  [1665122246.4204] device (eth1): state change: prepare -> config (reason 'none', sys-iface-state: 'external')
Oct  7 01:57:26 issabel NetworkManager[536]: <info>  [1665122246.4207] device (eth1): state change: config -> ip-config (reason 'none', sys-iface-state: 'external')
Oct  7 01:57:26 issabel NetworkManager[536]: <info>  [1665122246.4210] device (eth1): state change: ip-config -> ip-check (reason 'none', sys-iface-state: 'external')
Oct  7 01:57:26 issabel NetworkManager[536]: <info>  [1665122246.4218] device (eth1): state change: ip-check -> secondaries (reason 'none', sys-iface-state: 'external')
Oct  7 01:57:26 issabel NetworkManager[536]: <info>  [1665122246.4221] device (eth1): state change: secondaries -> activated (reason 'none', sys-iface-state: 'external')
Oct  7 01:57:26 issabel avahi-daemon[538]: Joining mDNS multicast group on interface eth1.IPv4 with address 192.168.56.102.
Oct  7 01:57:26 issabel avahi-daemon[538]: New relevant interface eth1.IPv4 for mDNS.
Oct  7 01:57:26 issabel avahi-daemon[538]: Registering new address record for 192.168.56.102 on eth1.IPv4.
Oct  7 01:57:26 issabel NetworkManager[536]: <info>  [1665122246.4388] device (eth1): Activation: successful, device activated.
Oct  7 01:57:26 issabel dbus[526]: [system] Activating via systemd: service name='org.freedesktop.nm_dispatcher' unit='dbus-org.freedesktop.nm-dispatcher.service'
Oct  7 01:57:26 issabel systemd: Starting Network Manager Script Dispatcher Service...
Oct  7 01:57:26 issabel dhclient[2614]: bound to 192.168.56.102 -- renewal in 246 seconds.
Oct  7 01:57:26 issabel dbus[526]: [system] Successfully activated service 'org.freedesktop.nm_dispatcher'
Oct  7 01:57:26 issabel systemd: Started Network Manager Script Dispatcher Service.
Oct  7 01:57:26 issabel nm-dispatcher: find-scripts: Cannot execute '/etc/NetworkManager/dispatcher.d/12-dhcpd': not executable by owner.
Oct  7 01:57:26 issabel nm-dispatcher: req:1 'up' [eth1]: new request (3 scripts)
Oct  7 01:57:26 issabel nm-dispatcher: req:1 'up' [eth1]: start running ordered scripts...
Oct  7 01:57:51 issabel systemd: Started Session c4 of user root.
Oct  7 01:57:54 issabel systemd: Started Session c5 of user root.
Oct  7 01:57:56 issabel systemd: Started Session c6 of user root.
Oct  7 01:58:09 issabel systemd: Started Session 2 of user root.
Oct  7 01:58:09 issabel systemd-logind: New session 2 of user root.
Oct  7 01:58:11 issabel systemd: Started Session c7 of user root.
Oct  7 01:58:20 issabel chronyd[2141]: Selected source 162.159.200.1
Oct  7 01:58:27 issabel systemd: Started Session c8 of user root.
Oct  7 01:58:43 issabel systemd: Started Session c9 of user root.
Oct  7 01:58:59 issabel systemd: Started Session c10 of user root.
Oct  7 01:59:15 issabel systemd: Started Session c11 of user root.
Oct  7 01:59:31 issabel systemd: Started Session c12 of user root.
Oct  7 01:59:48 issabel systemd: Started Session c13 of user root.
Oct  7 02:00:01 issabel systemd: Started Session 3 of user root.
Oct  7 02:00:04 issabel systemd: Started Session c14 of user root.
Oct  7 02:00:20 issabel systemd: Started Session c15 of user root.
Oct  7 02:00:36 issabel systemd: Started Session c16 of user root.
Oct  7 02:00:52 issabel systemd: Started Session c17 of user root.
Oct  7 02:01:01 issabel systemd: Started Session 4 of user root.
Oct  7 02:01:01 issabel systemd: Started Session 5 of user root.
Oct  7 02:01:08 issabel systemd: Started Session c18 of user root.
Oct  7 02:01:24 issabel systemd: Started Session c19 of user root.
Oct  7 02:01:32 issabel dhclient[2614]: DHCPREQUEST on eth1 to 192.168.56.100 port 67 (xid=0x539c9a8f)
Oct  7 02:01:32 issabel dhclient[2614]: DHCPACK from 192.168.56.100 (xid=0x539c9a8f)
