-- Logs begin at Thu 2022-06-16 07:33:13 UTC, end at Thu 2022-06-16 07:59:05 UTC. --
Jun 16 07:33:13 localhost systemd-journal[79]: Runtime journal is using 8.0M (max allowed 197.5M, trying to leave 296.2M free of 1.9G available â†’ current limit 197.5M).
Jun 16 07:33:13 localhost kernel: Initializing cgroup subsys cpuset
Jun 16 07:33:13 localhost kernel: Initializing cgroup subsys cpu
Jun 16 07:33:13 localhost kernel: Initializing cgroup subsys cpuacct
Jun 16 07:33:13 localhost kernel: Linux version 3.10.0-1160.el7.x86_64 (mockbuild@kbuilder.bsys.centos.org) (gcc version 4.8.5 20150623 (Red Hat 4.8.5-44) (GCC) ) #1 SMP Mon Oct 19 16:18:59 UTC 2020
Jun 16 07:33:13 localhost kernel: Command line: initrd=initrd.img inst.stage2=hd:LABEL=Issabel\x204\x20x86_64 inst.geoloc=provider_fedora_geoip inst.geoloc-use-with-ks inst.ks=hd:LABEL=Issabel\x204\x20x86_64:/ks/issabel.ks net.ifnames=0 quiet BOOT_IMAGE=vmlinuz 
Jun 16 07:33:13 localhost kernel: e820: BIOS-provided physical RAM map:
Jun 16 07:33:13 localhost kernel: BIOS-e820: [mem 0x0000000000000000-0x000000000009fbff] usable
Jun 16 07:33:13 localhost kernel: BIOS-e820: [mem 0x000000000009fc00-0x000000000009ffff] reserved
Jun 16 07:33:13 localhost kernel: BIOS-e820: [mem 0x00000000000f0000-0x00000000000fffff] reserved
Jun 16 07:33:13 localhost kernel: BIOS-e820: [mem 0x0000000000100000-0x00000000dffeffff] usable
Jun 16 07:33:13 localhost kernel: BIOS-e820: [mem 0x00000000dfff0000-0x00000000dfffffff] ACPI data
Jun 16 07:33:13 localhost kernel: BIOS-e820: [mem 0x00000000fec00000-0x00000000fec00fff] reserved
Jun 16 07:33:13 localhost kernel: BIOS-e820: [mem 0x00000000fee00000-0x00000000fee00fff] reserved
Jun 16 07:33:13 localhost kernel: BIOS-e820: [mem 0x00000000fffc0000-0x00000000ffffffff] reserved
Jun 16 07:33:13 localhost kernel: BIOS-e820: [mem 0x0000000100000000-0x000000011fffffff] usable
Jun 16 07:33:13 localhost kernel: NX (Execute Disable) protection: active
Jun 16 07:33:13 localhost kernel: SMBIOS 2.5 present.
Jun 16 07:33:13 localhost kernel: DMI: innotek GmbH VirtualBox/VirtualBox, BIOS VirtualBox 12/01/2006
Jun 16 07:33:13 localhost kernel: Hypervisor detected: KVM
Jun 16 07:33:13 localhost kernel: e820: update [mem 0x00000000-0x00000fff] usable ==> reserved
Jun 16 07:33:13 localhost kernel: e820: remove [mem 0x000a0000-0x000fffff] usable
Jun 16 07:33:13 localhost kernel: e820: last_pfn = 0x120000 max_arch_pfn = 0x400000000
Jun 16 07:33:13 localhost kernel: MTRR default type: uncachable
Jun 16 07:33:13 localhost kernel: MTRR variable ranges disabled:
Jun 16 07:33:13 localhost kernel: PAT configuration [0-7]: WB  WC  UC- UC  WB  WP  UC- UC  
Jun 16 07:33:13 localhost kernel: CPU MTRRs all blank - virtualized system.
Jun 16 07:33:13 localhost kernel: e820: last_pfn = 0xdfff0 max_arch_pfn = 0x400000000
Jun 16 07:33:13 localhost kernel: found SMP MP-table at [mem 0x0009fff0-0x0009ffff] mapped at [ffffffffff200ff0]
Jun 16 07:33:13 localhost kernel: Base memory trampoline at [ffff94bf40099000] 99000 size 24576
Jun 16 07:33:13 localhost kernel: BRK [0x10da74000, 0x10da74fff] PGTABLE
Jun 16 07:33:13 localhost kernel: BRK [0x10da75000, 0x10da75fff] PGTABLE
Jun 16 07:33:13 localhost kernel: BRK [0x10da76000, 0x10da76fff] PGTABLE
Jun 16 07:33:13 localhost kernel: BRK [0x10da77000, 0x10da77fff] PGTABLE
Jun 16 07:33:13 localhost kernel: BRK [0x10da78000, 0x10da78fff] PGTABLE
Jun 16 07:33:13 localhost kernel: BRK [0x10da79000, 0x10da79fff] PGTABLE
Jun 16 07:33:13 localhost kernel: BRK [0x10da7a000, 0x10da7afff] PGTABLE
Jun 16 07:33:13 localhost kernel: BRK [0x10da7b000, 0x10da7bfff] PGTABLE
Jun 16 07:33:13 localhost kernel: BRK [0x10da7c000, 0x10da7cfff] PGTABLE
Jun 16 07:33:13 localhost kernel: RAMDISK: [mem 0x7cb6b000-0x7fffefff]
Jun 16 07:33:13 localhost kernel: Early table checksum verification disabled
Jun 16 07:33:13 localhost kernel: ACPI: RSDP 00000000000e0000 00024 (v02 VBOX  )
Jun 16 07:33:13 localhost kernel: ACPI: XSDT 00000000dfff0030 0003C (v01 VBOX   VBOXXSDT 00000001 ASL  00000061)
Jun 16 07:33:13 localhost kernel: ACPI: FACP 00000000dfff00f0 000F4 (v04 VBOX   VBOXFACP 00000001 ASL  00000061)
Jun 16 07:33:13 localhost kernel: ACPI: DSDT 00000000dfff0470 02325 (v02 VBOX   VBOXBIOS 00000002 INTL 20100528)
Jun 16 07:33:13 localhost kernel: ACPI: FACS 00000000dfff0200 00040
Jun 16 07:33:13 localhost kernel: ACPI: APIC 00000000dfff0240 00054 (v02 VBOX   VBOXAPIC 00000001 ASL  00000061)
Jun 16 07:33:13 localhost kernel: ACPI: SSDT 00000000dfff02a0 001CC (v01 VBOX   VBOXCPUT 00000002 INTL 20100528)
Jun 16 07:33:13 localhost kernel: ACPI: Local APIC address 0xfee00000
Jun 16 07:33:13 localhost kernel: No NUMA configuration found
Jun 16 07:33:13 localhost kernel: Faking a node at [mem 0x0000000000000000-0x000000011fffffff]
Jun 16 07:33:13 localhost kernel: NODE_DATA(0) allocated [mem 0x11ffd9000-0x11fffffff]
Jun 16 07:33:13 localhost kernel: kvm-clock: cpu 0, msr 1:1ff88001, primary cpu clock
Jun 16 07:33:13 localhost kernel: kvm-clock: Using msrs 4b564d01 and 4b564d00
Jun 16 07:33:13 localhost kernel: kvm-clock: using sched offset of 5824701125 cycles
Jun 16 07:33:13 localhost kernel: Zone ranges:
Jun 16 07:33:13 localhost kernel:   DMA      [mem 0x00001000-0x00ffffff]
Jun 16 07:33:13 localhost kernel:   DMA32    [mem 0x01000000-0xffffffff]
Jun 16 07:33:13 localhost kernel:   Normal   [mem 0x100000000-0x11fffffff]
Jun 16 07:33:13 localhost kernel: Movable zone start for each node
Jun 16 07:33:13 localhost kernel: Early memory node ranges
Jun 16 07:33:13 localhost kernel:   node   0: [mem 0x00001000-0x0009efff]
Jun 16 07:33:13 localhost kernel:   node   0: [mem 0x00100000-0xdffeffff]
Jun 16 07:33:13 localhost kernel:   node   0: [mem 0x100000000-0x11fffffff]
Jun 16 07:33:13 localhost kernel: Initmem setup node 0 [mem 0x00001000-0x11fffffff]
Jun 16 07:33:13 localhost kernel: On node 0 totalpages: 1048462
Jun 16 07:33:13 localhost kernel:   DMA zone: 64 pages used for memmap
Jun 16 07:33:13 localhost kernel:   DMA zone: 21 pages reserved
Jun 16 07:33:13 localhost kernel:   DMA zone: 3998 pages, LIFO batch:0
Jun 16 07:33:13 localhost kernel:   DMA32 zone: 14272 pages used for memmap
Jun 16 07:33:13 localhost kernel:   DMA32 zone: 913392 pages, LIFO batch:31
Jun 16 07:33:13 localhost kernel:   Normal zone: 2048 pages used for memmap
Jun 16 07:33:13 localhost kernel:   Normal zone: 131072 pages, LIFO batch:31
Jun 16 07:33:13 localhost kernel: ACPI: PM-Timer IO Port: 0x4008
Jun 16 07:33:13 localhost kernel: ACPI: Local APIC address 0xfee00000
Jun 16 07:33:13 localhost kernel: ACPI: LAPIC (acpi_id[0x00] lapic_id[0x00] enabled)
Jun 16 07:33:13 localhost kernel: ACPI: IOAPIC (id[0x01] address[0xfec00000] gsi_base[0])
Jun 16 07:33:13 localhost kernel: IOAPIC[0]: apic_id 1, version 32, address 0xfec00000, GSI 0-23
Jun 16 07:33:13 localhost kernel: ACPI: INT_SRC_OVR (bus 0 bus_irq 0 global_irq 2 dfl dfl)
Jun 16 07:33:13 localhost kernel: ACPI: INT_SRC_OVR (bus 0 bus_irq 9 global_irq 9 low level)
Jun 16 07:33:13 localhost kernel: ACPI: IRQ0 used by override.
Jun 16 07:33:13 localhost kernel: ACPI: IRQ9 used by override.
Jun 16 07:33:13 localhost kernel: Using ACPI (MADT) for SMP configuration information
Jun 16 07:33:13 localhost kernel: smpboot: Allowing 1 CPUs, 0 hotplug CPUs
Jun 16 07:33:13 localhost kernel: PM: Registered nosave memory: [mem 0x0009f000-0x0009ffff]
Jun 16 07:33:13 localhost kernel: PM: Registered nosave memory: [mem 0x000a0000-0x000effff]
Jun 16 07:33:13 localhost kernel: PM: Registered nosave memory: [mem 0x000f0000-0x000fffff]
Jun 16 07:33:13 localhost kernel: PM: Registered nosave memory: [mem 0xdfff0000-0xdfffffff]
Jun 16 07:33:13 localhost kernel: PM: Registered nosave memory: [mem 0xe0000000-0xfebfffff]
Jun 16 07:33:13 localhost kernel: PM: Registered nosave memory: [mem 0xfec00000-0xfec00fff]
Jun 16 07:33:13 localhost kernel: PM: Registered nosave memory: [mem 0xfec01000-0xfedfffff]
Jun 16 07:33:13 localhost kernel: PM: Registered nosave memory: [mem 0xfee00000-0xfee00fff]
Jun 16 07:33:13 localhost kernel: PM: Registered nosave memory: [mem 0xfee01000-0xfffbffff]
Jun 16 07:33:13 localhost kernel: PM: Registered nosave memory: [mem 0xfffc0000-0xffffffff]
Jun 16 07:33:13 localhost kernel: e820: [mem 0xe0000000-0xfebfffff] available for PCI devices
Jun 16 07:33:13 localhost kernel: Booting paravirtualized kernel on KVM
Jun 16 07:33:13 localhost kernel: Detected CPU family 6 model 140 stepping 1
Jun 16 07:33:13 localhost kernel: Warning: Intel Processor - this hardware has not undergone upstream testing. Please consult http://wiki.centos.org/FAQ for more information
Jun 16 07:33:13 localhost kernel: setup_percpu: NR_CPUS:5120 nr_cpumask_bits:1 nr_cpu_ids:1 nr_node_ids:1
Jun 16 07:33:13 localhost kernel: percpu: Embedded 38 pages/cpu s118784 r8192 d28672 u2097152
Jun 16 07:33:13 localhost kernel: pcpu-alloc: s118784 r8192 d28672 u2097152 alloc=1*2097152
Jun 16 07:33:13 localhost kernel: pcpu-alloc: [0] 0 
Jun 16 07:33:13 localhost kernel: Built 1 zonelists in Node order, mobility grouping on.  Total pages: 1032057
Jun 16 07:33:13 localhost kernel: Policy zone: Normal
Jun 16 07:33:13 localhost kernel: Kernel command line: initrd=initrd.img inst.stage2=hd:LABEL=Issabel\x204\x20x86_64 inst.geoloc=provider_fedora_geoip inst.geoloc-use-with-ks inst.ks=hd:LABEL=Issabel\x204\x20x86_64:/ks/issabel.ks net.ifnames=0 quiet BOOT_IMAGE=vmlinuz 
Jun 16 07:33:13 localhost kernel: PID hash table entries: 4096 (order: 3, 32768 bytes)
Jun 16 07:33:13 localhost kernel: x86/fpu: xstate_offset[2]: 0240, xstate_sizes[2]: 0100
Jun 16 07:33:13 localhost kernel: xsave: enabled xstate_bv 0x7, cntxt size 0x340 using standard form
Jun 16 07:33:13 localhost kernel: Memory: 3988504k/4718592k available (7788k kernel code, 524744k absent, 205344k reserved, 5954k data, 1984k init)
Jun 16 07:33:13 localhost kernel: SLUB: HWalign=64, Order=0-3, MinObjects=0, CPUs=1, Nodes=1
Jun 16 07:33:13 localhost kernel: Hierarchical RCU implementation.
Jun 16 07:33:13 localhost kernel:         RCU restricting CPUs from NR_CPUS=5120 to nr_cpu_ids=1.
Jun 16 07:33:13 localhost kernel: NR_IRQS:327936 nr_irqs:256 0
Jun 16 07:33:13 localhost kernel: Console: colour VGA+ 80x25
Jun 16 07:33:13 localhost kernel: console [tty0] enabled
Jun 16 07:33:13 localhost kernel: allocated 109051904 bytes of page_cgroup
Jun 16 07:33:13 localhost kernel: please try 'cgroup_disable=memory' option if you don't want memory cgroups
Jun 16 07:33:13 localhost kernel: tsc: Detected 2419.202 MHz processor
Jun 16 07:33:13 localhost kernel: Calibrating delay loop (skipped) preset value.. 4838.40 BogoMIPS (lpj=2419202)
Jun 16 07:33:13 localhost kernel: pid_max: default: 32768 minimum: 301
Jun 16 07:33:13 localhost kernel: Security Framework initialized
Jun 16 07:33:13 localhost kernel: SELinux:  Initializing.
Jun 16 07:33:13 localhost kernel: SELinux:  Starting in permissive mode
Jun 16 07:33:13 localhost kernel: Yama: becoming mindful.
Jun 16 07:33:13 localhost kernel: Dentry cache hash table entries: 524288 (order: 10, 4194304 bytes)
Jun 16 07:33:13 localhost kernel: Inode-cache hash table entries: 262144 (order: 9, 2097152 bytes)
Jun 16 07:33:13 localhost kernel: Mount-cache hash table entries: 8192 (order: 4, 65536 bytes)
Jun 16 07:33:13 localhost kernel: Mountpoint-cache hash table entries: 8192 (order: 4, 65536 bytes)
Jun 16 07:33:13 localhost kernel: Initializing cgroup subsys memory
Jun 16 07:33:13 localhost kernel: Initializing cgroup subsys devices
Jun 16 07:33:13 localhost kernel: Initializing cgroup subsys freezer
Jun 16 07:33:13 localhost kernel: Initializing cgroup subsys net_cls
Jun 16 07:33:13 localhost kernel: Initializing cgroup subsys blkio
Jun 16 07:33:13 localhost kernel: Initializing cgroup subsys perf_event
Jun 16 07:33:13 localhost kernel: Initializing cgroup subsys hugetlb
Jun 16 07:33:13 localhost kernel: Initializing cgroup subsys pids
Jun 16 07:33:13 localhost kernel: Initializing cgroup subsys net_prio
Jun 16 07:33:13 localhost kernel: Last level iTLB entries: 4KB 0, 2MB 0, 4MB 0
Jun 16 07:33:13 localhost kernel: Last level dTLB entries: 4KB 0, 2MB 0, 4MB 0
Jun 16 07:33:13 localhost kernel: tlb_flushall_shift: 6
Jun 16 07:33:13 localhost kernel: FEATURE SPEC_CTRL Not Present
Jun 16 07:33:13 localhost kernel: FEATURE IBPB_SUPPORT Not Present
Jun 16 07:33:13 localhost kernel: Spectre V1 : Mitigation: Load fences, usercopy/swapgs barriers and __user pointer sanitization
Jun 16 07:33:13 localhost kernel: Spectre V2 : Vulnerable: Retpoline without IBPB
Jun 16 07:33:13 localhost kernel: Speculative Store Bypass: Vulnerable
Jun 16 07:33:13 localhost kernel: Freeing SMP alternatives: 28k freed
Jun 16 07:33:13 localhost kernel: ACPI: Core revision 20130517
Jun 16 07:33:13 localhost kernel: ACPI: All ACPI Tables successfully acquired
Jun 16 07:33:13 localhost kernel: ftrace: allocating 29651 entries in 116 pages
Jun 16 07:33:13 localhost kernel: Enabling x2apic
Jun 16 07:33:13 localhost kernel: Enabled x2apic
Jun 16 07:33:13 localhost kernel: Switched APIC routing to physical x2apic.
Jun 16 07:33:13 localhost kernel: ..TIMER: vector=0x30 apic1=0 pin1=2 apic2=-1 pin2=-1
Jun 16 07:33:13 localhost kernel: smpboot: CPU0: 11th Gen Intel(R) Core(TM) i5-1135G7 @ 2.40GHz (fam: 06, model: 8c, stepping: 01)
Jun 16 07:33:13 localhost kernel: APIC calibration not consistent with PM-Timer: 102ms instead of 100ms
Jun 16 07:33:13 localhost kernel: APIC delta adjusted to PM-Timer: 6372211 (6499726)
Jun 16 07:33:13 localhost kernel: Performance Events: unsupported p6 CPU model 140 no PMU driver, software events only.
Jun 16 07:33:13 localhost kernel: KVM setup paravirtual spinlock
Jun 16 07:33:13 localhost kernel: Brought up 1 CPUs
Jun 16 07:33:13 localhost kernel: smpboot: Max logical packages: 1
Jun 16 07:33:13 localhost kernel: smpboot: Total of 1 processors activated (4838.40 BogoMIPS)
Jun 16 07:33:13 localhost kernel: devtmpfs: initialized
Jun 16 07:33:13 localhost kernel: x86/mm: Memory block size: 128MB
Jun 16 07:33:13 localhost kernel: EVM: security.selinux
Jun 16 07:33:13 localhost kernel: EVM: security.ima
Jun 16 07:33:13 localhost kernel: EVM: security.capability
Jun 16 07:33:13 localhost kernel: atomic64 test passed for x86-64 platform with CX8 and with SSE
Jun 16 07:33:13 localhost kernel: pinctrl core: initialized pinctrl subsystem
Jun 16 07:33:13 localhost kernel: RTC time:  7:33:09, date: 06/16/22
Jun 16 07:33:13 localhost kernel: NET: Registered protocol family 16
Jun 16 07:33:13 localhost kernel: cpuidle: using governor haltpoll
Jun 16 07:33:13 localhost kernel: ACPI: bus type PCI registered
Jun 16 07:33:13 localhost kernel: acpiphp: ACPI Hot Plug PCI Controller Driver version: 0.5
Jun 16 07:33:13 localhost kernel: PCI: Using configuration type 1 for base access
Jun 16 07:33:13 localhost kernel: ACPI: Added _OSI(Module Device)
Jun 16 07:33:13 localhost kernel: ACPI: Added _OSI(Processor Device)
Jun 16 07:33:13 localhost kernel: ACPI: Added _OSI(3.0 _SCP Extensions)
Jun 16 07:33:13 localhost kernel: ACPI: Added _OSI(Processor Aggregator Device)
Jun 16 07:33:13 localhost kernel: ACPI: Added _OSI(Linux-Dell-Video)
Jun 16 07:33:13 localhost kernel: ACPI: EC: Look up EC in DSDT
Jun 16 07:33:13 localhost kernel: ACPI: Executed 1 blocks of module-level executable AML code
Jun 16 07:33:13 localhost kernel: ACPI: Interpreter enabled
Jun 16 07:33:13 localhost kernel: ACPI: (supports S0 S5)
Jun 16 07:33:13 localhost kernel: ACPI: Using IOAPIC for interrupt routing
Jun 16 07:33:13 localhost kernel: PCI: Using host bridge windows from ACPI; if necessary, use "pci=nocrs" and report a bug
Jun 16 07:33:13 localhost kernel: ACPI: Enabled 2 GPEs in block 00 to 07
Jun 16 07:33:13 localhost kernel: ACPI: PCI Root Bridge [PCI0] (domain 0000 [bus 00-ff])
Jun 16 07:33:13 localhost kernel: acpi PNP0A03:00: _OSC: OS supports [ASPM ClockPM Segments MSI]
Jun 16 07:33:13 localhost kernel: acpi PNP0A03:00: _OSC: not requesting OS control; OS requires [ExtendedConfig ASPM ClockPM MSI]
Jun 16 07:33:13 localhost kernel: acpi PNP0A03:00: fail to add MMCONFIG information, can't access extended PCI configuration space under this bridge.
Jun 16 07:33:13 localhost kernel: PCI host bridge to bus 0000:00
Jun 16 07:33:13 localhost kernel: pci_bus 0000:00: root bus resource [io  0x0000-0x0cf7 window]
Jun 16 07:33:13 localhost kernel: pci_bus 0000:00: root bus resource [io  0x0d00-0xffff window]
Jun 16 07:33:13 localhost kernel: pci_bus 0000:00: root bus resource [mem 0x000a0000-0x000bffff window]
Jun 16 07:33:13 localhost kernel: pci_bus 0000:00: root bus resource [mem 0xe0000000-0xfdffffff window]
Jun 16 07:33:13 localhost kernel: pci_bus 0000:00: root bus resource [bus 00-ff]
Jun 16 07:33:13 localhost kernel: pci 0000:00:00.0: [8086:1237] type 00 class 0x060000
Jun 16 07:33:13 localhost kernel: pci 0000:00:01.0: [8086:7000] type 00 class 0x060100
Jun 16 07:33:13 localhost kernel: pci 0000:00:01.1: [8086:7111] type 00 class 0x01018a
Jun 16 07:33:13 localhost kernel: pci 0000:00:01.1: reg 0x20: [io  0xd000-0xd00f]
Jun 16 07:33:13 localhost kernel: pci 0000:00:01.1: legacy IDE quirk: reg 0x10: [io  0x01f0-0x01f7]
Jun 16 07:33:13 localhost kernel: pci 0000:00:01.1: legacy IDE quirk: reg 0x14: [io  0x03f6]
Jun 16 07:33:13 localhost kernel: pci 0000:00:01.1: legacy IDE quirk: reg 0x18: [io  0x0170-0x0177]
Jun 16 07:33:13 localhost kernel: pci 0000:00:01.1: legacy IDE quirk: reg 0x1c: [io  0x0376]
Jun 16 07:33:13 localhost kernel: pci 0000:00:02.0: [15ad:0405] type 00 class 0x030000
Jun 16 07:33:13 localhost kernel: pci 0000:00:02.0: reg 0x10: [io  0xd010-0xd01f]
Jun 16 07:33:13 localhost kernel: pci 0000:00:02.0: reg 0x14: [mem 0xe0000000-0xe0ffffff pref]
Jun 16 07:33:13 localhost kernel: pci 0000:00:02.0: reg 0x18: [mem 0xf0000000-0xf01fffff]
Jun 16 07:33:13 localhost kernel: pci 0000:00:03.0: [8086:100e] type 00 class 0x020000
Jun 16 07:33:13 localhost kernel: pci 0000:00:03.0: reg 0x10: [mem 0xf0200000-0xf021ffff]
Jun 16 07:33:13 localhost kernel: pci 0000:00:03.0: reg 0x18: [io  0xd020-0xd027]
Jun 16 07:33:13 localhost kernel: pci 0000:00:04.0: [80ee:cafe] type 00 class 0x088000
Jun 16 07:33:13 localhost kernel: pci 0000:00:04.0: reg 0x10: [io  0xd040-0xd05f]
Jun 16 07:33:13 localhost kernel: pci 0000:00:04.0: reg 0x14: [mem 0xf0400000-0xf07fffff]
Jun 16 07:33:13 localhost kernel: pci 0000:00:04.0: reg 0x18: [mem 0xf0800000-0xf0803fff pref]
Jun 16 07:33:13 localhost kernel: pci 0000:00:05.0: [8086:2415] type 00 class 0x040100
Jun 16 07:33:13 localhost kernel: pci 0000:00:05.0: reg 0x10: [io  0xd100-0xd1ff]
Jun 16 07:33:13 localhost kernel: pci 0000:00:05.0: reg 0x14: [io  0xd200-0xd23f]
Jun 16 07:33:13 localhost kernel: pci 0000:00:06.0: [106b:003f] type 00 class 0x0c0310
Jun 16 07:33:13 localhost kernel: pci 0000:00:06.0: reg 0x10: [mem 0xf0804000-0xf0804fff]
Jun 16 07:33:13 localhost kernel: pci 0000:00:07.0: [8086:7113] type 00 class 0x068000
Jun 16 07:33:13 localhost kernel: pci 0000:00:07.0: quirk: [io  0x4000-0x403f] claimed by PIIX4 ACPI
Jun 16 07:33:13 localhost kernel: pci 0000:00:07.0: quirk: [io  0x4100-0x410f] claimed by PIIX4 SMB
Jun 16 07:33:13 localhost kernel: pci 0000:00:08.0: [8086:100e] type 00 class 0x020000
Jun 16 07:33:13 localhost kernel: pci 0000:00:08.0: reg 0x10: [mem 0xf0820000-0xf083ffff]
Jun 16 07:33:13 localhost kernel: pci 0000:00:08.0: reg 0x18: [io  0xd240-0xd247]
Jun 16 07:33:13 localhost kernel: ACPI: PCI Interrupt Link [LNKA] (IRQs 5 9 10 *11)
Jun 16 07:33:13 localhost kernel: ACPI: PCI Interrupt Link [LNKB] (IRQs 5 9 *10 11)
Jun 16 07:33:13 localhost kernel: ACPI: PCI Interrupt Link [LNKC] (IRQs 5 *9 10 11)
Jun 16 07:33:13 localhost kernel: ACPI: PCI Interrupt Link [LNKD] (IRQs 5 9 10 *11)
Jun 16 07:33:13 localhost kernel: vgaarb: device added: PCI:0000:00:02.0,decodes=io+mem,owns=io+mem,locks=none
Jun 16 07:33:13 localhost kernel: vgaarb: loaded
Jun 16 07:33:13 localhost kernel: vgaarb: bridge control possible 0000:00:02.0
Jun 16 07:33:13 localhost kernel: SCSI subsystem initialized
Jun 16 07:33:13 localhost kernel: ACPI: bus type USB registered
Jun 16 07:33:13 localhost kernel: usbcore: registered new interface driver usbfs
Jun 16 07:33:13 localhost kernel: usbcore: registered new interface driver hub
Jun 16 07:33:13 localhost kernel: usbcore: registered new device driver usb
Jun 16 07:33:13 localhost kernel: EDAC MC: Ver: 3.0.0
Jun 16 07:33:13 localhost kernel: PCI: Using ACPI for IRQ routing
Jun 16 07:33:13 localhost kernel: PCI: pci_cache_line_size set to 64 bytes
Jun 16 07:33:13 localhost kernel: e820: reserve RAM buffer [mem 0x0009fc00-0x0009ffff]
Jun 16 07:33:13 localhost kernel: e820: reserve RAM buffer [mem 0xdfff0000-0xdfffffff]
Jun 16 07:33:13 localhost kernel: NetLabel: Initializing
Jun 16 07:33:13 localhost kernel: NetLabel:  domain hash size = 128
Jun 16 07:33:13 localhost kernel: NetLabel:  protocols = UNLABELED CIPSOv4
Jun 16 07:33:13 localhost kernel: NetLabel:  unlabeled traffic allowed by default
Jun 16 07:33:13 localhost kernel: amd_nb: Cannot enumerate AMD northbridges
Jun 16 07:33:13 localhost kernel: Switched to clocksource kvm-clock
Jun 16 07:33:13 localhost kernel: pnp: PnP ACPI init
Jun 16 07:33:13 localhost kernel: ACPI: bus type PNP registered
Jun 16 07:33:13 localhost kernel: pnp 00:00: Plug and Play ACPI device, IDs PNP0303 (active)
Jun 16 07:33:13 localhost kernel: pnp 00:01: Plug and Play ACPI device, IDs PNP0f03 (active)
Jun 16 07:33:13 localhost kernel: pnp: PnP ACPI: found 2 devices
Jun 16 07:33:13 localhost kernel: ACPI: bus type PNP unregistered
Jun 16 07:33:13 localhost kernel: pci_bus 0000:00: resource 4 [io  0x0000-0x0cf7 window]
Jun 16 07:33:13 localhost kernel: pci_bus 0000:00: resource 5 [io  0x0d00-0xffff window]
Jun 16 07:33:13 localhost kernel: pci_bus 0000:00: resource 6 [mem 0x000a0000-0x000bffff window]
Jun 16 07:33:13 localhost kernel: pci_bus 0000:00: resource 7 [mem 0xe0000000-0xfdffffff window]
Jun 16 07:33:13 localhost kernel: NET: Registered protocol family 2
Jun 16 07:33:13 localhost kernel: TCP established hash table entries: 32768 (order: 6, 262144 bytes)
Jun 16 07:33:13 localhost kernel: TCP bind hash table entries: 32768 (order: 7, 524288 bytes)
Jun 16 07:33:13 localhost kernel: TCP: Hash tables configured (established 32768 bind 32768)
Jun 16 07:33:13 localhost kernel: TCP: reno registered
Jun 16 07:33:13 localhost kernel: UDP hash table entries: 2048 (order: 4, 65536 bytes)
Jun 16 07:33:13 localhost kernel: UDP-Lite hash table entries: 2048 (order: 4, 65536 bytes)
Jun 16 07:33:13 localhost kernel: NET: Registered protocol family 1
Jun 16 07:33:13 localhost kernel: pci 0000:00:00.0: Limiting direct PCI/PCI transfers
Jun 16 07:33:13 localhost kernel: pci 0000:00:01.0: Activating ISA DMA hang workarounds
Jun 16 07:33:13 localhost kernel: pci 0000:00:02.0: Boot video device
Jun 16 07:33:13 localhost kernel: PCI: CLS 0 bytes, default 64
Jun 16 07:33:13 localhost kernel: Unpacking initramfs...
Jun 16 07:33:13 localhost kernel: Freeing initrd memory: 53840k freed
Jun 16 07:33:13 localhost kernel: PCI-DMA: Using software bounce buffering for IO (SWIOTLB)
Jun 16 07:33:13 localhost kernel: software IO TLB [mem 0xdbff0000-0xdfff0000] (64MB) mapped at [ffff94c01bff0000-ffff94c01ffeffff]
Jun 16 07:33:13 localhost kernel: platform rtc_cmos: registered platform RTC device (no PNP device found)
Jun 16 07:33:13 localhost kernel: sha1_ssse3: Using AVX optimized SHA-1 implementation
Jun 16 07:33:13 localhost kernel: sha256_ssse3: Using AVX optimized SHA-256 implementation
Jun 16 07:33:13 localhost kernel: futex hash table entries: 256 (order: 2, 16384 bytes)
Jun 16 07:33:13 localhost kernel: Initialise system trusted keyring
Jun 16 07:33:13 localhost kernel: audit: initializing netlink socket (disabled)
Jun 16 07:33:13 localhost kernel: type=2000 audit(1655364800.217:1): initialized
Jun 16 07:33:13 localhost kernel: HugeTLB registered 2 MB page size, pre-allocated 0 pages
Jun 16 07:33:13 localhost kernel: zpool: loaded
Jun 16 07:33:13 localhost kernel: zbud: loaded
Jun 16 07:33:13 localhost kernel: VFS: Disk quotas dquot_6.5.2
Jun 16 07:33:13 localhost kernel: Dquot-cache hash table entries: 512 (order 0, 4096 bytes)
Jun 16 07:33:13 localhost kernel: Key type big_key registered
Jun 16 07:33:13 localhost kernel: SELinux:  Registering netfilter hooks
Jun 16 07:33:13 localhost kernel: NET: Registered protocol family 38
Jun 16 07:33:13 localhost kernel: Key type asymmetric registered
Jun 16 07:33:13 localhost kernel: Asymmetric key parser 'x509' registered
Jun 16 07:33:13 localhost kernel: Block layer SCSI generic (bsg) driver version 0.4 loaded (major 248)
Jun 16 07:33:13 localhost kernel: io scheduler noop registered
Jun 16 07:33:13 localhost kernel: io scheduler deadline registered (default)
Jun 16 07:33:13 localhost kernel: io scheduler cfq registered
Jun 16 07:33:13 localhost kernel: io scheduler mq-deadline registered
Jun 16 07:33:13 localhost kernel: io scheduler kyber registered
Jun 16 07:33:13 localhost kernel: pci_hotplug: PCI Hot Plug PCI Core version: 0.5
Jun 16 07:33:13 localhost kernel: pciehp: PCI Express Hot Plug Controller Driver version: 0.4
Jun 16 07:33:13 localhost kernel: shpchp: Standard Hot Plug PCI Controller Driver version: 0.4
Jun 16 07:33:13 localhost kernel: intel_idle: does not run on family 6 model 140
Jun 16 07:33:13 localhost kernel: ACPI: AC Adapter [AC] (off-line)
Jun 16 07:33:13 localhost kernel: input: Power Button as /devices/LNXSYSTM:00/LNXPWRBN:00/input/input0
Jun 16 07:33:13 localhost kernel: ACPI: Power Button [PWRF]
Jun 16 07:33:13 localhost kernel: input: Sleep Button as /devices/LNXSYSTM:00/LNXSLPBN:00/input/input1
Jun 16 07:33:13 localhost kernel: ACPI: Sleep Button [SLPF]
Jun 16 07:33:13 localhost kernel: GHES: HEST is not enabled!
Jun 16 07:33:13 localhost kernel: Serial: 8250/16550 driver, 4 ports, IRQ sharing enabled
Jun 16 07:33:13 localhost kernel: Non-volatile memory driver v1.3
Jun 16 07:33:13 localhost kernel: Linux agpgart interface v0.103
Jun 16 07:33:13 localhost kernel: crash memory driver: version 1.1
Jun 16 07:33:13 localhost kernel: rdac: device handler registered
Jun 16 07:33:13 localhost kernel: hp_sw: device handler registered
Jun 16 07:33:13 localhost kernel: emc: device handler registered
Jun 16 07:33:13 localhost kernel: ACPI: Battery Slot [BAT0] (battery present)
Jun 16 07:33:13 localhost kernel: alua: device handler registered
Jun 16 07:33:13 localhost kernel: libphy: Fixed MDIO Bus: probed
Jun 16 07:33:13 localhost kernel: ehci_hcd: USB 2.0 'Enhanced' Host Controller (EHCI) Driver
Jun 16 07:33:13 localhost kernel: ehci-pci: EHCI PCI platform driver
Jun 16 07:33:13 localhost kernel: ohci_hcd: USB 1.1 'Open' Host Controller (OHCI) Driver
Jun 16 07:33:13 localhost kernel: ohci-pci: OHCI PCI platform driver
Jun 16 07:33:13 localhost kernel: ohci-pci 0000:00:06.0: OHCI PCI host controller
Jun 16 07:33:13 localhost kernel: ohci-pci 0000:00:06.0: new USB bus registered, assigned bus number 1
Jun 16 07:33:13 localhost kernel: ohci-pci 0000:00:06.0: irq 22, io mem 0xf0804000
Jun 16 07:33:13 localhost kernel: usb usb1: New USB device found, idVendor=1d6b, idProduct=0001, bcdDevice= 3.10
Jun 16 07:33:13 localhost kernel: usb usb1: New USB device strings: Mfr=3, Product=2, SerialNumber=1
Jun 16 07:33:13 localhost kernel: usb usb1: Product: OHCI PCI host controller
Jun 16 07:33:13 localhost kernel: usb usb1: Manufacturer: Linux 3.10.0-1160.el7.x86_64 ohci_hcd
Jun 16 07:33:13 localhost kernel: usb usb1: SerialNumber: 0000:00:06.0
Jun 16 07:33:13 localhost kernel: hub 1-0:1.0: USB hub found
Jun 16 07:33:13 localhost kernel: hub 1-0:1.0: 12 ports detected
Jun 16 07:33:13 localhost kernel: uhci_hcd: USB Universal Host Controller Interface driver
Jun 16 07:33:13 localhost kernel: usbcore: registered new interface driver usbserial_generic
Jun 16 07:33:13 localhost kernel: usbserial: USB Serial support registered for generic
Jun 16 07:33:13 localhost kernel: i8042: PNP: PS/2 Controller [PNP0303:PS2K,PNP0f03:PS2M] at 0x60,0x64 irq 1,12
Jun 16 07:33:13 localhost kernel: serio: i8042 KBD port at 0x60,0x64 irq 1
Jun 16 07:33:13 localhost kernel: serio: i8042 AUX port at 0x60,0x64 irq 12
Jun 16 07:33:13 localhost kernel: mousedev: PS/2 mouse device common for all mice
Jun 16 07:33:13 localhost kernel: input: AT Translated Set 2 keyboard as /devices/platform/i8042/serio0/input/input2
Jun 16 07:33:13 localhost kernel: rtc_cmos rtc_cmos: rtc core: registered rtc_cmos as rtc0
Jun 16 07:33:13 localhost kernel: rtc_cmos rtc_cmos: alarms up to one day, 114 bytes nvram
Jun 16 07:33:13 localhost kernel: hidraw: raw HID events driver (C) Jiri Kosina
Jun 16 07:33:13 localhost kernel: usbcore: registered new interface driver usbhid
Jun 16 07:33:13 localhost kernel: usbhid: USB HID core driver
Jun 16 07:33:13 localhost kernel: drop_monitor: Initializing network drop monitor service
Jun 16 07:33:13 localhost kernel: TCP: cubic registered
Jun 16 07:33:13 localhost kernel: Initializing XFRM netlink socket
Jun 16 07:33:13 localhost kernel: NET: Registered protocol family 10
Jun 16 07:33:13 localhost kernel: NET: Registered protocol family 17
Jun 16 07:33:13 localhost kernel: mpls_gso: MPLS GSO support
Jun 16 07:33:13 localhost kernel: mce: Using 0 MCE banks
Jun 16 07:33:13 localhost kernel: PM: Hibernation image not present or could not be loaded.
Jun 16 07:33:13 localhost kernel: Loading compiled-in X.509 certificates
Jun 16 07:33:13 localhost kernel: Loaded X.509 cert 'CentOS Linux kpatch signing key: ea0413152cde1d98ebdca3fe6f0230904c9ef717'
Jun 16 07:33:13 localhost kernel: Loaded X.509 cert 'CentOS Linux Driver update signing key: 7f421ee0ab69461574bb358861dbe77762a4201b'
Jun 16 07:33:13 localhost kernel: Loaded X.509 cert 'CentOS Linux kernel signing key: e1fdb0e2a7e861a1d1ca80a23dcf0dba3aa4adf5'
Jun 16 07:33:13 localhost kernel: registered taskstats version 1
Jun 16 07:33:13 localhost kernel: page_owner is disabled
Jun 16 07:33:13 localhost kernel: Key type trusted registered
Jun 16 07:33:13 localhost kernel: Key type encrypted registered
Jun 16 07:33:13 localhost kernel: IMA: No TPM chip found, activating TPM-bypass! (rc=-19)
Jun 16 07:33:13 localhost kernel: BERT: Boot Error Record Table support is disabled. Enable it by using bert_enable as kernel parameter.
Jun 16 07:33:13 localhost kernel:   Magic number: 10:970:571
Jun 16 07:33:13 localhost kernel: rtc_cmos rtc_cmos: setting system clock to 2022-06-16 07:33:13 UTC (1655364793)
Jun 16 07:33:13 localhost kernel: Freeing unused kernel memory: 1984k freed
Jun 16 07:33:13 localhost kernel: Write protecting the kernel read-only data: 12288k
Jun 16 07:33:13 localhost kernel: Freeing unused kernel memory: 392k freed
Jun 16 07:33:13 localhost kernel: Freeing unused kernel memory: 536k freed
Jun 16 07:33:13 localhost kernel: random: systemd: uninitialized urandom read (16 bytes read)
Jun 16 07:33:13 localhost kernel: random: systemd: uninitialized urandom read (16 bytes read)
Jun 16 07:33:13 localhost kernel: random: systemd: uninitialized urandom read (16 bytes read)
Jun 16 07:33:13 localhost systemd[1]: systemd 219 running in system mode. (+PAM +AUDIT +SELINUX +IMA -APPARMOR +SMACK +SYSVINIT +UTMP +LIBCRYPTSETUP +GCRYPT +GNUTLS +ACL +XZ +LZ4 -SECCOMP +BLKID +ELFUTILS +KMOD +IDN)
Jun 16 07:33:13 localhost systemd[1]: Detected virtualization kvm.
Jun 16 07:33:13 localhost systemd[1]: Detected architecture x86-64.
Jun 16 07:33:13 localhost systemd[1]: Running in initial RAM disk.
Jun 16 07:33:13 localhost systemd[1]: No hostname configured.
Jun 16 07:33:13 localhost systemd[1]: Set hostname to <localhost>.
Jun 16 07:33:13 localhost systemd[1]: Initializing machine ID from KVM UUID.
Jun 16 07:33:13 localhost kernel: random: systemd-cryptse: uninitialized urandom read (16 bytes read)
Jun 16 07:33:13 localhost kernel: random: systemd: uninitialized urandom read (16 bytes read)
Jun 16 07:33:13 localhost kernel: random: systemd: uninitialized urandom read (16 bytes read)
Jun 16 07:33:13 localhost kernel: random: systemd: uninitialized urandom read (16 bytes read)
Jun 16 07:33:13 localhost kernel: random: systemd: uninitialized urandom read (16 bytes read)
Jun 16 07:33:13 localhost kernel: random: systemd: uninitialized urandom read (16 bytes read)
Jun 16 07:33:13 localhost kernel: random: systemd: uninitialized urandom read (16 bytes read)
Jun 16 07:33:13 localhost systemd[1]: Cannot add dependency job for unit blk-availability.service, ignoring: Unit not found.
Jun 16 07:33:13 localhost systemd[1]: Reached target Swap.
Jun 16 07:33:13 localhost systemd[1]: Reached target Local Encrypted Volumes.
Jun 16 07:33:13 localhost systemd[1]: Reached target Local File Systems.
Jun 16 07:33:13 localhost systemd[1]: Created slice Root Slice.
Jun 16 07:33:13 localhost systemd[1]: Listening on udev Kernel Socket.
Jun 16 07:33:13 localhost systemd[1]: Listening on udev Control Socket.
Jun 16 07:33:13 localhost systemd[1]: Listening on Journal Socket.
Jun 16 07:33:13 localhost systemd[1]: Created slice System Slice.
Jun 16 07:33:13 localhost systemd[1]: Reached target Slices.
Jun 16 07:33:13 localhost systemd[1]: Starting Create list of required static device nodes for the current kernel...
Jun 16 07:33:13 localhost systemd[1]: Starting Journal Service...
Jun 16 07:33:13 localhost systemd[1]: Starting Setup Virtual Console...
Jun 16 07:33:13 localhost systemd[1]: Starting dracut cmdline hook...
Jun 16 07:33:13 localhost systemd[1]: Starting Apply Kernel Variables...
Jun 16 07:33:13 localhost systemd[1]: Reached target Timers.
Jun 16 07:33:13 localhost systemd[1]: Started Create list of required static device nodes for the current kernel.
Jun 16 07:33:13 localhost systemd[1]: Started Setup Virtual Console.
Jun 16 07:33:13 localhost systemd[1]: Starting Create Static Device Nodes in /dev...
Jun 16 07:33:13 localhost systemd[1]: Started Apply Kernel Variables.
Jun 16 07:33:13 localhost systemd[1]: Started Create Static Device Nodes in /dev.
Jun 16 07:33:13 localhost systemd-journal[79]: Journal started
Jun 16 07:33:13 localhost systemd[1]: Started Journal Service.
Jun 16 07:33:13 localhost kernel: BIOS EDD facility v0.16 2004-Jun-25, 1 devices found
Jun 16 07:33:13 localhost dracut-cmdline[81]: Loading CentOS 7 x86_64 installer...
Jun 16 07:33:13 localhost kernel: psmouse serio1: alps: Unknown ALPS touchpad: E7=10 00 64, EC=10 00 64
Jun 16 07:33:13 localhost kernel: input: ImExPS/2 Generic Explorer Mouse as /devices/platform/i8042/serio1/input/input3
Jun 16 07:33:13 localhost systemd[1]: Started dracut cmdline hook.
Jun 16 07:33:13 localhost systemd[1]: Starting dracut pre-udev hook...
Jun 16 07:33:13 localhost kernel: squashfs: version 4.0 (2009/01/31) Phillip Lougher
Jun 16 07:33:13 localhost kernel: Loading iSCSI transport class v2.0-870.
Jun 16 07:33:13 localhost kernel: iscsi: registered transport (tcp)
Jun 16 07:33:13 localhost kernel: usb 1-1: new full-speed USB device number 2 using ohci-pci
Jun 16 07:33:14 localhost kernel: usb 1-1: New USB device found, idVendor=80ee, idProduct=0021, bcdDevice= 1.00
Jun 16 07:33:14 localhost kernel: usb 1-1: New USB device strings: Mfr=1, Product=3, SerialNumber=0
Jun 16 07:33:14 localhost kernel: usb 1-1: Product: USB Tablet
Jun 16 07:33:14 localhost kernel: usb 1-1: Manufacturer: VirtualBox
Jun 16 07:33:14 localhost kernel: input: VirtualBox USB Tablet as /devices/pci0000:00/0000:00:06.0/usb1/1-1/1-1:1.0/input/input4
Jun 16 07:33:14 localhost kernel: hid-generic 0003:80EE:0021.0001: input,hidraw0: USB HID v1.10 Mouse [VirtualBox USB Tablet] on usb-0000:00:06.0-1/input0
Jun 16 07:33:14 localhost kernel: tsc: Refined TSC clocksource calibration: 2416.216 MHz
Jun 16 07:33:16 localhost dracut-pre-udev[326]: modprobe: ERROR: could not insert 'floppy': No such device
Jun 16 07:33:16 localhost kernel: floppy0: no floppy controllers found
Jun 16 07:33:16 localhost kernel: work still pending
Jun 16 07:33:16 localhost kernel: No iBFT detected.
Jun 16 07:33:16 localhost kernel: async_tx: api initialized (async)
Jun 16 07:33:17 localhost kernel: xor: automatically using best checksumming function:
Jun 16 07:33:17 localhost kernel:    avx       : 17500.000 MB/sec
Jun 16 07:33:17 localhost kernel: raid6: sse2x1   gen() 12851 MB/s
Jun 16 07:33:17 localhost kernel: raid6: sse2x2   gen() 17164 MB/s
Jun 16 07:33:17 localhost kernel: raid6: sse2x4   gen() 17230 MB/s
Jun 16 07:33:17 localhost kernel: raid6: avx2x1   gen() 19875 MB/s
Jun 16 07:33:17 localhost kernel: raid6: avx2x2   gen() 27859 MB/s
Jun 16 07:33:17 localhost kernel: raid6: avx2x4   gen() 21261 MB/s
Jun 16 07:33:17 localhost kernel: raid6: using algorithm avx2x2 gen() (27859 MB/s)
Jun 16 07:33:17 localhost kernel: raid6: using avx2x2 recovery algorithm
Jun 16 07:33:17 localhost kernel: device-mapper: uevent: version 1.0.3
Jun 16 07:33:17 localhost kernel: device-mapper: ioctl: 4.37.1-ioctl (2018-04-03) initialised: dm-devel@redhat.com
Jun 16 07:33:17 localhost kernel: device-mapper: multipath round-robin: version 1.2.0 loaded
Jun 16 07:33:17 localhost kernel: RPC: Registered named UNIX socket transport module.
Jun 16 07:33:17 localhost kernel: RPC: Registered udp transport module.
Jun 16 07:33:17 localhost kernel: RPC: Registered tcp transport module.
Jun 16 07:33:17 localhost kernel: RPC: Registered tcp NFSv4.1 backchannel transport module.
Jun 16 07:33:17 localhost rpc.statd[527]: Version 1.3.0 starting
Jun 16 07:33:17 localhost rpc.statd[527]: Initializing NSM state
Jun 16 07:33:17 localhost rpc.statd[527]: Running as root.  chown /var/lib/nfs/statd to choose different user
Jun 16 07:33:17 localhost systemd[1]: Started dracut pre-udev hook.
Jun 16 07:33:17 localhost systemd[1]: Starting udev Kernel Device Manager...
Jun 16 07:33:17 localhost systemd-udevd[554]: starting version 219
Jun 16 07:33:17 localhost systemd-udevd[554]: Network interface NamePolicy= disabled on kernel command line, ignoring.
Jun 16 07:33:17 localhost systemd[1]: Started udev Kernel Device Manager.
Jun 16 07:33:17 localhost systemd[1]: Starting dracut pre-trigger hook...
Jun 16 07:33:17 localhost lldpad[566]: config file failed to load,
Jun 16 07:33:17 localhost lldpad[566]: create a new file.
Jun 16 07:33:17 localhost lldpad[566]: bound ctrl iface to /com/intel/lldpad
Jun 16 07:33:17 localhost dracut-pre-trigger[555]: 567
Jun 16 07:33:17 localhost systemd[1]: Started dracut pre-trigger hook.
Jun 16 07:33:17 localhost systemd[1]: Starting udev Coldplug all Devices...
Jun 16 07:33:17 localhost systemd-udevd[554]: Network interface NamePolicy= disabled on kernel command line, ignoring.
Jun 16 07:33:17 localhost systemd[1]: Mounting Configuration File System...
Jun 16 07:33:17 localhost systemd[1]: Mounted Configuration File System.
Jun 16 07:33:17 localhost kernel: ACPI: Video Device [GFX0] (multi-head: yes  rom: no  post: no)
Jun 16 07:33:17 localhost kernel: input: Video Bus as /devices/LNXSYSTM:00/device:00/PNP0A03:00/LNXVIDEO:00/input/input5
Jun 16 07:33:17 localhost systemd[1]: Started udev Coldplug all Devices.
Jun 16 07:33:17 localhost systemd[1]: Starting Show Plymouth Boot Screen...
Jun 16 07:33:17 localhost systemd[1]: Starting Device-Mapper Multipath Device Controller...
Jun 16 07:33:17 localhost systemd[1]: Reached target System Initialization.
Jun 16 07:33:17 localhost systemd[1]: Listening on Open-iSCSI iscsiuio Socket.
Jun 16 07:33:17 localhost systemd[1]: Reached target Sockets.
Jun 16 07:33:17 localhost kernel: cryptd: max_cpu_qlen set to 1000
Jun 16 07:33:17 localhost kernel: e1000: Intel(R) PRO/1000 Network Driver - version 7.3.21-k8-NAPI
Jun 16 07:33:17 localhost kernel: e1000: Copyright (c) 1999-2006 Intel Corporation.
Jun 16 07:33:17 localhost systemd[1]: Received SIGRTMIN+20 from PID 656 (plymouthd).
Jun 16 07:33:17 localhost systemd[1]: Started Show Plymouth Boot Screen.
Jun 16 07:33:17 localhost systemd[1]: Started Forward Password Requests to Plymouth Directory Watch.
Jun 16 07:33:17 localhost systemd[1]: Reached target Paths.
Jun 16 07:33:17 localhost systemd[1]: Reached target Basic System.
Jun 16 07:33:17 localhost kernel: AVX2 version of gcm_enc/dec engaged.
Jun 16 07:33:17 localhost kernel: AES CTR mode by8 optimization enabled
Jun 16 07:33:17 localhost systemd[1]: Started Device-Mapper Multipath Device Controller.
Jun 16 07:33:17 localhost systemd[1]: Starting Open-iSCSI...
Jun 16 07:33:17 localhost kernel: libata version 3.00 loaded.
Jun 16 07:33:17 localhost kernel: alg: No test for __gcm-aes-aesni (__driver-gcm-aes-aesni)
Jun 16 07:33:17 localhost kernel: alg: No test for __generic-gcm-aes-aesni (__driver-generic-gcm-aes-aesni)
Jun 16 07:33:17 localhost iscsid[668]: iscsid: can't open InitiatorName configuration file /etc/iscsi/initiatorname.iscsi
Jun 16 07:33:17 localhost iscsid[668]: iscsid: Warning: InitiatorName file /etc/iscsi/initiatorname.iscsi does not exist or does not contain a properly formatted InitiatorName. If using software iscsi (iscsi_tcp or ib_iser) or partial offload (bnx2i or cxgbi iscsi), you may not be able to log into or discover targets. Please create a file /etc/iscsi/initiatorname.iscsi that contains a sting with the format: InitiatorName=iqn.yyyy-mm.<reversed domain name>[:identifier].
Jun 16 07:33:17 localhost iscsid[668]: Example: InitiatorName=iqn.2001-04.com.redhat:fc6.
Jun 16 07:33:17 localhost iscsid[668]: If using hardware iscsi like qla4xxx this message can be ignored.
Jun 16 07:33:17 localhost iscsid[668]: iscsid: can't open InitiatorAlias configuration file /etc/iscsi/initiatorname.iscsi
Jun 16 07:33:17 localhost iscsid[668]: iscsid: can't open iscsid.safe_logout configuration file /etc/iscsi/iscsid.conf
Jun 16 07:33:17 localhost systemd[1]: Started Open-iSCSI.
Jun 16 07:33:17 localhost systemd[1]: Starting dracut initqueue hook...
Jun 16 07:33:18 localhost systemd[1]: Reloading.
Jun 16 07:33:18 localhost kernel: e1000 0000:00:03.0 eth0: (PCI:33MHz:32-bit) 08:00:27:08:2a:49
Jun 16 07:33:18 localhost kernel: e1000 0000:00:03.0 eth0: Intel(R) PRO/1000 Network Connection
Jun 16 07:33:18 localhost kernel: ata_piix 0000:00:01.1: version 2.13
Jun 16 07:33:18 localhost kernel: scsi host0: ata_piix
Jun 16 07:33:18 localhost kernel: scsi host1: ata_piix
Jun 16 07:33:18 localhost kernel: ata1: PATA max UDMA/33 cmd 0x1f0 ctl 0x3f6 bmdma 0xd000 irq 14
Jun 16 07:33:18 localhost kernel: ata2: PATA max UDMA/33 cmd 0x170 ctl 0x376 bmdma 0xd008 irq 15
Jun 16 07:33:18 localhost kernel: [drm] DMA map mode: Keeping DMA mappings.
Jun 16 07:33:18 localhost kernel: [drm] Capabilities:
Jun 16 07:33:18 localhost kernel: [drm]   Cursor.
Jun 16 07:33:18 localhost kernel: [drm]   Cursor bypass 2.
Jun 16 07:33:18 localhost kernel: [drm]   Alpha cursor.
Jun 16 07:33:18 localhost kernel: [drm]   3D.
Jun 16 07:33:18 localhost kernel: [drm]   Extended Fifo.
Jun 16 07:33:18 localhost kernel: [drm]   Pitchlock.
Jun 16 07:33:18 localhost kernel: [drm]   Irq mask.
Jun 16 07:33:18 localhost kernel: [drm]   GMR.
Jun 16 07:33:18 localhost kernel: [drm]   Traces.
Jun 16 07:33:18 localhost kernel: [drm]   GMR2.
Jun 16 07:33:18 localhost kernel: [drm]   Screen Object 2.
Jun 16 07:33:18 localhost kernel: [drm] Max GMR ids is 8192
Jun 16 07:33:18 localhost kernel: [drm] Max number of GMR pages is 1048576
Jun 16 07:33:18 localhost kernel: [drm] Max dedicated hypervisor surface memory is 507904 kiB
Jun 16 07:33:18 localhost kernel: [drm] Maximum display memory size is 16384 kiB
Jun 16 07:33:18 localhost kernel: [drm] VRAM at 0xe0000000 size is 16384 kiB
Jun 16 07:33:18 localhost kernel: [drm] MMIO at 0xf0000000 size is 2048 kiB
Jun 16 07:33:18 localhost kernel: [TTM] Zone  kernel: Available graphics memory: 2022642 kiB
Jun 16 07:33:18 localhost kernel: [TTM] Initializing pool allocator
Jun 16 07:33:18 localhost kernel: [TTM] Initializing DMA pool allocator
Jun 16 07:33:18 localhost kernel: [drm] Supports vblank timestamp caching Rev 2 (21.10.2013).
Jun 16 07:33:18 localhost kernel: [drm] No driver support for vblank timestamp query.
Jun 16 07:33:18 localhost kernel: [drm] Screen Objects Display Unit initialized
Jun 16 07:33:18 localhost kernel: [drm] width 720
Jun 16 07:33:18 localhost kernel: [drm] height 400
Jun 16 07:33:18 localhost kernel: [drm] bpp 32
Jun 16 07:33:18 localhost kernel: [drm] Fifo max 0x00200000 min 0x00001000 cap 0x00000355
Jun 16 07:33:18 localhost kernel: [drm] DX: no.
Jun 16 07:33:18 localhost kernel: [drm] Atomic: yes.
Jun 16 07:33:18 localhost kernel: [drm] SM4_1: no.
Jun 16 07:33:18 localhost kernel: [drm:vmw_host_log [vmwgfx]] *ERROR* Failed to send host log message.
Jun 16 07:33:18 localhost kernel: [drm:vmw_host_log [vmwgfx]] *ERROR* Failed to send host log message.
Jun 16 07:33:18 localhost kernel: fbcon: svgadrmfb (fb0) is primary device
Jun 16 07:33:18 localhost kernel: Console: switching to colour frame buffer device 100x37
Jun 16 07:33:18 localhost kernel: [drm] Initialized vmwgfx 2.15.0 20180704 for 0000:00:02.0 on minor 0
Jun 16 07:33:18 localhost kernel: 8021q: 802.1Q VLAN Support v1.8
Jun 16 07:33:18 localhost kernel: ata2.00: ATAPI: VBOX CD-ROM, 1.0, max UDMA/133
Jun 16 07:33:18 localhost kernel: ata2.00: configured for UDMA/33
Jun 16 07:33:18 localhost kernel: ata1.00: ATA-6: VBOX HARDDISK, 1.0, max UDMA/133
Jun 16 07:33:18 localhost kernel: ata1.00: 32145968 sectors, multi 128: LBA 
Jun 16 07:33:18 localhost kernel: ata1.00: configured for UDMA/33
Jun 16 07:33:18 localhost kernel: scsi 0:0:0:0: Direct-Access     ATA      VBOX HARDDISK    1.0  PQ: 0 ANSI: 5
Jun 16 07:33:18 localhost kernel: scsi 1:0:0:0: CD-ROM            VBOX     CD-ROM           1.0  PQ: 0 ANSI: 5
Jun 16 07:33:18 localhost kernel: e1000 0000:00:08.0 eth1: (PCI:33MHz:32-bit) 08:00:27:38:f5:9d
Jun 16 07:33:18 localhost kernel: e1000 0000:00:08.0 eth1: Intel(R) PRO/1000 Network Connection
Jun 16 07:33:18 localhost kernel: sr 1:0:0:0: [sr0] scsi3-mmc drive: 32x/32x xa/form2 tray
Jun 16 07:33:18 localhost kernel: cdrom: Uniform CD-ROM driver Revision: 3.20
Jun 16 07:33:18 localhost kernel: sr 1:0:0:0: Attached scsi CD-ROM sr0
Jun 16 07:33:18 localhost kernel: sd 0:0:0:0: [sda] 32145968 512-byte logical blocks: (16.4 GB/15.3 GiB)
Jun 16 07:33:18 localhost kernel: sd 0:0:0:0: [sda] Write Protect is off
Jun 16 07:33:18 localhost kernel: sd 0:0:0:0: [sda] Mode Sense: 00 3a 00 00
Jun 16 07:33:18 localhost kernel: sd 0:0:0:0: [sda] Write cache: enabled, read cache: enabled, doesn't support DPO or FUA
Jun 16 07:33:18 localhost kernel: sd 0:0:0:0: [sda] Attached SCSI disk
Jun 16 07:33:18 localhost kernel: random: fast init done
Jun 16 07:33:18 localhost multipathd[665]: path checkers start up
Jun 16 07:33:18 localhost multipathd[665]: sda: add path (uevent)
Jun 16 07:33:20 localhost kernel: floppy0: no floppy controllers found
Jun 16 07:33:20 localhost kernel: work still pending
Jun 16 07:33:20 localhost dracut-initqueue[706]: mount: /dev/sr0 is write-protected, mounting read-only
Jun 16 07:33:20 localhost kernel: ISO 9660 Extensions: Microsoft Joliet Level 3
Jun 16 07:33:20 localhost kernel: ISO 9660 Extensions: RRIP_1991A
Jun 16 07:33:20 localhost kernel: loop: module loaded
Jun 16 07:33:21 localhost systemd-udevd[554]: Network interface NamePolicy= disabled on kernel command line, ignoring.
Jun 16 07:33:21 localhost systemd[1]: Started dracut initqueue hook.
Jun 16 07:33:21 localhost systemd[1]: Starting dracut pre-mount hook...
Jun 16 07:33:21 localhost systemd[1]: Reached target Remote File Systems (Pre).
Jun 16 07:33:21 localhost systemd[1]: Reached target Remote File Systems.
Jun 16 07:33:21 localhost systemd[1]: Started dracut pre-mount hook.
Jun 16 07:33:21 localhost systemd[1]: Reached target Initrd Root File System.
Jun 16 07:33:21 localhost systemd[1]: Starting Reload Configuration from the Real Root...
Jun 16 07:33:21 localhost systemd[1]: Reloading.
Jun 16 07:33:21 localhost systemd[1]: Started Reload Configuration from the Real Root.
Jun 16 07:33:21 localhost systemd[1]: Starting dracut mount hook...
Jun 16 07:33:21 localhost systemd[1]: Reached target Initrd File Systems.
Jun 16 07:33:21 localhost kernel: EXT4-fs (dm-0): mounted filesystem with ordered data mode. Opts: (null)
Jun 16 07:33:21 localhost systemd[1]: Started dracut mount hook.
Jun 16 07:33:21 localhost systemd[1]: Reached target Initrd Default Target.
Jun 16 07:33:21 localhost systemd[1]: Starting dracut pre-pivot and cleanup hook...
Jun 16 07:33:21 localhost rpcbind[523]: cannot open file = /run/rpcbind/rpcbind.xdr for writing
Jun 16 07:33:21 localhost rpcbind[523]: cannot save any registration
Jun 16 07:33:21 localhost rpcbind[523]: cannot open file = /run/rpcbind/portmap.xdr for writing
Jun 16 07:33:21 localhost rpcbind[523]: cannot save any registration
Jun 16 07:33:21 localhost systemd[1]: Started dracut pre-pivot and cleanup hook.
Jun 16 07:33:21 localhost systemd[1]: Starting Cleaning Up and Shutting Down Daemons...
Jun 16 07:33:21 localhost systemd[1]: Starting Plymouth switch root service...
Jun 16 07:33:21 localhost systemd[1]: Stopped target Timers.
Jun 16 07:33:21 localhost systemd[1]: Stopped dracut pre-pivot and cleanup hook.
Jun 16 07:33:21 localhost systemd[1]: Stopped target Remote File Systems.
Jun 16 07:33:21 localhost systemd[1]: Stopped target Remote File Systems (Pre).
Jun 16 07:33:21 localhost systemd[1]: Stopped target Initrd Default Target.
Jun 16 07:33:21 localhost systemd[1]: Stopped dracut mount hook.
Jun 16 07:33:21 localhost systemd[1]: Stopped target Basic System.
Jun 16 07:33:21 localhost systemd[1]: Stopped target Paths.
Jun 16 07:33:21 localhost systemd[1]: Stopped target Sockets.
Jun 16 07:33:21 localhost systemd[1]: Closed Open-iSCSI iscsiuio Socket.
Jun 16 07:33:21 localhost systemd[1]: Stopped target Slices.
Jun 16 07:33:21 localhost systemd[1]: Stopped target System Initialization.
Jun 16 07:33:21 localhost systemd[1]: Stopped Apply Kernel Variables.
Jun 16 07:33:21 localhost systemd[1]: Stopped target Swap.
Jun 16 07:33:21 localhost systemd[1]: Stopped target Local File Systems.
Jun 16 07:33:21 localhost systemd[1]: Stopped dracut pre-mount hook.
Jun 16 07:33:21 localhost systemd[1]: Stopped dracut initqueue hook.
Jun 16 07:33:21 localhost iscsid[668]: iscsid: iscsid shutting down.
Jun 16 07:33:21 localhost systemd[1]: Stopping Open-iSCSI...
Jun 16 07:33:21 localhost systemd[1]: Stopped target Local Encrypted Volumes.
Jun 16 07:33:21 localhost systemd[1]: Stopped Open-iSCSI.
Jun 16 07:33:21 localhost multipathd[665]: --------shut down-------
Jun 16 07:33:21 localhost systemd[1]: Stopping Device-Mapper Multipath Device Controller...
Jun 16 07:33:21 localhost systemd[1]: Stopped Device-Mapper Multipath Device Controller.
Jun 16 07:33:21 localhost systemd[1]: Started Cleaning Up and Shutting Down Daemons.
Jun 16 07:33:21 localhost systemd[1]: Stopped udev Coldplug all Devices.
Jun 16 07:33:21 localhost systemd[1]: Stopped dracut pre-trigger hook.
Jun 16 07:33:21 localhost systemd[1]: Stopping udev Kernel Device Manager...
Jun 16 07:33:21 localhost systemd[1]: Stopped udev Kernel Device Manager.
Jun 16 07:33:21 localhost systemd[1]: Stopped dracut pre-udev hook.
Jun 16 07:33:21 localhost systemd[1]: Stopped dracut cmdline hook.
Jun 16 07:33:21 localhost systemd[1]: Stopped Create Static Device Nodes in /dev.
Jun 16 07:33:21 localhost systemd[1]: Stopped Create list of required static device nodes for the current kernel.
Jun 16 07:33:21 localhost systemd[1]: Closed udev Control Socket.
Jun 16 07:33:21 localhost systemd[1]: Closed udev Kernel Socket.
Jun 16 07:33:21 localhost systemd[1]: Starting Cleanup udevd DB...
Jun 16 07:33:21 localhost systemd[1]: Started Plymouth switch root service.
Jun 16 07:33:21 localhost systemd[1]: Started Cleanup udevd DB.
Jun 16 07:33:21 localhost systemd[1]: Reached target Switch Root.
Jun 16 07:33:21 localhost systemd[1]: Starting Switch Root...
Jun 16 07:33:22 localhost systemd[1]: Switching root.
Jun 16 07:33:22 localhost systemd-journal[79]: Journal stopped
Jun 16 07:33:25 localhost systemd-journal[1169]: Runtime journal is using 8.0M (max allowed 197.5M, trying to leave 296.2M free of 1.9G available â†’ current limit 197.5M).
Jun 16 07:33:25 localhost systemd-journald[79]: Received SIGTERM from PID 1 (systemd).
Jun 16 07:33:25 localhost kernel: random: crng init done
Jun 16 07:33:25 localhost kernel: SELinux: 2048 avtab hash slots, 112856 rules.
Jun 16 07:33:25 localhost kernel: SELinux: 2048 avtab hash slots, 112856 rules.
Jun 16 07:33:25 localhost kernel: SELinux:  8 users, 14 roles, 5052 types, 316 bools, 1 sens, 1024 cats
Jun 16 07:33:25 localhost kernel: SELinux:  130 classes, 112856 rules
Jun 16 07:33:25 localhost kernel: SELinux:  Completing initialization.
Jun 16 07:33:25 localhost kernel: SELinux:  Setting up existing superblocks.
Jun 16 07:33:25 localhost kernel: type=1403 audit(1655364803.034:2): policy loaded auid=4294967295 ses=4294967295
Jun 16 07:33:25 localhost systemd[1]: Successfully loaded SELinux policy in 257.446ms.
Jun 16 07:33:25 localhost systemd[1]: Relabelled /dev, /run and /sys/fs/cgroup in 20.213ms.
Jun 16 07:33:25 localhost systemd-journal[1169]: Journal started
Jun 16 07:33:23 localhost systemd[1]: systemd 219 running in system mode. (+PAM +AUDIT +SELINUX +IMA -APPARMOR +SMACK +SYSVINIT +UTMP +LIBCRYPTSETUP +GCRYPT +GNUTLS +ACL +XZ +LZ4 -SECCOMP +BLKID +ELFUTILS +KMOD +IDN)
Jun 16 07:33:23 localhost systemd[1]: Detected virtualization kvm.
Jun 16 07:33:23 localhost systemd[1]: Detected architecture x86-64.
Jun 16 07:33:25 localhost rhel-domainname[1172]: /usr/lib/systemd/rhel-domainname: line 2: /etc/sysconfig/network: No such file or directory
Jun 16 07:33:24 localhost systemd[1]: Cannot add dependency job for unit rhel-autorelabel-mark.service, ignoring: Unit is masked.
Jun 16 07:33:24 localhost systemd[1]: Cannot add dependency job for unit rhel-loadmodules.service, ignoring: Unit is masked.
Jun 16 07:33:24 localhost systemd[1]: Cannot add dependency job for unit rhel-autorelabel.service, ignoring: Unit is masked.
Jun 16 07:33:24 localhost systemd[1]: Cannot add dependency job for unit systemd-tmpfiles-clean.timer, ignoring: Unit is masked.
Jun 16 07:33:25 localhost systemd[1]: Starting Flush Journal to Persistent Storage...
Jun 16 07:33:25 localhost systemd[1]: Started Create Static Device Nodes in /dev.
Jun 16 07:33:25 localhost systemd[1]: Reached target Local File Systems (Pre).
Jun 16 07:33:25 localhost systemd[1]: Starting udev Kernel Device Manager...
Jun 16 07:33:25 localhost systemd[1]: Started Configure read-only root support.
Jun 16 07:33:25 localhost systemd[1]: Starting Load/Save Random Seed...
Jun 16 07:33:25 localhost systemd[1]: Started Load/Save Random Seed.
Jun 16 07:33:25 localhost systemd-udevd[1196]: starting version 219
Jun 16 07:33:25 localhost systemd-udevd[1196]: Network interface NamePolicy= disabled on kernel command line, ignoring.
Jun 16 07:33:25 localhost systemd[1]: Started Flush Journal to Persistent Storage.
Jun 16 07:33:25 localhost systemd[1]: Started udev Kernel Device Manager.
Jun 16 07:33:26 localhost systemd[1]: Started Rebuild Hardware Database.
Jun 16 07:33:26 localhost systemd[1]: Starting udev Coldplug all Devices...
Jun 16 07:33:26 localhost systemd-udevd[1196]: Network interface NamePolicy= disabled on kernel command line, ignoring.
Jun 16 07:33:26 localhost systemd-udevd[1214]: ctx=0x5570b45c43d0 path=/lib/modules/3.10.0-1160.el7.x86_64/kernel/sound/pci/ac97/snd-ac97-codec.ko.xz error=No such file or directory
Jun 16 07:33:26 localhost systemd[1]: Started udev Coldplug all Devices.
Jun 16 07:33:26 localhost systemd[1]: Starting udev Wait for Complete Device Initialization...
Jun 16 07:33:26 localhost systemd[1]: Starting Device-Mapper Multipath Device Controller...
Jun 16 07:33:26 localhost kernel: input: PC Speaker as /devices/platform/pcspkr/input/input6
Jun 16 07:33:27 localhost kernel: piix4_smbus 0000:00:07.0: SMBus Host Controller at 0x4100, revision 0
Jun 16 07:33:27 localhost kernel: sd 0:0:0:0: Attached scsi generic sg0 type 0
Jun 16 07:33:27 localhost kernel: sr 1:0:0:0: Attached scsi generic sg1 type 5
Jun 16 07:33:27 localhost systemd[1]: Started Device-Mapper Multipath Device Controller.
Jun 16 07:33:29 localhost kernel: floppy0: no floppy controllers found
Jun 16 07:33:29 localhost kernel: work still pending
Jun 16 07:33:30 localhost systemd[1]: Started udev Wait for Complete Device Initialization.
Jun 16 07:33:30 localhost systemd[1]: Starting Activation of DM RAID sets...
Jun 16 07:33:30 localhost systemd[1]: Started Activation of DM RAID sets.
Jun 16 07:33:30 localhost systemd[1]: Reached target Local File Systems.
Jun 16 07:33:30 localhost systemd[1]: Starting Import network configuration from initramfs...
Jun 16 07:33:30 localhost systemd[1]: Starting Rebuild Journal Catalog...
Jun 16 07:33:30 localhost systemd[1]: Starting Migrate local SELinux policy changes from the old store structure to the new structure...
Jun 16 07:33:30 localhost systemd[1]: Starting Tell Plymouth To Write Out Runtime Data...
Jun 16 07:33:30 localhost systemd[1]: Reached target Local Encrypted Volumes.
Jun 16 07:33:30 localhost systemd[1]: Started Tell Plymouth To Write Out Runtime Data.
Jun 16 07:33:30 localhost systemd[1]: Started Migrate local SELinux policy changes from the old store structure to the new structure.
Jun 16 07:33:30 localhost systemd[1]: Started Rebuild Journal Catalog.
Jun 16 07:33:30 localhost systemd[1]: Starting Update is Completed...
Jun 16 07:33:30 localhost systemd[1]: Started Update is Completed.
Jun 16 07:33:30 localhost systemd[1]: Started Import network configuration from initramfs.
Jun 16 07:33:30 localhost systemd[1]: Starting Create Volatile Files and Directories...
Jun 16 07:33:30 localhost systemd[1]: Started Create Volatile Files and Directories.
Jun 16 07:33:30 localhost systemd[1]: Starting Update UTMP about System Boot/Shutdown...
Jun 16 07:33:30 localhost systemd[1]: Started Update UTMP about System Boot/Shutdown.
Jun 16 07:33:30 localhost systemd[1]: Reached target System Initialization.
Jun 16 07:33:30 localhost systemd[1]: Listening on Open-iSCSI iscsid Socket.
Jun 16 07:33:30 localhost systemd[1]: Listening on D-Bus System Message Bus Socket.
Jun 16 07:33:30 localhost systemd[1]: Listening on Open-iSCSI iscsiuio Socket.
Jun 16 07:33:30 localhost systemd[1]: Reached target Sockets.
Jun 16 07:33:30 localhost systemd[1]: Reached target Basic System.
Jun 16 07:33:30 localhost systemd[1]: Started Anaconda NetworkManager configuration.
Jun 16 07:33:30 localhost systemd[1]: Starting pre-anaconda logging service...
Jun 16 07:33:30 localhost systemd[1]: Starting Login Service...
Jun 16 07:33:30 localhost systemd[1]: Starting Network Manager...
Jun 16 07:33:30 localhost systemd[1]: Started Hardware RNG Entropy Gatherer Daemon.
Jun 16 07:33:30 localhost systemd[1]: Starting Wait for Plymouth Boot Screen to Quit...
Jun 16 07:33:30 localhost systemd[1]: Starting Dump dmesg to /var/log/dmesg...
Jun 16 07:33:30 localhost systemd[1]: Starting Terminate Plymouth Boot Screen...
Jun 16 07:33:30 localhost systemd[1]: Starting Service enabling compressing RAM with zRam...
Jun 16 07:33:30 localhost systemd[1]: Received SIGRTMIN+21 from PID 656 (plymouthd).
Jun 16 07:33:30 localhost zramswapon[1314]: + MAX_RAM_ON=2097152
Jun 16 07:33:30 localhost systemd[1]: Started Terminate Plymouth Boot Screen.
Jun 16 07:33:30 localhost systemd[1]: Started Wait for Plymouth Boot Screen to Quit.
Jun 16 07:33:30 localhost systemd[1]: Cannot add dependency job for unit rhel-autorelabel-mark.service, ignoring: Unit is masked.
Jun 16 07:33:30 localhost systemd[1]: Cannot add dependency job for unit rhel-loadmodules.service, ignoring: Unit is masked.
Jun 16 07:33:30 localhost systemd[1]: Cannot add dependency job for unit rhel-autorelabel.service, ignoring: Unit is masked.
Jun 16 07:33:30 localhost systemd[1]: Cannot add dependency job for unit systemd-tmpfiles-clean.timer, ignoring: Unit is masked.
Jun 16 07:33:30 localhost systemd[1]: Started D-Bus System Message Bus.
Jun 16 07:33:30 localhost zramswapon[1314]: ++ grep -E --only-matching '[[:digit:]]+'
Jun 16 07:33:30 localhost zramswapon[1314]: ++ grep MemTotal /proc/meminfo
Jun 16 07:33:30 localhost zramswapon[1314]: + mem_total_kb=4045284
Jun 16 07:33:30 localhost zramswapon[1314]: + mem_total=4142370816
Jun 16 07:33:30 localhost zramswapon[1314]: + grep -E 'inst\.zram=(on|1)' /proc/cmdline
Jun 16 07:33:31 localhost zramswapon[1314]: + force=1
Jun 16 07:33:31 localhost zramswapon[1314]: + '[' '(' 4045284 -gt 2097152 ')' -a '(' 1 '!=' 0 ')' ']'
Jun 16 07:33:31 localhost zramswapon[1314]: + exit 0
Jun 16 07:33:31 localhost systemd[1]: Started pre-anaconda logging service.
Jun 16 07:33:31 localhost systemd[1]: Started Dump dmesg to /var/log/dmesg.
Jun 16 07:33:31 localhost systemd[1]: Started Service enabling compressing RAM with zRam.
Jun 16 07:33:31 localhost systemd[1]: Started Login Service.
Jun 16 07:33:31 localhost systemd-logind[1307]: New seat seat0.
Jun 16 07:33:31 localhost systemd-logind[1307]: Watching system buttons on /dev/input/event0 (Power Button)
Jun 16 07:33:31 localhost systemd-logind[1307]: Watching system buttons on /dev/input/event1 (Sleep Button)
Jun 16 07:33:31 localhost systemd-logind[1307]: Watching system buttons on /dev/input/event5 (Video Bus)
Jun 16 07:33:31 localhost rngd[1309]: Initalizing available sources
Jun 16 07:33:31 localhost rngd[1309]: Failed to init entropy source 0: Hardware RNG Device
Jun 16 07:33:31 localhost rngd[1309]: Enabling RDSEED rng support
Jun 16 07:33:31 localhost rngd[1309]: Initalizing entropy source Intel RDRAND Instruction RNG
Jun 16 07:33:32 localhost NetworkManager[1308]: <info>  [1655364812.2268] NetworkManager (version 1.18.8-1.el7) is starting... (for the first time)
Jun 16 07:33:32 localhost NetworkManager[1308]: <info>  [1655364812.2300] Read config: /etc/NetworkManager/NetworkManager.conf (lib: 10-slaves-order.conf) (etc: 80-anaconda-no-ibft.conf, 90-anaconda-no-auto-default.conf, 91-anaconda-autoconnect-slaves.conf, 92-anaconda-loglevel-debug.conf)
Jun 16 07:33:32 localhost NetworkManager[1308]: <debug> [1655364812.2302] CONFIG: config-data[0x556705955040]: 3 groups
Jun 16 07:33:32 localhost NetworkManager[1308]: <debug> [1655364812.2303] CONFIG:
Jun 16 07:33:32 localhost NetworkManager[1308]: <debug> [1655364812.2304] CONFIG: [main]
Jun 16 07:33:32 localhost NetworkManager[1308]: <debug> [1655364812.2306] CONFIG:   slaves-order=index
Jun 16 07:33:32 localhost NetworkManager[1308]: <debug> [1655364812.2307] CONFIG:   plugins=ifcfg-rh,ibft,no-ibft
Jun 16 07:33:32 localhost NetworkManager[1308]: <debug> [1655364812.2309] CONFIG:   no-auto-default=*
Jun 16 07:33:32 localhost NetworkManager[1308]: <debug> [1655364812.2311] CONFIG:
Jun 16 07:33:32 localhost NetworkManager[1308]: <debug> [1655364812.2311] CONFIG: [logging]
Jun 16 07:33:32 localhost NetworkManager[1308]: <debug> [1655364812.2311] CONFIG:   level=DEBUG
Jun 16 07:33:32 localhost NetworkManager[1308]: <debug> [1655364812.2311] CONFIG:
Jun 16 07:33:32 localhost NetworkManager[1308]: <debug> [1655364812.2311] CONFIG: [connection]
Jun 16 07:33:32 localhost NetworkManager[1308]: <debug> [1655364812.2311] CONFIG:   connection.autoconnect-slaves=1
Jun 16 07:33:32 localhost NetworkManager[1308]: <debug> [1655364812.2311] config: state: missing state file "/var/lib/NetworkManager/NetworkManager.state": No such file or directory
Jun 16 07:33:32 localhost NetworkManager[1308]: <debug> [1655364812.2311] WEXT support is disabled
Jun 16 07:33:32 localhost NetworkManager[1308]: <debug> [1655364812.2339] netns[0x55670593d0e0]: new netns (net:7, mnt:8)
Jun 16 07:33:32 localhost NetworkManager[1308]: <debug> [1655364812.2344] platform-linux: create (ignore netns, initial netns, use udev)
Jun 16 07:33:32 localhost NetworkManager[1308]: <debug> [1655364812.2346] platform-linux: could not enable extended acks on netlink socket
Jun 16 07:33:32 localhost NetworkManager[1308]: <debug> [1655364812.2347] platform-linux: Netlink socket for events established: port=1308, fd=11
Jun 16 07:33:32 localhost NetworkManager[1308]: <debug> [1655364812.2347] platform-linux: populate platform cache
Jun 16 07:33:32 localhost NetworkManager[1308]: <debug> [1655364812.2347] monotonic timestamp started counting 1.839430961 seconds ago with an offset of 21.0 seconds to CLOCK_BOOTTIME (local time is 2022-06-16 07:33:32)
Jun 16 07:33:32 localhost NetworkManager[1308]: <debug> [1655364812.2347] platform: kernel-support for USER_IPV6LL (IFLA_INET6_ADDR_GEN_MODE support) detected: supported
Jun 16 07:33:32 localhost NetworkManager[1308]: <debug> [1655364812.2370] platform: (lo) signal: link   added: 1: lo <UP,LOWER_UP;loopback,up,running,lowerup> mtu 65536 arp 772 loopback? not-init addrgenmode eui64 addr 00:00:00:00:00:00 driver unknown rx:6,416 tx:6,416
Jun 16 07:33:32 localhost NetworkManager[1308]: <debug> [1655364812.2375] platform: (eth0) signal: link   added: 2: eth0 <DOWN;broadcast,multicast> mtu 1500 arp 1 ethernet? not-init addrgenmode eui64 addr 08:00:27:08:2A:49 driver e1000 rx:0,0 tx:0,0
Jun 16 07:33:32 localhost NetworkManager[1308]: <debug> [1655364812.2376] platform: (eth1) signal: link   added: 3: eth1 <DOWN;broadcast,multicast> mtu 1500 arp 1 ethernet? not-init addrgenmode eui64 addr 08:00:27:38:F5:9D driver e1000 rx:0,0 tx:0,0
Jun 16 07:33:32 localhost NetworkManager[1308]: <debug> [1655364812.2376] platform: kernel-support for EXTENDED_IFA_FLAGS (IPv6 temporary addresses support) detected: supported
Jun 16 07:33:32 localhost NetworkManager[1308]: <debug> [1655364812.2376] platform: (lo) signal: address 4   added: 127.0.0.1/8 lft forever pref forever lifetime 1-0[4294967295,4294967295] dev 1 flags permanent src kernel
Jun 16 07:33:32 localhost NetworkManager[1308]: <debug> [1655364812.2376] platform: (lo) signal: address 6   added: ::1/128 lft forever pref forever lifetime 1-0[4294967295,4294967295] dev 1 flags permanent src kernel
Jun 16 07:33:32 localhost NetworkManager[1308]: <debug> [1655364812.2376] platform: kernel-support for FRA_PROTOCOL (FRA_PROTOCOL attribute for policy routing rules) detected: not supported
Jun 16 07:33:32 localhost NetworkManager[1308]: <debug> [1655364812.2376] platform: kernel-support for FRA_UID_RANGE (FRA_UID_RANGE attribute for policy routing rules) not detected: assume not supported
Jun 16 07:33:32 localhost NetworkManager[1308]: <debug> [1655364812.2377] platform: kernel-support for FRA_L3MDEV (FRA_L3MDEV attribute for policy routing rules) not detected: assume not supported
Jun 16 07:33:32 localhost NetworkManager[1308]: <debug> [1655364812.2377] platform: kernel-support for FRA_IP_PROTO (FRA_IP_PROTO, FRA_SPORT_RANGE, FRA_DPORT_RANGE attributes for policy routing rules) not detected: assume not supported
Jun 16 07:33:32 localhost NetworkManager[1308]: <debug> [1655364812.2377] platform: signal: rt-rule   added: [4] 0: from all lookup 255
Jun 16 07:33:32 localhost NetworkManager[1308]: <debug> [1655364812.2377] platform: signal: rt-rule   added: [4] 32766: from all lookup 254
Jun 16 07:33:32 localhost NetworkManager[1308]: <debug> [1655364812.2377] platform: signal: rt-rule   added: [4] 32767: from all lookup 253
Jun 16 07:33:32 localhost NetworkManager[1308]: <debug> [1655364812.2377] platform: signal: rt-rule   added: [6] 0: from all lookup 255
Jun 16 07:33:32 localhost NetworkManager[1308]: <debug> [1655364812.2377] platform: signal: rt-rule   added: [6] 32766: from all lookup 254
Jun 16 07:33:32 localhost NetworkManager[1308]: <debug> [1655364812.2405] platform: (lo) signal: qdisc   added: noqueue dev 1 family 0 handle 0 parent ffffffff info 2
Jun 16 07:33:32 localhost NetworkManager[1308]: <debug> [1655364812.2411] platform: (eth0) signal: link changed: 2: eth0 <DOWN;broadcast,multicast> mtu 1500 arp 1 ethernet? init addrgenmode eui64 addr 08:00:27:08:2A:49 driver e1000 rx:0,0 tx:0,0
Jun 16 07:33:32 localhost NetworkManager[1308]: <debug> [1655364812.2412] platform: (eth1) signal: link changed: 3: eth1 <DOWN;broadcast,multicast> mtu 1500 arp 1 ethernet? init addrgenmode eui64 addr 08:00:27:38:F5:9D driver e1000 rx:0,0 tx:0,0
Jun 16 07:33:32 localhost NetworkManager[1308]: <debug> [1655364812.2413] platform: (lo) signal: link changed: 1: lo <UP,LOWER_UP;loopback,up,running,lowerup> mtu 65536 arp 772 loopback? init addrgenmode eui64 addr 00:00:00:00:00:00 driver unknown rx:6,416 tx:6,416
Jun 16 07:33:32 localhost NetworkManager[1308]: <debug> [1655364812.2413] setup NMPlatform singleton (0x5567059570f0, NMLinuxPlatform)
Jun 16 07:33:32 localhost NetworkManager[1308]: <debug> [1655364812.2414] rules-manager: routing-rule: track [e09d8d3a9e3564ed,0] "[4] 0: from all lookup 255 protocol 2")
Jun 16 07:33:32 localhost NetworkManager[1308]: <debug> [1655364812.2414] rules-manager: routing-rule: track [e09d8d3a9e3564ed,0] "[4] 32766: from all lookup 254 protocol 2")
Jun 16 07:33:32 localhost NetworkManager[1308]: <debug> [1655364812.2414] rules-manager: routing-rule: track [e09d8d3a9e3564ed,0] "[4] 32767: from all lookup 253 protocol 2")
Jun 16 07:33:32 localhost NetworkManager[1308]: <debug> [1655364812.2414] rules-manager: routing-rule: track [e09d8d3a9e3564ed,0] "[6] 0: from all lookup 255 protocol 2")
Jun 16 07:33:32 localhost NetworkManager[1308]: <debug> [1655364812.2414] rules-manager: routing-rule: track [e09d8d3a9e3564ed,0] "[6] 32766: from all lookup 254 protocol 2")
Jun 16 07:33:32 localhost NetworkManager[1308]: <debug> [1655364812.2414] rules-manager: routing-rule: track [6f958ee74cc8e06a,0] "[4] 0: from all lookup 255")
Jun 16 07:33:32 localhost NetworkManager[1308]: <debug> [1655364812.2414] rules-manager: routing-rule: track [6f958ee74cc8e06a,0] "[4] 32766: from all lookup 254")
Jun 16 07:33:32 localhost NetworkManager[1308]: <debug> [1655364812.2414] rules-manager: routing-rule: track [6f958ee74cc8e06a,0] "[4] 32767: from all lookup 253")
Jun 16 07:33:32 localhost NetworkManager[1308]: <debug> [1655364812.2414] rules-manager: routing-rule: track [6f958ee74cc8e06a,0] "[6] 0: from all lookup 255")
Jun 16 07:33:32 localhost NetworkManager[1308]: <debug> [1655364812.2414] rules-manager: routing-rule: track [6f958ee74cc8e06a,0] "[6] 32766: from all lookup 254")
Jun 16 07:33:32 localhost NetworkManager[1308]: <debug> [1655364812.2414] create NMNetns singleton (0x556705962490)
Jun 16 07:33:32 localhost NetworkManager[1308]: <debug> [1655364812.2414] auth[0x55670594d8a0]: create auth-manager: polkit enabled
Jun 16 07:33:32 localhost NetworkManager[1308]: <debug> [1655364812.2477] auth[0x55670594d8a0]: set instance
Jun 16 07:33:32 localhost NetworkManager[1308]: <debug> [1655364812.2477] setup NMAuthManager singleton (0x55670594d8a0)
Jun 16 07:33:32 localhost NetworkManager[1308]: <debug> [1655364812.2477] create NMDBusManager singleton (0x556705963810)
Jun 16 07:33:32 localhost systemd[1]: Started Network Manager.
Jun 16 07:33:32 localhost systemd[1]: Reached target Network.
Jun 16 07:33:32 localhost systemd[1]: Starting Network Manager Wait Online...
Jun 16 07:33:32 localhost NetworkManager[1308]: <info>  [1655364812.2591] bus-manager: acquired D-Bus service "org.freedesktop.NetworkManager"
Jun 16 07:33:32 localhost systemd[1]: Cannot add dependency job for unit rhel-autorelabel-mark.service, ignoring: Unit is masked.
Jun 16 07:33:32 localhost NetworkManager[1308]: <info>  [1655364812.2600] manager[0x556705974030]: monitoring kernel firmware directory '/lib/firmware'.
Jun 16 07:33:32 localhost systemd[1]: Cannot add dependency job for unit rhel-loadmodules.service, ignoring: Unit is masked.
Jun 16 07:33:32 localhost NetworkManager[1308]: <debug> [1655364812.2607] session-monitor: using systemd-logind session tracking
Jun 16 07:33:32 localhost systemd[1]: Cannot add dependency job for unit rhel-autorelabel.service, ignoring: Unit is masked.
Jun 16 07:33:32 localhost NetworkManager[1308]: <debug> [1655364812.2607] create NMSessionMonitor singleton (0x55670596dac0)
Jun 16 07:33:32 localhost systemd[1]: Cannot add dependency job for unit systemd-tmpfiles-clean.timer, ignoring: Unit is masked.
Jun 16 07:33:32 localhost NetworkManager[1308]: <debug> [1655364812.2607] create NMAgentManager singleton (0x556705964c10)
Jun 16 07:33:32 localhost systemd[1]: Starting Hostname Service...
Jun 16 07:33:32 localhost dbus[1323]: [system] Activating via systemd: service name='org.freedesktop.hostname1' unit='dbus-org.freedesktop.hostname1.service'
Jun 16 07:33:32 localhost dbus[1323]: [system] Successfully activated service 'org.freedesktop.hostname1'
Jun 16 07:33:32 localhost NetworkManager[1308]: <info>  [1655364812.4075] hostname: hostname: using hostnamed
Jun 16 07:33:32 localhost NetworkManager[1308]: <debug> [1655364812.4076] create NMHostnameManager singleton (0x55670594db20)
Jun 16 07:33:32 localhost NetworkManager[1308]: <debug> [1655364812.4077] create NMFirewallManager singleton (0x556705972280)
Jun 16 07:33:32 localhost NetworkManager[1308]: <info>  [1655364812.4081] dns-mgr[0x556705958220]: init: dns=default,systemd-resolved rc-manager=file
Jun 16 07:33:32 localhost NetworkManager[1308]: <debug> [1655364812.4082] create NMDnsManager singleton (0x556705958220)
Jun 16 07:33:32 localhost NetworkManager[1308]: <debug> [1655364812.4082] policy: hostname-mode: full
Jun 16 07:33:32 localhost NetworkManager[1308]: <debug> [1655364812.4083] manager: setup NMManager singleton (0x556705974030)
Jun 16 07:33:32 localhost NetworkManager[1308]: <debug> [1655364812.4111] create NMConnectivity singleton (0x7f2454004590)
Jun 16 07:33:32 localhost NetworkManager[1308]: <debug> [1655364812.4118] dispatcher: default script directory '/etc/NetworkManager/dispatcher.d' has scripts
Jun 16 07:33:32 localhost NetworkManager[1308]: <debug> [1655364812.4120] dispatcher: pre-up script directory '/etc/NetworkManager/dispatcher.d/pre-up.d' has no scripts
Jun 16 07:33:32 localhost NetworkManager[1308]: <debug> [1655364812.4124] dispatcher: pre-down script directory '/etc/NetworkManager/dispatcher.d/pre-down.d' has no scripts
Jun 16 07:33:32 localhost dbus[1323]: [system] Activating via systemd: service name='org.freedesktop.nm_dispatcher' unit='dbus-org.freedesktop.nm-dispatcher.service'
Jun 16 07:33:32 localhost systemd[1]: Started Hostname Service.
Jun 16 07:33:32 localhost systemd[1]: Cannot add dependency job for unit rhel-autorelabel-mark.service, ignoring: Unit is masked.
Jun 16 07:33:32 localhost systemd[1]: Cannot add dependency job for unit rhel-loadmodules.service, ignoring: Unit is masked.
Jun 16 07:33:32 localhost systemd[1]: Cannot add dependency job for unit rhel-autorelabel.service, ignoring: Unit is masked.
Jun 16 07:33:32 localhost systemd[1]: Cannot add dependency job for unit systemd-tmpfiles-clean.timer, ignoring: Unit is masked.
Jun 16 07:33:32 localhost systemd[1]: Starting Network Manager Script Dispatcher Service...
Jun 16 07:33:32 localhost dbus[1323]: [system] Successfully activated service 'org.freedesktop.nm_dispatcher'
Jun 16 07:33:32 localhost systemd[1]: Started Network Manager Script Dispatcher Service.
Jun 16 07:33:32 localhost NetworkManager[1308]: <debug> [1655364812.5352] create SettingsPluginIfcfg singleton (0x556705987f60)
Jun 16 07:33:32 localhost NetworkManager[1308]: <info>  [1655364812.5352] settings: Loaded settings plugin: SettingsPluginIfcfg ("/usr/lib64/NetworkManager/1.18.8-1.el7/libnm-settings-plugin-ifcfg-rh.so")
Jun 16 07:33:32 localhost NetworkManager[1308]: <info>  [1655364812.5352] settings: Loaded settings plugin: NMSKeyfilePlugin (internal)
Jun 16 07:33:32 localhost NetworkManager[1308]: <debug> [1655364812.5354] ifcfg-rh: loading from file "/etc/sysconfig/network-scripts/ifcfg-lo"...
Jun 16 07:33:32 localhost NetworkManager[1308]: <debug> [1655364812.5369] ifcfg-rh: loading "/etc/sysconfig/network-scripts/ifcfg-lo" fails: Ignoring loopback device config.
Jun 16 07:33:32 localhost NetworkManager[1308]: <debug> [1655364812.5369] keyfile: cannot read directory '/var/run/NetworkManager/system-connections': Error opening directory â€œ/var/run/NetworkManager/system-connectionsâ€: No such file or directory
Jun 16 07:33:32 localhost NetworkManager[1308]: <info>  [1655364812.5378] manager: rfkill: Wi-Fi enabled by radio killswitch; enabled by state file
Jun 16 07:33:32 localhost NetworkManager[1308]: <info>  [1655364812.5379] manager: rfkill: WWAN enabled by radio killswitch; enabled by state file
Jun 16 07:33:32 localhost NetworkManager[1308]: <info>  [1655364812.5379] manager: Networking is enabled by state file
Jun 16 07:33:32 localhost NetworkManager[1308]: <debug> [1655364812.5379] dispatcher: (1) dispatching action 'hostname'
Jun 16 07:33:32 localhost nm-dispatcher[1338]: req:1 'hostname': new request (4 scripts)
Jun 16 07:33:32 localhost nm-dispatcher[1338]: req:1 'hostname': environment: PATH=/usr/local/sbin:/usr/local/bin:/usr/sbin:/usr/bin
Jun 16 07:33:32 localhost nm-dispatcher[1338]: req:1 'hostname': environment: NM_DISPATCHER_ACTION=hostname
Jun 16 07:33:32 localhost nm-dispatcher[1338]: req:1 'hostname': start running ordered scripts...
Jun 16 07:33:32 localhost nm-dispatcher[1338]: req:1 'hostname', "/etc/NetworkManager/dispatcher.d/00-netreport": run script
Jun 16 07:33:32 localhost NetworkManager[1308]: <debug> [1655364812.5585] dhcp-init: enabled DHCP client 'dhclient' (NMDhcpDhclient)
Jun 16 07:33:32 localhost NetworkManager[1308]: <debug> [1655364812.5585] dhcp-init: enabled DHCP client 'internal' (NMDhcpSystemd)
Jun 16 07:33:32 localhost NetworkManager[1308]: <info>  [1655364812.5585] dhcp-init: Using DHCP client 'dhclient'
Jun 16 07:33:32 localhost NetworkManager[1308]: <debug> [1655364812.5585] create NMDhcpManager singleton (0x55670598aec0)
Jun 16 07:33:32 localhost NetworkManager[1308]: <debug> [1655364812.5593] Loaded device plugin: NM6LowpanDeviceFactory (internal)
Jun 16 07:33:32 localhost NetworkManager[1308]: <debug> [1655364812.5594] Loaded device plugin: NMBondDeviceFactory (internal)
Jun 16 07:33:32 localhost NetworkManager[1308]: <debug> [1655364812.5594] Loaded device plugin: NMBridgeDeviceFactory (internal)
Jun 16 07:33:32 localhost kernel: IPv6: ADDRCONF(NETDEV_UP): eth0: link is not ready
Jun 16 07:33:32 localhost kernel: e1000: eth0 NIC Link is Up 1000 Mbps Full Duplex, Flow Control: RX
Jun 16 07:33:32 localhost kernel: IPv6: ADDRCONF(NETDEV_UP): eth0: link is not ready
Jun 16 07:33:32 localhost kernel: 8021q: adding VLAN 0 to HW filter on device eth0
Jun 16 07:33:32 localhost kernel: IPv6: ADDRCONF(NETDEV_CHANGE): eth0: link becomes ready
Jun 16 07:33:32 localhost NetworkManager[1308]: <debug> [1655364812.5594] Loaded device plugin: NMDummyDeviceFactory (internal)
Jun 16 07:33:32 localhost NetworkManager[1308]: <debug> [1655364812.5594] Loaded device plugin: NMEthernetDeviceFactory (internal)
Jun 16 07:33:32 localhost NetworkManager[1308]: <debug> [1655364812.5594] Loaded device plugin: NMInfinibandDeviceFactory (internal)
Jun 16 07:33:32 localhost NetworkManager[1308]: <debug> [1655364812.5594] Loaded device plugin: NMIPTunnelDeviceFactory (internal)
Jun 16 07:33:32 localhost NetworkManager[1308]: <debug> [1655364812.5594] Loaded device plugin: NMMacsecDeviceFactory (internal)
Jun 16 07:33:32 localhost NetworkManager[1308]: <debug> [1655364812.5594] Loaded device plugin: NMMacvlanDeviceFactory (internal)
Jun 16 07:33:32 localhost NetworkManager[1308]: <debug> [1655364812.5594] Loaded device plugin: NMPppDeviceFactory (internal)
Jun 16 07:33:32 localhost NetworkManager[1308]: <debug> [1655364812.5594] Loaded device plugin: NMTunDeviceFactory (internal)
Jun 16 07:33:32 localhost NetworkManager[1308]: <debug> [1655364812.5594] Loaded device plugin: NMVethDeviceFactory (internal)
Jun 16 07:33:32 localhost NetworkManager[1308]: <debug> [1655364812.5595] Loaded device plugin: NMVlanDeviceFactory (internal)
Jun 16 07:33:32 localhost NetworkManager[1308]: <debug> [1655364812.5595] Loaded device plugin: NMVxlanDeviceFactory (internal)
Jun 16 07:33:32 localhost NetworkManager[1308]: <debug> [1655364812.5595] Loaded device plugin: NMWireGuardDeviceFactory (internal)
Jun 16 07:33:32 localhost NetworkManager[1308]: <debug> [1655364812.5595] Loaded device plugin: NMWpanDeviceFactory (internal)
Jun 16 07:33:32 localhost NetworkManager[1308]: <info>  [1655364812.6175] Loaded device plugin: NMTeamFactory (/usr/lib64/NetworkManager/1.18.8-1.el7/libnm-device-plugin-team.so)
Jun 16 07:33:32 localhost NetworkManager[1308]: <info>  [1655364812.6730] Loaded device plugin: NMWifiFactory (/usr/lib64/NetworkManager/1.18.8-1.el7/libnm-device-plugin-wifi.so)
Jun 16 07:33:32 localhost NetworkManager[1308]: <debug> [1655364812.6732] device[0x5567059668d0] (lo): unmanaged: flags set to [platform-init,by-default=0x110/0x110/unmanaged/unrealized], set-unmanaged [by-default=0x100])
Jun 16 07:33:32 localhost NetworkManager[1308]: <debug> [1655364812.6734] device[0x5567059668d0] (lo): constructed (NMDeviceGeneric)
Jun 16 07:33:32 localhost NetworkManager[1308]: <debug> [1655364812.6734] device[0x5567059668d0] (lo): start setup of NMDeviceGeneric, kernel ifindex 1
Jun 16 07:33:32 localhost NetworkManager[1308]: <debug> [1655364812.6734] device[0x5567059668d0] (lo): assume-state: set guess-assume=1, connection=(null)
Jun 16 07:33:32 localhost NetworkManager[1308]: <debug> [1655364812.6734] platform-linux: error reading net:/sys/class/net/lo/phys_port_id: error reading 4096 bytes from file descriptor: Operation not supported
Jun 16 07:33:32 localhost NetworkManager[1308]: <debug> [1655364812.6735] platform-linux: sysctl: reading 'net:/sys/class/net/lo/dev_id': '0x0'
Jun 16 07:33:32 localhost NetworkManager[1308]: <debug> [1655364812.6735] platform-linux: error reading net:/sys/class/net/lo/device/sriov_totalvfs: Failed to open file "device/sriov_totalvfs" with openat: No such file or directory
Jun 16 07:33:32 localhost NetworkManager[1308]: <debug> [1655364812.6735] device[0x5567059668d0] (lo): hw-addr: hardware address now 00:00:00:00:00:00
Jun 16 07:33:32 localhost kernel: IPv6: ADDRCONF(NETDEV_UP): eth1: link is not ready
Jun 16 07:33:32 localhost NetworkManager[1308]: <debug> [1655364812.6735] device[0x5567059668d0] (lo): hw-addr: update initial MAC address 00:00:00:00:00:00
Jun 16 07:33:32 localhost NetworkManager[1308]: <debug> [1655364812.6735] device[0x5567059668d0] (lo): hw-addr: unable to read permanent MAC address (use current: 00:00:00:00:00:00)
Jun 16 07:33:32 localhost NetworkManager[1308]: <info>  [1655364812.6736] device (lo): carrier: link connected
Jun 16 07:33:32 localhost NetworkManager[1308]: <debug> [1655364812.6736] device[0x5567059668d0] (lo): unmanaged: flags set to [platform-init,by-default,!external-down=0x110/0x910/unmanaged/unrealized], set-managed [external-down=0x800])
Jun 16 07:33:32 localhost NetworkManager[1308]: <debug> [1655364812.6736] device[0x5567059668d0] (lo): unmanaged: flags set to [by-type,platform-init,by-default,!external-down=0x118/0x918/unmanaged/unrealized], set-unmanaged [by-type=0x8])
Jun 16 07:33:32 localhost NetworkManager[1308]: <debug> [1655364812.6736] device[0x5567059668d0] (lo): unmanaged: flags set to [by-type,platform-init,by-default,!user-settings,!external-down=0x118/0x958/unmanaged/unrealized], set-managed [user-settings=0x40])
Jun 16 07:33:32 localhost NetworkManager[1308]: <debug> [1655364812.6736] device[0x5567059668d0] (lo): unmanaged: flags set to [by-type,by-default,!platform-init,!user-settings,!external-down=0x108/0x958/unmanaged/unrealized], set-managed [platform-init=0x10])
Jun 16 07:33:32 localhost kernel: IPv6: ADDRCONF(NETDEV_UP): eth1: link is not ready
Jun 16 07:33:32 localhost kernel: 8021q: adding VLAN 0 to HW filter on device eth1
Jun 16 07:33:32 localhost kernel: e1000: eth1 NIC Link is Up 1000 Mbps Full Duplex, Flow Control: RX
Jun 16 07:33:32 localhost NetworkManager[1308]: <debug> [1655364812.6736] device[0x5567059668d0] (lo): unmanaged: flags set to [by-type,by-default,!sleeping,!platform-init,!user-settings,!external-down=0x108/0x959/unmanaged/unrealized], set-managed [sleeping=0x1])
Jun 16 07:33:32 localhost NetworkManager[1308]: <info>  [1655364812.6755] manager: (lo): new Generic device (/org/freedesktop/NetworkManager/Devices/1)
Jun 16 07:33:32 localhost NetworkManager[1308]: <debug> [1655364812.6779] device[0x5567059668d0] (lo): assume-state: set guess-assume=0, connection=(null)
Jun 16 07:33:32 localhost NetworkManager[1308]: <debug> [1655364812.6780] device[0x55670599f670] (eth0): constructed (NMDeviceEthernet)
Jun 16 07:33:32 localhost NetworkManager[1308]: <debug> [1655364812.6780] device[0x55670599f670] (eth0): start setup of NMDeviceEthernet, kernel ifindex 2
Jun 16 07:33:32 localhost NetworkManager[1308]: <debug> [1655364812.6780] device[0x55670599f670] (eth0): assume-state: set guess-assume=1, connection=(null)
Jun 16 07:33:32 localhost NetworkManager[1308]: <debug> [1655364812.6780] platform-linux: error reading net:/sys/class/net/eth0/phys_port_id: error reading 4096 bytes from file descriptor: Operation not supported
Jun 16 07:33:32 localhost kernel: IPv6: ADDRCONF(NETDEV_CHANGE): eth1: link becomes ready
Jun 16 07:33:32 localhost NetworkManager[1308]: <debug> [1655364812.6781] platform-linux: sysctl: reading 'net:/sys/class/net/eth0/dev_id': '0x0'
Jun 16 07:33:32 localhost NetworkManager[1308]: <debug> [1655364812.6781] platform-linux: error reading net:/sys/class/net/eth0/device/sriov_totalvfs: Failed to open file "device/sriov_totalvfs" with openat: No such file or directory
Jun 16 07:33:32 localhost NetworkManager[1308]: <debug> [1655364812.6781] device[0x55670599f670] (eth0): hw-addr: hardware address now 08:00:27:08:2A:49
Jun 16 07:33:32 localhost NetworkManager[1308]: <debug> [1655364812.6781] device[0x55670599f670] (eth0): hw-addr: update initial MAC address 08:00:27:08:2A:49
Jun 16 07:33:32 localhost NetworkManager[1308]: <debug> [1655364812.6796] device[0x55670599f670] (eth0): hw-addr: read permanent MAC address '08:00:27:08:2A:49'
Jun 16 07:33:32 localhost NetworkManager[1308]: <debug> [1655364812.6797] device[0x55670599f670] (eth0): unmanaged: flags set to [platform-init,!by-type=0x10/0x18/unmanaged/unrealized], set-managed [by-type=0x8])
Jun 16 07:33:32 localhost NetworkManager[1308]: <debug> [1655364812.6797] device[0x55670599f670] (eth0): unmanaged: flags set to [platform-init,!by-type,!user-settings=0x10/0x58/unmanaged/unrealized], set-managed [user-settings=0x40])
Jun 16 07:33:32 localhost NetworkManager[1308]: <debug> [1655364812.6797] device[0x55670599f670] (eth0): unmanaged: flags set to [!by-type,!platform-init,!user-settings=0x0/0x58/managed/unrealized], set-managed [platform-init=0x10])
Jun 16 07:33:32 localhost systemd[1]: Cannot add dependency job for unit rhel-autorelabel-mark.service, ignoring: Unit is masked.
Jun 16 07:33:32 localhost NetworkManager[1308]: <debug> [1655364812.6797] device[0x55670599f670] (eth0): unmanaged: flags set to [!sleeping,!by-type,!platform-init,!user-settings=0x0/0x59/managed/unrealized], set-managed [sleeping=0x1])
Jun 16 07:33:32 localhost systemd[1]: Cannot add dependency job for unit rhel-loadmodules.service, ignoring: Unit is masked.
Jun 16 07:33:32 localhost NetworkManager[1308]: <info>  [1655364812.6802] manager: (eth0): new Ethernet device (/org/freedesktop/NetworkManager/Devices/2)
Jun 16 07:33:32 localhost systemd[1]: Cannot add dependency job for unit rhel-autorelabel.service, ignoring: Unit is masked.
Jun 16 07:33:32 localhost NetworkManager[1308]: <debug> [1655364812.6823] device[0x55670599f670] (eth0): ip4-config: update (commit=0, new-config=0x55670597e260)
Jun 16 07:33:32 localhost systemd[1]: Cannot add dependency job for unit systemd-tmpfiles-clean.timer, ignoring: Unit is masked.
Jun 16 07:33:32 localhost NetworkManager[1308]: <debug> [1655364812.6825] device[0x55670599f670] (eth0): ip4-config: set IP Config instance (/org/freedesktop/NetworkManager/IP4Config/1)
Jun 16 07:33:32 localhost systemd[1]: Starting Authorization Manager...
Jun 16 07:33:32 localhost NetworkManager[1308]: <debug> [1655364812.6832] dns-mgr: (device_ip_config_changed): queueing DNS updates (1)
Jun 16 07:33:32 localhost systemd[1]: Started Network Manager Wait Online.
Jun 16 07:33:32 localhost NetworkManager[1308]: <debug> [1655364812.6832] dns-mgr: (device_ip_config_changed): DNS configuration did not change
Jun 16 07:33:32 localhost systemd[1]: Reached target Network is Online.
Jun 16 07:33:32 localhost NetworkManager[1308]: <debug> [1655364812.6832] dns-mgr: (device_ip_config_changed): no DNS changes to commit (0)
Jun 16 07:33:32 localhost systemd[1]: Starting System Logging Service...
Jun 16 07:33:32 localhost NetworkManager[1308]: <debug> [1655364812.6833] device[0x55670599f670] (eth0): ip6-config: update (commit=0, new-config=0x5567059573f0)
Jun 16 07:33:32 localhost NetworkManager[1308]: <debug> [1655364812.6842] device[0x55670599f670] (eth0): ip6-config: set IP Config instance (/org/freedesktop/NetworkManager/IP6Config/1)
Jun 16 07:33:32 localhost NetworkManager[1308]: <debug> [1655364812.6845] dns-mgr: (device_ip_config_changed): queueing DNS updates (1)
Jun 16 07:33:32 localhost NetworkManager[1308]: <debug> [1655364812.6845] dns-mgr: (device_ip_config_changed): DNS configuration did not change
Jun 16 07:33:32 localhost NetworkManager[1308]: <debug> [1655364812.6845] dns-mgr: (device_ip_config_changed): no DNS changes to commit (0)
Jun 16 07:33:32 localhost NetworkManager[1308]: <debug> [1655364812.6845] device[0x55670599f670] (eth0): assume-state: set guess-assume=0, connection=(null)
Jun 16 07:33:32 localhost NetworkManager[1308]: <debug> [1655364812.6845] manager: (eth0): assume: cannot generate connection: device has no existing configuration
Jun 16 07:33:32 localhost NetworkManager[1308]: <info>  [1655364812.6845] device (eth0): state change: unmanaged -> unavailable (reason 'managed', sys-iface-state: 'external')
Jun 16 07:33:32 localhost NetworkManager[1308]: <debug> [1655364812.6846] platform-linux: sysctl: reading '/proc/sys/net/ipv6/conf/eth0/accept_ra': '1'
Jun 16 07:33:32 localhost NetworkManager[1308]: <debug> [1655364812.6846] platform-linux: sysctl: reading '/proc/sys/net/ipv6/conf/eth0/accept_ra_defrtr': '1'
Jun 16 07:33:32 localhost NetworkManager[1308]: <debug> [1655364812.6847] platform-linux: sysctl: reading '/proc/sys/net/ipv6/conf/eth0/accept_ra_pinfo': '1'
Jun 16 07:33:32 localhost NetworkManager[1308]: <debug> [1655364812.6847] platform-linux: sysctl: reading '/proc/sys/net/ipv6/conf/eth0/accept_ra_rtr_pref': '1'
Jun 16 07:33:32 localhost NetworkManager[1308]: <debug> [1655364812.6847] platform-linux: sysctl: reading '/proc/sys/net/ipv6/conf/eth0/forwarding': '0'
Jun 16 07:33:32 localhost NetworkManager[1308]: <debug> [1655364812.6847] platform-linux: sysctl: reading '/proc/sys/net/ipv6/conf/eth0/disable_ipv6': '0'
Jun 16 07:33:32 localhost NetworkManager[1308]: <debug> [1655364812.6847] platform-linux: sysctl: reading '/proc/sys/net/ipv6/conf/eth0/hop_limit': '64'
Jun 16 07:33:32 localhost NetworkManager[1308]: <debug> [1655364812.6847] platform-linux: sysctl: reading '/proc/sys/net/ipv6/conf/eth0/use_tempaddr': '0'
Jun 16 07:33:32 localhost NetworkManager[1308]: <debug> [1655364812.6847] device[0x55670599f670] (eth0): will enable userland IPv6LL
Jun 16 07:33:32 localhost NetworkManager[1308]: <debug> [1655364812.6847] platform-linux: link: change 2: user-ipv6ll: set IPv6 address generation mode to none
Jun 16 07:33:32 localhost NetworkManager[1308]: <debug> [1655364812.6847] platform-linux: do-request-link: 2
Jun 16 07:33:32 localhost NetworkManager[1308]: <debug> [1655364812.6848] platform: (eth0) signal: link changed: 2: eth0 <DOWN;broadcast,multicast> mtu 1500 arp 1 ethernet? init addrgenmode none addr 08:00:27:08:2A:49 driver e1000 rx:0,0 tx:0,0
Jun 16 07:33:32 localhost NetworkManager[1308]: <debug> [1655364812.6848] device[0x55670599f670] (eth0): queued link change for ifindex 2
Jun 16 07:33:32 localhost NetworkManager[1308]: <debug> [1655364812.6848] platform-linux: do-change-link[2]: success changing link: success
Jun 16 07:33:32 localhost NetworkManager[1308]: <debug> [1655364812.6848] platform-linux: sysctl: setting '/proc/sys/net/ipv6/conf/eth0/disable_ipv6' to '1' (current value is '0')
Jun 16 07:33:32 localhost NetworkManager[1308]: <debug> [1655364812.6849] platform-linux: sysctl: setting '/proc/sys/net/ipv6/conf/eth0/disable_ipv6' to '0' (current value is '1')
Jun 16 07:33:32 localhost NetworkManager[1308]: <debug> [1655364812.6849] platform-linux: sysctl: setting '/proc/sys/net/ipv6/conf/eth0/accept_ra_defrtr' to '0' (current value is '1')
Jun 16 07:33:32 localhost NetworkManager[1308]: <debug> [1655364812.6849] platform-linux: sysctl: setting '/proc/sys/net/ipv6/conf/eth0/accept_ra_pinfo' to '0' (current value is '1')
Jun 16 07:33:32 localhost NetworkManager[1308]: <debug> [1655364812.6849] platform-linux: sysctl: setting '/proc/sys/net/ipv6/conf/eth0/accept_ra_rtr_pref' to '0' (current value is '1')
Jun 16 07:33:32 localhost NetworkManager[1308]: <debug> [1655364812.6849] platform-linux: sysctl: setting '/proc/sys/net/ipv6/conf/eth0/use_tempaddr' to '0' (current value is identical)
Jun 16 07:33:32 localhost NetworkManager[1308]: <debug> [1655364812.6849] platform-linux: sysctl: setting '/proc/sys/net/ipv6/conf/eth0/forwarding' to '0' (current value is identical)
Jun 16 07:33:32 localhost NetworkManager[1308]: <debug> [1655364812.6850] device[0x55670599f670] (eth0): bringing up device 2
Jun 16 07:33:32 localhost NetworkManager[1308]: <debug> [1655364812.6863] platform: (eth0) link: setting up
Jun 16 07:33:32 localhost NetworkManager[1308]: <debug> [1655364812.6863] platform-linux: link: change 2: flags: set 0x1/0x1 ([up] / [up])
Jun 16 07:33:32 localhost NetworkManager[1308]: <debug> [1655364812.6938] platform-linux: do-request-link: 2
Jun 16 07:33:32 localhost NetworkManager[1308]: <debug> [1655364812.6938] platform: (eth0) signal: link changed: 2: eth0 <UP,LOWER_UP;broadcast,multicast,up,lowerup> mtu 1500 arp 1 ethernet? init addrgenmode none addr 08:00:27:08:2A:49 driver e1000 rx:0,0 tx:0,0
Jun 16 07:33:32 localhost NetworkManager[1308]: <debug> [1655364812.6938] platform: kernel-support for RTA_PREF (ability to set router preference for IPv6 routes) detected: supported
Jun 16 07:33:32 localhost NetworkManager[1308]: <debug> [1655364812.6938] platform: (eth0) signal: route   6   added: table 255 ff00::/8 via :: dev 2 metric 256 mss 0 rt-src rt-boot
Jun 16 07:33:32 localhost NetworkManager[1308]: <debug> [1655364812.6938] platform: (eth0) signal: link changed: 2: eth0 <UP,LOWER_UP;broadcast,multicast,up,running,lowerup> mtu 1500 arp 1 ethernet? init addrgenmode none addr 08:00:27:08:2A:49 driver e1000 rx:0,0 tx:0,0
Jun 16 07:33:32 localhost NetworkManager[1308]: <debug> [1655364812.6938] platform-linux: do-change-link[2]: success changing link: success
Jun 16 07:33:32 localhost NetworkManager[1308]: <info>  [1655364812.6944] device (eth0): carrier: link connected
Jun 16 07:33:32 localhost NetworkManager[1308]: <debug> [1655364812.6945] device[0x55670599f670] (eth0): speed is now 1000 Mb/s
Jun 16 07:33:32 localhost NetworkManager[1308]: <debug> [1655364812.6968] device[0x55670599f670] (eth0): add_pending_action (1): 'queued-state-change-disconnected'
Jun 16 07:33:32 localhost NetworkManager[1308]: <debug> [1655364812.6968] device[0x55670599f670] (eth0): queue-state[disconnected, reason:carrier-changed, id:31]: queue state change
Jun 16 07:33:32 localhost NetworkManager[1308]: <debug> [1655364812.6969] device[0x55670599f670] (eth0): preparing device
Jun 16 07:33:32 localhost NetworkManager[1308]: <debug> [1655364812.6969] device[0x55670599f670] (eth0): queue-state[disconnected, reason:carrier-changed, id:31]: clear queued state change
Jun 16 07:33:32 localhost NetworkManager[1308]: <debug> [1655364812.6969] device[0x55670599f670] (eth0): remove_pending_action (0): 'queued-state-change-disconnected'
Jun 16 07:33:32 localhost NetworkManager[1308]: <debug> [1655364812.6969] device[0x55670599f670] (eth0): clearing queued IP4 config change
Jun 16 07:33:32 localhost NetworkManager[1308]: <debug> [1655364812.6969] device[0x55670599f670] (eth0): clearing queued IP6 config change
Jun 16 07:33:32 localhost NetworkManager[1308]: <debug> [1655364812.6969] platform-linux: sysctl: setting '/proc/sys/net/ipv6/conf/eth0/accept_ra' to '0' (current value is '1')
Jun 16 07:33:32 localhost NetworkManager[1308]: <debug> [1655364812.6970] platform-linux: sysctl: setting '/proc/sys/net/ipv6/conf/eth0/use_tempaddr' to '0' (current value is identical)
Jun 16 07:33:32 localhost NetworkManager[1308]: <debug> [1655364812.6971] platform: (eth0) ip6-route: delete table 255 ff00::/8 via :: dev 2 metric 256 mss 0 rt-src rt-boot
Jun 16 07:33:32 localhost NetworkManager[1308]: <debug> [1655364812.6972] platform: (eth0) signal: route   6 removed: table 255 ff00::/8 via :: dev 2 metric 256 mss 0 rt-src rt-boot
Jun 16 07:33:32 localhost NetworkManager[1308]: <debug> [1655364812.6972] device[0x55670599f670] (eth0): queued IP6 config change
Jun 16 07:33:32 localhost NetworkManager[1308]: <debug> [1655364812.6972] platform-linux: do-delete-ip6-route[table 255 ff00::/8 via :: dev 2 metric 256 mss 0 rt-src rt-boot]: success
Jun 16 07:33:32 localhost NetworkManager[1308]: <debug> [1655364812.6972] rules-manager: sync
Jun 16 07:33:32 localhost NetworkManager[1308]: <debug> [1655364812.6972] device[0x55670599f670] (eth0): ip4-config: update (commit=1, new-config=(nil))
Jun 16 07:33:32 localhost NetworkManager[1308]: <debug> [1655364812.6972] device[0x55670599f670] (eth0): ip4-config: clear IP Config instance (/org/freedesktop/NetworkManager/IP4Config/1)
Jun 16 07:33:32 localhost NetworkManager[1308]: <debug> [1655364812.6975] dns-mgr: (device_ip_config_changed): queueing DNS updates (1)
Jun 16 07:33:32 localhost NetworkManager[1308]: <debug> [1655364812.6975] dns-mgr: (device_ip_config_changed): DNS configuration did not change
Jun 16 07:33:32 localhost NetworkManager[1308]: <debug> [1655364812.6975] dns-mgr: (device_ip_config_changed): no DNS changes to commit (0)
Jun 16 07:33:32 localhost NetworkManager[1308]: <debug> [1655364812.6978] device[0x55670599f670] (eth0): ip6-config: update (commit=1, new-config=(nil))
Jun 16 07:33:32 localhost NetworkManager[1308]: <debug> [1655364812.6978] device[0x55670599f670] (eth0): ip6-config: clear IP Config instance (/org/freedesktop/NetworkManager/IP6Config/1)
Jun 16 07:33:32 localhost NetworkManager[1308]: <debug> [1655364812.6981] dns-mgr: (device_ip_config_changed): queueing DNS updates (1)
Jun 16 07:33:32 localhost NetworkManager[1308]: <debug> [1655364812.6981] dns-mgr: (device_ip_config_changed): DNS configuration did not change
Jun 16 07:33:32 localhost NetworkManager[1308]: <debug> [1655364812.6981] dns-mgr: (device_ip_config_changed): no DNS changes to commit (0)
Jun 16 07:33:32 localhost NetworkManager[1308]: <debug> [1655364812.7002] device[0x55670599f670] (eth0): add_pending_action (1): 'recheck-available'
Jun 16 07:33:32 localhost NetworkManager[1308]: <debug> [1655364812.7020] device[0x55670599f670] (eth0): connectivity state changed from UNKNOWN to NONE
Jun 16 07:33:32 localhost NetworkManager[1308]: <debug> [1655364812.7022] manager: connectivity checking indicates NONE
Jun 16 07:33:32 localhost NetworkManager[1308]: <debug> [1655364812.7024] dispatcher: (2) dispatching action 'connectivity-change'
Jun 16 07:33:32 localhost nm-dispatcher[1338]: req:2 'connectivity-change': new request (4 scripts)
Jun 16 07:33:32 localhost nm-dispatcher[1338]: req:2 'connectivity-change': environment: CONNECTIVITY_STATE=NONE
Jun 16 07:33:32 localhost nm-dispatcher[1338]: req:2 'connectivity-change': environment: PATH=/usr/local/sbin:/usr/local/bin:/usr/sbin:/usr/bin
Jun 16 07:33:32 localhost nm-dispatcher[1338]: req:2 'connectivity-change': environment: NM_DISPATCHER_ACTION=connectivity-change
Jun 16 07:33:32 localhost NetworkManager[1308]: <debug> [1655364812.7028] device[0x55670599f670] (eth0): connectivity state changed from UNKNOWN to NONE
Jun 16 07:33:32 localhost NetworkManager[1308]: <debug> [1655364812.7039] device[0x5567059a7c50] (eth1): constructed (NMDeviceEthernet)
