07:33:13,630 INFO journal:Runtime journal is using 8.0M (max allowed 197.5M, trying to leave 296.2M free of 1.9G available → current limit 197.5M).
07:33:13,630 INFO kernel:Initializing cgroup subsys cpuset
07:33:13,630 INFO kernel:Initializing cgroup subsys cpu
07:33:13,630 INFO kernel:Initializing cgroup subsys cpuacct
07:33:13,630 NOTICE kernel:Linux version 3.10.0-1160.el7.x86_64 (mockbuild@kbuilder.bsys.centos.org) (gcc version 4.8.5 20150623 (Red Hat 4.8.5-44) (GCC) ) #1 SMP Mon Oct 19 16:18:59 UTC 2020
07:33:13,630 INFO kernel:Command line: initrd=initrd.img inst.stage2=hd:LABEL=Issabel\x204\x20x86_64 inst.geoloc=provider_fedora_geoip inst.geoloc-use-with-ks inst.ks=hd:LABEL=Issabel\x204\x20x86_64:/ks/issabel.ks net.ifnames=0 quiet BOOT_IMAGE=vmlinuz 
07:33:13,630 INFO kernel:e820: BIOS-provided physical RAM map:
07:33:13,630 INFO kernel:BIOS-e820: [mem 0x0000000000000000-0x000000000009fbff] usable
07:33:13,630 INFO kernel:BIOS-e820: [mem 0x000000000009fc00-0x000000000009ffff] reserved
07:33:13,630 INFO kernel:BIOS-e820: [mem 0x00000000000f0000-0x00000000000fffff] reserved
07:33:13,630 INFO kernel:BIOS-e820: [mem 0x0000000000100000-0x00000000dffeffff] usable
07:33:13,630 INFO kernel:BIOS-e820: [mem 0x00000000dfff0000-0x00000000dfffffff] ACPI data
07:33:13,630 INFO kernel:BIOS-e820: [mem 0x00000000fec00000-0x00000000fec00fff] reserved
07:33:13,630 INFO kernel:BIOS-e820: [mem 0x00000000fee00000-0x00000000fee00fff] reserved
07:33:13,630 INFO kernel:BIOS-e820: [mem 0x00000000fffc0000-0x00000000ffffffff] reserved
07:33:13,630 INFO kernel:BIOS-e820: [mem 0x0000000100000000-0x000000011fffffff] usable
07:33:13,630 INFO kernel:NX (Execute Disable) protection: active
07:33:13,630 INFO kernel:SMBIOS 2.5 present.
07:33:13,630 INFO kernel:DMI: innotek GmbH VirtualBox/VirtualBox, BIOS VirtualBox 12/01/2006
07:33:13,630 INFO kernel:Hypervisor detected: KVM
07:33:13,630 DEBUG kernel:e820: update [mem 0x00000000-0x00000fff] usable ==> reserved
07:33:13,630 DEBUG kernel:e820: remove [mem 0x000a0000-0x000fffff] usable
07:33:13,630 INFO kernel:e820: last_pfn = 0x120000 max_arch_pfn = 0x400000000
07:33:13,630 DEBUG kernel:MTRR default type: uncachable
07:33:13,630 DEBUG kernel:MTRR variable ranges disabled:
07:33:13,630 INFO kernel:PAT configuration [0-7]: WB  WC  UC- UC  WB  WP  UC- UC  
07:33:13,630 INFO kernel:CPU MTRRs all blank - virtualized system.
07:33:13,630 INFO kernel:e820: last_pfn = 0xdfff0 max_arch_pfn = 0x400000000
07:33:13,630 INFO kernel:found SMP MP-table at [mem 0x0009fff0-0x0009ffff] mapped at [ffffffffff200ff0]
07:33:13,630 DEBUG kernel:Base memory trampoline at [ffff94bf40099000] 99000 size 24576
07:33:13,630 DEBUG kernel:BRK [0x10da74000, 0x10da74fff] PGTABLE
07:33:13,630 DEBUG kernel:BRK [0x10da75000, 0x10da75fff] PGTABLE
07:33:13,630 DEBUG kernel:BRK [0x10da76000, 0x10da76fff] PGTABLE
07:33:13,630 DEBUG kernel:BRK [0x10da77000, 0x10da77fff] PGTABLE
07:33:13,630 DEBUG kernel:BRK [0x10da78000, 0x10da78fff] PGTABLE
07:33:13,630 DEBUG kernel:BRK [0x10da79000, 0x10da79fff] PGTABLE
07:33:13,630 DEBUG kernel:BRK [0x10da7a000, 0x10da7afff] PGTABLE
07:33:13,630 DEBUG kernel:BRK [0x10da7b000, 0x10da7bfff] PGTABLE
07:33:13,630 DEBUG kernel:BRK [0x10da7c000, 0x10da7cfff] PGTABLE
07:33:13,630 INFO kernel:RAMDISK: [mem 0x7cb6b000-0x7fffefff]
07:33:13,630 INFO kernel:Early table checksum verification disabled
07:33:13,630 WARNING kernel:ACPI: RSDP 00000000000e0000 00024 (v02 VBOX  )
07:33:13,630 WARNING kernel:ACPI: XSDT 00000000dfff0030 0003C (v01 VBOX   VBOXXSDT 00000001 ASL  00000061)
07:33:13,630 WARNING kernel:ACPI: FACP 00000000dfff00f0 000F4 (v04 VBOX   VBOXFACP 00000001 ASL  00000061)
07:33:13,630 WARNING kernel:ACPI: DSDT 00000000dfff0470 02325 (v02 VBOX   VBOXBIOS 00000002 INTL 20100528)
07:33:13,630 WARNING kernel:ACPI: FACS 00000000dfff0200 00040
07:33:13,630 WARNING kernel:ACPI: APIC 00000000dfff0240 00054 (v02 VBOX   VBOXAPIC 00000001 ASL  00000061)
07:33:13,630 WARNING kernel:ACPI: SSDT 00000000dfff02a0 001CC (v01 VBOX   VBOXCPUT 00000002 INTL 20100528)
07:33:13,630 DEBUG kernel:ACPI: Local APIC address 0xfee00000
07:33:13,630 INFO kernel:No NUMA configuration found
07:33:13,630 INFO kernel:Faking a node at [mem 0x0000000000000000-0x000000011fffffff]
07:33:13,631 INFO kernel:NODE_DATA(0) allocated [mem 0x11ffd9000-0x11fffffff]
07:33:13,631 INFO kernel:kvm-clock: cpu 0, msr 1:1ff88001, primary cpu clock
07:33:13,631 INFO kernel:kvm-clock: Using msrs 4b564d01 and 4b564d00
07:33:13,631 INFO kernel:kvm-clock: using sched offset of 5824701125 cycles
07:33:13,631 WARNING kernel:Zone ranges:
07:33:13,631 WARNING kernel:  DMA      [mem 0x00001000-0x00ffffff]
07:33:13,631 WARNING kernel:  DMA32    [mem 0x01000000-0xffffffff]
07:33:13,631 WARNING kernel:  Normal   [mem 0x100000000-0x11fffffff]
07:33:13,631 WARNING kernel:Movable zone start for each node
07:33:13,631 WARNING kernel:Early memory node ranges
07:33:13,631 WARNING kernel:  node   0: [mem 0x00001000-0x0009efff]
07:33:13,631 WARNING kernel:  node   0: [mem 0x00100000-0xdffeffff]
07:33:13,631 WARNING kernel:  node   0: [mem 0x100000000-0x11fffffff]
07:33:13,631 INFO kernel:Initmem setup node 0 [mem 0x00001000-0x11fffffff]
07:33:13,631 DEBUG kernel:On node 0 totalpages: 1048462
07:33:13,631 DEBUG kernel:  DMA zone: 64 pages used for memmap
07:33:13,631 DEBUG kernel:  DMA zone: 21 pages reserved
07:33:13,631 DEBUG kernel:  DMA zone: 3998 pages, LIFO batch:0
07:33:13,631 DEBUG kernel:  DMA32 zone: 14272 pages used for memmap
07:33:13,631 DEBUG kernel:  DMA32 zone: 913392 pages, LIFO batch:31
07:33:13,631 DEBUG kernel:  Normal zone: 2048 pages used for memmap
07:33:13,631 DEBUG kernel:  Normal zone: 131072 pages, LIFO batch:31
07:33:13,631 INFO kernel:ACPI: PM-Timer IO Port: 0x4008
07:33:13,631 DEBUG kernel:ACPI: Local APIC address 0xfee00000
07:33:13,631 INFO kernel:ACPI: LAPIC (acpi_id[0x00] lapic_id[0x00] enabled)
07:33:13,631 INFO kernel:ACPI: IOAPIC (id[0x01] address[0xfec00000] gsi_base[0])
07:33:13,631 INFO kernel:IOAPIC[0]: apic_id 1, version 32, address 0xfec00000, GSI 0-23
07:33:13,631 INFO kernel:ACPI: INT_SRC_OVR (bus 0 bus_irq 0 global_irq 2 dfl dfl)
07:33:13,631 INFO kernel:ACPI: INT_SRC_OVR (bus 0 bus_irq 9 global_irq 9 low level)
07:33:13,631 DEBUG kernel:ACPI: IRQ0 used by override.
07:33:13,631 DEBUG kernel:ACPI: IRQ9 used by override.
07:33:13,631 INFO kernel:Using ACPI (MADT) for SMP configuration information
07:33:13,631 INFO kernel:smpboot: Allowing 1 CPUs, 0 hotplug CPUs
07:33:13,631 INFO kernel:PM: Registered nosave memory: [mem 0x0009f000-0x0009ffff]
07:33:13,631 INFO kernel:PM: Registered nosave memory: [mem 0x000a0000-0x000effff]
07:33:13,631 INFO kernel:PM: Registered nosave memory: [mem 0x000f0000-0x000fffff]
07:33:13,631 INFO kernel:PM: Registered nosave memory: [mem 0xdfff0000-0xdfffffff]
07:33:13,631 INFO kernel:PM: Registered nosave memory: [mem 0xe0000000-0xfebfffff]
07:33:13,631 INFO kernel:PM: Registered nosave memory: [mem 0xfec00000-0xfec00fff]
07:33:13,631 INFO kernel:PM: Registered nosave memory: [mem 0xfec01000-0xfedfffff]
07:33:13,631 INFO kernel:PM: Registered nosave memory: [mem 0xfee00000-0xfee00fff]
07:33:13,631 INFO kernel:PM: Registered nosave memory: [mem 0xfee01000-0xfffbffff]
07:33:13,631 INFO kernel:PM: Registered nosave memory: [mem 0xfffc0000-0xffffffff]
07:33:13,631 INFO kernel:e820: [mem 0xe0000000-0xfebfffff] available for PCI devices
07:33:13,631 INFO kernel:Booting paravirtualized kernel on KVM
07:33:13,631 CRIT kernel:Detected CPU family 6 model 140 stepping 1
07:33:13,631 CRIT kernel:Warning: Intel Processor - this hardware has not undergone upstream testing. Please consult http://wiki.centos.org/FAQ for more information
07:33:13,631 INFO kernel:setup_percpu: NR_CPUS:5120 nr_cpumask_bits:1 nr_cpu_ids:1 nr_node_ids:1
07:33:13,631 INFO kernel:percpu: Embedded 38 pages/cpu s118784 r8192 d28672 u2097152
07:33:13,631 DEBUG kernel:pcpu-alloc: s118784 r8192 d28672 u2097152 alloc=1*2097152
07:33:13,631 DEBUG kernel:pcpu-alloc: [0] 0 
07:33:13,631 WARNING kernel:Built 1 zonelists in Node order, mobility grouping on.  Total pages: 1032057
07:33:13,631 WARNING kernel:Policy zone: Normal
07:33:13,631 NOTICE kernel:Kernel command line: initrd=initrd.img inst.stage2=hd:LABEL=Issabel\x204\x20x86_64 inst.geoloc=provider_fedora_geoip inst.geoloc-use-with-ks inst.ks=hd:LABEL=Issabel\x204\x20x86_64:/ks/issabel.ks net.ifnames=0 quiet BOOT_IMAGE=vmlinuz 
07:33:13,631 INFO kernel:PID hash table entries: 4096 (order: 3, 32768 bytes)
07:33:13,631 INFO kernel:x86/fpu: xstate_offset[2]: 0240, xstate_sizes[2]: 0100
07:33:13,631 INFO kernel:xsave: enabled xstate_bv 0x7, cntxt size 0x340 using standard form
07:33:13,631 INFO kernel:Memory: 3988504k/4718592k available (7788k kernel code, 524744k absent, 205344k reserved, 5954k data, 1984k init)
07:33:13,631 INFO kernel:SLUB: HWalign=64, Order=0-3, MinObjects=0, CPUs=1, Nodes=1
07:33:13,631 INFO kernel:Hierarchical RCU implementation.
07:33:13,631 INFO kernel:#011RCU restricting CPUs from NR_CPUS=5120 to nr_cpu_ids=1.
07:33:13,631 INFO kernel:NR_IRQS:327936 nr_irqs:256 0
07:33:13,631 INFO kernel:Console: colour VGA+ 80x25
07:33:13,631 INFO kernel:console [tty0] enabled
07:33:13,631 INFO kernel:allocated 109051904 bytes of page_cgroup
07:33:13,631 INFO kernel:please try 'cgroup_disable=memory' option if you don't want memory cgroups
07:33:13,631 INFO kernel:tsc: Detected 2419.202 MHz processor
07:33:13,631 INFO kernel:Calibrating delay loop (skipped) preset value.. 4838.40 BogoMIPS (lpj=2419202)
07:33:13,631 INFO kernel:pid_max: default: 32768 minimum: 301
07:33:13,631 INFO kernel:Security Framework initialized
07:33:13,631 INFO kernel:SELinux:  Initializing.
07:33:13,631 DEBUG kernel:SELinux:  Starting in permissive mode
07:33:13,631 INFO kernel:Yama: becoming mindful.
07:33:13,631 INFO kernel:Dentry cache hash table entries: 524288 (order: 10, 4194304 bytes)
07:33:13,631 INFO kernel:Inode-cache hash table entries: 262144 (order: 9, 2097152 bytes)
07:33:13,631 INFO kernel:Mount-cache hash table entries: 8192 (order: 4, 65536 bytes)
07:33:13,631 INFO kernel:Mountpoint-cache hash table entries: 8192 (order: 4, 65536 bytes)
07:33:13,631 INFO kernel:Initializing cgroup subsys memory
07:33:13,631 INFO kernel:Initializing cgroup subsys devices
07:33:13,631 INFO kernel:Initializing cgroup subsys freezer
07:33:13,631 INFO kernel:Initializing cgroup subsys net_cls
07:33:13,631 INFO kernel:Initializing cgroup subsys blkio
07:33:13,631 INFO kernel:Initializing cgroup subsys perf_event
07:33:13,631 INFO kernel:Initializing cgroup subsys hugetlb
07:33:13,631 INFO kernel:Initializing cgroup subsys pids
07:33:13,631 INFO kernel:Initializing cgroup subsys net_prio
07:33:13,631 INFO kernel:Last level iTLB entries: 4KB 0, 2MB 0, 4MB 0
07:33:13,631 INFO kernel:Last level dTLB entries: 4KB 0, 2MB 0, 4MB 0
07:33:13,631 INFO kernel:tlb_flushall_shift: 6
07:33:13,631 INFO kernel:FEATURE SPEC_CTRL Not Present
07:33:13,631 INFO kernel:FEATURE IBPB_SUPPORT Not Present
07:33:13,631 INFO kernel:Spectre V1 : Mitigation: Load fences, usercopy/swapgs barriers and __user pointer sanitization
07:33:13,631 INFO kernel:Spectre V2 : Vulnerable: Retpoline without IBPB
07:33:13,631 INFO kernel:Speculative Store Bypass: Vulnerable
07:33:13,631 INFO kernel:Freeing SMP alternatives: 28k freed
07:33:13,631 INFO kernel:ACPI: Core revision 20130517
07:33:13,631 WARNING kernel:ACPI: All ACPI Tables successfully acquired
07:33:13,631 INFO kernel:ftrace: allocating 29651 entries in 116 pages
07:33:13,631 INFO kernel:Enabling x2apic
07:33:13,631 INFO kernel:Enabled x2apic
07:33:13,631 INFO kernel:Switched APIC routing to physical x2apic.
07:33:13,631 INFO kernel:..TIMER: vector=0x30 apic1=0 pin1=2 apic2=-1 pin2=-1
07:33:13,631 INFO kernel:smpboot: CPU0: 11th Gen Intel(R) Core(TM) i5-1135G7 @ 2.40GHz (fam: 06, model: 8c, stepping: 01)
07:33:13,631 WARNING kernel:APIC calibration not consistent with PM-Timer: 102ms instead of 100ms
07:33:13,631 INFO kernel:APIC delta adjusted to PM-Timer: 6372211 (6499726)
07:33:13,631 INFO kernel:Performance Events: unsupported p6 CPU model 140 no PMU driver, software events only.
07:33:13,631 INFO kernel:KVM setup paravirtual spinlock
07:33:13,631 INFO kernel:Brought up 1 CPUs
07:33:13,631 INFO kernel:smpboot: Max logical packages: 1
07:33:13,631 INFO kernel:smpboot: Total of 1 processors activated (4838.40 BogoMIPS)
07:33:13,631 INFO kernel:devtmpfs: initialized
07:33:13,631 INFO kernel:x86/mm: Memory block size: 128MB
07:33:13,631 INFO kernel:EVM: security.selinux
07:33:13,631 INFO kernel:EVM: security.ima
07:33:13,631 INFO kernel:EVM: security.capability
07:33:13,631 INFO kernel:atomic64 test passed for x86-64 platform with CX8 and with SSE
07:33:13,632 INFO kernel:pinctrl core: initialized pinctrl subsystem
07:33:13,632 INFO kernel:RTC time:  7:33:09, date: 06/16/22
07:33:13,632 INFO kernel:NET: Registered protocol family 16
07:33:13,632 INFO kernel:cpuidle: using governor haltpoll
07:33:13,632 INFO kernel:ACPI: bus type PCI registered
07:33:13,632 INFO kernel:acpiphp: ACPI Hot Plug PCI Controller Driver version: 0.5
07:33:13,632 INFO kernel:PCI: Using configuration type 1 for base access
07:33:13,632 INFO kernel:ACPI: Added _OSI(Module Device)
07:33:13,632 INFO kernel:ACPI: Added _OSI(Processor Device)
07:33:13,632 INFO kernel:ACPI: Added _OSI(3.0 _SCP Extensions)
07:33:13,632 INFO kernel:ACPI: Added _OSI(Processor Aggregator Device)
07:33:13,632 INFO kernel:ACPI: Added _OSI(Linux-Dell-Video)
07:33:13,632 DEBUG kernel:ACPI: EC: Look up EC in DSDT
07:33:13,632 WARNING kernel:ACPI: Executed 1 blocks of module-level executable AML code
07:33:13,632 INFO kernel:ACPI: Interpreter enabled
07:33:13,632 INFO kernel:ACPI: (supports S0 S5)
07:33:13,632 INFO kernel:ACPI: Using IOAPIC for interrupt routing
07:33:13,632 INFO kernel:PCI: Using host bridge windows from ACPI; if necessary, use "pci=nocrs" and report a bug
07:33:13,632 WARNING kernel:ACPI: Enabled 2 GPEs in block 00 to 07
07:33:13,632 INFO kernel:ACPI: PCI Root Bridge [PCI0] (domain 0000 [bus 00-ff])
07:33:13,632 INFO kernel:acpi PNP0A03:00: _OSC: OS supports [ASPM ClockPM Segments MSI]
07:33:13,632 INFO kernel:acpi PNP0A03:00: _OSC: not requesting OS control; OS requires [ExtendedConfig ASPM ClockPM MSI]
07:33:13,632 WARNING kernel:acpi PNP0A03:00: fail to add MMCONFIG information, can't access extended PCI configuration space under this bridge.
07:33:13,632 INFO kernel:PCI host bridge to bus 0000:00
07:33:13,632 INFO kernel:pci_bus 0000:00: root bus resource [io  0x0000-0x0cf7 window]
07:33:13,633 INFO kernel:pci_bus 0000:00: root bus resource [io  0x0d00-0xffff window]
07:33:13,633 INFO kernel:pci_bus 0000:00: root bus resource [mem 0x000a0000-0x000bffff window]
07:33:13,633 INFO kernel:pci_bus 0000:00: root bus resource [mem 0xe0000000-0xfdffffff window]
07:33:13,633 INFO kernel:pci_bus 0000:00: root bus resource [bus 00-ff]
07:33:13,633 DEBUG kernel:pci 0000:00:00.0: [8086:1237] type 00 class 0x060000
07:33:13,633 DEBUG kernel:pci 0000:00:01.0: [8086:7000] type 00 class 0x060100
07:33:13,633 DEBUG kernel:pci 0000:00:01.1: [8086:7111] type 00 class 0x01018a
07:33:13,633 DEBUG kernel:pci 0000:00:01.1: reg 0x20: [io  0xd000-0xd00f]
07:33:13,633 INFO kernel:pci 0000:00:01.1: legacy IDE quirk: reg 0x10: [io  0x01f0-0x01f7]
07:33:13,633 INFO kernel:pci 0000:00:01.1: legacy IDE quirk: reg 0x14: [io  0x03f6]
07:33:13,633 INFO kernel:pci 0000:00:01.1: legacy IDE quirk: reg 0x18: [io  0x0170-0x0177]
07:33:13,633 INFO kernel:pci 0000:00:01.1: legacy IDE quirk: reg 0x1c: [io  0x0376]
07:33:13,633 DEBUG kernel:pci 0000:00:02.0: [15ad:0405] type 00 class 0x030000
07:33:13,633 DEBUG kernel:pci 0000:00:02.0: reg 0x10: [io  0xd010-0xd01f]
07:33:13,633 DEBUG kernel:pci 0000:00:02.0: reg 0x14: [mem 0xe0000000-0xe0ffffff pref]
07:33:13,633 DEBUG kernel:pci 0000:00:02.0: reg 0x18: [mem 0xf0000000-0xf01fffff]
07:33:13,633 DEBUG kernel:pci 0000:00:03.0: [8086:100e] type 00 class 0x020000
07:33:13,634 DEBUG kernel:pci 0000:00:03.0: reg 0x10: [mem 0xf0200000-0xf021ffff]
07:33:13,634 DEBUG kernel:pci 0000:00:03.0: reg 0x18: [io  0xd020-0xd027]
07:33:13,634 DEBUG kernel:pci 0000:00:04.0: [80ee:cafe] type 00 class 0x088000
07:33:13,634 DEBUG kernel:pci 0000:00:04.0: reg 0x10: [io  0xd040-0xd05f]
07:33:13,634 DEBUG kernel:pci 0000:00:04.0: reg 0x14: [mem 0xf0400000-0xf07fffff]
07:33:13,634 DEBUG kernel:pci 0000:00:04.0: reg 0x18: [mem 0xf0800000-0xf0803fff pref]
07:33:13,634 DEBUG kernel:pci 0000:00:05.0: [8086:2415] type 00 class 0x040100
07:33:13,634 DEBUG kernel:pci 0000:00:05.0: reg 0x10: [io  0xd100-0xd1ff]
07:33:13,634 DEBUG kernel:pci 0000:00:05.0: reg 0x14: [io  0xd200-0xd23f]
07:33:13,634 DEBUG kernel:pci 0000:00:06.0: [106b:003f] type 00 class 0x0c0310
07:33:13,634 DEBUG kernel:pci 0000:00:06.0: reg 0x10: [mem 0xf0804000-0xf0804fff]
07:33:13,634 DEBUG kernel:pci 0000:00:07.0: [8086:7113] type 00 class 0x068000
07:33:13,634 INFO kernel:pci 0000:00:07.0: quirk: [io  0x4000-0x403f] claimed by PIIX4 ACPI
07:33:13,634 INFO kernel:pci 0000:00:07.0: quirk: [io  0x4100-0x410f] claimed by PIIX4 SMB
07:33:13,634 DEBUG kernel:pci 0000:00:08.0: [8086:100e] type 00 class 0x020000
07:33:13,634 DEBUG kernel:pci 0000:00:08.0: reg 0x10: [mem 0xf0820000-0xf083ffff]
07:33:13,634 DEBUG kernel:pci 0000:00:08.0: reg 0x18: [io  0xd240-0xd247]
07:33:13,635 INFO kernel:ACPI: PCI Interrupt Link [LNKA] (IRQs 5 9 10 *11)
07:33:13,635 INFO kernel:ACPI: PCI Interrupt Link [LNKB] (IRQs 5 9 *10 11)
07:33:13,635 INFO kernel:ACPI: PCI Interrupt Link [LNKC] (IRQs 5 *9 10 11)
07:33:13,635 INFO kernel:ACPI: PCI Interrupt Link [LNKD] (IRQs 5 9 10 *11)
07:33:13,635 INFO kernel:vgaarb: device added: PCI:0000:00:02.0,decodes=io+mem,owns=io+mem,locks=none
07:33:13,635 INFO kernel:vgaarb: loaded
07:33:13,635 INFO kernel:vgaarb: bridge control possible 0000:00:02.0
07:33:13,635 NOTICE kernel:SCSI subsystem initialized
07:33:13,635 INFO kernel:ACPI: bus type USB registered
07:33:13,635 INFO kernel:usbcore: registered new interface driver usbfs
07:33:13,635 INFO kernel:usbcore: registered new interface driver hub
07:33:13,635 INFO kernel:usbcore: registered new device driver usb
07:33:13,635 INFO kernel:EDAC MC: Ver: 3.0.0
07:33:13,635 INFO kernel:PCI: Using ACPI for IRQ routing
07:33:13,635 DEBUG kernel:PCI: pci_cache_line_size set to 64 bytes
07:33:13,635 DEBUG kernel:e820: reserve RAM buffer [mem 0x0009fc00-0x0009ffff]
07:33:13,635 DEBUG kernel:e820: reserve RAM buffer [mem 0xdfff0000-0xdfffffff]
07:33:13,635 INFO kernel:NetLabel: Initializing
07:33:13,635 INFO kernel:NetLabel:  domain hash size = 128
07:33:13,635 INFO kernel:NetLabel:  protocols = UNLABELED CIPSOv4
07:33:13,635 INFO kernel:NetLabel:  unlabeled traffic allowed by default
07:33:13,635 NOTICE kernel:amd_nb: Cannot enumerate AMD northbridges
07:33:13,635 INFO kernel:Switched to clocksource kvm-clock
07:33:13,635 INFO kernel:pnp: PnP ACPI init
07:33:13,635 INFO kernel:ACPI: bus type PNP registered
07:33:13,635 DEBUG kernel:pnp 00:00: Plug and Play ACPI device, IDs PNP0303 (active)
07:33:13,635 DEBUG kernel:pnp 00:01: Plug and Play ACPI device, IDs PNP0f03 (active)
07:33:13,635 INFO kernel:pnp: PnP ACPI: found 2 devices
07:33:13,635 INFO kernel:ACPI: bus type PNP unregistered
07:33:13,635 DEBUG kernel:pci_bus 0000:00: resource 4 [io  0x0000-0x0cf7 window]
07:33:13,635 DEBUG kernel:pci_bus 0000:00: resource 5 [io  0x0d00-0xffff window]
07:33:13,636 DEBUG kernel:pci_bus 0000:00: resource 6 [mem 0x000a0000-0x000bffff window]
07:33:13,636 DEBUG kernel:pci_bus 0000:00: resource 7 [mem 0xe0000000-0xfdffffff window]
07:33:13,636 INFO kernel:NET: Registered protocol family 2
07:33:13,636 INFO kernel:TCP established hash table entries: 32768 (order: 6, 262144 bytes)
07:33:13,636 INFO kernel:TCP bind hash table entries: 32768 (order: 7, 524288 bytes)
07:33:13,636 INFO kernel:TCP: Hash tables configured (established 32768 bind 32768)
07:33:13,636 INFO kernel:TCP: reno registered
07:33:13,636 INFO kernel:UDP hash table entries: 2048 (order: 4, 65536 bytes)
07:33:13,636 INFO kernel:UDP-Lite hash table entries: 2048 (order: 4, 65536 bytes)
07:33:13,636 INFO kernel:NET: Registered protocol family 1
07:33:13,636 INFO kernel:pci 0000:00:00.0: Limiting direct PCI/PCI transfers
07:33:13,636 INFO kernel:pci 0000:00:01.0: Activating ISA DMA hang workarounds
07:33:13,636 DEBUG kernel:pci 0000:00:02.0: Boot video device
07:33:13,636 DEBUG kernel:PCI: CLS 0 bytes, default 64
07:33:13,636 INFO kernel:Unpacking initramfs...
07:33:13,636 INFO kernel:Freeing initrd memory: 53840k freed
07:33:13,636 INFO kernel:PCI-DMA: Using software bounce buffering for IO (SWIOTLB)
07:33:13,636 INFO kernel:software IO TLB [mem 0xdbff0000-0xdfff0000] (64MB) mapped at [ffff94c01bff0000-ffff94c01ffeffff]
07:33:13,636 INFO kernel:platform rtc_cmos: registered platform RTC device (no PNP device found)
07:33:13,636 INFO kernel:sha1_ssse3: Using AVX optimized SHA-1 implementation
07:33:13,636 INFO kernel:sha256_ssse3: Using AVX optimized SHA-256 implementation
07:33:13,636 INFO kernel:futex hash table entries: 256 (order: 2, 16384 bytes)
07:33:13,636 NOTICE kernel:Initialise system trusted keyring
07:33:13,636 INFO kernel:audit: initializing netlink socket (disabled)
07:33:13,636 NOTICE kernel:type=2000 audit(1655364800.217:1): initialized
07:33:13,636 INFO kernel:HugeTLB registered 2 MB page size, pre-allocated 0 pages
07:33:13,636 INFO kernel:zpool: loaded
07:33:13,636 INFO kernel:zbud: loaded
07:33:13,636 NOTICE kernel:VFS: Disk quotas dquot_6.5.2
07:33:13,636 WARNING kernel:Dquot-cache hash table entries: 512 (order 0, 4096 bytes)
07:33:13,636 NOTICE kernel:Key type big_key registered
07:33:13,636 DEBUG kernel:SELinux:  Registering netfilter hooks
07:33:13,636 INFO kernel:NET: Registered protocol family 38
07:33:13,636 NOTICE kernel:Key type asymmetric registered
07:33:13,636 NOTICE kernel:Asymmetric key parser 'x509' registered
07:33:13,636 INFO kernel:Block layer SCSI generic (bsg) driver version 0.4 loaded (major 248)
07:33:13,636 INFO kernel:io scheduler noop registered
07:33:13,636 INFO kernel:io scheduler deadline registered (default)
07:33:13,636 INFO kernel:io scheduler cfq registered
07:33:13,636 INFO kernel:io scheduler mq-deadline registered
07:33:13,636 INFO kernel:io scheduler kyber registered
07:33:13,636 INFO kernel:pci_hotplug: PCI Hot Plug PCI Core version: 0.5
07:33:13,636 INFO kernel:pciehp: PCI Express Hot Plug Controller Driver version: 0.4
07:33:13,636 INFO kernel:shpchp: Standard Hot Plug PCI Controller Driver version: 0.4
07:33:13,636 DEBUG kernel:intel_idle: does not run on family 6 model 140
07:33:13,636 INFO kernel:ACPI: AC Adapter [AC] (off-line)
07:33:13,636 INFO kernel:input: Power Button as /devices/LNXSYSTM:00/LNXPWRBN:00/input/input0
07:33:13,636 INFO kernel:ACPI: Power Button [PWRF]
07:33:13,636 INFO kernel:input: Sleep Button as /devices/LNXSYSTM:00/LNXSLPBN:00/input/input1
07:33:13,636 INFO kernel:ACPI: Sleep Button [SLPF]
07:33:13,636 INFO kernel:GHES: HEST is not enabled!
07:33:13,636 INFO kernel:Serial: 8250/16550 driver, 4 ports, IRQ sharing enabled
07:33:13,636 INFO kernel:Non-volatile memory driver v1.3
07:33:13,636 INFO kernel:Linux agpgart interface v0.103
07:33:13,636 INFO kernel:crash memory driver: version 1.1
07:33:13,636 INFO kernel:rdac: device handler registered
07:33:13,636 INFO kernel:hp_sw: device handler registered
07:33:13,636 INFO kernel:emc: device handler registered
07:33:13,636 INFO kernel:ACPI: Battery Slot [BAT0] (battery present)
07:33:13,636 INFO kernel:alua: device handler registered
07:33:13,636 INFO kernel:libphy: Fixed MDIO Bus: probed
07:33:13,636 INFO kernel:ehci_hcd: USB 2.0 'Enhanced' Host Controller (EHCI) Driver
07:33:13,636 INFO kernel:ehci-pci: EHCI PCI platform driver
07:33:13,636 INFO kernel:ohci_hcd: USB 1.1 'Open' Host Controller (OHCI) Driver
07:33:13,636 INFO kernel:ohci-pci: OHCI PCI platform driver
07:33:13,636 INFO kernel:ohci-pci 0000:00:06.0: OHCI PCI host controller
07:33:13,637 INFO kernel:ohci-pci 0000:00:06.0: new USB bus registered, assigned bus number 1
07:33:13,637 INFO kernel:ohci-pci 0000:00:06.0: irq 22, io mem 0xf0804000
07:33:13,637 INFO kernel:usb usb1: New USB device found, idVendor=1d6b, idProduct=0001, bcdDevice= 3.10
07:33:13,637 INFO kernel:usb usb1: New USB device strings: Mfr=3, Product=2, SerialNumber=1
07:33:13,637 INFO kernel:usb usb1: Product: OHCI PCI host controller
07:33:13,637 INFO kernel:usb usb1: Manufacturer: Linux 3.10.0-1160.el7.x86_64 ohci_hcd
07:33:13,637 INFO kernel:usb usb1: SerialNumber: 0000:00:06.0
07:33:13,637 INFO kernel:hub 1-0:1.0: USB hub found
07:33:13,637 INFO kernel:hub 1-0:1.0: 12 ports detected
07:33:13,637 INFO kernel:uhci_hcd: USB Universal Host Controller Interface driver
07:33:13,637 INFO kernel:usbcore: registered new interface driver usbserial_generic
07:33:13,637 INFO kernel:usbserial: USB Serial support registered for generic
07:33:13,637 INFO kernel:i8042: PNP: PS/2 Controller [PNP0303:PS2K,PNP0f03:PS2M] at 0x60,0x64 irq 1,12
07:33:13,637 INFO kernel:serio: i8042 KBD port at 0x60,0x64 irq 1
07:33:13,637 INFO kernel:serio: i8042 AUX port at 0x60,0x64 irq 12
07:33:13,637 INFO kernel:mousedev: PS/2 mouse device common for all mice
07:33:13,637 INFO kernel:input: AT Translated Set 2 keyboard as /devices/platform/i8042/serio0/input/input2
07:33:13,637 INFO kernel:rtc_cmos rtc_cmos: rtc core: registered rtc_cmos as rtc0
07:33:13,637 INFO kernel:rtc_cmos rtc_cmos: alarms up to one day, 114 bytes nvram
07:33:13,637 INFO kernel:hidraw: raw HID events driver (C) Jiri Kosina
07:33:13,637 INFO kernel:usbcore: registered new interface driver usbhid
07:33:13,637 INFO kernel:usbhid: USB HID core driver
07:33:13,637 INFO kernel:drop_monitor: Initializing network drop monitor service
07:33:13,637 INFO kernel:TCP: cubic registered
07:33:13,637 INFO kernel:Initializing XFRM netlink socket
07:33:13,637 INFO kernel:NET: Registered protocol family 10
07:33:13,637 INFO kernel:NET: Registered protocol family 17
07:33:13,637 INFO kernel:mpls_gso: MPLS GSO support
07:33:13,637 INFO kernel:mce: Using 0 MCE banks
07:33:13,637 DEBUG kernel:PM: Hibernation image not present or could not be loaded.
07:33:13,637 NOTICE kernel:Loading compiled-in X.509 certificates
07:33:13,637 NOTICE kernel:Loaded X.509 cert 'CentOS Linux kpatch signing key: ea0413152cde1d98ebdca3fe6f0230904c9ef717'
07:33:13,637 NOTICE kernel:Loaded X.509 cert 'CentOS Linux Driver update signing key: 7f421ee0ab69461574bb358861dbe77762a4201b'
07:33:13,637 NOTICE kernel:Loaded X.509 cert 'CentOS Linux kernel signing key: e1fdb0e2a7e861a1d1ca80a23dcf0dba3aa4adf5'
07:33:13,637 INFO kernel:registered taskstats version 1
07:33:13,637 INFO kernel:page_owner is disabled
07:33:13,637 NOTICE kernel:Key type trusted registered
07:33:13,637 NOTICE kernel:Key type encrypted registered
07:33:13,637 INFO kernel:IMA: No TPM chip found, activating TPM-bypass! (rc=-19)
07:33:13,637 INFO kernel:BERT: Boot Error Record Table support is disabled. Enable it by using bert_enable as kernel parameter.
07:33:13,637 INFO kernel:  Magic number: 10:970:571
07:33:13,637 INFO kernel:rtc_cmos rtc_cmos: setting system clock to 2022-06-16 07:33:13 UTC (1655364793)
07:33:13,637 INFO kernel:Freeing unused kernel memory: 1984k freed
07:33:13,637 INFO kernel:Write protecting the kernel read-only data: 12288k
07:33:13,637 INFO kernel:Freeing unused kernel memory: 392k freed
07:33:13,637 INFO kernel:Freeing unused kernel memory: 536k freed
07:33:13,637 NOTICE kernel:random: systemd: uninitialized urandom read (16 bytes read)
07:33:13,637 NOTICE kernel:random: systemd: uninitialized urandom read (16 bytes read)
07:33:13,637 NOTICE kernel:random: systemd: uninitialized urandom read (16 bytes read)
07:33:13,637 INFO systemd:systemd 219 running in system mode. (+PAM +AUDIT +SELINUX +IMA -APPARMOR +SMACK +SYSVINIT +UTMP +LIBCRYPTSETUP +GCRYPT +GNUTLS +ACL +XZ +LZ4 -SECCOMP +BLKID +ELFUTILS +KMOD +IDN)
07:33:13,637 INFO systemd:Detected virtualization kvm.
07:33:13,637 INFO systemd:Detected architecture x86-64.
07:33:13,637 INFO systemd:Running in initial RAM disk.
07:33:13,637 INFO systemd:No hostname configured.
07:33:13,637 INFO systemd:Set hostname to <localhost>.
07:33:13,637 INFO systemd:Initializing machine ID from KVM UUID.
07:33:13,637 NOTICE kernel:random: systemd-cryptse: uninitialized urandom read (16 bytes read)
07:33:13,637 NOTICE kernel:random: systemd: uninitialized urandom read (16 bytes read)
07:33:13,637 NOTICE kernel:random: systemd: uninitialized urandom read (16 bytes read)
07:33:13,637 NOTICE kernel:random: systemd: uninitialized urandom read (16 bytes read)
07:33:13,638 NOTICE kernel:random: systemd: uninitialized urandom read (16 bytes read)
07:33:13,638 NOTICE kernel:random: systemd: uninitialized urandom read (16 bytes read)
07:33:13,638 NOTICE kernel:random: systemd: uninitialized urandom read (16 bytes read)
07:33:13,638 WARNING systemd:Cannot add dependency job for unit blk-availability.service, ignoring: Unit not found.
07:33:13,638 INFO systemd:Reached target Swap.
07:33:13,638 INFO systemd:Reached target Local Encrypted Volumes.
07:33:13,638 INFO systemd:Reached target Local File Systems.
07:33:13,638 INFO systemd:Created slice Root Slice.
07:33:13,638 INFO systemd:Listening on udev Kernel Socket.
07:33:13,638 INFO systemd:Listening on udev Control Socket.
07:33:13,638 INFO systemd:Listening on Journal Socket.
07:33:13,638 INFO systemd:Created slice System Slice.
07:33:13,638 INFO systemd:Reached target Slices.
07:33:13,638 INFO systemd:Starting Create list of required static device nodes for the current kernel...
07:33:13,638 INFO systemd:Starting Journal Service...
07:33:13,638 INFO systemd:Starting Setup Virtual Console...
07:33:13,638 INFO systemd:Starting dracut cmdline hook...
07:33:13,638 INFO systemd:Starting Apply Kernel Variables...
07:33:13,638 INFO systemd:Reached target Timers.
07:33:13,638 INFO systemd:Started Create list of required static device nodes for the current kernel.
07:33:13,638 INFO systemd:Started Setup Virtual Console.
07:33:13,638 INFO systemd:Starting Create Static Device Nodes in /dev...
07:33:13,638 INFO systemd:Started Apply Kernel Variables.
07:33:13,638 INFO systemd:Started Create Static Device Nodes in /dev.
07:33:13,638 INFO journal:Journal started
07:33:13,639 INFO systemd:Started Journal Service.
07:33:13,672 INFO kernel:BIOS EDD facility v0.16 2004-Jun-25, 1 devices found
07:33:13,685 INFO dracut-cmdline:Loading CentOS 7 x86_64 installer...
07:33:13,693 INFO kernel:psmouse serio1: alps: Unknown ALPS touchpad: E7=10 00 64, EC=10 00 64
07:33:13,693 INFO kernel:input: ImExPS/2 Generic Explorer Mouse as /devices/platform/i8042/serio1/input/input3
07:33:13,820 INFO systemd:Started dracut cmdline hook.
07:33:13,820 INFO systemd:Starting dracut pre-udev hook...
07:33:13,840 INFO kernel:squashfs: version 4.0 (2009/01/31) Phillip Lougher
07:33:13,853 INFO kernel:Loading iSCSI transport class v2.0-870.
07:33:13,864 NOTICE kernel:iscsi: registered transport (tcp)
07:33:13,868 INFO kernel:usb 1-1: new full-speed USB device number 2 using ohci-pci
07:33:14,127 INFO kernel:usb 1-1: New USB device found, idVendor=80ee, idProduct=0021, bcdDevice= 1.00
07:33:14,127 INFO kernel:usb 1-1: New USB device strings: Mfr=1, Product=3, SerialNumber=0
07:33:14,127 INFO kernel:usb 1-1: Product: USB Tablet
07:33:14,127 INFO kernel:usb 1-1: Manufacturer: VirtualBox
07:33:14,148 INFO kernel:input: VirtualBox USB Tablet as /devices/pci0000:00/0000:00:06.0/usb1/1-1/1-1:1.0/input/input4
07:33:14,148 INFO kernel:hid-generic 0003:80EE:0021.0001: input,hidraw0: USB HID v1.10 Mouse [VirtualBox USB Tablet] on usb-0000:00:06.0-1/input0
07:33:14,410 INFO kernel:tsc: Refined TSC clocksource calibration: 2416.216 MHz
07:33:16,942 INFO dracut-pre-udev:modprobe: ERROR: could not insert 'floppy': No such device
07:33:16,943 INFO kernel:floppy0: no floppy controllers found
07:33:16,943 INFO kernel:work still pending
07:33:16,960 INFO kernel:No iBFT detected.
07:33:16,991 INFO kernel:async_tx: api initialized (async)
07:33:17,001 INFO kernel:xor: automatically using best checksumming function:
07:33:17,001 INFO kernel:   avx       : 17500.000 MB/sec
07:33:17,111 WARNING kernel:raid6: sse2x1   gen() 12851 MB/s
07:33:17,111 WARNING kernel:raid6: sse2x2   gen() 17164 MB/s
07:33:17,111 WARNING kernel:raid6: sse2x4   gen() 17230 MB/s
07:33:17,111 WARNING kernel:raid6: avx2x1   gen() 19875 MB/s
07:33:17,111 WARNING kernel:raid6: avx2x2   gen() 27859 MB/s
07:33:17,111 WARNING kernel:raid6: avx2x4   gen() 21261 MB/s
07:33:17,111 WARNING kernel:raid6: using algorithm avx2x2 gen() (27859 MB/s)
07:33:17,111 WARNING kernel:raid6: using avx2x2 recovery algorithm
07:33:17,168 INFO kernel:device-mapper: uevent: version 1.0.3
07:33:17,168 INFO kernel:device-mapper: ioctl: 4.37.1-ioctl (2018-04-03) initialised: dm-devel@redhat.com
07:33:17,206 INFO kernel:device-mapper: multipath round-robin: version 1.2.0 loaded
07:33:17,269 INFO kernel:RPC: Registered named UNIX socket transport module.
07:33:17,269 INFO kernel:RPC: Registered udp transport module.
07:33:17,269 INFO kernel:RPC: Registered tcp transport module.
07:33:17,269 INFO kernel:RPC: Registered tcp NFSv4.1 backchannel transport module.
07:33:17,315 NOTICE rpc.statd:Version 1.3.0 starting
07:33:17,318 NOTICE rpc.statd:Initializing NSM state
07:33:17,318 WARNING rpc.statd:Running as root.  chown /var/lib/nfs/statd to choose different user
07:33:17,346 INFO systemd:Started dracut pre-udev hook.
07:33:17,346 INFO systemd:Starting udev Kernel Device Manager...
07:33:17,348 INFO systemd-udevd:starting version 219
07:33:17,349 INFO systemd-udevd:Network interface NamePolicy= disabled on kernel command line, ignoring.
07:33:17,351 INFO systemd:Started udev Kernel Device Manager.
07:33:17,351 INFO systemd:Starting dracut pre-trigger hook...
07:33:17,368 INFO lldpad:config file failed to load,
07:33:17,368 INFO lldpad:create a new file.
07:33:17,368 INFO lldpad:bound ctrl iface to /com/intel/lldpad
07:33:17,370 INFO dracut-pre-trigger:567
07:33:17,475 INFO systemd:Started dracut pre-trigger hook.
07:33:17,475 INFO systemd:Starting udev Coldplug all Devices...
07:33:17,483 INFO systemd-udevd:Network interface NamePolicy= disabled on kernel command line, ignoring.
07:33:17,505 INFO systemd:Mounting Configuration File System...
07:33:17,516 INFO systemd:Mounted Configuration File System.
07:33:17,521 INFO kernel:ACPI: Video Device [GFX0] (multi-head: yes  rom: no  post: no)
07:33:17,521 INFO kernel:input: Video Bus as /devices/LNXSYSTM:00/device:00/PNP0A03:00/LNXVIDEO:00/input/input5
07:33:17,529 INFO systemd:Started udev Coldplug all Devices.
07:33:17,529 INFO systemd:Starting Show Plymouth Boot Screen...
07:33:17,529 INFO systemd:Starting Device-Mapper Multipath Device Controller...
07:33:17,529 INFO systemd:Reached target System Initialization.
07:33:17,530 INFO systemd:Listening on Open-iSCSI iscsiuio Socket.
07:33:17,530 INFO systemd:Reached target Sockets.
07:33:17,569 INFO kernel:cryptd: max_cpu_qlen set to 1000
07:33:17,595 INFO kernel:e1000: Intel(R) PRO/1000 Network Driver - version 7.3.21-k8-NAPI
07:33:17,595 INFO kernel:e1000: Copyright (c) 1999-2006 Intel Corporation.
07:33:17,601 INFO systemd:Received SIGRTMIN+20 from PID 656 (plymouthd).
07:33:17,607 INFO systemd:Started Show Plymouth Boot Screen.
07:33:17,607 INFO systemd:Started Forward Password Requests to Plymouth Directory Watch.
07:33:17,607 INFO systemd:Reached target Paths.
07:33:17,607 INFO systemd:Reached target Basic System.
07:33:17,639 INFO kernel:AVX2 version of gcm_enc/dec engaged.
07:33:17,639 INFO kernel:AES CTR mode by8 optimization enabled
07:33:17,645 INFO systemd:Started Device-Mapper Multipath Device Controller.
07:33:17,645 INFO systemd:Starting Open-iSCSI...
07:33:17,666 DEBUG kernel:libata version 3.00 loaded.
07:33:17,717 INFO kernel:alg: No test for __gcm-aes-aesni (__driver-gcm-aes-aesni)
07:33:17,718 INFO kernel:alg: No test for __generic-gcm-aes-aesni (__driver-generic-gcm-aes-aesni)
07:33:17,935 INFO iscsid:iscsid: can't open InitiatorName configuration file /etc/iscsi/initiatorname.iscsi
07:33:17,935 INFO iscsid:iscsid: Warning: InitiatorName file /etc/iscsi/initiatorname.iscsi does not exist or does not contain a properly formatted InitiatorName. If using software iscsi (iscsi_tcp or ib_iser) or partial offload (bnx2i or cxgbi iscsi), you may not be able to log into or discover targets. Please create a file /etc/iscsi/initiatorname.iscsi that contains a sting with the format: InitiatorName=iqn.yyyy-mm.<reversed domain name>[:identifier].
07:33:17,935 INFO iscsid:Example: InitiatorName=iqn.2001-04.com.redhat:fc6.
07:33:17,935 INFO iscsid:If using hardware iscsi like qla4xxx this message can be ignored.
07:33:17,935 INFO iscsid:iscsid: can't open InitiatorAlias configuration file /etc/iscsi/initiatorname.iscsi
07:33:17,935 INFO iscsid:iscsid: can't open iscsid.safe_logout configuration file /etc/iscsi/iscsid.conf
07:33:17,937 INFO systemd:Started Open-iSCSI.
07:33:17,937 INFO systemd:Starting dracut initqueue hook...
07:33:18,072 INFO systemd:Reloading.
07:33:18,249 INFO kernel:e1000 0000:00:03.0 eth0: (PCI:33MHz:32-bit) 08:00:27:08:2a:49
07:33:18,250 INFO kernel:e1000 0000:00:03.0 eth0: Intel(R) PRO/1000 Network Connection
07:33:18,250 DEBUG kernel:ata_piix 0000:00:01.1: version 2.13
07:33:18,251 INFO kernel:scsi host0: ata_piix
07:33:18,255 INFO kernel:scsi host1: ata_piix
07:33:18,255 INFO kernel:ata1: PATA max UDMA/33 cmd 0x1f0 ctl 0x3f6 bmdma 0xd000 irq 14
07:33:18,255 INFO kernel:ata2: PATA max UDMA/33 cmd 0x170 ctl 0x376 bmdma 0xd008 irq 15
07:33:18,256 INFO kernel:[drm] DMA map mode: Keeping DMA mappings.
07:33:18,256 INFO kernel:[drm] Capabilities:
07:33:18,256 INFO kernel:[drm]   Cursor.
07:33:18,256 INFO kernel:[drm]   Cursor bypass 2.
07:33:18,256 INFO kernel:[drm]   Alpha cursor.
07:33:18,256 INFO kernel:[drm]   3D.
07:33:18,256 INFO kernel:[drm]   Extended Fifo.
07:33:18,256 INFO kernel:[drm]   Pitchlock.
07:33:18,257 INFO kernel:[drm]   Irq mask.
07:33:18,257 INFO kernel:[drm]   GMR.
07:33:18,257 INFO kernel:[drm]   Traces.
07:33:18,257 INFO kernel:[drm]   GMR2.
07:33:18,257 INFO kernel:[drm]   Screen Object 2.
07:33:18,257 INFO kernel:[drm] Max GMR ids is 8192
07:33:18,257 INFO kernel:[drm] Max number of GMR pages is 1048576
07:33:18,257 INFO kernel:[drm] Max dedicated hypervisor surface memory is 507904 kiB
07:33:18,257 INFO kernel:[drm] Maximum display memory size is 16384 kiB
07:33:18,257 INFO kernel:[drm] VRAM at 0xe0000000 size is 16384 kiB
07:33:18,257 INFO kernel:[drm] MMIO at 0xf0000000 size is 2048 kiB
07:33:18,262 INFO kernel:[TTM] Zone  kernel: Available graphics memory: 2022642 kiB
07:33:18,262 INFO kernel:[TTM] Initializing pool allocator
07:33:18,262 INFO kernel:[TTM] Initializing DMA pool allocator
07:33:18,262 INFO kernel:[drm] Supports vblank timestamp caching Rev 2 (21.10.2013).
07:33:18,262 INFO kernel:[drm] No driver support for vblank timestamp query.
07:33:18,262 INFO kernel:[drm] Screen Objects Display Unit initialized
07:33:18,262 INFO kernel:[drm] width 720
07:33:18,262 INFO kernel:[drm] height 400
07:33:18,262 INFO kernel:[drm] bpp 32
07:33:18,262 INFO kernel:[drm] Fifo max 0x00200000 min 0x00001000 cap 0x00000355
07:33:18,262 INFO kernel:[drm] DX: no.
07:33:18,262 INFO kernel:[drm] Atomic: yes.
07:33:18,262 INFO kernel:[drm] SM4_1: no.
07:33:18,262 ERR kernel:[drm:vmw_host_log [vmwgfx]] *ERROR* Failed to send host log message.
07:33:18,264 ERR kernel:[drm:vmw_host_log [vmwgfx]] *ERROR* Failed to send host log message.
07:33:18,314 INFO kernel:fbcon: svgadrmfb (fb0) is primary device
07:33:18,314 INFO kernel:Console: switching to colour frame buffer device 100x37
07:33:18,318 INFO kernel:[drm] Initialized vmwgfx 2.15.0 20180704 for 0000:00:02.0 on minor 0
07:33:18,333 INFO kernel:8021q: 802.1Q VLAN Support v1.8
07:33:18,417 INFO kernel:ata2.00: ATAPI: VBOX CD-ROM, 1.0, max UDMA/133
07:33:18,418 INFO kernel:ata2.00: configured for UDMA/33
07:33:18,418 INFO kernel:ata1.00: ATA-6: VBOX HARDDISK, 1.0, max UDMA/133
07:33:18,418 INFO kernel:ata1.00: 32145968 sectors, multi 128: LBA 
07:33:18,418 INFO kernel:ata1.00: configured for UDMA/33
07:33:18,418 NOTICE kernel:scsi 0:0:0:0: Direct-Access     ATA      VBOX HARDDISK    1.0  PQ: 0 ANSI: 5
07:33:18,424 NOTICE kernel:scsi 1:0:0:0: CD-ROM            VBOX     CD-ROM           1.0  PQ: 0 ANSI: 5
07:33:18,740 INFO kernel:e1000 0000:00:08.0 eth1: (PCI:33MHz:32-bit) 08:00:27:38:f5:9d
07:33:18,741 INFO kernel:e1000 0000:00:08.0 eth1: Intel(R) PRO/1000 Network Connection
07:33:18,787 INFO kernel:sr 1:0:0:0: [sr0] scsi3-mmc drive: 32x/32x xa/form2 tray
07:33:18,787 INFO kernel:cdrom: Uniform CD-ROM driver Revision: 3.20
07:33:18,788 DEBUG kernel:sr 1:0:0:0: Attached scsi CD-ROM sr0
07:33:18,788 NOTICE kernel:sd 0:0:0:0: [sda] 32145968 512-byte logical blocks: (16.4 GB/15.3 GiB)
07:33:18,788 NOTICE kernel:sd 0:0:0:0: [sda] Write Protect is off
07:33:18,788 DEBUG kernel:sd 0:0:0:0: [sda] Mode Sense: 00 3a 00 00
07:33:18,789 NOTICE kernel:sd 0:0:0:0: [sda] Write cache: enabled, read cache: enabled, doesn't support DPO or FUA
07:33:18,791 NOTICE kernel:sd 0:0:0:0: [sda] Attached SCSI disk
07:33:18,813 NOTICE kernel:random: fast init done
07:33:18,823 NOTICE multipathd:path checkers start up
07:33:18,823 NOTICE multipathd:sda: add path (uevent)
07:33:20,582 INFO kernel:floppy0: no floppy controllers found
07:33:20,582 INFO kernel:work still pending
07:33:20,643 INFO dracut-initqueue:mount: /dev/sr0 is write-protected, mounting read-only
07:33:20,646 DEBUG kernel:ISO 9660 Extensions: Microsoft Joliet Level 3
07:33:20,651 DEBUG kernel:ISO 9660 Extensions: RRIP_1991A
07:33:20,712 INFO kernel:loop: module loaded
07:33:21,321 INFO systemd-udevd:Network interface NamePolicy= disabled on kernel command line, ignoring.
07:33:21,399 INFO systemd:Started dracut initqueue hook.
07:33:21,400 INFO systemd:Starting dracut pre-mount hook...
07:33:21,400 INFO systemd:Reached target Remote File Systems (Pre).
07:33:21,400 INFO systemd:Reached target Remote File Systems.
07:33:21,420 INFO systemd:Started dracut pre-mount hook.
07:33:21,420 INFO systemd:Reached target Initrd Root File System.
07:33:21,420 INFO systemd:Starting Reload Configuration from the Real Root...
07:33:21,455 INFO systemd:Reloading.
07:33:21,534 INFO systemd:Started Reload Configuration from the Real Root.
07:33:21,534 INFO systemd:Starting dracut mount hook...
07:33:21,534 INFO systemd:Reached target Initrd File Systems.
07:33:21,602 INFO kernel:EXT4-fs (dm-0): mounted filesystem with ordered data mode. Opts: (null)
07:33:21,640 INFO systemd:Started dracut mount hook.
07:33:21,640 INFO systemd:Reached target Initrd Default Target.
07:33:21,641 INFO systemd:Starting dracut pre-pivot and cleanup hook...
07:33:21,814 ERR rpcbind:cannot open file = /run/rpcbind/rpcbind.xdr for writing
07:33:21,815 ERR rpcbind:cannot save any registration
07:33:21,815 ERR rpcbind:cannot open file = /run/rpcbind/portmap.xdr for writing
07:33:21,815 ERR rpcbind:cannot save any registration
07:33:21,880 INFO systemd:Started dracut pre-pivot and cleanup hook.
07:33:21,880 INFO systemd:Starting Cleaning Up and Shutting Down Daemons...
07:33:21,905 INFO systemd:Starting Plymouth switch root service...
07:33:21,906 INFO systemd:Stopped target Timers.
07:33:21,907 INFO systemd:Stopped dracut pre-pivot and cleanup hook.
07:33:21,908 INFO systemd:Stopped target Remote File Systems.
07:33:21,909 INFO systemd:Stopped target Remote File Systems (Pre).
07:33:21,909 INFO systemd:Stopped target Initrd Default Target.
07:33:21,910 INFO systemd:Stopped dracut mount hook.
07:33:21,910 INFO systemd:Stopped target Basic System.
07:33:21,910 INFO systemd:Stopped target Paths.
07:33:21,911 INFO systemd:Stopped target Sockets.
07:33:21,911 INFO systemd:Closed Open-iSCSI iscsiuio Socket.
07:33:21,911 INFO systemd:Stopped target Slices.
07:33:21,911 INFO systemd:Stopped target System Initialization.
07:33:21,912 INFO systemd:Stopped Apply Kernel Variables.
07:33:21,912 INFO systemd:Stopped target Swap.
07:33:21,912 INFO systemd:Stopped target Local File Systems.
07:33:21,913 INFO systemd:Stopped dracut pre-mount hook.
07:33:21,914 INFO systemd:Stopped dracut initqueue hook.
07:33:21,917 INFO iscsid:iscsid: iscsid shutting down.
07:33:21,917 INFO systemd:Stopping Open-iSCSI...
07:33:21,917 INFO systemd:Stopped target Local Encrypted Volumes.
07:33:21,919 INFO systemd:Stopped Open-iSCSI.
07:33:21,923 NOTICE multipathd:--------shut down-------
07:33:21,925 INFO systemd:Stopping Device-Mapper Multipath Device Controller...
07:33:21,928 INFO systemd:Stopped Device-Mapper Multipath Device Controller.
07:33:21,929 INFO systemd:Started Cleaning Up and Shutting Down Daemons.
07:33:21,930 INFO systemd:Stopped udev Coldplug all Devices.
07:33:21,932 INFO systemd:Stopped dracut pre-trigger hook.
07:33:21,935 INFO systemd:Stopping udev Kernel Device Manager...
07:33:21,936 INFO systemd:Stopped udev Kernel Device Manager.
07:33:21,937 INFO systemd:Stopped dracut pre-udev hook.
07:33:21,940 INFO systemd:Stopped dracut cmdline hook.
07:33:21,942 INFO systemd:Stopped Create Static Device Nodes in /dev.
07:33:21,943 INFO systemd:Stopped Create list of required static device nodes for the current kernel.
07:33:21,943 INFO systemd:Closed udev Control Socket.
07:33:21,943 INFO systemd:Closed udev Kernel Socket.
07:33:21,944 INFO systemd:Starting Cleanup udevd DB...
07:33:21,979 INFO systemd:Started Plymouth switch root service.
07:33:21,980 INFO systemd:Started Cleanup udevd DB.
07:33:21,980 INFO systemd:Reached target Switch Root.
07:33:21,980 INFO systemd:Starting Switch Root...
07:33:22,006 NOTICE systemd:Switching root.
07:33:22,010 INFO journal:Journal stopped
07:33:25,012 INFO journal:Runtime journal is using 8.0M (max allowed 197.5M, trying to leave 296.2M free of 1.9G available → current limit 197.5M).
07:33:25,013 INFO systemd-journald:Received SIGTERM from PID 1 (systemd).
07:33:25,013 NOTICE kernel:random: crng init done
07:33:25,013 DEBUG kernel:SELinux: 2048 avtab hash slots, 112856 rules.
07:33:25,013 DEBUG kernel:SELinux: 2048 avtab hash slots, 112856 rules.
07:33:25,013 DEBUG kernel:SELinux:  8 users, 14 roles, 5052 types, 316 bools, 1 sens, 1024 cats
07:33:25,013 DEBUG kernel:SELinux:  130 classes, 112856 rules
07:33:25,013 DEBUG kernel:SELinux:  Completing initialization.
07:33:25,013 DEBUG kernel:SELinux:  Setting up existing superblocks.
07:33:25,013 NOTICE kernel:type=1403 audit(1655364803.034:2): policy loaded auid=4294967295 ses=4294967295
07:33:25,013 INFO systemd:Successfully loaded SELinux policy in 257.446ms.
07:33:25,013 INFO systemd:Relabelled /dev, /run and /sys/fs/cgroup in 20.213ms.
07:33:25,013 INFO journal:Journal started
07:33:25,221 INFO systemd:systemd 219 running in system mode. (+PAM +AUDIT +SELINUX +IMA -APPARMOR +SMACK +SYSVINIT +UTMP +LIBCRYPTSETUP +GCRYPT +GNUTLS +ACL +XZ +LZ4 -SECCOMP +BLKID +ELFUTILS +KMOD +IDN)
07:33:25,222 INFO systemd:Detected virtualization kvm.
07:33:25,247 INFO systemd:Detected architecture x86-64.
07:33:25,248 INFO rhel-domainname:/usr/lib/systemd/rhel-domainname: line 2: /etc/sysconfig/network: No such file or directory
07:33:25,248 WARNING systemd:Cannot add dependency job for unit rhel-autorelabel-mark.service, ignoring: Unit is masked.
07:33:25,251 WARNING systemd:Cannot add dependency job for unit rhel-loadmodules.service, ignoring: Unit is masked.
07:33:25,256 WARNING systemd:Cannot add dependency job for unit rhel-autorelabel.service, ignoring: Unit is masked.
07:33:25,258 WARNING systemd:Cannot add dependency job for unit systemd-tmpfiles-clean.timer, ignoring: Unit is masked.
07:33:25,260 INFO systemd:Starting Flush Journal to Persistent Storage...
07:33:25,270 INFO systemd:Started Create Static Device Nodes in /dev.
07:33:25,270 INFO systemd:Reached target Local File Systems (Pre).
07:33:25,270 INFO systemd:Starting udev Kernel Device Manager...
07:33:25,346 INFO systemd:Started Configure read-only root support.
07:33:25,348 INFO systemd:Starting Load/Save Random Seed...
07:33:25,362 INFO systemd:Started Load/Save Random Seed.
07:33:25,386 INFO systemd-udevd:starting version 219
07:33:25,416 INFO systemd-udevd:Network interface NamePolicy= disabled on kernel command line, ignoring.
07:33:25,436 INFO systemd:Started Flush Journal to Persistent Storage.
07:33:25,440 INFO systemd:Started udev Kernel Device Manager.
07:33:26,204 INFO systemd:Started Rebuild Hardware Database.
07:33:26,206 INFO systemd:Starting udev Coldplug all Devices...
07:33:26,293 INFO systemd-udevd:Network interface NamePolicy= disabled on kernel command line, ignoring.
07:33:26,667 ERR systemd-udevd:ctx=0x5570b45c43d0 path=/lib/modules/3.10.0-1160.el7.x86_64/kernel/sound/pci/ac97/snd-ac97-codec.ko.xz error=No such file or directory
07:33:26,673 INFO systemd:Started udev Coldplug all Devices.
07:33:26,673 INFO systemd:Starting udev Wait for Complete Device Initialization...
07:33:26,673 INFO systemd:Starting Device-Mapper Multipath Device Controller...
07:33:26,938 INFO kernel:input: PC Speaker as /devices/platform/pcspkr/input/input6
07:33:27,008 INFO kernel:piix4_smbus 0000:00:07.0: SMBus Host Controller at 0x4100, revision 0
07:33:27,098 NOTICE kernel:sd 0:0:0:0: Attached scsi generic sg0 type 0
07:33:27,098 NOTICE kernel:sr 1:0:0:0: Attached scsi generic sg1 type 5
07:33:27,778 INFO systemd:Started Device-Mapper Multipath Device Controller.
07:33:29,998 INFO kernel:floppy0: no floppy controllers found
07:33:29,998 INFO kernel:work still pending
07:33:30,002 INFO systemd:Started udev Wait for Complete Device Initialization.
07:33:30,002 INFO systemd:Starting Activation of DM RAID sets...
07:33:30,113 INFO systemd:Started Activation of DM RAID sets.
07:33:30,114 INFO systemd:Reached target Local File Systems.
07:33:30,116 INFO systemd:Starting Import network configuration from initramfs...
07:33:30,117 INFO systemd:Starting Rebuild Journal Catalog...
07:33:30,119 INFO systemd:Starting Migrate local SELinux policy changes from the old store structure to the new structure...
07:33:30,120 INFO systemd:Starting Tell Plymouth To Write Out Runtime Data...
07:33:30,121 INFO systemd:Reached target Local Encrypted Volumes.
07:33:30,243 INFO systemd:Started Tell Plymouth To Write Out Runtime Data.
07:33:30,255 INFO systemd:Started Migrate local SELinux policy changes from the old store structure to the new structure.
07:33:30,273 INFO systemd:Started Rebuild Journal Catalog.
07:33:30,273 INFO systemd:Starting Update is Completed...
07:33:30,288 INFO systemd:Started Update is Completed.
07:33:30,365 INFO systemd:Started Import network configuration from initramfs.
07:33:30,365 INFO systemd:Starting Create Volatile Files and Directories...
07:33:30,387 INFO systemd:Started Create Volatile Files and Directories.
07:33:30,389 INFO systemd:Starting Update UTMP about System Boot/Shutdown...
07:33:30,397 INFO systemd:Started Update UTMP about System Boot/Shutdown.
07:33:30,398 INFO systemd:Reached target System Initialization.
07:33:30,400 INFO systemd:Listening on Open-iSCSI iscsid Socket.
07:33:30,402 INFO systemd:Listening on D-Bus System Message Bus Socket.
07:33:30,403 INFO systemd:Listening on Open-iSCSI iscsiuio Socket.
07:33:30,404 INFO systemd:Reached target Sockets.
07:33:30,404 INFO systemd:Reached target Basic System.
07:33:30,406 INFO systemd:Started Anaconda NetworkManager configuration.
07:33:30,407 INFO systemd:Starting pre-anaconda logging service...
07:33:30,409 INFO systemd:Starting Login Service...
07:33:30,410 INFO systemd:Starting Network Manager...
07:33:30,411 INFO systemd:Started Hardware RNG Entropy Gatherer Daemon.
07:33:30,416 INFO systemd:Starting Wait for Plymouth Boot Screen to Quit...
07:33:30,448 INFO systemd:Starting Dump dmesg to /var/log/dmesg...
07:33:30,449 INFO systemd:Starting Terminate Plymouth Boot Screen...
07:33:30,459 INFO systemd:Starting Service enabling compressing RAM with zRam...
07:33:30,611 INFO systemd:Received SIGRTMIN+21 from PID 656 (plymouthd).
07:33:30,629 INFO zramswapon:+ MAX_RAM_ON=2097152
07:33:30,771 INFO systemd:Started Terminate Plymouth Boot Screen.
07:33:30,834 INFO systemd:Started Wait for Plymouth Boot Screen to Quit.
07:33:30,886 WARNING systemd:Cannot add dependency job for unit rhel-autorelabel-mark.service, ignoring: Unit is masked.
07:33:30,887 WARNING systemd:Cannot add dependency job for unit rhel-loadmodules.service, ignoring: Unit is masked.
07:33:30,887 WARNING systemd:Cannot add dependency job for unit rhel-autorelabel.service, ignoring: Unit is masked.
07:33:30,891 WARNING systemd:Cannot add dependency job for unit systemd-tmpfiles-clean.timer, ignoring: Unit is masked.
07:33:30,892 INFO systemd:Started D-Bus System Message Bus.
07:33:30,893 INFO zramswapon:++ grep -E --only-matching '[[:digit:]]+'
07:33:30,922 INFO zramswapon:++ grep MemTotal /proc/meminfo
07:33:30,924 INFO zramswapon:+ mem_total_kb=4045284
07:33:30,924 INFO zramswapon:+ mem_total=4142370816
07:33:30,924 INFO zramswapon:+ grep -E 'inst\.zram=(on|1)' /proc/cmdline
07:33:31,109 INFO zramswapon:+ force=1
07:33:31,109 INFO zramswapon:+ '[' '(' 4045284 -gt 2097152 ')' -a '(' 1 '!=' 0 ')' ']'
07:33:31,109 INFO zramswapon:+ exit 0
07:33:31,679 INFO systemd:Started pre-anaconda logging service.
07:33:31,680 INFO systemd:Started Dump dmesg to /var/log/dmesg.
07:33:31,680 INFO systemd:Started Service enabling compressing RAM with zRam.
07:33:31,684 INFO systemd:Started Login Service.
07:33:31,685 INFO systemd-logind:New seat seat0.
07:33:31,692 INFO systemd-logind:Watching system buttons on /dev/input/event0 (Power Button)
07:33:31,693 INFO systemd-logind:Watching system buttons on /dev/input/event1 (Sleep Button)
07:33:31,693 INFO systemd-logind:Watching system buttons on /dev/input/event5 (Video Bus)
07:33:31,765 INFO rngd:Initalizing available sources
07:33:31,770 INFO rngd:Failed to init entropy source 0: Hardware RNG Device
07:33:31,771 INFO rngd:Enabling RDSEED rng support
07:33:31,771 INFO rngd:Initalizing entropy source Intel RDRAND Instruction RNG
07:33:32,229 INFO NetworkManager:<info>  [1655364812.2268] NetworkManager (version 1.18.8-1.el7) is starting... (for the first time)
07:33:32,230 INFO NetworkManager:<info>  [1655364812.2300] Read config: /etc/NetworkManager/NetworkManager.conf (lib: 10-slaves-order.conf) (etc: 80-anaconda-no-ibft.conf, 90-anaconda-no-auto-default.conf, 91-anaconda-autoconnect-slaves.conf, 92-anaconda-loglevel-debug.conf)
07:33:32,230 DEBUG NetworkManager:<debug> [1655364812.2302] CONFIG: config-data[0x556705955040]: 3 groups
07:33:32,230 DEBUG NetworkManager:<debug> [1655364812.2303] CONFIG:
07:33:32,230 DEBUG NetworkManager:<debug> [1655364812.2304] CONFIG: [main]
07:33:32,230 DEBUG NetworkManager:<debug> [1655364812.2306] CONFIG:   slaves-order=index
07:33:32,230 DEBUG NetworkManager:<debug> [1655364812.2307] CONFIG:   plugins=ifcfg-rh,ibft,no-ibft
07:33:32,231 DEBUG NetworkManager:<debug> [1655364812.2309] CONFIG:   no-auto-default=*
07:33:32,231 DEBUG NetworkManager:<debug> [1655364812.2311] CONFIG:
07:33:32,231 DEBUG NetworkManager:<debug> [1655364812.2311] CONFIG: [logging]
07:33:32,231 DEBUG NetworkManager:<debug> [1655364812.2311] CONFIG:   level=DEBUG
07:33:32,231 DEBUG NetworkManager:<debug> [1655364812.2311] CONFIG:
07:33:32,231 DEBUG NetworkManager:<debug> [1655364812.2311] CONFIG: [connection]
07:33:32,231 DEBUG NetworkManager:<debug> [1655364812.2311] CONFIG:   connection.autoconnect-slaves=1
07:33:32,232 DEBUG NetworkManager:<debug> [1655364812.2311] config: state: missing state file "/var/lib/NetworkManager/NetworkManager.state": No such file or directory
07:33:32,232 DEBUG NetworkManager:<debug> [1655364812.2311] WEXT support is disabled
07:33:32,235 DEBUG NetworkManager:<debug> [1655364812.2339] netns[0x55670593d0e0]: new netns (net:7, mnt:8)
07:33:32,235 DEBUG NetworkManager:<debug> [1655364812.2344] platform-linux: create (ignore netns, initial netns, use udev)
07:33:32,235 DEBUG NetworkManager:<debug> [1655364812.2346] platform-linux: could not enable extended acks on netlink socket
07:33:32,235 DEBUG NetworkManager:<debug> [1655364812.2347] platform-linux: Netlink socket for events established: port=1308, fd=11
07:33:32,235 DEBUG NetworkManager:<debug> [1655364812.2347] platform-linux: populate platform cache
07:33:32,235 DEBUG NetworkManager:<debug> [1655364812.2347] monotonic timestamp started counting 1.839430961 seconds ago with an offset of 21.0 seconds to CLOCK_BOOTTIME (local time is 2022-06-16 07:33:32)
07:33:32,235 DEBUG NetworkManager:<debug> [1655364812.2347] platform: kernel-support for USER_IPV6LL (IFLA_INET6_ADDR_GEN_MODE support) detected: supported
07:33:32,237 DEBUG NetworkManager:<debug> [1655364812.2370] platform: (lo) signal: link   added: 1: lo <UP,LOWER_UP;loopback,up,running,lowerup> mtu 65536 arp 772 loopback? not-init addrgenmode eui64 addr 00:00:00:00:00:00 driver unknown rx:6,416 tx:6,416
07:33:32,237 DEBUG NetworkManager:<debug> [1655364812.2375] platform: (eth0) signal: link   added: 2: eth0 <DOWN;broadcast,multicast> mtu 1500 arp 1 ethernet? not-init addrgenmode eui64 addr 08:00:27:08:2A:49 driver e1000 rx:0,0 tx:0,0
07:33:32,238 DEBUG NetworkManager:<debug> [1655364812.2376] platform: (eth1) signal: link   added: 3: eth1 <DOWN;broadcast,multicast> mtu 1500 arp 1 ethernet? not-init addrgenmode eui64 addr 08:00:27:38:F5:9D driver e1000 rx:0,0 tx:0,0
07:33:32,238 DEBUG NetworkManager:<debug> [1655364812.2376] platform: kernel-support for EXTENDED_IFA_FLAGS (IPv6 temporary addresses support) detected: supported
07:33:32,238 DEBUG NetworkManager:<debug> [1655364812.2376] platform: (lo) signal: address 4   added: 127.0.0.1/8 lft forever pref forever lifetime 1-0[4294967295,4294967295] dev 1 flags permanent src kernel
07:33:32,238 DEBUG NetworkManager:<debug> [1655364812.2376] platform: (lo) signal: address 6   added: ::1/128 lft forever pref forever lifetime 1-0[4294967295,4294967295] dev 1 flags permanent src kernel
07:33:32,238 DEBUG NetworkManager:<debug> [1655364812.2376] platform: kernel-support for FRA_PROTOCOL (FRA_PROTOCOL attribute for policy routing rules) detected: not supported
07:33:32,238 DEBUG NetworkManager:<debug> [1655364812.2376] platform: kernel-support for FRA_UID_RANGE (FRA_UID_RANGE attribute for policy routing rules) not detected: assume not supported
07:33:32,239 DEBUG NetworkManager:<debug> [1655364812.2377] platform: kernel-support for FRA_L3MDEV (FRA_L3MDEV attribute for policy routing rules) not detected: assume not supported
07:33:32,239 DEBUG NetworkManager:<debug> [1655364812.2377] platform: kernel-support for FRA_IP_PROTO (FRA_IP_PROTO, FRA_SPORT_RANGE, FRA_DPORT_RANGE attributes for policy routing rules) not detected: assume not supported
07:33:32,240 DEBUG NetworkManager:<debug> [1655364812.2377] platform: signal: rt-rule   added: [4] 0: from all lookup 255
07:33:32,240 DEBUG NetworkManager:<debug> [1655364812.2377] platform: signal: rt-rule   added: [4] 32766: from all lookup 254
07:33:32,240 DEBUG NetworkManager:<debug> [1655364812.2377] platform: signal: rt-rule   added: [4] 32767: from all lookup 253
07:33:32,240 DEBUG NetworkManager:<debug> [1655364812.2377] platform: signal: rt-rule   added: [6] 0: from all lookup 255
07:33:32,240 DEBUG NetworkManager:<debug> [1655364812.2377] platform: signal: rt-rule   added: [6] 32766: from all lookup 254
07:33:32,241 DEBUG NetworkManager:<debug> [1655364812.2405] platform: (lo) signal: qdisc   added: noqueue dev 1 family 0 handle 0 parent ffffffff info 2
07:33:32,242 DEBUG NetworkManager:<debug> [1655364812.2411] platform: (eth0) signal: link changed: 2: eth0 <DOWN;broadcast,multicast> mtu 1500 arp 1 ethernet? init addrgenmode eui64 addr 08:00:27:08:2A:49 driver e1000 rx:0,0 tx:0,0
07:33:32,242 DEBUG NetworkManager:<debug> [1655364812.2412] platform: (eth1) signal: link changed: 3: eth1 <DOWN;broadcast,multicast> mtu 1500 arp 1 ethernet? init addrgenmode eui64 addr 08:00:27:38:F5:9D driver e1000 rx:0,0 tx:0,0
07:33:32,242 DEBUG NetworkManager:<debug> [1655364812.2413] platform: (lo) signal: link changed: 1: lo <UP,LOWER_UP;loopback,up,running,lowerup> mtu 65536 arp 772 loopback? init addrgenmode eui64 addr 00:00:00:00:00:00 driver unknown rx:6,416 tx:6,416
07:33:32,242 DEBUG NetworkManager:<debug> [1655364812.2413] setup NMPlatform singleton (0x5567059570f0, NMLinuxPlatform)
07:33:32,242 DEBUG NetworkManager:<debug> [1655364812.2414] rules-manager: routing-rule: track [e09d8d3a9e3564ed,0] "[4] 0: from all lookup 255 protocol 2")
07:33:32,248 DEBUG NetworkManager:<debug> [1655364812.2414] rules-manager: routing-rule: track [e09d8d3a9e3564ed,0] "[4] 32766: from all lookup 254 protocol 2")
07:33:32,248 DEBUG NetworkManager:<debug> [1655364812.2414] rules-manager: routing-rule: track [e09d8d3a9e3564ed,0] "[4] 32767: from all lookup 253 protocol 2")
07:33:32,248 DEBUG NetworkManager:<debug> [1655364812.2414] rules-manager: routing-rule: track [e09d8d3a9e3564ed,0] "[6] 0: from all lookup 255 protocol 2")
07:33:32,249 DEBUG NetworkManager:<debug> [1655364812.2414] rules-manager: routing-rule: track [e09d8d3a9e3564ed,0] "[6] 32766: from all lookup 254 protocol 2")
07:33:32,249 DEBUG NetworkManager:<debug> [1655364812.2414] rules-manager: routing-rule: track [6f958ee74cc8e06a,0] "[4] 0: from all lookup 255")
07:33:32,249 DEBUG NetworkManager:<debug> [1655364812.2414] rules-manager: routing-rule: track [6f958ee74cc8e06a,0] "[4] 32766: from all lookup 254")
07:33:32,249 DEBUG NetworkManager:<debug> [1655364812.2414] rules-manager: routing-rule: track [6f958ee74cc8e06a,0] "[4] 32767: from all lookup 253")
07:33:32,250 DEBUG NetworkManager:<debug> [1655364812.2414] rules-manager: routing-rule: track [6f958ee74cc8e06a,0] "[6] 0: from all lookup 255")
07:33:32,251 DEBUG NetworkManager:<debug> [1655364812.2414] rules-manager: routing-rule: track [6f958ee74cc8e06a,0] "[6] 32766: from all lookup 254")
07:33:32,251 DEBUG NetworkManager:<debug> [1655364812.2414] create NMNetns singleton (0x556705962490)
07:33:32,251 DEBUG NetworkManager:<debug> [1655364812.2414] auth[0x55670594d8a0]: create auth-manager: polkit enabled
07:33:32,252 DEBUG NetworkManager:<debug> [1655364812.2477] auth[0x55670594d8a0]: set instance
07:33:32,252 DEBUG NetworkManager:<debug> [1655364812.2477] setup NMAuthManager singleton (0x55670594d8a0)
07:33:32,252 DEBUG NetworkManager:<debug> [1655364812.2477] create NMDBusManager singleton (0x556705963810)
07:33:32,258 INFO systemd:Started Network Manager.
07:33:32,258 INFO systemd:Reached target Network.
07:33:32,259 INFO systemd:Starting Network Manager Wait Online...
07:33:32,265 INFO NetworkManager:<info>  [1655364812.2591] bus-manager: acquired D-Bus service "org.freedesktop.NetworkManager"
07:33:32,265 WARNING systemd:Cannot add dependency job for unit rhel-autorelabel-mark.service, ignoring: Unit is masked.
07:33:32,265 INFO NetworkManager:<info>  [1655364812.2600] manager[0x556705974030]: monitoring kernel firmware directory '/lib/firmware'.
07:33:32,265 WARNING systemd:Cannot add dependency job for unit rhel-loadmodules.service, ignoring: Unit is masked.
07:33:32,265 DEBUG NetworkManager:<debug> [1655364812.2607] session-monitor: using systemd-logind session tracking
07:33:32,297 WARNING systemd:Cannot add dependency job for unit rhel-autorelabel.service, ignoring: Unit is masked.
07:33:32,297 DEBUG NetworkManager:<debug> [1655364812.2607] create NMSessionMonitor singleton (0x55670596dac0)
07:33:32,297 WARNING systemd:Cannot add dependency job for unit systemd-tmpfiles-clean.timer, ignoring: Unit is masked.
07:33:32,297 DEBUG NetworkManager:<debug> [1655364812.2607] create NMAgentManager singleton (0x556705964c10)
07:33:32,298 INFO systemd:Starting Hostname Service...
07:33:32,329 NOTICE dbus:[system] Activating via systemd: service name='org.freedesktop.hostname1' unit='dbus-org.freedesktop.hostname1.service'
07:33:32,405 NOTICE dbus:[system] Successfully activated service 'org.freedesktop.hostname1'
07:33:32,409 INFO NetworkManager:<info>  [1655364812.4075] hostname: hostname: using hostnamed
07:33:32,409 DEBUG NetworkManager:<debug> [1655364812.4076] create NMHostnameManager singleton (0x55670594db20)
07:33:32,409 DEBUG NetworkManager:<debug> [1655364812.4077] create NMFirewallManager singleton (0x556705972280)
07:33:32,409 INFO NetworkManager:<info>  [1655364812.4081] dns-mgr[0x556705958220]: init: dns=default,systemd-resolved rc-manager=file
07:33:32,409 DEBUG NetworkManager:<debug> [1655364812.4082] create NMDnsManager singleton (0x556705958220)
07:33:32,409 DEBUG NetworkManager:<debug> [1655364812.4082] policy: hostname-mode: full
07:33:32,409 DEBUG NetworkManager:<debug> [1655364812.4083] manager: setup NMManager singleton (0x556705974030)
07:33:32,412 DEBUG NetworkManager:<debug> [1655364812.4111] create NMConnectivity singleton (0x7f2454004590)
07:33:32,412 DEBUG NetworkManager:<debug> [1655364812.4118] dispatcher: default script directory '/etc/NetworkManager/dispatcher.d' has scripts
07:33:32,412 DEBUG NetworkManager:<debug> [1655364812.4120] dispatcher: pre-up script directory '/etc/NetworkManager/dispatcher.d/pre-up.d' has no scripts
07:33:32,413 DEBUG NetworkManager:<debug> [1655364812.4124] dispatcher: pre-down script directory '/etc/NetworkManager/dispatcher.d/pre-down.d' has no scripts
07:33:32,413 NOTICE dbus:[system] Activating via systemd: service name='org.freedesktop.nm_dispatcher' unit='dbus-org.freedesktop.nm-dispatcher.service'
07:33:32,414 INFO systemd:Started Hostname Service.
07:33:32,415 WARNING systemd:Cannot add dependency job for unit rhel-autorelabel-mark.service, ignoring: Unit is masked.
07:33:32,415 WARNING systemd:Cannot add dependency job for unit rhel-loadmodules.service, ignoring: Unit is masked.
07:33:32,415 WARNING systemd:Cannot add dependency job for unit rhel-autorelabel.service, ignoring: Unit is masked.
07:33:32,415 WARNING systemd:Cannot add dependency job for unit systemd-tmpfiles-clean.timer, ignoring: Unit is masked.
07:33:32,416 INFO systemd:Starting Network Manager Script Dispatcher Service...
07:33:32,470 NOTICE dbus:[system] Successfully activated service 'org.freedesktop.nm_dispatcher'
07:33:32,471 INFO systemd:Started Network Manager Script Dispatcher Service.
07:33:32,536 DEBUG NetworkManager:<debug> [1655364812.5352] create SettingsPluginIfcfg singleton (0x556705987f60)
07:33:32,536 INFO NetworkManager:<info>  [1655364812.5352] settings: Loaded settings plugin: SettingsPluginIfcfg ("/usr/lib64/NetworkManager/1.18.8-1.el7/libnm-settings-plugin-ifcfg-rh.so")
07:33:32,536 INFO NetworkManager:<info>  [1655364812.5352] settings: Loaded settings plugin: NMSKeyfilePlugin (internal)
07:33:32,537 DEBUG NetworkManager:<debug> [1655364812.5354] ifcfg-rh: loading from file "/etc/sysconfig/network-scripts/ifcfg-lo"...
07:33:32,540 DEBUG NetworkManager:<debug> [1655364812.5369] ifcfg-rh: loading "/etc/sysconfig/network-scripts/ifcfg-lo" fails: Ignoring loopback device config.
07:33:32,540 DEBUG NetworkManager:<debug> [1655364812.5369] keyfile: cannot read directory '/var/run/NetworkManager/system-connections': Error opening directory “/var/run/NetworkManager/system-connections”: No such file or directory
07:33:32,540 INFO NetworkManager:<info>  [1655364812.5378] manager: rfkill: Wi-Fi enabled by radio killswitch; enabled by state file
07:33:32,540 INFO NetworkManager:<info>  [1655364812.5379] manager: rfkill: WWAN enabled by radio killswitch; enabled by state file
07:33:32,558 INFO NetworkManager:<info>  [1655364812.5379] manager: Networking is enabled by state file
07:33:32,558 DEBUG NetworkManager:<debug> [1655364812.5379] dispatcher: (1) dispatching action 'hostname'
07:33:32,558 INFO nm-dispatcher:req:1 'hostname': new request (4 scripts)
07:33:32,559 DEBUG nm-dispatcher:req:1 'hostname': environment: PATH=/usr/local/sbin:/usr/local/bin:/usr/sbin:/usr/bin
07:33:32,560 DEBUG nm-dispatcher:req:1 'hostname': environment: NM_DISPATCHER_ACTION=hostname
07:33:32,560 INFO nm-dispatcher:req:1 'hostname': start running ordered scripts...
07:33:32,560 DEBUG nm-dispatcher:req:1 'hostname', "/etc/NetworkManager/dispatcher.d/00-netreport": run script
07:33:32,560 DEBUG NetworkManager:<debug> [1655364812.5585] dhcp-init: enabled DHCP client 'dhclient' (NMDhcpDhclient)
07:33:32,560 DEBUG NetworkManager:<debug> [1655364812.5585] dhcp-init: enabled DHCP client 'internal' (NMDhcpSystemd)
07:33:32,560 INFO NetworkManager:<info>  [1655364812.5585] dhcp-init: Using DHCP client 'dhclient'
07:33:32,560 DEBUG NetworkManager:<debug> [1655364812.5585] create NMDhcpManager singleton (0x55670598aec0)
07:33:32,588 DEBUG NetworkManager:<debug> [1655364812.5593] Loaded device plugin: NM6LowpanDeviceFactory (internal)
07:33:32,618 DEBUG NetworkManager:<debug> [1655364812.5594] Loaded device plugin: NMBondDeviceFactory (internal)
07:33:32,692 DEBUG NetworkManager:<debug> [1655364812.5594] Loaded device plugin: NMBridgeDeviceFactory (internal)
07:33:32,692 INFO kernel:IPv6: ADDRCONF(NETDEV_UP): eth0: link is not ready
07:33:32,692 INFO kernel:e1000: eth0 NIC Link is Up 1000 Mbps Full Duplex, Flow Control: RX
07:33:32,692 INFO kernel:IPv6: ADDRCONF(NETDEV_UP): eth0: link is not ready
07:33:32,692 INFO kernel:8021q: adding VLAN 0 to HW filter on device eth0
07:33:32,692 INFO kernel:IPv6: ADDRCONF(NETDEV_CHANGE): eth0: link becomes ready
07:33:32,692 DEBUG NetworkManager:<debug> [1655364812.5594] Loaded device plugin: NMDummyDeviceFactory (internal)
07:33:32,692 DEBUG NetworkManager:<debug> [1655364812.5594] Loaded device plugin: NMEthernetDeviceFactory (internal)
07:33:32,692 DEBUG NetworkManager:<debug> [1655364812.5594] Loaded device plugin: NMInfinibandDeviceFactory (internal)
07:33:32,693 DEBUG NetworkManager:<debug> [1655364812.5594] Loaded device plugin: NMIPTunnelDeviceFactory (internal)
07:33:32,693 DEBUG NetworkManager:<debug> [1655364812.5594] Loaded device plugin: NMMacsecDeviceFactory (internal)
07:33:32,693 DEBUG NetworkManager:<debug> [1655364812.5594] Loaded device plugin: NMMacvlanDeviceFactory (internal)
07:33:32,693 DEBUG NetworkManager:<debug> [1655364812.5594] Loaded device plugin: NMPppDeviceFactory (internal)
07:33:32,693 DEBUG NetworkManager:<debug> [1655364812.5594] Loaded device plugin: NMTunDeviceFactory (internal)
07:33:32,693 DEBUG NetworkManager:<debug> [1655364812.5594] Loaded device plugin: NMVethDeviceFactory (internal)
07:33:32,698 DEBUG NetworkManager:<debug> [1655364812.5595] Loaded device plugin: NMVlanDeviceFactory (internal)
07:33:32,698 DEBUG NetworkManager:<debug> [1655364812.5595] Loaded device plugin: NMVxlanDeviceFactory (internal)
07:33:32,701 DEBUG NetworkManager:<debug> [1655364812.5595] Loaded device plugin: NMWireGuardDeviceFactory (internal)
07:33:32,701 DEBUG NetworkManager:<debug> [1655364812.5595] Loaded device plugin: NMWpanDeviceFactory (internal)
07:33:32,701 INFO NetworkManager:<info>  [1655364812.6175] Loaded device plugin: NMTeamFactory (/usr/lib64/NetworkManager/1.18.8-1.el7/libnm-device-plugin-team.so)
07:33:32,704 INFO NetworkManager:<info>  [1655364812.6730] Loaded device plugin: NMWifiFactory (/usr/lib64/NetworkManager/1.18.8-1.el7/libnm-device-plugin-wifi.so)
07:33:32,705 DEBUG NetworkManager:<debug> [1655364812.6732] device[0x5567059668d0] (lo): unmanaged: flags set to [platform-init,by-default=0x110/0x110/unmanaged/unrealized], set-unmanaged [by-default=0x100])
07:33:32,705 DEBUG NetworkManager:<debug> [1655364812.6734] device[0x5567059668d0] (lo): constructed (NMDeviceGeneric)
07:33:32,705 DEBUG NetworkManager:<debug> [1655364812.6734] device[0x5567059668d0] (lo): start setup of NMDeviceGeneric, kernel ifindex 1
07:33:32,705 DEBUG NetworkManager:<debug> [1655364812.6734] device[0x5567059668d0] (lo): assume-state: set guess-assume=1, connection=(null)
07:33:32,706 DEBUG NetworkManager:<debug> [1655364812.6734] platform-linux: error reading net:/sys/class/net/lo/phys_port_id: error reading 4096 bytes from file descriptor: Operation not supported
07:33:32,706 DEBUG NetworkManager:<debug> [1655364812.6735] platform-linux: sysctl: reading 'net:/sys/class/net/lo/dev_id': '0x0'
07:33:32,706 DEBUG NetworkManager:<debug> [1655364812.6735] platform-linux: error reading net:/sys/class/net/lo/device/sriov_totalvfs: Failed to open file "device/sriov_totalvfs" with openat: No such file or directory
07:33:32,712 DEBUG NetworkManager:<debug> [1655364812.6735] device[0x5567059668d0] (lo): hw-addr: hardware address now 00:00:00:00:00:00
07:33:32,712 INFO kernel:IPv6: ADDRCONF(NETDEV_UP): eth1: link is not ready
07:33:32,712 DEBUG NetworkManager:<debug> [1655364812.6735] device[0x5567059668d0] (lo): hw-addr: update initial MAC address 00:00:00:00:00:00
07:33:32,712 DEBUG NetworkManager:<debug> [1655364812.6735] device[0x5567059668d0] (lo): hw-addr: unable to read permanent MAC address (use current: 00:00:00:00:00:00)
07:33:32,712 INFO NetworkManager:<info>  [1655364812.6736] device (lo): carrier: link connected
07:33:32,712 DEBUG NetworkManager:<debug> [1655364812.6736] device[0x5567059668d0] (lo): unmanaged: flags set to [platform-init,by-default,!external-down=0x110/0x910/unmanaged/unrealized], set-managed [external-down=0x800])
07:33:32,713 DEBUG NetworkManager:<debug> [1655364812.6736] device[0x5567059668d0] (lo): unmanaged: flags set to [by-type,platform-init,by-default,!external-down=0x118/0x918/unmanaged/unrealized], set-unmanaged [by-type=0x8])
07:33:32,713 DEBUG NetworkManager:<debug> [1655364812.6736] device[0x5567059668d0] (lo): unmanaged: flags set to [by-type,platform-init,by-default,!user-settings,!external-down=0x118/0x958/unmanaged/unrealized], set-managed [user-settings=0x40])
07:33:32,718 DEBUG NetworkManager:<debug> [1655364812.6736] device[0x5567059668d0] (lo): unmanaged: flags set to [by-type,by-default,!platform-init,!user-settings,!external-down=0x108/0x958/unmanaged/unrealized], set-managed [platform-init=0x10])
07:33:32,718 INFO kernel:IPv6: ADDRCONF(NETDEV_UP): eth1: link is not ready
07:33:32,718 INFO kernel:8021q: adding VLAN 0 to HW filter on device eth1
07:33:32,718 INFO kernel:e1000: eth1 NIC Link is Up 1000 Mbps Full Duplex, Flow Control: RX
07:33:32,718 DEBUG NetworkManager:<debug> [1655364812.6736] device[0x5567059668d0] (lo): unmanaged: flags set to [by-type,by-default,!sleeping,!platform-init,!user-settings,!external-down=0x108/0x959/unmanaged/unrealized], set-managed [sleeping=0x1])
07:33:32,718 INFO NetworkManager:<info>  [1655364812.6755] manager: (lo): new Generic device (/org/freedesktop/NetworkManager/Devices/1)
07:33:32,718 DEBUG NetworkManager:<debug> [1655364812.6779] device[0x5567059668d0] (lo): assume-state: set guess-assume=0, connection=(null)
07:33:32,718 DEBUG NetworkManager:<debug> [1655364812.6780] device[0x55670599f670] (eth0): constructed (NMDeviceEthernet)
07:33:32,718 DEBUG NetworkManager:<debug> [1655364812.6780] device[0x55670599f670] (eth0): start setup of NMDeviceEthernet, kernel ifindex 2
07:33:32,719 DEBUG NetworkManager:<debug> [1655364812.6780] device[0x55670599f670] (eth0): assume-state: set guess-assume=1, connection=(null)
07:33:32,725 DEBUG NetworkManager:<debug> [1655364812.6780] platform-linux: error reading net:/sys/class/net/eth0/phys_port_id: error reading 4096 bytes from file descriptor: Operation not supported
07:33:32,725 INFO kernel:IPv6: ADDRCONF(NETDEV_CHANGE): eth1: link becomes ready
07:33:32,725 DEBUG NetworkManager:<debug> [1655364812.6781] platform-linux: sysctl: reading 'net:/sys/class/net/eth0/dev_id': '0x0'
07:33:32,725 DEBUG NetworkManager:<debug> [1655364812.6781] platform-linux: error reading net:/sys/class/net/eth0/device/sriov_totalvfs: Failed to open file "device/sriov_totalvfs" with openat: No such file or directory
07:33:32,725 DEBUG NetworkManager:<debug> [1655364812.6781] device[0x55670599f670] (eth0): hw-addr: hardware address now 08:00:27:08:2A:49
07:33:32,725 DEBUG NetworkManager:<debug> [1655364812.6781] device[0x55670599f670] (eth0): hw-addr: update initial MAC address 08:00:27:08:2A:49
07:33:32,725 DEBUG NetworkManager:<debug> [1655364812.6796] device[0x55670599f670] (eth0): hw-addr: read permanent MAC address '08:00:27:08:2A:49'
07:33:32,725 DEBUG NetworkManager:<debug> [1655364812.6797] device[0x55670599f670] (eth0): unmanaged: flags set to [platform-init,!by-type=0x10/0x18/unmanaged/unrealized], set-managed [by-type=0x8])
07:33:32,762 DEBUG NetworkManager:<debug> [1655364812.6797] device[0x55670599f670] (eth0): unmanaged: flags set to [platform-init,!by-type,!user-settings=0x10/0x58/unmanaged/unrealized], set-managed [user-settings=0x40])
07:33:32,762 DEBUG NetworkManager:<debug> [1655364812.6797] device[0x55670599f670] (eth0): unmanaged: flags set to [!by-type,!platform-init,!user-settings=0x0/0x58/managed/unrealized], set-managed [platform-init=0x10])
07:33:32,856 WARNING systemd:Cannot add dependency job for unit rhel-autorelabel-mark.service, ignoring: Unit is masked.
07:33:32,856 DEBUG NetworkManager:<debug> [1655364812.6797] device[0x55670599f670] (eth0): unmanaged: flags set to [!sleeping,!by-type,!platform-init,!user-settings=0x0/0x59/managed/unrealized], set-managed [sleeping=0x1])
07:33:32,858 WARNING systemd:Cannot add dependency job for unit rhel-loadmodules.service, ignoring: Unit is masked.
07:33:32,858 INFO NetworkManager:<info>  [1655364812.6802] manager: (eth0): new Ethernet device (/org/freedesktop/NetworkManager/Devices/2)
07:33:32,859 WARNING systemd:Cannot add dependency job for unit rhel-autorelabel.service, ignoring: Unit is masked.
07:33:32,859 DEBUG NetworkManager:<debug> [1655364812.6823] device[0x55670599f670] (eth0): ip4-config: update (commit=0, new-config=0x55670597e260)
07:33:32,859 WARNING systemd:Cannot add dependency job for unit systemd-tmpfiles-clean.timer, ignoring: Unit is masked.
07:33:32,899 DEBUG NetworkManager:<debug> [1655364812.6825] device[0x55670599f670] (eth0): ip4-config: set IP Config instance (/org/freedesktop/NetworkManager/IP4Config/1)
07:33:32,899 INFO systemd:Starting Authorization Manager...
07:33:32,899 DEBUG NetworkManager:<debug> [1655364812.6832] dns-mgr: (device_ip_config_changed): queueing DNS updates (1)
07:33:32,900 INFO systemd:Started Network Manager Wait Online.
07:33:32,900 DEBUG NetworkManager:<debug> [1655364812.6832] dns-mgr: (device_ip_config_changed): DNS configuration did not change
07:33:32,904 INFO systemd:Reached target Network is Online.
07:33:32,904 DEBUG NetworkManager:<debug> [1655364812.6832] dns-mgr: (device_ip_config_changed): no DNS changes to commit (0)
07:33:32,904 INFO systemd:Starting System Logging Service...
07:33:32,905 DEBUG NetworkManager:<debug> [1655364812.6833] device[0x55670599f670] (eth0): ip6-config: update (commit=0, new-config=0x5567059573f0)
07:33:32,905 DEBUG NetworkManager:<debug> [1655364812.6842] device[0x55670599f670] (eth0): ip6-config: set IP Config instance (/org/freedesktop/NetworkManager/IP6Config/1)
07:33:32,905 DEBUG NetworkManager:<debug> [1655364812.6845] dns-mgr: (device_ip_config_changed): queueing DNS updates (1)
07:33:32,905 DEBUG NetworkManager:<debug> [1655364812.6845] dns-mgr: (device_ip_config_changed): DNS configuration did not change
07:33:32,905 DEBUG NetworkManager:<debug> [1655364812.6845] dns-mgr: (device_ip_config_changed): no DNS changes to commit (0)
07:33:32,905 DEBUG NetworkManager:<debug> [1655364812.6845] device[0x55670599f670] (eth0): assume-state: set guess-assume=0, connection=(null)
07:33:32,906 DEBUG NetworkManager:<debug> [1655364812.6845] manager: (eth0): assume: cannot generate connection: device has no existing configuration
07:33:32,906 INFO NetworkManager:<info>  [1655364812.6845] device (eth0): state change: unmanaged -> unavailable (reason 'managed', sys-iface-state: 'external')
07:33:32,906 DEBUG NetworkManager:<debug> [1655364812.6846] platform-linux: sysctl: reading '/proc/sys/net/ipv6/conf/eth0/accept_ra': '1'
07:33:32,906 DEBUG NetworkManager:<debug> [1655364812.6846] platform-linux: sysctl: reading '/proc/sys/net/ipv6/conf/eth0/accept_ra_defrtr': '1'
07:33:32,913 DEBUG NetworkManager:<debug> [1655364812.6847] platform-linux: sysctl: reading '/proc/sys/net/ipv6/conf/eth0/accept_ra_pinfo': '1'
07:33:32,913 DEBUG NetworkManager:<debug> [1655364812.6847] platform-linux: sysctl: reading '/proc/sys/net/ipv6/conf/eth0/accept_ra_rtr_pref': '1'
07:33:32,913 DEBUG NetworkManager:<debug> [1655364812.6847] platform-linux: sysctl: reading '/proc/sys/net/ipv6/conf/eth0/forwarding': '0'
07:33:32,913 DEBUG NetworkManager:<debug> [1655364812.6847] platform-linux: sysctl: reading '/proc/sys/net/ipv6/conf/eth0/disable_ipv6': '0'
07:33:32,913 DEBUG NetworkManager:<debug> [1655364812.6847] platform-linux: sysctl: reading '/proc/sys/net/ipv6/conf/eth0/hop_limit': '64'
07:33:32,913 DEBUG NetworkManager:<debug> [1655364812.6847] platform-linux: sysctl: reading '/proc/sys/net/ipv6/conf/eth0/use_tempaddr': '0'
07:33:32,917 DEBUG NetworkManager:<debug> [1655364812.6847] device[0x55670599f670] (eth0): will enable userland IPv6LL
07:33:32,917 DEBUG NetworkManager:<debug> [1655364812.6847] platform-linux: link: change 2: user-ipv6ll: set IPv6 address generation mode to none
07:33:32,969 DEBUG NetworkManager:<debug> [1655364812.6847] platform-linux: do-request-link: 2
07:33:32,969 DEBUG NetworkManager:<debug> [1655364812.6848] platform: (eth0) signal: link changed: 2: eth0 <DOWN;broadcast,multicast> mtu 1500 arp 1 ethernet? init addrgenmode none addr 08:00:27:08:2A:49 driver e1000 rx:0,0 tx:0,0
07:33:32,970 DEBUG NetworkManager:<debug> [1655364812.6848] device[0x55670599f670] (eth0): queued link change for ifindex 2
07:33:32,970 DEBUG NetworkManager:<debug> [1655364812.6848] platform-linux: do-change-link[2]: success changing link: success
07:33:32,970 DEBUG NetworkManager:<debug> [1655364812.6848] platform-linux: sysctl: setting '/proc/sys/net/ipv6/conf/eth0/disable_ipv6' to '1' (current value is '0')
07:33:32,975 DEBUG NetworkManager:<debug> [1655364812.6849] platform-linux: sysctl: setting '/proc/sys/net/ipv6/conf/eth0/disable_ipv6' to '0' (current value is '1')
07:33:32,977 DEBUG NetworkManager:<debug> [1655364812.6849] platform-linux: sysctl: setting '/proc/sys/net/ipv6/conf/eth0/accept_ra_defrtr' to '0' (current value is '1')
07:33:32,977 DEBUG NetworkManager:<debug> [1655364812.6849] platform-linux: sysctl: setting '/proc/sys/net/ipv6/conf/eth0/accept_ra_pinfo' to '0' (current value is '1')
07:33:32,977 DEBUG NetworkManager:<debug> [1655364812.6849] platform-linux: sysctl: setting '/proc/sys/net/ipv6/conf/eth0/accept_ra_rtr_pref' to '0' (current value is '1')
07:33:32,977 DEBUG NetworkManager:<debug> [1655364812.6849] platform-linux: sysctl: setting '/proc/sys/net/ipv6/conf/eth0/use_tempaddr' to '0' (current value is identical)
07:33:32,977 DEBUG NetworkManager:<debug> [1655364812.6849] platform-linux: sysctl: setting '/proc/sys/net/ipv6/conf/eth0/forwarding' to '0' (current value is identical)
07:33:32,977 DEBUG NetworkManager:<debug> [1655364812.6850] device[0x55670599f670] (eth0): bringing up device 2
07:33:32,978 DEBUG NetworkManager:<debug> [1655364812.6863] platform: (eth0) link: setting up
07:33:32,983 DEBUG NetworkManager:<debug> [1655364812.6863] platform-linux: link: change 2: flags: set 0x1/0x1 ([up] / [up])
07:33:32,983 DEBUG NetworkManager:<debug> [1655364812.6938] platform-linux: do-request-link: 2
07:33:32,983 DEBUG NetworkManager:<debug> [1655364812.6938] platform: (eth0) signal: link changed: 2: eth0 <UP,LOWER_UP;broadcast,multicast,up,lowerup> mtu 1500 arp 1 ethernet? init addrgenmode none addr 08:00:27:08:2A:49 driver e1000 rx:0,0 tx:0,0
07:33:32,983 DEBUG NetworkManager:<debug> [1655364812.6938] platform: kernel-support for RTA_PREF (ability to set router preference for IPv6 routes) detected: supported
07:33:32,983 DEBUG NetworkManager:<debug> [1655364812.6938] platform: (eth0) signal: route   6   added: table 255 ff00::/8 via :: dev 2 metric 256 mss 0 rt-src rt-boot
07:33:32,983 DEBUG NetworkManager:<debug> [1655364812.6938] platform: (eth0) signal: link changed: 2: eth0 <UP,LOWER_UP;broadcast,multicast,up,running,lowerup> mtu 1500 arp 1 ethernet? init addrgenmode none addr 08:00:27:08:2A:49 driver e1000 rx:0,0 tx:0,0
07:33:32,983 DEBUG NetworkManager:<debug> [1655364812.6938] platform-linux: do-change-link[2]: success changing link: success
07:33:32,987 INFO NetworkManager:<info>  [1655364812.6944] device (eth0): carrier: link connected
07:33:32,987 DEBUG NetworkManager:<debug> [1655364812.6945] device[0x55670599f670] (eth0): speed is now 1000 Mb/s
07:33:32,987 DEBUG NetworkManager:<debug> [1655364812.6968] device[0x55670599f670] (eth0): add_pending_action (1): 'queued-state-change-disconnected'
07:33:32,987 DEBUG NetworkManager:<debug> [1655364812.6968] device[0x55670599f670] (eth0): queue-state[disconnected, reason:carrier-changed, id:31]: queue state change
07:33:32,987 DEBUG NetworkManager:<debug> [1655364812.6969] device[0x55670599f670] (eth0): preparing device
07:33:32,987 DEBUG NetworkManager:<debug> [1655364812.6969] device[0x55670599f670] (eth0): queue-state[disconnected, reason:carrier-changed, id:31]: clear queued state change
07:33:32,987 DEBUG NetworkManager:<debug> [1655364812.6969] device[0x55670599f670] (eth0): remove_pending_action (0): 'queued-state-change-disconnected'
07:33:32,992 DEBUG NetworkManager:<debug> [1655364812.6969] device[0x55670599f670] (eth0): clearing queued IP4 config change
07:33:32,992 DEBUG NetworkManager:<debug> [1655364812.6969] device[0x55670599f670] (eth0): clearing queued IP6 config change
07:33:32,993 DEBUG NetworkManager:<debug> [1655364812.6969] platform-linux: sysctl: setting '/proc/sys/net/ipv6/conf/eth0/accept_ra' to '0' (current value is '1')
07:33:32,993 DEBUG NetworkManager:<debug> [1655364812.6970] platform-linux: sysctl: setting '/proc/sys/net/ipv6/conf/eth0/use_tempaddr' to '0' (current value is identical)
07:33:32,993 DEBUG NetworkManager:<debug> [1655364812.6971] platform: (eth0) ip6-route: delete table 255 ff00::/8 via :: dev 2 metric 256 mss 0 rt-src rt-boot
07:33:32,993 DEBUG NetworkManager:<debug> [1655364812.6972] platform: (eth0) signal: route   6 removed: table 255 ff00::/8 via :: dev 2 metric 256 mss 0 rt-src rt-boot
07:33:32,993 DEBUG NetworkManager:<debug> [1655364812.6972] device[0x55670599f670] (eth0): queued IP6 config change
07:33:32,997 DEBUG NetworkManager:<debug> [1655364812.6972] platform-linux: do-delete-ip6-route[table 255 ff00::/8 via :: dev 2 metric 256 mss 0 rt-src rt-boot]: success
07:33:32,997 DEBUG NetworkManager:<debug> [1655364812.6972] rules-manager: sync
07:33:33,000 DEBUG NetworkManager:<debug> [1655364812.6972] device[0x55670599f670] (eth0): ip4-config: update (commit=1, new-config=(nil))
07:33:33,000 DEBUG NetworkManager:<debug> [1655364812.6972] device[0x55670599f670] (eth0): ip4-config: clear IP Config instance (/org/freedesktop/NetworkManager/IP4Config/1)
07:33:33,001 DEBUG NetworkManager:<debug> [1655364812.6975] dns-mgr: (device_ip_config_changed): queueing DNS updates (1)
07:33:33,001 DEBUG NetworkManager:<debug> [1655364812.6975] dns-mgr: (device_ip_config_changed): DNS configuration did not change
07:33:33,001 DEBUG NetworkManager:<debug> [1655364812.6975] dns-mgr: (device_ip_config_changed): no DNS changes to commit (0)
07:33:33,001 DEBUG NetworkManager:<debug> [1655364812.6978] device[0x55670599f670] (eth0): ip6-config: update (commit=1, new-config=(nil))
07:33:33,001 DEBUG NetworkManager:<debug> [1655364812.6978] device[0x55670599f670] (eth0): ip6-config: clear IP Config instance (/org/freedesktop/NetworkManager/IP6Config/1)
07:33:33,005 DEBUG NetworkManager:<debug> [1655364812.6981] dns-mgr: (device_ip_config_changed): queueing DNS updates (1)
07:33:33,005 DEBUG NetworkManager:<debug> [1655364812.6981] dns-mgr: (device_ip_config_changed): DNS configuration did not change
07:33:33,005 DEBUG NetworkManager:<debug> [1655364812.6981] dns-mgr: (device_ip_config_changed): no DNS changes to commit (0)
07:33:33,006 DEBUG NetworkManager:<debug> [1655364812.7002] device[0x55670599f670] (eth0): add_pending_action (1): 'recheck-available'
07:33:33,006 DEBUG NetworkManager:<debug> [1655364812.7020] device[0x55670599f670] (eth0): connectivity state changed from UNKNOWN to NONE
07:33:33,006 DEBUG NetworkManager:<debug> [1655364812.7022] manager: connectivity checking indicates NONE
07:33:33,006 DEBUG NetworkManager:<debug> [1655364812.7024] dispatcher: (2) dispatching action 'connectivity-change'
07:33:33,010 INFO nm-dispatcher:req:2 'connectivity-change': new request (4 scripts)
07:33:33,011 DEBUG nm-dispatcher:req:2 'connectivity-change': environment: CONNECTIVITY_STATE=NONE
07:33:33,011 DEBUG nm-dispatcher:req:2 'connectivity-change': environment: PATH=/usr/local/sbin:/usr/local/bin:/usr/sbin:/usr/bin
07:33:33,011 DEBUG nm-dispatcher:req:2 'connectivity-change': environment: NM_DISPATCHER_ACTION=connectivity-change
07:33:33,011 DEBUG NetworkManager:<debug> [1655364812.7028] device[0x55670599f670] (eth0): connectivity state changed from UNKNOWN to NONE
07:33:33,011 DEBUG NetworkManager:<debug> [1655364812.7039] device[0x5567059a7c50] (eth1): constructed (NMDeviceEthernet)
07:33:33,011 DEBUG NetworkManager:<debug> [1655364812.7039] device[0x5567059a7c50] (eth1): start setup of NMDeviceEthernet, kernel ifindex 3
07:33:33,011 DEBUG NetworkManager:<debug> [1655364812.7040] device[0x5567059a7c50] (eth1): assume-state: set guess-assume=1, connection=(null)
07:33:33,012 DEBUG NetworkManager:<debug> [1655364812.7040] platform-linux: error reading net:/sys/class/net/eth1/phys_port_id: error reading 4096 bytes from file descriptor: Operation not supported
07:33:33,012 DEBUG NetworkManager:<debug> [1655364812.7040] platform-linux: sysctl: reading 'net:/sys/class/net/eth1/dev_id': '0x0'
07:33:33,012 DEBUG NetworkManager:<debug> [1655364812.7041] platform-linux: error reading net:/sys/class/net/eth1/device/sriov_totalvfs: Failed to open file "device/sriov_totalvfs" with openat: No such file or directory
07:33:33,018 DEBUG NetworkManager:<debug> [1655364812.7041] device[0x5567059a7c50] (eth1): hw-addr: hardware address now 08:00:27:38:F5:9D
07:33:33,018 DEBUG NetworkManager:<debug> [1655364812.7041] device[0x5567059a7c50] (eth1): hw-addr: update initial MAC address 08:00:27:38:F5:9D
07:33:33,018 DEBUG NetworkManager:<debug> [1655364812.7041] device[0x5567059a7c50] (eth1): hw-addr: read permanent MAC address '08:00:27:38:F5:9D'
07:33:33,018 DEBUG NetworkManager:<debug> [1655364812.7041] device[0x5567059a7c50] (eth1): unmanaged: flags set to [platform-init,!by-type=0x10/0x18/unmanaged/unrealized], set-managed [by-type=0x8])
07:33:33,018 DEBUG NetworkManager:<debug> [1655364812.7041] device[0x5567059a7c50] (eth1): unmanaged: flags set to [platform-init,!by-type,!user-settings=0x10/0x58/unmanaged/unrealized], set-managed [user-settings=0x40])
07:33:33,019 DEBUG NetworkManager:<debug> [1655364812.7041] device[0x5567059a7c50] (eth1): unmanaged: flags set to [!by-type,!platform-init,!user-settings=0x0/0x58/managed/unrealized], set-managed [platform-init=0x10])
07:33:33,022 DEBUG NetworkManager:<debug> [1655364812.7042] device[0x5567059a7c50] (eth1): unmanaged: flags set to [!sleeping,!by-type,!platform-init,!user-settings=0x0/0x59/managed/unrealized], set-managed [sleeping=0x1])
07:33:33,022 INFO NetworkManager:<info>  [1655364812.7067] manager: (eth1): new Ethernet device (/org/freedesktop/NetworkManager/Devices/3)
07:33:33,022 DEBUG NetworkManager:<debug> [1655364812.7079] device[0x5567059a7c50] (eth1): ip4-config: update (commit=0, new-config=0x55670597e130)
07:33:33,022 DEBUG NetworkManager:<debug> [1655364812.7082] device[0x5567059a7c50] (eth1): ip4-config: set IP Config instance (/org/freedesktop/NetworkManager/IP4Config/2)
07:33:33,027 DEBUG NetworkManager:<debug> [1655364812.7085] dns-mgr: (device_ip_config_changed): queueing DNS updates (1)
07:33:33,027 DEBUG NetworkManager:<debug> [1655364812.7085] dns-mgr: (device_ip_config_changed): DNS configuration did not change
07:33:33,027 DEBUG NetworkManager:<debug> [1655364812.7085] dns-mgr: (device_ip_config_changed): no DNS changes to commit (0)
07:33:33,027 DEBUG NetworkManager:<debug> [1655364812.7085] device[0x5567059a7c50] (eth1): ip6-config: update (commit=0, new-config=0x5567059571d0)
07:33:33,027 DEBUG NetworkManager:<debug> [1655364812.7087] device[0x5567059a7c50] (eth1): ip6-config: set IP Config instance (/org/freedesktop/NetworkManager/IP6Config/2)
07:33:33,027 DEBUG NetworkManager:<debug> [1655364812.7096] dns-mgr: (device_ip_config_changed): queueing DNS updates (1)
07:33:33,027 DEBUG NetworkManager:<debug> [1655364812.7096] dns-mgr: (device_ip_config_changed): DNS configuration did not change
07:33:33,031 DEBUG NetworkManager:<debug> [1655364812.7096] dns-mgr: (device_ip_config_changed): no DNS changes to commit (0)
07:33:33,032 DEBUG NetworkManager:<debug> [1655364812.7096] device[0x5567059a7c50] (eth1): assume-state: set guess-assume=0, connection=(null)
07:33:33,032 DEBUG NetworkManager:<debug> [1655364812.7096] manager: (eth1): assume: cannot generate connection: device has no existing configuration
07:33:33,032 INFO NetworkManager:<info>  [1655364812.7096] device (eth1): state change: unmanaged -> unavailable (reason 'managed', sys-iface-state: 'external')
07:33:33,032 DEBUG NetworkManager:<debug> [1655364812.7097] platform-linux: sysctl: reading '/proc/sys/net/ipv6/conf/eth1/accept_ra': '1'
07:33:33,032 DEBUG NetworkManager:<debug> [1655364812.7097] platform-linux: sysctl: reading '/proc/sys/net/ipv6/conf/eth1/accept_ra_defrtr': '1'
07:33:33,032 DEBUG NetworkManager:<debug> [1655364812.7097] platform-linux: sysctl: reading '/proc/sys/net/ipv6/conf/eth1/accept_ra_pinfo': '1'
07:33:33,036 DEBUG NetworkManager:<debug> [1655364812.7097] platform-linux: sysctl: reading '/proc/sys/net/ipv6/conf/eth1/accept_ra_rtr_pref': '1'
07:33:33,036 DEBUG NetworkManager:<debug> [1655364812.7097] platform-linux: sysctl: reading '/proc/sys/net/ipv6/conf/eth1/forwarding': '0'
07:33:33,037 DEBUG NetworkManager:<debug> [1655364812.7097] platform-linux: sysctl: reading '/proc/sys/net/ipv6/conf/eth1/disable_ipv6': '0'
07:33:33,037 DEBUG NetworkManager:<debug> [1655364812.7097] platform-linux: sysctl: reading '/proc/sys/net/ipv6/conf/eth1/hop_limit': '64'
07:33:33,037 DEBUG NetworkManager:<debug> [1655364812.7097] platform-linux: sysctl: reading '/proc/sys/net/ipv6/conf/eth1/use_tempaddr': '0'
07:33:33,037 DEBUG NetworkManager:<debug> [1655364812.7098] device[0x5567059a7c50] (eth1): will enable userland IPv6LL
07:33:33,037 DEBUG NetworkManager:<debug> [1655364812.7098] platform-linux: link: change 3: user-ipv6ll: set IPv6 address generation mode to none
07:33:33,040 DEBUG NetworkManager:<debug> [1655364812.7098] platform-linux: do-request-link: 3
07:33:33,040 DEBUG NetworkManager:<debug> [1655364812.7098] platform: (eth1) signal: link changed: 3: eth1 <DOWN;broadcast,multicast> mtu 1500 arp 1 ethernet? init addrgenmode none addr 08:00:27:38:F5:9D driver e1000 rx:0,0 tx:0,0
07:33:33,040 DEBUG NetworkManager:<debug> [1655364812.7098] device[0x5567059a7c50] (eth1): queued link change for ifindex 3
07:33:33,041 DEBUG NetworkManager:<debug> [1655364812.7098] platform-linux: do-change-link[3]: success changing link: success
07:33:33,041 DEBUG NetworkManager:<debug> [1655364812.7098] platform-linux: sysctl: setting '/proc/sys/net/ipv6/conf/eth1/disable_ipv6' to '1' (current value is '0')
07:33:33,041 DEBUG NetworkManager:<debug> [1655364812.7099] platform-linux: sysctl: setting '/proc/sys/net/ipv6/conf/eth1/disable_ipv6' to '0' (current value is '1')
07:33:33,041 DEBUG NetworkManager:<debug> [1655364812.7099] platform-linux: sysctl: setting '/proc/sys/net/ipv6/conf/eth1/accept_ra_defrtr' to '0' (current value is '1')
07:33:33,044 DEBUG NetworkManager:<debug> [1655364812.7099] platform-linux: sysctl: setting '/proc/sys/net/ipv6/conf/eth1/accept_ra_pinfo' to '0' (current value is '1')
07:33:33,044 DEBUG NetworkManager:<debug> [1655364812.7099] platform-linux: sysctl: setting '/proc/sys/net/ipv6/conf/eth1/accept_ra_rtr_pref' to '0' (current value is '1')
07:33:33,044 DEBUG NetworkManager:<debug> [1655364812.7099] platform-linux: sysctl: setting '/proc/sys/net/ipv6/conf/eth1/use_tempaddr' to '0' (current value is identical)
07:33:33,045 DEBUG NetworkManager:<debug> [1655364812.7099] platform-linux: sysctl: setting '/proc/sys/net/ipv6/conf/eth1/forwarding' to '0' (current value is identical)
07:33:33,045 DEBUG NetworkManager:<debug> [1655364812.7099] device[0x5567059a7c50] (eth1): bringing up device 3
07:33:33,045 DEBUG NetworkManager:<debug> [1655364812.7099] platform: (eth1) link: setting up
07:33:33,080 DEBUG NetworkManager:<debug> [1655364812.7100] platform-linux: link: change 3: flags: set 0x1/0x1 ([up] / [up])
07:33:33,080 DEBUG NetworkManager:<debug> [1655364812.7195] platform-linux: do-request-link: 3
07:33:33,080 DEBUG NetworkManager:<debug> [1655364812.7195] platform: (eth1) signal: link changed: 3: eth1 <UP;broadcast,multicast,up> mtu 1500 arp 1 ethernet? init addrgenmode none addr 08:00:27:38:F5:9D driver e1000 rx:0,0 tx:0,0
07:33:33,081 DEBUG NetworkManager:<debug> [1655364812.7196] platform: (eth1) signal: route   6   added: table 255 ff00::/8 via :: dev 3 metric 256 mss 0 rt-src rt-boot
07:33:33,081 DEBUG NetworkManager:<debug> [1655364812.7196] platform: (eth1) signal: link changed: 3: eth1 <UP,LOWER_UP;broadcast,multicast,up,running,lowerup> mtu 1500 arp 1 ethernet? init addrgenmode none addr 08:00:27:38:F5:9D driver e1000 rx:0,0 tx:0,0
07:33:33,081 DEBUG NetworkManager:<debug> [1655364812.7196] platform-linux: do-change-link[3]: success changing link: success
07:33:33,081 INFO NetworkManager:<info>  [1655364812.7236] device (eth1): carrier: link connected
07:33:33,084 DEBUG NetworkManager:<debug> [1655364812.7236] device[0x5567059a7c50] (eth1): speed is now 1000 Mb/s
07:33:33,084 DEBUG NetworkManager:<debug> [1655364812.7239] device[0x5567059a7c50] (eth1): add_pending_action (1): 'queued-state-change-disconnected'
07:33:33,084 DEBUG NetworkManager:<debug> [1655364812.7239] device[0x5567059a7c50] (eth1): queue-state[disconnected, reason:carrier-changed, id:40]: queue state change
07:33:33,085 DEBUG NetworkManager:<debug> [1655364812.7240] device[0x5567059a7c50] (eth1): preparing device
07:33:33,085 DEBUG NetworkManager:<debug> [1655364812.7240] device[0x5567059a7c50] (eth1): queue-state[disconnected, reason:carrier-changed, id:40]: clear queued state change
07:33:33,090 DEBUG NetworkManager:<debug> [1655364812.7240] device[0x5567059a7c50] (eth1): remove_pending_action (0): 'queued-state-change-disconnected'
07:33:33,090 DEBUG NetworkManager:<debug> [1655364812.7240] device[0x5567059a7c50] (eth1): clearing queued IP4 config change
07:33:33,090 DEBUG NetworkManager:<debug> [1655364812.7240] device[0x5567059a7c50] (eth1): clearing queued IP6 config change
07:33:33,090 DEBUG NetworkManager:<debug> [1655364812.7240] platform-linux: sysctl: setting '/proc/sys/net/ipv6/conf/eth1/accept_ra' to '0' (current value is '1')
07:33:33,090 DEBUG NetworkManager:<debug> [1655364812.7240] platform-linux: sysctl: setting '/proc/sys/net/ipv6/conf/eth1/use_tempaddr' to '0' (current value is identical)
07:33:33,091 DEBUG NetworkManager:<debug> [1655364812.7241] platform: (eth1) ip6-route: delete table 255 ff00::/8 via :: dev 3 metric 256 mss 0 rt-src rt-boot
07:33:33,091 DEBUG NetworkManager:<debug> [1655364812.7241] platform: (eth1) signal: route   6 removed: table 255 ff00::/8 via :: dev 3 metric 256 mss 0 rt-src rt-boot
07:33:33,093 DEBUG NetworkManager:<debug> [1655364812.7241] device[0x5567059a7c50] (eth1): queued IP6 config change
07:33:33,093 DEBUG NetworkManager:<debug> [1655364812.7241] platform-linux: do-delete-ip6-route[table 255 ff00::/8 via :: dev 3 metric 256 mss 0 rt-src rt-boot]: success
07:33:33,093 DEBUG NetworkManager:<debug> [1655364812.7241] rules-manager: sync
07:33:33,093 DEBUG NetworkManager:<debug> [1655364812.7241] device[0x5567059a7c50] (eth1): ip4-config: update (commit=1, new-config=(nil))
